IQ-TREE version 3.0.1 for MacOS ARM 64-bit built Jun 30 2025
Developed by Bui Quang Minh, Thomas Wong, Nhan Ly-Trong, Huaiyan Ren
Contributed by Lam-Tung Nguyen, Dominik Schrempf, Chris Bielow,
Olga Chernomor, Michael Woodhams, Diep Thi Hoang, Heiko Schmidt

Host:    SUN1032320 (SSE4.2, 36 GB RAM)
Command: iqtree3 -s /Users/gzd130/Library/CloudStorage/OneDrive-RegionSjælland/Mol_phylo/revision/mast_hiv/data/0.9_trimmed_alns_HIV_2021_subset.fasta -m GTR+FO+R4+T -te /Users/gzd130/Library/CloudStorage/OneDrive-RegionSjælland/Mol_phylo/revision/mast_hiv/generated/0.9/tree_subsets/modeltrees_final_2.newick --prefix /Users/gzd130/Library/CloudStorage/OneDrive-RegionSjælland/Mol_phylo/revision/mast_hiv/output/0.9/mast_model_2/mast_model_final_2 -nt 2 -wspmr -wslmr -redo
Seed:    116189 (Using SPRNG - Scalable Parallel Random Number Generator)
Time:    Tue Jan 20 11:26:59 2026
Kernel:  SSE2 - 2 threads (14 CPU cores detected)

Reading alignment file /Users/gzd130/Library/CloudStorage/OneDrive-RegionSjælland/Mol_phylo/revision/mast_hiv/data/0.9_trimmed_alns_HIV_2021_subset.fasta ... Fasta format detected
Reading fasta file: done in 0.0166309 secs using 20.56% CPU
Alignment most likely contains DNA/RNA sequences
Constructing alignment: done in 0.005193 secs using 61.29% CPU
Alignment has 37 sequences with 8546 columns, 3226 distinct patterns
2923 parsimony-informative, 1002 singleton sites, 4621 constant sites
                                Gap/Ambiguity  Composition  p-value
Analyzing sequences: done in 0.000356913 secs using 72.29% CPU
   1  B.FR.83.HXBLAI_IIIB_BRU.K03455    0.14%    passed     41.06%
   2  A                                 0.00%    passed     94.98%
   3  A1                                0.00%    passed     88.46%
   4  A2                                0.14%    passed     99.67%
   5  A3                                0.23%    passed     49.63%
   6  A6                                0.01%    passed     65.16%
   7  B                                 0.02%    passed     87.39%
   8  C                                 0.06%    passed     99.77%
   9  D                                 0.09%    passed     94.13%
  10  F1                                0.04%    passed     74.84%
  11  F2                                0.11%    passed     93.22%
  12  G                                 0.00%    passed     92.53%
  13  H                                 0.11%    passed     95.93%
  14  J                                 0.06%    passed     85.14%
  15  K                                 0.70%    passed     61.15%
  16  L                                 0.41%    passed     93.51%
  17  AE                                0.01%    passed     86.94%
  18  AG                                0.00%    passed     86.00%
  19  cpx                               0.16%    passed     88.19%
  20  DF                                0.05%    passed     86.17%
  21  BC                                0.09%    passed     96.11%
  22  CD                                0.06%    passed     99.76%
  23  BF                                0.04%    passed     48.59%
  24  BG                                0.23%    passed     92.78%
  25  01B                               0.07%    passed     93.30%
  26  A2D                               0.08%    passed     63.20%
  27  01A1                              0.07%    passed     67.81%
  28  A5U                               0.19%    passed     72.25%
  29  AD                                0.04%    passed     80.72%
  30  BF1                               0.06%    passed     92.44%
  31  02G                               0.05%    passed     99.53%
  32  A1D                               0.04%    passed     87.37%
  33  02A                               0.06%    passed     36.05%
  34  C2U                               0.04%    passed     98.27%
  35  02B                               0.46%    passed     90.31%
  36  01C                               0.08%    passed     97.19%
  37  CPZ                               1.10%    failed      0.00%
****  TOTAL                             0.14%  1 sequences failed composition chi2 test (p-value<5%; df=3)
Number of input trees: 2
Minimum branch length is set to 0.0000010
Checking for duplicate sequences: done in 0.000328064 secs using 90.23% CPU

NOTE: 31 MB RAM (0 GB) is required!
According to the parsimony scores along the sites, the tree weights are initialized to:
0.5593023,0.4406977
Estimate model parameters (epsilon = 0.00100)
1. Initial log-likelihood: -89387.29347
2. Current log-likelihood: -82792.11575
3. Current log-likelihood: -82722.81574
4. Current log-likelihood: -82706.14827
5. Current log-likelihood: -82702.50076
6. Current log-likelihood: -82700.48125
7. Current log-likelihood: -82698.80689
8. Current log-likelihood: -82697.30385
9. Current log-likelihood: -82696.12467
10. Current log-likelihood: -82694.90383
11. Current log-likelihood: -82694.06099
12. Current log-likelihood: -82693.34981
13. Current log-likelihood: -82692.73336
14. Current log-likelihood: -82692.24539
15. Current log-likelihood: -82691.81777
16. Current log-likelihood: -82691.40214
17. Current log-likelihood: -82691.12164
18. Current log-likelihood: -82690.86086
19. Current log-likelihood: -82690.65414
20. Current log-likelihood: -82690.48022
21. Current log-likelihood: -82690.34634
22. Current log-likelihood: -82690.20864
23. Current log-likelihood: -82690.11819
24. Current log-likelihood: -82690.04343
25. Current log-likelihood: -82689.96935
26. Current log-likelihood: -82689.91918
27. Current log-likelihood: -82689.87216
28. Current log-likelihood: -82689.83722
29. Current log-likelihood: -82689.81021
30. Current log-likelihood: -82689.78792
31. Current log-likelihood: -82689.76958
32. Current log-likelihood: -82689.74763
33. Current log-likelihood: -82689.72541
34. Current log-likelihood: -82689.71323
35. Current log-likelihood: -82689.70417
36. Current log-likelihood: -82689.69795
37. Current log-likelihood: -82689.67995
38. Current log-likelihood: -82689.67511
39. Current log-likelihood: -82689.67120
40. Current log-likelihood: -82689.66210
41. Current log-likelihood: -82689.65930
42. Current log-likelihood: -82689.65701
43. Current log-likelihood: -82689.65165
44. Current log-likelihood: -82689.64987
45. Current log-likelihood: -82689.64830
46. Current log-likelihood: -82689.64697
47. Current log-likelihood: -82689.64081
48. Current log-likelihood: -82689.63966
49. Current log-likelihood: -82689.63872
Final estimation on weights:
0.44540,0.55460
Wrote distance file to... 
BEST SCORE FOUND : -82689.63872
Site log-likelihoods per category printed to /Users/gzd130/Library/CloudStorage/OneDrive-RegionSjælland/Mol_phylo/revision/mast_hiv/output/0.9/mast_model_2/mast_model_final_2.sitelh
Site probabilities per category printed to /Users/gzd130/Library/CloudStorage/OneDrive-RegionSjælland/Mol_phylo/revision/mast_hiv/output/0.9/mast_model_2/mast_model_final_2.siteprob
Total tree lengths: 7.69685 2.36052

Total number of iterations: 47
CPU time used for tree search: 0.00001 sec (0h:0m:0s)
Wall-clock time used for tree search: 0.00002 sec (0h:0m:0s)
Total CPU time used: 272.45606 sec (0h:4m:32s)
Total wall-clock time used: 465.13114 sec (0h:7m:45s)

Analysis results written to: 
  IQ-TREE report:                /Users/gzd130/Library/CloudStorage/OneDrive-RegionSjælland/Mol_phylo/revision/mast_hiv/output/0.9/mast_model_2/mast_model_final_2.iqtree
  Maximum-likelihood tree:       /Users/gzd130/Library/CloudStorage/OneDrive-RegionSjælland/Mol_phylo/revision/mast_hiv/output/0.9/mast_model_2/mast_model_final_2.treefile
  Site log-likelihoods:          /Users/gzd130/Library/CloudStorage/OneDrive-RegionSjælland/Mol_phylo/revision/mast_hiv/output/0.9/mast_model_2/mast_model_final_2.sitelh
  Site probability per rate/mix: /Users/gzd130/Library/CloudStorage/OneDrive-RegionSjælland/Mol_phylo/revision/mast_hiv/output/0.9/mast_model_2/mast_model_final_2.siteprob
  Screen log file:               /Users/gzd130/Library/CloudStorage/OneDrive-RegionSjælland/Mol_phylo/revision/mast_hiv/output/0.9/mast_model_2/mast_model_final_2.log

Date and Time: Tue Jan 20 11:34:44 2026
