IQ-TREE version 3.0.1 for MacOS ARM 64-bit built Jun 30 2025
Developed by Bui Quang Minh, Thomas Wong, Nhan Ly-Trong, Huaiyan Ren
Contributed by Lam-Tung Nguyen, Dominik Schrempf, Chris Bielow,
Olga Chernomor, Michael Woodhams, Diep Thi Hoang, Heiko Schmidt

Host:    SUN1032320 (SSE4.2, 36 GB RAM)
Command: iqtree3 -s /Users/gzd130/Library/CloudStorage/OneDrive-RegionSjælland/Mol_phylo/revision/mast_hiv/data/0.9_trimmed_alns_HIV_2021_subset.fasta -m GTR+FO+R4+T -te /Users/gzd130/Library/CloudStorage/OneDrive-RegionSjælland/Mol_phylo/revision/mast_hiv/generated/0.9/tree_subsets/modeltrees_final_25.newick --prefix /Users/gzd130/Library/CloudStorage/OneDrive-RegionSjælland/Mol_phylo/revision/mast_hiv/output/0.9/mast_model_25/mast_model_final_25 -nt 2 -wspmr -wslmr -redo
Seed:    128842 (Using SPRNG - Scalable Parallel Random Number Generator)
Time:    Tue Jan 20 11:26:59 2026
Kernel:  SSE2 - 2 threads (14 CPU cores detected)

Reading alignment file /Users/gzd130/Library/CloudStorage/OneDrive-RegionSjælland/Mol_phylo/revision/mast_hiv/data/0.9_trimmed_alns_HIV_2021_subset.fasta ... Fasta format detected
Reading fasta file: done in 0.010206 secs using 32.44% CPU
Alignment most likely contains DNA/RNA sequences
Constructing alignment: done in 0.00589705 secs using 59.39% CPU
Alignment has 37 sequences with 8546 columns, 3226 distinct patterns
2923 parsimony-informative, 1002 singleton sites, 4621 constant sites
                                Gap/Ambiguity  Composition  p-value
Analyzing sequences: done in 0.000339031 secs using 82.88% CPU
   1  B.FR.83.HXBLAI_IIIB_BRU.K03455    0.14%    passed     41.06%
   2  A                                 0.00%    passed     94.98%
   3  A1                                0.00%    passed     88.46%
   4  A2                                0.14%    passed     99.67%
   5  A3                                0.23%    passed     49.63%
   6  A6                                0.01%    passed     65.16%
   7  B                                 0.02%    passed     87.39%
   8  C                                 0.06%    passed     99.77%
   9  D                                 0.09%    passed     94.13%
  10  F1                                0.04%    passed     74.84%
  11  F2                                0.11%    passed     93.22%
  12  G                                 0.00%    passed     92.53%
  13  H                                 0.11%    passed     95.93%
  14  J                                 0.06%    passed     85.14%
  15  K                                 0.70%    passed     61.15%
  16  L                                 0.41%    passed     93.51%
  17  AE                                0.01%    passed     86.94%
  18  AG                                0.00%    passed     86.00%
  19  cpx                               0.16%    passed     88.19%
  20  DF                                0.05%    passed     86.17%
  21  BC                                0.09%    passed     96.11%
  22  CD                                0.06%    passed     99.76%
  23  BF                                0.04%    passed     48.59%
  24  BG                                0.23%    passed     92.78%
  25  01B                               0.07%    passed     93.30%
  26  A2D                               0.08%    passed     63.20%
  27  01A1                              0.07%    passed     67.81%
  28  A5U                               0.19%    passed     72.25%
  29  AD                                0.04%    passed     80.72%
  30  BF1                               0.06%    passed     92.44%
  31  02G                               0.05%    passed     99.53%
  32  A1D                               0.04%    passed     87.37%
  33  02A                               0.06%    passed     36.05%
  34  C2U                               0.04%    passed     98.27%
  35  02B                               0.46%    passed     90.31%
  36  01C                               0.08%    passed     97.19%
  37  CPZ                               1.10%    failed      0.00%
****  TOTAL                             0.14%  1 sequences failed composition chi2 test (p-value<5%; df=3)
Number of input trees: 25
Minimum branch length is set to 0.0000010
Checking for duplicate sequences: done in 0.000614166 secs using 65.94% CPU

NOTE: 387 MB RAM (0 GB) is required!
According to the parsimony scores along the sites, the tree weights are initialized to:
0.0326604,0.0487342,0.0421338,0.0356136,0.0417615,0.0329531,0.0383701,0.0442350,0.0394612,0.0330387,0.0493715,0.0418840,0.0464335,0.0344267,0.0269309,0.0503827,0.0434060,0.0377292,0.0393895,0.0426728,0.0336216,0.0396135,0.0513785,0.0373385,0.0364595
Estimate model parameters (epsilon = 0.00100)
1. Initial log-likelihood: -84827.71406
2. Current log-likelihood: -77554.59949
3. Current log-likelihood: -77509.23713
4. Current log-likelihood: -77490.28134
5. Current log-likelihood: -77473.93131
6. Current log-likelihood: -77463.42679
7. Current log-likelihood: -77447.67942
8. Current log-likelihood: -77438.35695
9. Current log-likelihood: -77434.72157
10. Current log-likelihood: -77433.33854
11. Current log-likelihood: -77432.26139
12. Current log-likelihood: -77431.39717
13. Current log-likelihood: -77430.05408
14. Current log-likelihood: -77429.44198
15. Current log-likelihood: -77428.92789
16. Current log-likelihood: -77428.50264
17. Current log-likelihood: -77428.15635
18. Current log-likelihood: -77427.85303
19. Current log-likelihood: -77427.59456
20. Current log-likelihood: -77427.36872
21. Current log-likelihood: -77427.17261
22. Current log-likelihood: -77426.98998
23. Current log-likelihood: -77426.83072
24. Current log-likelihood: -77426.68961
25. Current log-likelihood: -77426.56837
26. Current log-likelihood: -77426.44975
27. Current log-likelihood: -77426.35417
28. Current log-likelihood: -77426.26132
29. Current log-likelihood: -77426.18315
30. Current log-likelihood: -77426.10625
31. Current log-likelihood: -77426.04179
32. Current log-likelihood: -77425.98263
33. Current log-likelihood: -77425.92887
34. Current log-likelihood: -77425.87961
35. Current log-likelihood: -77425.83489
36. Current log-likelihood: -77425.79376
37. Current log-likelihood: -77425.75633
38. Current log-likelihood: -77425.72167
39. Current log-likelihood: -77425.68952
40. Current log-likelihood: -77425.65955
41. Current log-likelihood: -77425.58101
42. Current log-likelihood: -77425.55529
43. Current log-likelihood: -77425.53158
44. Current log-likelihood: -77425.50953
45. Current log-likelihood: -77425.48997
46. Current log-likelihood: -77425.47164
47. Current log-likelihood: -77425.45480
48. Current log-likelihood: -77425.43954
49. Current log-likelihood: -77425.42551
50. Current log-likelihood: -77425.41257
51. Current log-likelihood: -77425.40115
52. Current log-likelihood: -77425.38978
53. Current log-likelihood: -77425.38125
54. Current log-likelihood: -77425.37112
55. Current log-likelihood: -77425.36383
56. Current log-likelihood: -77425.35499
57. Current log-likelihood: -77425.34870
58. Current log-likelihood: -77425.33877
59. Current log-likelihood: -77425.33333
60. Current log-likelihood: -77425.32826
61. Current log-likelihood: -77425.32213
62. Current log-likelihood: -77425.31775
63. Current log-likelihood: -77425.31228
64. Current log-likelihood: -77425.30844
65. Current log-likelihood: -77425.30481
66. Current log-likelihood: -77425.30142
67. Current log-likelihood: -77425.29820
68. Current log-likelihood: -77425.29515
69. Current log-likelihood: -77425.29221
70. Current log-likelihood: -77425.28952
71. Current log-likelihood: -77425.28689
72. Current log-likelihood: -77425.28246
73. Current log-likelihood: -77425.28025
74. Current log-likelihood: -77425.27815
75. Current log-likelihood: -77425.27515
76. Current log-likelihood: -77425.27329
77. Current log-likelihood: -77425.27144
78. Current log-likelihood: -77425.26975
79. Current log-likelihood: -77425.26816
80. Current log-likelihood: -77425.26666
81. Current log-likelihood: -77425.26524
82. Current log-likelihood: -77425.26383
83. Current log-likelihood: -77425.26255
84. Current log-likelihood: -77425.26132
85. Current log-likelihood: -77425.25969
86. Current log-likelihood: -77425.25821
87. Current log-likelihood: -77425.25716
88. Current log-likelihood: -77425.25615
89. Current log-likelihood: -77425.25521
Final estimation on weights:
0.02515,0.05544,0.04800,0.03122,0.04640,0.02743,0.06090,0.02858,0.06603,0.03333,0.04349,0.04388,0.03709,0.03944,0.02982,0.05198,0.03850,0.02118,0.06903,0.04742,0.03559,0.02982,0.03334,0.02398,0.03297
Wrote distance file to... 
BEST SCORE FOUND : -77425.25521
Site log-likelihoods per category printed to /Users/gzd130/Library/CloudStorage/OneDrive-RegionSjælland/Mol_phylo/revision/mast_hiv/output/0.9/mast_model_25/mast_model_final_25.sitelh
Site probabilities per category printed to /Users/gzd130/Library/CloudStorage/OneDrive-RegionSjælland/Mol_phylo/revision/mast_hiv/output/0.9/mast_model_25/mast_model_final_25.siteprob
Total tree lengths: 6.79006 1.64992 10.98413 2.21045 1.89713 2.03155 1.58026 1.49737 11.11313 2.50437 3.90331 1.92358 2.09200 1.89146 1.50011 2.40136 3.01454 5.74641 1.12240 1.78378 2.48468 2.29037 1.73192 4.99860 1.99531

Total number of iterations: 87
CPU time used for tree search: 0.00003 sec (0h:0m:0s)
Wall-clock time used for tree search: 0.00004 sec (0h:0m:0s)
Total CPU time used: 5355.02653 sec (1h:29m:15s)
Total wall-clock time used: 7936.60596 sec (2h:12m:16s)

Analysis results written to: 
  IQ-TREE report:                /Users/gzd130/Library/CloudStorage/OneDrive-RegionSjælland/Mol_phylo/revision/mast_hiv/output/0.9/mast_model_25/mast_model_final_25.iqtree
  Maximum-likelihood tree:       /Users/gzd130/Library/CloudStorage/OneDrive-RegionSjælland/Mol_phylo/revision/mast_hiv/output/0.9/mast_model_25/mast_model_final_25.treefile
  Site log-likelihoods:          /Users/gzd130/Library/CloudStorage/OneDrive-RegionSjælland/Mol_phylo/revision/mast_hiv/output/0.9/mast_model_25/mast_model_final_25.sitelh
  Site probability per rate/mix: /Users/gzd130/Library/CloudStorage/OneDrive-RegionSjælland/Mol_phylo/revision/mast_hiv/output/0.9/mast_model_25/mast_model_final_25.siteprob
  Screen log file:               /Users/gzd130/Library/CloudStorage/OneDrive-RegionSjælland/Mol_phylo/revision/mast_hiv/output/0.9/mast_model_25/mast_model_final_25.log

Date and Time: Tue Jan 20 13:39:15 2026
