IQ-TREE version 3.0.1 for MacOS ARM 64-bit built Jun 30 2025
Developed by Bui Quang Minh, Thomas Wong, Nhan Ly-Trong, Huaiyan Ren
Contributed by Lam-Tung Nguyen, Dominik Schrempf, Chris Bielow,
Olga Chernomor, Michael Woodhams, Diep Thi Hoang, Heiko Schmidt

Host:    SUN1032320 (SSE4.2, 36 GB RAM)
Command: iqtree3 -s /Users/gzd130/Library/CloudStorage/OneDrive-RegionSjælland/Mol_phylo/revision/mast_hiv/data/0.1_trimmed_alns_HIV_2021_subset.fasta -m GTR+FO+R4+T -te /Users/gzd130/Library/CloudStorage/OneDrive-RegionSjælland/Mol_phylo/revision/mast_hiv/generated/0.1/tree_subsets/modeltrees_final_16.newick --prefix /Users/gzd130/Library/CloudStorage/OneDrive-RegionSjælland/Mol_phylo/revision/mast_hiv/output/0.1/mast_model_16/mast_model_final_16 -nt 8 -wspmr -wslmr -redo
Seed:    141668 (Using SPRNG - Scalable Parallel Random Number Generator)
Time:    Thu Jan 22 12:08:51 2026
Kernel:  SSE2 - 8 threads (14 CPU cores detected)

Reading alignment file /Users/gzd130/Library/CloudStorage/OneDrive-RegionSjælland/Mol_phylo/revision/mast_hiv/data/0.1_trimmed_alns_HIV_2021_subset.fasta ... Fasta format detected
Reading fasta file: done in 0.00511885 secs using 83.46% CPU
Alignment most likely contains DNA/RNA sequences
Constructing alignment: done in 0.00588894 secs using 62.52% CPU
Alignment has 37 sequences with 9546 columns, 3820 distinct patterns
3178 parsimony-informative, 1160 singleton sites, 5208 constant sites
                                Gap/Ambiguity  Composition  p-value
Analyzing sequences: done in 0.000168085 secs using 227.9% CPU
   1  B.FR.83.HXBLAI_IIIB_BRU.K03455    2.01%    failed      1.21%
   2  A                                 1.69%    passed     49.51%
   3  A1                                8.15%    passed     99.34%
   4  A2                                5.69%    passed     99.41%
   5  A3                                7.69%    passed     82.21%
   6  A6                                6.84%    passed     66.07%
   7  B                                 7.61%    passed     91.09%
   8  C                                 6.34%    passed     99.42%
   9  D                                 8.30%    passed     75.96%
  10  F1                                6.49%    passed     81.59%
  11  F2                                7.85%    passed     75.62%
  12  G                                 6.83%    passed     94.68%
  13  H                                 2.04%    passed     70.93%
  14  J                                 6.25%    passed     73.59%
  15  K                                10.05%    passed     18.08%
  16  L                                 5.11%    passed     95.32%
  17  AE                                8.07%    passed     93.85%
  18  AG                                8.79%    passed     99.16%
  19  cpx                               5.99%    passed     88.25%
  20  DF                                6.36%    passed     90.28%
  21  BC                                6.92%    passed     94.29%
  22  CD                                5.97%    passed     99.06%
  23  BF                                4.24%    passed     16.12%
  24  BG                                6.00%    passed     96.17%
  25  01B                               7.47%    passed     94.43%
  26  A2D                               7.45%    passed     38.05%
  27  01A1                              8.56%    passed     49.09%
  28  A5U                               1.57%    passed     98.61%
  29  AD                                9.01%    passed     98.43%
  30  BF1                               6.57%    passed     79.77%
  31  02G                               5.14%    passed     99.71%
  32  A1D                               6.37%    passed     88.28%
  33  02A                               6.32%    passed     20.94%
  34  C2U                               5.78%    passed     99.13%
  35  02B                               9.29%    passed     98.67%
  36  01C                               6.74%    passed     97.54%
  37  CPZ                               5.58%    failed      0.00%
****  TOTAL                             6.41%  2 sequences failed composition chi2 test (p-value<5%; df=3)
Number of input trees: 16
Minimum branch length is set to 0.0000010
Checking for duplicate sequences: done in 0.000334978 secs using 94.33% CPU

NOTE: 293 MB RAM (0 GB) is required!
According to the parsimony scores along the sites, the tree weights are initialized to:
0.0699326,0.0542649,0.0651486,0.0622128,0.0426615,0.0678177,0.0721772,0.0671226,0.0619851,0.0484088,0.0610219,0.0725658,0.0626916,0.0591399,0.0652178,0.0676312
Estimate model parameters (epsilon = 0.00100)
1. Initial log-likelihood: -92566.49072
2. Current log-likelihood: -85524.71794
3. Current log-likelihood: -85478.68586
4. Current log-likelihood: -85461.14170
5. Current log-likelihood: -85448.96775
6. Current log-likelihood: -85441.69564
7. Current log-likelihood: -85435.95336
8. Current log-likelihood: -85430.28782
9. Current log-likelihood: -85421.78430
10. Current log-likelihood: -85418.64294
11. Current log-likelihood: -85416.16795
12. Current log-likelihood: -85413.50161
13. Current log-likelihood: -85411.68162
14. Current log-likelihood: -85409.88365
15. Current log-likelihood: -85408.47105
16. Current log-likelihood: -85407.21702
17. Current log-likelihood: -85406.08451
18. Current log-likelihood: -85405.07795
19. Current log-likelihood: -85404.16061
20. Current log-likelihood: -85403.27937
21. Current log-likelihood: -85402.44286
22. Current log-likelihood: -85401.50265
23. Current log-likelihood: -85400.71349
24. Current log-likelihood: -85397.95484
25. Current log-likelihood: -85395.37683
26. Current log-likelihood: -85392.77090
27. Current log-likelihood: -85391.84133
28. Current log-likelihood: -85391.10951
29. Current log-likelihood: -85390.49728
30. Current log-likelihood: -85389.97460
31. Current log-likelihood: -85389.52966
32. Current log-likelihood: -85389.17090
33. Current log-likelihood: -85388.88004
34. Current log-likelihood: -85388.63928
35. Current log-likelihood: -85388.42626
36. Current log-likelihood: -85388.22711
37. Current log-likelihood: -85388.06758
38. Current log-likelihood: -85387.93835
39. Current log-likelihood: -85387.81166
40. Current log-likelihood: -85387.71202
41. Current log-likelihood: -85387.61854
42. Current log-likelihood: -85387.35031
43. Current log-likelihood: -85387.25670
44. Current log-likelihood: -85387.19932
45. Current log-likelihood: -85387.15290
46. Current log-likelihood: -85387.11499
47. Current log-likelihood: -85387.08366
48. Current log-likelihood: -85387.05749
49. Current log-likelihood: -85387.03650
50. Current log-likelihood: -85387.01870
51. Current log-likelihood: -85387.00366
52. Current log-likelihood: -85386.98772
53. Current log-likelihood: -85386.97761
54. Current log-likelihood: -85386.97019
55. Current log-likelihood: -85386.96159
56. Current log-likelihood: -85386.95463
57. Current log-likelihood: -85386.94838
58. Current log-likelihood: -85386.94287
59. Current log-likelihood: -85386.93892
60. Current log-likelihood: -85386.93568
61. Current log-likelihood: -85386.93281
62. Current log-likelihood: -85386.93026
63. Current log-likelihood: -85386.92667
64. Current log-likelihood: -85386.92434
65. Current log-likelihood: -85386.92235
66. Current log-likelihood: -85386.92070
67. Current log-likelihood: -85386.91884
68. Current log-likelihood: -85386.91714
69. Current log-likelihood: -85386.91580
70. Current log-likelihood: -85386.91466
71. Current log-likelihood: -85386.91325
72. Current log-likelihood: -85386.91213
73. Current log-likelihood: -85386.91122
Final estimation on weights:
0.06653,0.06702,0.08023,0.04003,0.07643,0.06040,0.07729,0.05163,0.05507,0.06393,0.04719,0.13714,0.05824,0.06560,0.02067,0.03261
Wrote distance file to... 
BEST SCORE FOUND : -85386.91122
Site log-likelihoods per category printed to /Users/gzd130/Library/CloudStorage/OneDrive-RegionSjælland/Mol_phylo/revision/mast_hiv/output/0.1/mast_model_16/mast_model_final_16.sitelh
Site probabilities per category printed to /Users/gzd130/Library/CloudStorage/OneDrive-RegionSjælland/Mol_phylo/revision/mast_hiv/output/0.1/mast_model_16/mast_model_final_16.siteprob
Total tree lengths: 4.12820 1.24771 1.57486 7.46393 10.83983 2.57825 1.23805 2.48280 2.12391 1.36936 2.79829 2.15723 2.40341 3.23597 3.16580 6.00068

Total number of iterations: 71
CPU time used for tree search: 0.00001 sec (0h:0m:0s)
Wall-clock time used for tree search: 0.00002 sec (0h:0m:0s)
Total CPU time used: 5508.65788 sec (1h:31m:48s)
Total wall-clock time used: 7428.21943 sec (2h:3m:48s)

Analysis results written to: 
  IQ-TREE report:                /Users/gzd130/Library/CloudStorage/OneDrive-RegionSjælland/Mol_phylo/revision/mast_hiv/output/0.1/mast_model_16/mast_model_final_16.iqtree
  Maximum-likelihood tree:       /Users/gzd130/Library/CloudStorage/OneDrive-RegionSjælland/Mol_phylo/revision/mast_hiv/output/0.1/mast_model_16/mast_model_final_16.treefile
  Site log-likelihoods:          /Users/gzd130/Library/CloudStorage/OneDrive-RegionSjælland/Mol_phylo/revision/mast_hiv/output/0.1/mast_model_16/mast_model_final_16.sitelh
  Site probability per rate/mix: /Users/gzd130/Library/CloudStorage/OneDrive-RegionSjælland/Mol_phylo/revision/mast_hiv/output/0.1/mast_model_16/mast_model_final_16.siteprob
  Screen log file:               /Users/gzd130/Library/CloudStorage/OneDrive-RegionSjælland/Mol_phylo/revision/mast_hiv/output/0.1/mast_model_16/mast_model_final_16.log

Date and Time: Thu Jan 22 14:12:39 2026
