IQ-TREE multicore version 2.3.6 for Linux x86 64-bit built Aug  1 2024
Developed by Bui Quang Minh, Nguyen Lam Tung, Olga Chernomor, Heiko Schmidt,
Dominik Schrempf, Michael Woodhams, Ly Trong Nhan, Thomas Wong

Host:    racimocomp07fl.unicph.domain (AVX512, FMA3, 755 GB RAM)
Command: iqtree2 -s /maps/projects/racimolab/people/fnl270/GitHub/mast_hiv/data/18_ML_trees/2708_trimmed_alns_HIV_2021_subset.fasta -m GTR+FO+R4+T -te /maps/projects/racimolab/people/fnl270/GitHub/mast_hiv/data/tree_subsets/modeltrees_final_14.newick --prefix /maps/projects/racimolab/people/fnl270/GitHub/mast_hiv/output/mast_model_14/mast_model_final_14 -nt 2 -wspmr -wslmr -redo
Seed:    345585 (Using SPRNG - Scalable Parallel Random Number Generator)
Time:    Mon Sep  8 09:24:16 2025
Kernel:  AVX+FMA - 2 threads (96 CPU cores detected)

Reading alignment file /maps/projects/racimolab/people/fnl270/GitHub/mast_hiv/data/18_ML_trees/2708_trimmed_alns_HIV_2021_subset.fasta ... Fasta format detected
Reading fasta file: done in 0.00669153 secs using 73.06% CPU
Alignment most likely contains DNA/RNA sequences
Alignment has 37 sequences with 8941 columns, 3524 distinct patterns
3080 parsimony-informative, 1063 singleton sites, 4798 constant sites
                                Gap/Ambiguity  Composition  p-value
Analyzing sequences: done in 0.000471042 secs using 98.93% CPU
   1  B.FR.83.HXBLAI_IIIB_BRU.K03455    0.70%    passed     19.65%
   2  A                                 0.15%    passed     89.42%
   3  A1                                2.13%    passed     95.95%
   4  A2                                0.48%    passed     99.90%
   5  A3                                2.14%    passed     63.50%
   6  A6                                0.74%    passed     55.87%
   7  B                                 1.54%    passed     84.96%
   8  C                                 0.82%    passed     99.85%
   9  D                                 2.30%    passed     81.94%
  10  F1                                1.63%    passed     79.98%
  11  F2                                1.90%    passed     83.58%
  12  G                                 0.72%    passed     96.00%
  13  H                                 0.59%    passed     95.29%
  14  J                                 0.74%    passed     82.00%
  15  K                                 4.21%    passed     27.59%
  16  L                                 1.02%    passed     93.46%
  17  AE                                2.18%    passed     91.20%
  18  AG                                2.76%    passed     96.74%
  19  cpx                               0.65%    passed     75.48%
  20  DF                                0.73%    passed     93.16%
  21  BC                                1.01%    passed     89.00%
  22  CD                                0.66%    passed     99.15%
  23  BF                                0.85%    passed     34.38%
  24  BG                                1.45%    passed     96.00%
  25  01B                               1.67%    passed     91.56%
  26  A2D                               2.02%    passed     53.74%
  27  01A1                              2.65%    passed     55.15%
  28  A5U                               0.46%    passed     76.20%
  29  AD                                2.99%    passed     95.07%
  30  BF1                               1.96%    passed     80.75%
  31  02G                               1.21%    passed     98.74%
  32  A1D                               0.89%    passed     82.33%
  33  02A                               1.55%    passed     28.34%
  34  C2U                               0.43%    passed     98.79%
  35  02B                               3.53%    passed     98.05%
  36  01C                               0.82%    passed     97.29%
  37  CPZ                               1.97%    failed      0.00%
****  TOTAL                             1.47%  1 sequences failed composition chi2 test (p-value<5%; df=3)
Tree-mixture model
Number of input trees: 14
Minimum branch length is set to 0.0000010















Linked substitution model:
   GTR+FO

Linked RHS model:
   R4


NOTE: 237 MB RAM (0 GB) is required!
According to the parsimony scores along the sites, the tree weights are initialized to:
0.0632418,0.0665296,0.0717124,0.0937234,0.0690476,0.0771782,0.0513142,0.0682964,0.0771871,0.0660835,0.0779801,0.0678060,0.0771107,0.0727891
Estimate model parameters (epsilon = 0.00100)
1. Initial log-likelihood: -90100.60026
2. Current log-likelihood: -83045.16977
3. Current log-likelihood: -83001.24783
4. Current log-likelihood: -82985.90131
5. Current log-likelihood: -82978.27291
6. Current log-likelihood: -82973.52846
7. Current log-likelihood: -82970.19517
8. Current log-likelihood: -82968.55880
9. Current log-likelihood: -82967.38124
10. Current log-likelihood: -82966.44379
11. Current log-likelihood: -82965.69663
12. Current log-likelihood: -82965.08897
13. Current log-likelihood: -82964.57770
14. Current log-likelihood: -82964.14681
15. Current log-likelihood: -82963.79318
16. Current log-likelihood: -82963.49803
17. Current log-likelihood: -82963.24422
18. Current log-likelihood: -82963.02042
19. Current log-likelihood: -82962.81578
20. Current log-likelihood: -82956.85211
21. Current log-likelihood: -82955.42336
22. Current log-likelihood: -82955.08789
23. Current log-likelihood: -82954.78326
24. Current log-likelihood: -82954.50687
25. Current log-likelihood: -82954.04841
26. Current log-likelihood: -82953.78951
27. Current log-likelihood: -82953.56266
28. Current log-likelihood: -82953.35293
29. Current log-likelihood: -82953.12771
30. Current log-likelihood: -82952.95859
31. Current log-likelihood: -82952.79931
32. Current log-likelihood: -82952.66445
33. Current log-likelihood: -82952.50459
34. Current log-likelihood: -82951.76376
35. Current log-likelihood: -82951.60223
36. Current log-likelihood: -82951.45938
37. Current log-likelihood: -82951.31622
38. Current log-likelihood: -82951.15442
39. Current log-likelihood: -82951.05385
40. Current log-likelihood: -82950.96228
41. Current log-likelihood: -82950.88104
42. Current log-likelihood: -82950.80825
43. Current log-likelihood: -82950.74386
44. Current log-likelihood: -82950.68384
45. Current log-likelihood: -82950.63215
46. Current log-likelihood: -82950.58337
47. Current log-likelihood: -82950.54048
48. Current log-likelihood: -82950.49298
49. Current log-likelihood: -82950.45483
50. Current log-likelihood: -82950.36590
51. Current log-likelihood: -82950.30238
52. Current log-likelihood: -82950.26988
53. Current log-likelihood: -82950.24369
54. Current log-likelihood: -82950.21847
55. Current log-likelihood: -82950.19668
56. Current log-likelihood: -82950.17438
57. Current log-likelihood: -82950.15819
58. Current log-likelihood: -82950.14211
59. Current log-likelihood: -82950.09508
60. Current log-likelihood: -82950.08369
61. Current log-likelihood: -82950.06840
62. Current log-likelihood: -82950.06012
63. Current log-likelihood: -82950.05101
64. Current log-likelihood: -82950.04463
65. Current log-likelihood: -82950.03771
66. Current log-likelihood: -82950.03151
67. Current log-likelihood: -82950.02684
68. Current log-likelihood: -82950.02252
69. Current log-likelihood: -82950.01858
70. Current log-likelihood: -82950.01504
71. Current log-likelihood: -82950.01176
72. Current log-likelihood: -82950.00875
73. Current log-likelihood: -82950.00587
74. Current log-likelihood: -82950.00211
75. Current log-likelihood: -82949.99981
76. Current log-likelihood: -82949.99767
77. Current log-likelihood: -82949.99573
78. Current log-likelihood: -82949.99386
79. Current log-likelihood: -82949.99212
80. Current log-likelihood: -82949.99048
81. Current log-likelihood: -82949.98899
82. Current log-likelihood: -82949.98761
83. Current log-likelihood: -82949.98636
84. Current log-likelihood: -82949.98516
85. Current log-likelihood: -82949.98405
86. Current log-likelihood: -82949.98300
87. Current log-likelihood: -82949.98204
Final estimation on weights:
0.04096,0.10062,0.04058,0.11304,0.04693,0.09556,0.03799,0.07555,0.07158,0.10145,0.07250,0.07642,0.07576,0.05105
Wrote distance file to... 
BEST SCORE FOUND : -82949.98204
Site log-likelihoods per category printed to /maps/projects/racimolab/people/fnl270/GitHub/mast_hiv/output/mast_model_14/mast_model_final_14.sitelh
Site probabilities per category printed to /maps/projects/racimolab/people/fnl270/GitHub/mast_hiv/output/mast_model_14/mast_model_final_14.siteprob
Total tree lengths: 6.61505 10.92155 7.77229 2.06825 2.19696 1.58897 1.48128 1.66171 3.30869 2.28457 3.21984 1.26523 1.51660 2.82458

Total number of iterations: 85
CPU time used for tree search: 0.00004 sec (0h:0m:0s)
Wall-clock time used for tree search: 0.00004 sec (0h:0m:0s)
Total CPU time used: 11343.16540 sec (3h:9m:3s)
Total wall-clock time used: 6070.79550 sec (1h:41m:10s)

Analysis results written to: 
  IQ-TREE report:                /maps/projects/racimolab/people/fnl270/GitHub/mast_hiv/output/mast_model_14/mast_model_final_14.iqtree
  Maximum-likelihood tree:       /maps/projects/racimolab/people/fnl270/GitHub/mast_hiv/output/mast_model_14/mast_model_final_14.treefile
  Site log-likelihoods:          /maps/projects/racimolab/people/fnl270/GitHub/mast_hiv/output/mast_model_14/mast_model_final_14.sitelh
  Site probability per rate/mix: /maps/projects/racimolab/people/fnl270/GitHub/mast_hiv/output/mast_model_14/mast_model_final_14.siteprob
  Screen log file:               /maps/projects/racimolab/people/fnl270/GitHub/mast_hiv/output/mast_model_14/mast_model_final_14.log

Date and Time: Mon Sep  8 11:05:27 2025
