IQ-TREE multicore version 2.3.6 for Linux x86 64-bit built Aug  1 2024
Developed by Bui Quang Minh, Nguyen Lam Tung, Olga Chernomor, Heiko Schmidt,
Dominik Schrempf, Michael Woodhams, Ly Trong Nhan, Thomas Wong

Host:    racimocomp07fl.unicph.domain (AVX512, FMA3, 755 GB RAM)
Command: iqtree2 -s /maps/projects/racimolab/people/fnl270/GitHub/mast_hiv/data/18_ML_trees/2708_trimmed_alns_HIV_2021_subset.fasta -m GTR+FO+R4+T -te /maps/projects/racimolab/people/fnl270/GitHub/mast_hiv/data/tree_subsets/modeltrees_14.newick --prefix /maps/projects/racimolab/people/fnl270/GitHub/mast_hiv/output/mast_model_14/mast_model_14 -fast -nt 2 -wspmr -wslmr -redo
Seed:    989119 (Using SPRNG - Scalable Parallel Random Number Generator)
Time:    Mon Sep  8 00:15:55 2025
Kernel:  AVX+FMA - 2 threads (96 CPU cores detected)

Reading alignment file /maps/projects/racimolab/people/fnl270/GitHub/mast_hiv/data/18_ML_trees/2708_trimmed_alns_HIV_2021_subset.fasta ... Fasta format detected
Reading fasta file: done in 0.00556061 secs using 78.05% CPU
Alignment most likely contains DNA/RNA sequences
Alignment has 37 sequences with 8941 columns, 3524 distinct patterns
3080 parsimony-informative, 1063 singleton sites, 4798 constant sites
Analyzing sequences: done in 0.000787597 secs using 225.2% CPU
Tree-mixture model
Number of input trees: 14
Minimum branch length is set to 0.0000010















Linked substitution model:
   GTR+FO

Linked RHS model:
   R4


NOTE: 237 MB RAM (0 GB) is required!
According to the parsimony scores along the sites, the tree weights are initialized to:
0.0784644,0.0601153,0.0707953,0.0921844,0.0785441,0.0765825,0.0507559,0.0678573,0.0692472,0.0665199,0.0817948,0.0779049,0.0802703,0.0489637
Estimate model parameters (epsilon = 0.01000)
1. Initial log-likelihood: -90097.83618
2. Current log-likelihood: -83075.59789
3. Current log-likelihood: -83041.53942
4. Current log-likelihood: -83025.62507
5. Current log-likelihood: -83017.01330
6. Current log-likelihood: -83013.23931
7. Current log-likelihood: -83010.81535
8. Current log-likelihood: -83009.08555
9. Current log-likelihood: -83007.99217
10. Current log-likelihood: -83007.06019
11. Current log-likelihood: -83006.27093
12. Current log-likelihood: -83005.06239
13. Current log-likelihood: -83004.36183
14. Current log-likelihood: -83003.78586
15. Current log-likelihood: -83003.30661
16. Current log-likelihood: -83002.90663
17. Current log-likelihood: -83002.56073
18. Current log-likelihood: -83002.25998
19. Current log-likelihood: -83001.99621
20. Current log-likelihood: -83001.76408
21. Current log-likelihood: -83001.57080
22. Current log-likelihood: -83001.39950
23. Current log-likelihood: -83001.24654
24. Current log-likelihood: -83001.11034
25. Current log-likelihood: -83000.99016
26. Current log-likelihood: -83000.88328
27. Current log-likelihood: -83000.79607
28. Current log-likelihood: -83000.70911
29. Current log-likelihood: -83000.64904
30. Current log-likelihood: -83000.57531
31. Current log-likelihood: -83000.52667
32. Current log-likelihood: -83000.48230
33. Current log-likelihood: -83000.42382
34. Current log-likelihood: -83000.38724
35. Current log-likelihood: -83000.35343
36. Current log-likelihood: -83000.32227
37. Current log-likelihood: -83000.29328
38. Current log-likelihood: -83000.26640
39. Current log-likelihood: -83000.24122
40. Current log-likelihood: -83000.21776
41. Current log-likelihood: -83000.19475
42. Current log-likelihood: -83000.17198
43. Current log-likelihood: -83000.15258
44. Current log-likelihood: -83000.13432
45. Current log-likelihood: -83000.11702
46. Current log-likelihood: -83000.10069
47. Current log-likelihood: -83000.08498
48. Current log-likelihood: -83000.07049
49. Current log-likelihood: -83000.05660
50. Current log-likelihood: -83000.04331
51. Current log-likelihood: -83000.03080
52. Current log-likelihood: -83000.01871
53. Current log-likelihood: -83000.00730
54. Current log-likelihood: -82999.99637
55. Current log-likelihood: -82999.98595
56. Current log-likelihood: -82999.97577
57. Current log-likelihood: -82999.96599
Final estimation on weights:
0.09852,0.10059,0.04692,0.09888,0.08701,0.07465,0.03571,0.04904,0.08624,0.06315,0.07964,0.06560,0.07070,0.04336
Wrote distance file to... 
BEST SCORE FOUND : -82999.96599
Site log-likelihoods per category printed to /maps/projects/racimolab/people/fnl270/GitHub/mast_hiv/output/mast_model_14/mast_model_14.sitelh
Site probabilities per category printed to /maps/projects/racimolab/people/fnl270/GitHub/mast_hiv/output/mast_model_14/mast_model_14.siteprob
Total tree lengths: 3.95135 10.76841 3.05032 1.90802 1.57471 3.15104 2.26781 1.98797 1.14302 1.78886 5.74271 3.83191 1.59383 2.26641

Total number of iterations: 55
CPU time used for tree search: 0.00004 sec (0h:0m:0s)
Wall-clock time used for tree search: 0.00005 sec (0h:0m:0s)
Total CPU time used: 3721.00787 sec (1h:2m:1s)
Total wall-clock time used: 1940.50861 sec (0h:32m:20s)

Analysis results written to: 
  IQ-TREE report:                /maps/projects/racimolab/people/fnl270/GitHub/mast_hiv/output/mast_model_14/mast_model_14.iqtree
  Maximum-likelihood tree:       /maps/projects/racimolab/people/fnl270/GitHub/mast_hiv/output/mast_model_14/mast_model_14.treefile
  Site log-likelihoods:          /maps/projects/racimolab/people/fnl270/GitHub/mast_hiv/output/mast_model_14/mast_model_14.sitelh
  Site probability per rate/mix: /maps/projects/racimolab/people/fnl270/GitHub/mast_hiv/output/mast_model_14/mast_model_14.siteprob
  Screen log file:               /maps/projects/racimolab/people/fnl270/GitHub/mast_hiv/output/mast_model_14/mast_model_14.log

Date and Time: Mon Sep  8 00:48:16 2025
