IQ-TREE multicore version 2.3.6 for Linux x86 64-bit built Aug  1 2024
Developed by Bui Quang Minh, Nguyen Lam Tung, Olga Chernomor, Heiko Schmidt,
Dominik Schrempf, Michael Woodhams, Ly Trong Nhan, Thomas Wong

Host:    racimocomp07fl.unicph.domain (AVX512, FMA3, 755 GB RAM)
Command: iqtree2 -s /maps/projects/racimolab/people/fnl270/GitHub/mast_hiv/data/18_ML_trees/2708_trimmed_alns_HIV_2021_subset.fasta -m GTR+FO+R4+T -te /maps/projects/racimolab/people/fnl270/GitHub/mast_hiv/data/tree_subsets/modeltrees_final_27.newick --prefix /maps/projects/racimolab/people/fnl270/GitHub/mast_hiv/output/mast_model_27/mast_model_final_27 -nt 2 -wspmr -wslmr -redo
Seed:    463185 (Using SPRNG - Scalable Parallel Random Number Generator)
Time:    Mon Sep  8 09:24:33 2025
Kernel:  AVX+FMA - 2 threads (96 CPU cores detected)

Reading alignment file /maps/projects/racimolab/people/fnl270/GitHub/mast_hiv/data/18_ML_trees/2708_trimmed_alns_HIV_2021_subset.fasta ... Fasta format detected
Reading fasta file: done in 0.0067957 secs using 77.92% CPU
Alignment most likely contains DNA/RNA sequences
Alignment has 37 sequences with 8941 columns, 3524 distinct patterns
3080 parsimony-informative, 1063 singleton sites, 4798 constant sites
                                Gap/Ambiguity  Composition  p-value
Analyzing sequences: done in 0.000597518 secs using 262.9% CPU
   1  B.FR.83.HXBLAI_IIIB_BRU.K03455    0.70%    passed     19.65%
   2  A                                 0.15%    passed     89.42%
   3  A1                                2.13%    passed     95.95%
   4  A2                                0.48%    passed     99.90%
   5  A3                                2.14%    passed     63.50%
   6  A6                                0.74%    passed     55.87%
   7  B                                 1.54%    passed     84.96%
   8  C                                 0.82%    passed     99.85%
   9  D                                 2.30%    passed     81.94%
  10  F1                                1.63%    passed     79.98%
  11  F2                                1.90%    passed     83.58%
  12  G                                 0.72%    passed     96.00%
  13  H                                 0.59%    passed     95.29%
  14  J                                 0.74%    passed     82.00%
  15  K                                 4.21%    passed     27.59%
  16  L                                 1.02%    passed     93.46%
  17  AE                                2.18%    passed     91.20%
  18  AG                                2.76%    passed     96.74%
  19  cpx                               0.65%    passed     75.48%
  20  DF                                0.73%    passed     93.16%
  21  BC                                1.01%    passed     89.00%
  22  CD                                0.66%    passed     99.15%
  23  BF                                0.85%    passed     34.38%
  24  BG                                1.45%    passed     96.00%
  25  01B                               1.67%    passed     91.56%
  26  A2D                               2.02%    passed     53.74%
  27  01A1                              2.65%    passed     55.15%
  28  A5U                               0.46%    passed     76.20%
  29  AD                                2.99%    passed     95.07%
  30  BF1                               1.96%    passed     80.75%
  31  02G                               1.21%    passed     98.74%
  32  A1D                               0.89%    passed     82.33%
  33  02A                               1.55%    passed     28.34%
  34  C2U                               0.43%    passed     98.79%
  35  02B                               3.53%    passed     98.05%
  36  01C                               0.82%    passed     97.29%
  37  CPZ                               1.97%    failed      0.00%
****  TOTAL                             1.47%  1 sequences failed composition chi2 test (p-value<5%; df=3)
Tree-mixture model
Number of input trees: 27
Minimum branch length is set to 0.0000010




























Linked substitution model:
   GTR+FO

Linked RHS model:
   R4


NOTE: 457 MB RAM (0 GB) is required!
According to the parsimony scores along the sites, the tree weights are initialized to:
0.0376803,0.0325906,0.0356342,0.0397631,0.0321064,0.0365705,0.0285827,0.0351209,0.0424662,0.0409300,0.0415750,0.0349974,0.0419646,0.0462682,0.0306203,0.0447839,0.0271649,0.0321495,0.0394099,0.0371127,0.0457820,0.0307424,0.0405231,0.0332310,0.0379812,0.0333776,0.0408715
Estimate model parameters (epsilon = 0.00100)
1. Initial log-likelihood: -89489.45617
2. Current log-likelihood: -81751.32053
3. Current log-likelihood: -81719.34374
4. Current log-likelihood: -81702.47112
5. Current log-likelihood: -81696.23165
6. Current log-likelihood: -81690.54680
7. Current log-likelihood: -81685.45331
8. Current log-likelihood: -81682.51326
9. Current log-likelihood: -81674.22063
10. Current log-likelihood: -81671.59839
11. Current log-likelihood: -81669.61942
12. Current log-likelihood: -81667.94478
13. Current log-likelihood: -81666.50365
14. Current log-likelihood: -81665.17237
15. Current log-likelihood: -81664.04508
16. Current log-likelihood: -81663.00310
17. Current log-likelihood: -81660.56159
18. Current log-likelihood: -81658.78708
19. Current log-likelihood: -81657.13419
20. Current log-likelihood: -81655.99491
21. Current log-likelihood: -81654.98349
22. Current log-likelihood: -81654.03871
23. Current log-likelihood: -81653.24738
24. Current log-likelihood: -81652.57917
25. Current log-likelihood: -81651.97351
26. Current log-likelihood: -81650.89178
27. Current log-likelihood: -81647.71218
28. Current log-likelihood: -81647.21171
29. Current log-likelihood: -81646.74885
30. Current log-likelihood: -81646.32834
31. Current log-likelihood: -81645.11443
32. Current log-likelihood: -81641.66752
33. Current log-likelihood: -81640.44325
34. Current log-likelihood: -81639.89528
35. Current log-likelihood: -81639.48651
36. Current log-likelihood: -81639.15982
37. Current log-likelihood: -81638.84614
38. Current log-likelihood: -81638.52944
39. Current log-likelihood: -81638.28422
40. Current log-likelihood: -81638.09215
41. Current log-likelihood: -81637.86888
42. Current log-likelihood: -81637.23772
43. Current log-likelihood: -81636.59582
44. Current log-likelihood: -81636.40186
45. Current log-likelihood: -81636.06048
46. Current log-likelihood: -81635.88642
47. Current log-likelihood: -81635.74303
48. Current log-likelihood: -81635.61582
49. Current log-likelihood: -81635.50739
50. Current log-likelihood: -81635.41120
51. Current log-likelihood: -81635.32413
52. Current log-likelihood: -81635.17456
53. Current log-likelihood: -81635.09730
54. Current log-likelihood: -81635.01274
55. Current log-likelihood: -81634.94975
56. Current log-likelihood: -81634.89161
57. Current log-likelihood: -81634.83741
58. Current log-likelihood: -81634.78701
59. Current log-likelihood: -81634.73992
60. Current log-likelihood: -81634.69556
61. Current log-likelihood: -81634.65032
62. Current log-likelihood: -81634.60354
63. Current log-likelihood: -81634.54769
64. Current log-likelihood: -81634.50448
65. Current log-likelihood: -81634.47031
66. Current log-likelihood: -81634.43797
67. Current log-likelihood: -81634.40414
68. Current log-likelihood: -81634.37672
69. Current log-likelihood: -81634.34672
70. Current log-likelihood: -81634.31107
71. Current log-likelihood: -81634.27930
72. Current log-likelihood: -81634.24525
73. Current log-likelihood: -81634.21531
74. Current log-likelihood: -81634.19545
75. Current log-likelihood: -81634.17480
76. Current log-likelihood: -81634.15467
77. Current log-likelihood: -81634.13965
78. Current log-likelihood: -81634.11683
79. Current log-likelihood: -81634.10046
80. Current log-likelihood: -81634.08668
81. Current log-likelihood: -81634.05819
82. Current log-likelihood: -81634.04234
83. Current log-likelihood: -81634.03253
84. Current log-likelihood: -81634.02498
85. Current log-likelihood: -81634.00943
86. Current log-likelihood: -81633.99379
87. Current log-likelihood: -81633.97360
88. Current log-likelihood: -81633.96422
89. Current log-likelihood: -81633.95628
90. Current log-likelihood: -81633.94762
91. Current log-likelihood: -81633.93715
92. Current log-likelihood: -81633.93331
93. Current log-likelihood: -81633.92160
94. Current log-likelihood: -81633.91612
95. Current log-likelihood: -81633.91089
96. Current log-likelihood: -81633.90597
97. Current log-likelihood: -81633.90126
98. Current log-likelihood: -81633.89686
99. Current log-likelihood: -81633.88143
100. Current log-likelihood: -81633.87631
101. Current log-likelihood: -81633.87145
102. Current log-likelihood: -81633.86455
103. Current log-likelihood: -81633.85506
104. Current log-likelihood: -81633.84884
105. Current log-likelihood: -81633.84498
106. Current log-likelihood: -81633.84144
107. Current log-likelihood: -81633.83806
108. Current log-likelihood: -81633.83598
109. Current log-likelihood: -81633.83169
110. Current log-likelihood: -81633.82482
111. Current log-likelihood: -81633.82312
112. Current log-likelihood: -81633.82042
113. Current log-likelihood: -81633.81647
114. Current log-likelihood: -81633.81521
115. Current log-likelihood: -81633.81387
116. Current log-likelihood: -81633.81265
117. Current log-likelihood: -81633.81155
118. Current log-likelihood: -81633.80827
119. Current log-likelihood: -81633.80733
Final estimation on weights:
0.02384,0.08300,0.08991,0.04876,0.03251,0.04068,0.03349,0.08617,0.03359,0.02591,0.03948,0.03750,0.04295,0.02792,0.02629,0.02754,0.03334,0.02431,0.03188,0.02801,0.03371,0.02085,0.02584,0.02424,0.03197,0.01361,0.03269
Wrote distance file to... 
BEST SCORE FOUND : -81633.80733
Site log-likelihoods per category printed to /maps/projects/racimolab/people/fnl270/GitHub/mast_hiv/output/mast_model_27/mast_model_final_27.sitelh
Site probabilities per category printed to /maps/projects/racimolab/people/fnl270/GitHub/mast_hiv/output/mast_model_27/mast_model_final_27.siteprob
Total tree lengths: 6.36745 5.71618 1.36976 2.39917 1.28909 1.68801 1.36492 0.99463 2.56533 4.02092 3.67731 1.81882 2.03542 3.91087 2.24022 1.84839 1.36556 1.76497 2.27745 11.57672 2.91465 3.15960 3.61881 3.15727 2.02991 4.05356 1.82515

Total number of iterations: 117
CPU time used for tree search: 0.00006 sec (0h:0m:0s)
Wall-clock time used for tree search: 0.00006 sec (0h:0m:0s)
Total CPU time used: 30339.05096 sec (8h:25m:39s)
Total wall-clock time used: 16009.72011 sec (4h:26m:49s)

Analysis results written to: 
  IQ-TREE report:                /maps/projects/racimolab/people/fnl270/GitHub/mast_hiv/output/mast_model_27/mast_model_final_27.iqtree
  Maximum-likelihood tree:       /maps/projects/racimolab/people/fnl270/GitHub/mast_hiv/output/mast_model_27/mast_model_final_27.treefile
  Site log-likelihoods:          /maps/projects/racimolab/people/fnl270/GitHub/mast_hiv/output/mast_model_27/mast_model_final_27.sitelh
  Site probability per rate/mix: /maps/projects/racimolab/people/fnl270/GitHub/mast_hiv/output/mast_model_27/mast_model_final_27.siteprob
  Screen log file:               /maps/projects/racimolab/people/fnl270/GitHub/mast_hiv/output/mast_model_27/mast_model_final_27.log

Date and Time: Mon Sep  8 13:51:23 2025
