IQ-TREE version 3.1.3 for MacOS ARM 64-bit built Jul 22 2026
Developed by Bui Quang Minh, Thomas Wong, Nhan Ly-Trong, Huaiyan Ren
Contributed by Lam-Tung Nguyen, Dominik Schrempf, Chris Bielow,
Olga Chernomor, Michael Woodhams, Diep Thi Hoang, Heiko Schmidt

Host:    SUN1032320 (SSE4.2, 36 GB RAM)
Command: iqtree3 -t generated/0.1/ind_trees/tree_27.newick --tree-fix -s data/0.1_trimmed_alns_HIV_2021_subset.fasta --scfl 100 --prefix output/0.1/scf/scf_tree_27 -T AUTO
Seed:    742214 (Using SPRNG - Scalable Parallel Random Number Generator)
Time:    Fri Jul 31 14:41:03 2026
Kernel:  SSE2 - auto-detect threads (14 CPU cores detected)

Reading alignment file data/0.1_trimmed_alns_HIV_2021_subset.fasta ... Fasta format detected
Reading fasta file: done in 0.00258994 secs using 82.7% CPU
Alignment most likely contains DNA/RNA sequences
Constructing alignment: done in 0.00587797 secs using 66.47% CPU
Alignment has 37 sequences with 9546 columns, 3820 distinct patterns
3178 parsimony-informative, 1160 singleton sites, 5208 constant sites
                                Gap/Ambiguity  Composition  p-value
Analyzing sequences: done in 7.89165e-05 secs using 362.4% CPU
   1  B.FR.83.HXBLAI_IIIB_BRU.K03455    2.01%    failed      1.21%
   2  A                                 1.69%    passed     49.51%
   3  A1                                8.15%    passed     99.34%
   4  A2                                5.69%    passed     99.41%
   5  A3                                7.69%    passed     82.21%
   6  A6                                6.84%    passed     66.07%
   7  B                                 7.61%    passed     91.09%
   8  C                                 6.34%    passed     99.42%
   9  D                                 8.30%    passed     75.96%
  10  F1                                6.49%    passed     81.59%
  11  F2                                7.85%    passed     75.62%
  12  G                                 6.83%    passed     94.68%
  13  H                                 2.04%    passed     70.93%
  14  J                                 6.25%    passed     73.59%
  15  K                                10.05%    passed     18.08%
  16  L                                 5.11%    passed     95.32%
  17  AE                                8.07%    passed     93.85%
  18  AG                                8.79%    passed     99.16%
  19  cpx                               5.99%    passed     88.25%
  20  DF                                6.36%    passed     90.28%
  21  BC                                6.92%    passed     94.29%
  22  CD                                5.97%    passed     99.06%
  23  BF                                4.24%    passed     16.12%
  24  BG                                6.00%    passed     96.17%
  25  01B                               7.47%    passed     94.43%
  26  A2D                               7.45%    passed     38.05%
  27  01A1                              8.56%    passed     49.09%
  28  A5U                               1.57%    passed     98.61%
  29  AD                                9.01%    passed     98.43%
  30  BF1                               6.57%    passed     79.77%
  31  02G                               5.14%    passed     99.71%
  32  A1D                               6.37%    passed     88.28%
  33  02A                               6.32%    passed     20.94%
  34  C2U                               5.78%    passed     99.13%
  35  02B                               9.29%    passed     98.67%
  36  01C                               6.74%    passed     97.54%
  37  CPZ                               5.58%    failed      0.00%
****  TOTAL                             6.41%  2 sequences failed composition chi2 test (p-value<5%; df=3)
Checking for duplicate sequences: done in 0.000241995 secs using 89.67% CPU

Reading input tree file generated/0.1/ind_trees/tree_27.newick ...
Measuring multi-threading efficiency up to 14 CPU cores
Increase to 10 rounds for branch lengths
83 trees examined
Threads: 1 / Time: 14.094 sec / Speedup: 1.000 / Efficiency: 100% / LogL: -109836
Threads: 2 / Time: 10.358 sec / Speedup: 1.361 / Efficiency: 68% / LogL: -109836
Threads: 3 / Time: 7.712 sec / Speedup: 1.827 / Efficiency: 61% / LogL: -109836
Threads: 4 / Time: 6.399 sec / Speedup: 2.202 / Efficiency: 55% / LogL: -109836
Threads: 5 / Time: 8.026 sec / Speedup: 1.756 / Efficiency: 35% / LogL: -109836
Determining AUTO threadcount: done in 46.5896 secs using 168.9% CPU
BEST NUMBER OF THREADS: 4

Perform fast likelihood tree search using GTR+I+G model...
Estimate model parameters (epsilon = 5.000)
Perform nearest neighbor interchange...
Estimate model parameters (epsilon = 1.000)
1. Initial log-likelihood: -89864.459
2. Current log-likelihood: -89857.926
3. Current log-likelihood: -89855.780
4. Current log-likelihood: -89854.176
5. Current log-likelihood: -89852.803
6. Current log-likelihood: -89851.688
Optimal log-likelihood: -89850.497
Rate parameters:  A-C: 2.17067  A-G: 5.03048  A-T: 1.04732  C-G: 0.80573  C-T: 6.35354  G-T: 1.00000
Base frequencies:  A: 0.369  C: 0.174  G: 0.236  T: 0.221
Proportion of invariable sites: 0.393
Gamma shape alpha: 0.702
Parameters optimization took 6 rounds (0.189 sec)
Time for fast ML tree search: 0.962 seconds

NOTE: ModelFinder requires 45 MB RAM!
ModelFinder will test up to 968 DNA models (sample size: 9546 epsilon: 0.100) ...
 No. Model         -LnL         df  AIC          AICc         BIC
Akaike Information Criterion:           GTR+F+I+R4
Corrected Akaike Information Criterion: GTR+F+I+R4
Bayesian Information Criterion:         GTR+F+I+R4
Best-fit model: GTR+F+I+R4 chosen according to BIC

All model information printed to output/0.1/scf/scf_tree_27.model.gz
CPU time for ModelFinder: 141.877 seconds (0h:2m:21s)
Wall-clock time for ModelFinder: 68.876 seconds (0h:1m:8s)

NOTE: 18 MB RAM (0 GB) is required!
Estimate model parameters (epsilon = 0.010)
1. Initial log-likelihood: -89697.075
2. Current log-likelihood: -89697.062
3. Current log-likelihood: -89697.052
Optimal log-likelihood: -89697.037
Rate parameters:  A-C: 2.19845  A-G: 5.32986  A-T: 1.03122  C-G: 0.78937  C-T: 6.38622  G-T: 1.00000
Base frequencies:  A: 0.369  C: 0.174  G: 0.236  T: 0.221
Proportion of invariable sites: 0.450
Site proportion and rates:  (0.275,0.432) (0.186,1.993) (0.082,4.818) (0.008,15.247)
Parameters optimization took 3 rounds (0.138 sec)
Wrote distance file to... 
BEST SCORE FOUND : -89697.037
Total tree length: 2.820

Total number of iterations: 0
CPU time used for tree search: 0.000 sec (0h:0m:0s)
Wall-clock time used for tree search: 0.000 sec (0h:0m:0s)
Total CPU time used: 142.266 sec (0h:2m:22s)
Total wall-clock time used: 69.023 sec (0h:1m:9s)
Computing site concordance factor using likelihood...
0.215 sec
Tree with site concordance factors written to output/0.1/scf/scf_tree_27.cf.tree
Annotated tree (best viewed in FigTree) written to output/0.1/scf/scf_tree_27.cf.tree.nex
Tree with branch IDs written to output/0.1/scf/scf_tree_27.cf.branch
Concordance factors per branch printed to output/0.1/scf/scf_tree_27.cf.stat

Analysis results written to: 
  IQ-TREE report:                output/0.1/scf/scf_tree_27.iqtree
  Maximum-likelihood tree:       output/0.1/scf/scf_tree_27.treefile
  Screen log file:               output/0.1/scf/scf_tree_27.log

Date and Time: Fri Jul 31 14:42:13 2026
