IQ-TREE version 3.1.3 for MacOS ARM 64-bit built Jul 22 2026
Developed by Bui Quang Minh, Thomas Wong, Nhan Ly-Trong, Huaiyan Ren
Contributed by Lam-Tung Nguyen, Dominik Schrempf, Chris Bielow,
Olga Chernomor, Michael Woodhams, Diep Thi Hoang, Heiko Schmidt

Host:    SUN1032320 (SSE4.2, 36 GB RAM)
Command: iqtree3 -t generated/0.1/ind_trees/tree_22.newick --tree-fix -s data/0.1_trimmed_alns_HIV_2021_subset.fasta --scfl 100 --prefix output/0.1/scf/scf_tree_22 -T AUTO
Seed:    522171 (Using SPRNG - Scalable Parallel Random Number Generator)
Time:    Fri Jul 31 14:39:53 2026
Kernel:  SSE2 - auto-detect threads (14 CPU cores detected)

Reading alignment file data/0.1_trimmed_alns_HIV_2021_subset.fasta ... Fasta format detected
Reading fasta file: done in 0.00315714 secs using 77.86% CPU
Alignment most likely contains DNA/RNA sequences
Constructing alignment: done in 0.00621891 secs using 68.45% CPU
Alignment has 37 sequences with 9546 columns, 3820 distinct patterns
3178 parsimony-informative, 1160 singleton sites, 5208 constant sites
                                Gap/Ambiguity  Composition  p-value
Analyzing sequences: done in 8.60691e-05 secs using 318.3% CPU
   1  B.FR.83.HXBLAI_IIIB_BRU.K03455    2.01%    failed      1.21%
   2  A                                 1.69%    passed     49.51%
   3  A1                                8.15%    passed     99.34%
   4  A2                                5.69%    passed     99.41%
   5  A3                                7.69%    passed     82.21%
   6  A6                                6.84%    passed     66.07%
   7  B                                 7.61%    passed     91.09%
   8  C                                 6.34%    passed     99.42%
   9  D                                 8.30%    passed     75.96%
  10  F1                                6.49%    passed     81.59%
  11  F2                                7.85%    passed     75.62%
  12  G                                 6.83%    passed     94.68%
  13  H                                 2.04%    passed     70.93%
  14  J                                 6.25%    passed     73.59%
  15  K                                10.05%    passed     18.08%
  16  L                                 5.11%    passed     95.32%
  17  AE                                8.07%    passed     93.85%
  18  AG                                8.79%    passed     99.16%
  19  cpx                               5.99%    passed     88.25%
  20  DF                                6.36%    passed     90.28%
  21  BC                                6.92%    passed     94.29%
  22  CD                                5.97%    passed     99.06%
  23  BF                                4.24%    passed     16.12%
  24  BG                                6.00%    passed     96.17%
  25  01B                               7.47%    passed     94.43%
  26  A2D                               7.45%    passed     38.05%
  27  01A1                              8.56%    passed     49.09%
  28  A5U                               1.57%    passed     98.61%
  29  AD                                9.01%    passed     98.43%
  30  BF1                               6.57%    passed     79.77%
  31  02G                               5.14%    passed     99.71%
  32  A1D                               6.37%    passed     88.28%
  33  02A                               6.32%    passed     20.94%
  34  C2U                               5.78%    passed     99.13%
  35  02B                               9.29%    passed     98.67%
  36  01C                               6.74%    passed     97.54%
  37  CPZ                               5.58%    failed      0.00%
****  TOTAL                             6.41%  2 sequences failed composition chi2 test (p-value<5%; df=3)
Checking for duplicate sequences: done in 0.000235081 secs using 93.58% CPU

Reading input tree file generated/0.1/ind_trees/tree_22.newick ...
Measuring multi-threading efficiency up to 14 CPU cores
Increase to 10 rounds for branch lengths
84 trees examined
Threads: 1 / Time: 14.122 sec / Speedup: 1.000 / Efficiency: 100% / LogL: -108944
Threads: 2 / Time: 10.313 sec / Speedup: 1.369 / Efficiency: 68% / LogL: -108944
Threads: 3 / Time: 7.851 sec / Speedup: 1.799 / Efficiency: 60% / LogL: -108944
Threads: 4 / Time: 6.690 sec / Speedup: 2.111 / Efficiency: 53% / LogL: -108944
Threads: 5 / Time: 8.206 sec / Speedup: 1.721 / Efficiency: 34% / LogL: -108944
Determining AUTO threadcount: done in 47.183 secs using 171.3% CPU
BEST NUMBER OF THREADS: 4

Perform fast likelihood tree search using GTR+I+G model...
Estimate model parameters (epsilon = 5.000)
Perform nearest neighbor interchange...
Estimate model parameters (epsilon = 1.000)
1. Initial log-likelihood: -89701.686
2. Current log-likelihood: -89696.118
3. Current log-likelihood: -89694.498
4. Current log-likelihood: -89693.403
Optimal log-likelihood: -89692.244
Rate parameters:  A-C: 2.15054  A-G: 4.94869  A-T: 1.02226  C-G: 0.77404  C-T: 6.25860  G-T: 1.00000
Base frequencies:  A: 0.369  C: 0.174  G: 0.236  T: 0.221
Proportion of invariable sites: 0.395
Gamma shape alpha: 0.714
Parameters optimization took 4 rounds (0.131 sec)
Time for fast ML tree search: 0.967 seconds

NOTE: ModelFinder requires 45 MB RAM!
ModelFinder will test up to 968 DNA models (sample size: 9546 epsilon: 0.100) ...
 No. Model         -LnL         df  AIC          AICc         BIC
Akaike Information Criterion:           GTR+F+I+R4
Corrected Akaike Information Criterion: GTR+F+I+R4
Bayesian Information Criterion:         GTR+F+I+R4
Best-fit model: GTR+F+I+R4 chosen according to BIC

All model information printed to output/0.1/scf/scf_tree_22.model.gz
CPU time for ModelFinder: 144.777 seconds (0h:2m:24s)
Wall-clock time for ModelFinder: 69.855 seconds (0h:1m:9s)

NOTE: 18 MB RAM (0 GB) is required!
Estimate model parameters (epsilon = 0.010)
1. Initial log-likelihood: -89539.158
2. Current log-likelihood: -89539.147
Optimal log-likelihood: -89539.131
Rate parameters:  A-C: 2.19766  A-G: 5.27778  A-T: 1.02149  C-G: 0.76730  C-T: 6.35842  G-T: 1.00000
Base frequencies:  A: 0.369  C: 0.174  G: 0.236  T: 0.221
Proportion of invariable sites: 0.448
Site proportion and rates:  (0.273,0.427) (0.189,1.988) (0.082,4.822) (0.008,15.111)
Parameters optimization took 2 rounds (0.086 sec)
Wrote distance file to... 
BEST SCORE FOUND : -89539.131
Total tree length: 2.803

Total number of iterations: 0
CPU time used for tree search: 0.000 sec (0h:0m:0s)
Wall-clock time used for tree search: 0.000 sec (0h:0m:0s)
Total CPU time used: 145.023 sec (0h:2m:25s)
Total wall-clock time used: 69.949 sec (0h:1m:9s)
Computing site concordance factor using likelihood...
0.214 sec
Tree with site concordance factors written to output/0.1/scf/scf_tree_22.cf.tree
Annotated tree (best viewed in FigTree) written to output/0.1/scf/scf_tree_22.cf.tree.nex
Tree with branch IDs written to output/0.1/scf/scf_tree_22.cf.branch
Concordance factors per branch printed to output/0.1/scf/scf_tree_22.cf.stat

Analysis results written to: 
  IQ-TREE report:                output/0.1/scf/scf_tree_22.iqtree
  Maximum-likelihood tree:       output/0.1/scf/scf_tree_22.treefile
  Screen log file:               output/0.1/scf/scf_tree_22.log

Date and Time: Fri Jul 31 14:41:03 2026
