IQ-TREE multicore version 2.3.6 for Linux x86 64-bit built Aug  1 2024
Developed by Bui Quang Minh, Nguyen Lam Tung, Olga Chernomor, Heiko Schmidt,
Dominik Schrempf, Michael Woodhams, Ly Trong Nhan, Thomas Wong

Host:    racimocomp07fl.unicph.domain (AVX512, FMA3, 755 GB RAM)
Command: iqtree2 -s /maps/projects/racimolab/people/fnl270/GitHub/mast_hiv/data/18_ML_trees/2708_trimmed_alns_HIV_2021_subset.fasta -m GTR+FO+R4+T -te /maps/projects/racimolab/people/fnl270/GitHub/mast_hiv/data/tree_subsets/modeltrees_final_7.newick --prefix /maps/projects/racimolab/people/fnl270/GitHub/mast_hiv/output/mast_model_7/mast_model_final_7 -nt 2 -wspmr -wslmr -redo
Seed:    242444 (Using SPRNG - Scalable Parallel Random Number Generator)
Time:    Mon Sep  8 09:24:07 2025
Kernel:  AVX+FMA - 2 threads (96 CPU cores detected)

Reading alignment file /maps/projects/racimolab/people/fnl270/GitHub/mast_hiv/data/18_ML_trees/2708_trimmed_alns_HIV_2021_subset.fasta ... Fasta format detected
Reading fasta file: done in 0.00652179 secs using 94.27% CPU
Alignment most likely contains DNA/RNA sequences
Alignment has 37 sequences with 8941 columns, 3524 distinct patterns
3080 parsimony-informative, 1063 singleton sites, 4798 constant sites
                                Gap/Ambiguity  Composition  p-value
Analyzing sequences: done in 0.000668779 secs using 238.5% CPU
   1  B.FR.83.HXBLAI_IIIB_BRU.K03455    0.70%    passed     19.65%
   2  A                                 0.15%    passed     89.42%
   3  A1                                2.13%    passed     95.95%
   4  A2                                0.48%    passed     99.90%
   5  A3                                2.14%    passed     63.50%
   6  A6                                0.74%    passed     55.87%
   7  B                                 1.54%    passed     84.96%
   8  C                                 0.82%    passed     99.85%
   9  D                                 2.30%    passed     81.94%
  10  F1                                1.63%    passed     79.98%
  11  F2                                1.90%    passed     83.58%
  12  G                                 0.72%    passed     96.00%
  13  H                                 0.59%    passed     95.29%
  14  J                                 0.74%    passed     82.00%
  15  K                                 4.21%    passed     27.59%
  16  L                                 1.02%    passed     93.46%
  17  AE                                2.18%    passed     91.20%
  18  AG                                2.76%    passed     96.74%
  19  cpx                               0.65%    passed     75.48%
  20  DF                                0.73%    passed     93.16%
  21  BC                                1.01%    passed     89.00%
  22  CD                                0.66%    passed     99.15%
  23  BF                                0.85%    passed     34.38%
  24  BG                                1.45%    passed     96.00%
  25  01B                               1.67%    passed     91.56%
  26  A2D                               2.02%    passed     53.74%
  27  01A1                              2.65%    passed     55.15%
  28  A5U                               0.46%    passed     76.20%
  29  AD                                2.99%    passed     95.07%
  30  BF1                               1.96%    passed     80.75%
  31  02G                               1.21%    passed     98.74%
  32  A1D                               0.89%    passed     82.33%
  33  02A                               1.55%    passed     28.34%
  34  C2U                               0.43%    passed     98.79%
  35  02B                               3.53%    passed     98.05%
  36  01C                               0.82%    passed     97.29%
  37  CPZ                               1.97%    failed      0.00%
****  TOTAL                             1.47%  1 sequences failed composition chi2 test (p-value<5%; df=3)
Tree-mixture model
Number of input trees: 7
Minimum branch length is set to 0.0000010








Linked substitution model:
   GTR+FO

Linked RHS model:
   R4


NOTE: 118 MB RAM (0 GB) is required!
According to the parsimony scores along the sites, the tree weights are initialized to:
0.1382822,0.1154124,0.1307907,0.1707907,0.1466735,0.2014724,0.0965781
Estimate model parameters (epsilon = 0.00100)
1. Initial log-likelihood: -91045.95374
2. Current log-likelihood: -84328.26722
3. Current log-likelihood: -84299.92888
4. Current log-likelihood: -84291.66746
5. Current log-likelihood: -84286.74141
6. Current log-likelihood: -84283.23693
7. Current log-likelihood: -84281.73968
8. Current log-likelihood: -84280.56809
9. Current log-likelihood: -84279.51649
10. Current log-likelihood: -84278.64398
11. Current log-likelihood: -84277.89359
12. Current log-likelihood: -84277.21758
13. Current log-likelihood: -84276.63403
14. Current log-likelihood: -84276.12292
15. Current log-likelihood: -84275.69066
16. Current log-likelihood: -84275.30738
17. Current log-likelihood: -84274.94485
18. Current log-likelihood: -84274.65878
19. Current log-likelihood: -84274.40421
20. Current log-likelihood: -84274.17104
21. Current log-likelihood: -84273.97538
22. Current log-likelihood: -84273.79733
23. Current log-likelihood: -84273.64705
24. Current log-likelihood: -84273.50973
25. Current log-likelihood: -84273.38621
26. Current log-likelihood: -84273.28136
27. Current log-likelihood: -84273.18402
28. Current log-likelihood: -84273.10556
29. Current log-likelihood: -84273.02827
30. Current log-likelihood: -84272.96355
31. Current log-likelihood: -84272.90841
32. Current log-likelihood: -84272.85993
33. Current log-likelihood: -84272.81699
34. Current log-likelihood: -84272.77058
35. Current log-likelihood: -84272.73723
36. Current log-likelihood: -84272.70761
37. Current log-likelihood: -84272.67952
38. Current log-likelihood: -84272.65629
39. Current log-likelihood: -84272.63515
40. Current log-likelihood: -84272.61642
41. Current log-likelihood: -84272.59932
42. Current log-likelihood: -84272.58439
43. Current log-likelihood: -84272.57110
44. Current log-likelihood: -84272.55903
45. Current log-likelihood: -84272.55036
46. Current log-likelihood: -84272.54040
47. Current log-likelihood: -84272.53224
48. Current log-likelihood: -84272.52495
49. Current log-likelihood: -84272.51945
50. Current log-likelihood: -84272.51118
51. Current log-likelihood: -84272.50672
52. Current log-likelihood: -84272.50260
53. Current log-likelihood: -84272.49894
54. Current log-likelihood: -84272.49562
55. Current log-likelihood: -84272.49255
56. Current log-likelihood: -84272.48977
57. Current log-likelihood: -84272.48717
58. Current log-likelihood: -84272.48482
59. Current log-likelihood: -84272.48270
60. Current log-likelihood: -84272.48074
61. Current log-likelihood: -84272.47892
62. Current log-likelihood: -84272.47712
63. Current log-likelihood: -84272.47547
64. Current log-likelihood: -84272.47401
65. Current log-likelihood: -84272.47272
66. Current log-likelihood: -84272.47151
67. Current log-likelihood: -84272.47040
68. Current log-likelihood: -84272.46936
69. Current log-likelihood: -84272.46834
70. Current log-likelihood: -84272.46714
71. Current log-likelihood: -84272.46628
Final estimation on weights:
0.18157,0.11628,0.07946,0.19753,0.09725,0.21070,0.11721
Wrote distance file to... 
BEST SCORE FOUND : -84272.46628
Site log-likelihoods per category printed to /maps/projects/racimolab/people/fnl270/GitHub/mast_hiv/output/mast_model_7/mast_model_final_7.sitelh
Site probabilities per category printed to /maps/projects/racimolab/people/fnl270/GitHub/mast_hiv/output/mast_model_7/mast_model_final_7.siteprob
Total tree lengths: 5.11773 11.10068 5.52199 1.90737 2.85038 2.54689 1.60100

Total number of iterations: 69
CPU time used for tree search: 0.00000 sec (0h:0m:0s)
Wall-clock time used for tree search: 0.00009 sec (0h:0m:0s)
Total CPU time used: 3920.90558 sec (1h:5m:20s)
Total wall-clock time used: 2134.44751 sec (0h:35m:34s)

Analysis results written to: 
  IQ-TREE report:                /maps/projects/racimolab/people/fnl270/GitHub/mast_hiv/output/mast_model_7/mast_model_final_7.iqtree
  Maximum-likelihood tree:       /maps/projects/racimolab/people/fnl270/GitHub/mast_hiv/output/mast_model_7/mast_model_final_7.treefile
  Site log-likelihoods:          /maps/projects/racimolab/people/fnl270/GitHub/mast_hiv/output/mast_model_7/mast_model_final_7.sitelh
  Site probability per rate/mix: /maps/projects/racimolab/people/fnl270/GitHub/mast_hiv/output/mast_model_7/mast_model_final_7.siteprob
  Screen log file:               /maps/projects/racimolab/people/fnl270/GitHub/mast_hiv/output/mast_model_7/mast_model_final_7.log

Date and Time: Mon Sep  8 09:59:41 2025
