IQ-TREE version 3.0.1 for MacOS ARM 64-bit built Jun 30 2025
Developed by Bui Quang Minh, Thomas Wong, Nhan Ly-Trong, Huaiyan Ren
Contributed by Lam-Tung Nguyen, Dominik Schrempf, Chris Bielow,
Olga Chernomor, Michael Woodhams, Diep Thi Hoang, Heiko Schmidt

Host:    SUN1032320 (SSE4.2, 36 GB RAM)
Command: iqtree3 -s aln_segment_2921_to_3451.fasta -m MFP -B 1000 -T 4 -pre aln_segment_2921_to_3451
Seed:    509936 (Using SPRNG - Scalable Parallel Random Number Generator)
Time:    Wed Jan 21 15:36:43 2026
Kernel:  SSE2 - 4 threads (14 CPU cores detected)

Reading alignment file aln_segment_2921_to_3451.fasta ... Fasta format detected
Reading fasta file: done in 0.000185966 secs using 85.5% CPU
Alignment most likely contains DNA/RNA sequences
Constructing alignment: done in 0.000208855 secs using 64.64% CPU
Alignment has 37 sequences with 531 columns, 210 distinct patterns
166 parsimony-informative, 54 singleton sites, 311 constant sites
                                Gap/Ambiguity  Composition  p-value
Analyzing sequences: done in 1.62125e-05 secs using 92.52% CPU
   1  B.FR.83.HXBLAI_IIIB_BRU.K03455    0.00%    passed     92.40%
   2  A                                 0.00%    passed     98.65%
   3  A1                                0.00%    passed     95.07%
   4  A2                                0.00%    passed     86.15%
   5  A3                                0.00%    passed     94.25%
   6  A6                                0.00%    passed     88.52%
   7  B                                 0.00%    passed     94.64%
   8  C                                 0.00%    passed     97.01%
   9  D                                 0.00%    passed     85.24%
  10  F1                                0.00%    passed     99.37%
  11  F2                                0.00%    passed     97.31%
  12  G                                 0.00%    passed     97.81%
  13  H                                 0.00%    passed     99.98%
  14  J                                 0.00%    passed     93.74%
  15  K                                 0.00%    passed     99.86%
  16  L                                 0.00%    passed     99.32%
  17  AE                                0.00%    passed     84.85%
  18  AG                                0.00%    passed     97.93%
  19  cpx                               0.00%    passed     98.19%
  20  DF                                0.00%    passed     93.76%
  21  BC                                0.00%    passed     98.14%
  22  CD                                0.00%    passed     91.41%
  23  BF                                0.00%    passed     97.78%
  24  BG                                0.00%    passed     86.11%
  25  01B                               0.00%    passed     90.31%
  26  A2D                               0.00%    passed     71.92%
  27  01A1                              0.00%    passed     93.36%
  28  A5U                               0.00%    passed     92.79%
  29  AD                                0.00%    passed     95.50%
  30  BF1                               0.00%    passed     98.39%
  31  02G                               0.00%    passed     94.62%
  32  A1D                               0.00%    passed     92.74%
  33  02A                               0.00%    passed     95.27%
  34  C2U                               0.00%    passed     95.40%
  35  02B                               0.00%    passed     87.94%
  36  01C                               0.00%    passed     95.88%
  37  CPZ                               0.00%    failed      2.83%
****  TOTAL                             0.00%  1 sequences failed composition chi2 test (p-value<5%; df=3)
Checking for duplicate sequences: done in 3.50475e-05 secs using 74.18% CPU


Create initial parsimony tree by phylogenetic likelihood library (PLL)... 0.001 seconds
WARNING: Number of threads seems too high for short alignments. Use -T AUTO to determine best number of threads.
Perform fast likelihood tree search using GTR+I+G model...
Estimate model parameters (epsilon = 5.000)
Perform nearest neighbor interchange...
Estimate model parameters (epsilon = 1.000)
1. Initial log-likelihood: -4067.538
Optimal log-likelihood: -4067.131
Rate parameters:  A-C: 3.46924  A-G: 19.50333  A-T: 2.15504  C-G: 1.99403  C-T: 15.98552  G-T: 1.00000
Base frequencies:  A: 0.416  C: 0.170  G: 0.214  T: 0.200
Proportion of invariable sites: 0.319
Gamma shape alpha: 0.536
Parameters optimization took 1 rounds (0.012 sec)
Time for fast ML tree search: 0.107 seconds

NOTE: ModelFinder requires 3 MB RAM!
ModelFinder will test up to 968 DNA models (sample size: 531 epsilon: 0.100) ...
 No. Model         -LnL         df  AIC          AICc         BIC
WARNING: Number of threads seems too high for short alignments. Use -T AUTO to determine best number of threads.
  1  JC            4848.253     71  9838.507     9860.781     10142.015
WARNING: Number of threads seems too high for short alignments. Use -T AUTO to determine best number of threads.
  2  JC+I          4514.242     72  9172.485     9195.437     9480.268
WARNING: Number of threads seems too high for short alignments. Use -T AUTO to determine best number of threads.
  3  JC+G4         4469.415     72  9082.829     9105.781     9390.612
WARNING: Number of threads seems too high for short alignments. Use -T AUTO to determine best number of threads.
  4  JC+I+G4       4466.766     73  9079.532     9103.173     9391.589
WARNING: Number of threads seems too high for short alignments. Use -T AUTO to determine best number of threads.
  5  JC+R2         4474.235     73  9094.469     9118.110     9406.527
WARNING: Number of threads seems too high for short alignments. Use -T AUTO to determine best number of threads.
  6  JC+R3         4463.020     75  9076.040     9101.095     9396.647
WARNING: Number of threads seems too high for short alignments. Use -T AUTO to determine best number of threads.
  7  JC+R4         4462.184     77  9078.368     9104.885     9407.525
WARNING: Number of threads seems too high for short alignments. Use -T AUTO to determine best number of threads.
 14  JC+I+R2       4468.035     74  9084.070     9108.412     9400.402
WARNING: Number of threads seems too high for short alignments. Use -T AUTO to determine best number of threads.
 15  JC+I+R3       4461.912     76  9075.825     9101.604     9400.706
 25  JC+G4         4469.415     72  9082.829     9105.781     9390.612
 26  JC+I+G4       4466.766     73  9079.532     9103.173     9391.589
 28  JC+R3         4463.020     75  9076.040     9101.095     9396.647
 36  JC+I+R2       4468.035     74  9084.070     9108.412     9400.402
WARNING: Number of threads seems too high for short alignments. Use -T AUTO to determine best number of threads.
 47  F81+G4        4469.415     72  9082.830     9105.782     9390.613
WARNING: Number of threads seems too high for short alignments. Use -T AUTO to determine best number of threads.
 48  F81+I+G4      4466.668     73  9079.337     9102.978     9391.395
WARNING: Number of threads seems too high for short alignments. Use -T AUTO to determine best number of threads.
 50  F81+R3        4462.867     75  9075.735     9100.790     9396.342
WARNING: Number of threads seems too high for short alignments. Use -T AUTO to determine best number of threads.
 58  F81+I+R2      4467.888     74  9083.777     9108.119     9400.109
WARNING: Number of threads seems too high for short alignments. Use -T AUTO to determine best number of threads.
 69  F81+F+G4      4362.728     75  8875.455     8900.510     9196.062
WARNING: Number of threads seems too high for short alignments. Use -T AUTO to determine best number of threads.
 70  F81+F+I+G4    4356.401     76  8864.803     8890.582     9189.684
WARNING: Number of threads seems too high for short alignments. Use -T AUTO to determine best number of threads.
 72  F81+F+R3      4352.053     78  8860.106     8887.372     9193.538
WARNING: Number of threads seems too high for short alignments. Use -T AUTO to determine best number of threads.
 80  F81+F+I+R2    4359.214     77  8872.429     8898.945     9201.585
WARNING: Number of threads seems too high for short alignments. Use -T AUTO to determine best number of threads.
 91  K2P+G4        4170.743     73  8487.486     8511.127     8799.543
WARNING: Number of threads seems too high for short alignments. Use -T AUTO to determine best number of threads.
 92  K2P+I+G4      4165.552     74  8479.103     8503.446     8795.436
WARNING: Number of threads seems too high for short alignments. Use -T AUTO to determine best number of threads.
 94  K2P+R3        4159.983     76  8471.966     8497.746     8796.848
WARNING: Number of threads seems too high for short alignments. Use -T AUTO to determine best number of threads.
102  K2P+I+R2      4168.345     75  8486.690     8511.745     8807.297
113  K2P+G4        4170.743     73  8487.486     8511.127     8799.543
114  K2P+I+G4      4165.552     74  8479.103     8503.446     8795.436
116  K2P+R3        4159.983     76  8471.966     8497.746     8796.848
124  K2P+I+R2      4168.345     75  8486.690     8511.745     8807.297
WARNING: Number of threads seems too high for short alignments. Use -T AUTO to determine best number of threads.
135  HKY+G4        4170.743     73  8487.485     8511.126     8799.543
WARNING: Number of threads seems too high for short alignments. Use -T AUTO to determine best number of threads.
136  HKY+I+G4      4165.485     74  8478.970     8503.312     8795.302
WARNING: Number of threads seems too high for short alignments. Use -T AUTO to determine best number of threads.
138  HKY+R3        4159.979     76  8471.958     8497.737     8796.840
WARNING: Number of threads seems too high for short alignments. Use -T AUTO to determine best number of threads.
146  HKY+I+R2      4168.278     75  8486.555     8511.610     8807.162
WARNING: Number of threads seems too high for short alignments. Use -T AUTO to determine best number of threads.
157  HKY+F+G4      4081.888     76  8315.776     8341.556     8640.658
WARNING: Number of threads seems too high for short alignments. Use -T AUTO to determine best number of threads.
158  HKY+F+I+G4    4072.516     77  8299.033     8325.549     8628.189
WARNING: Number of threads seems too high for short alignments. Use -T AUTO to determine best number of threads.
160  HKY+F+R3      4066.952     79  8291.903     8319.930     8629.609
WARNING: Number of threads seems too high for short alignments. Use -T AUTO to determine best number of threads.
168  HKY+F+I+R2    4075.924     78  8307.849     8335.114     8641.280
WARNING: Number of threads seems too high for short alignments. Use -T AUTO to determine best number of threads.
179  TNe+G4        4156.256     74  8460.512     8484.854     8776.844
WARNING: Number of threads seems too high for short alignments. Use -T AUTO to determine best number of threads.
180  TNe+I+G4      4150.381     75  8450.761     8475.816     8771.368
WARNING: Number of threads seems too high for short alignments. Use -T AUTO to determine best number of threads.
182  TNe+R3        4147.288     77  8448.577     8475.093     8777.733
WARNING: Number of threads seems too high for short alignments. Use -T AUTO to determine best number of threads.
190  TNe+I+R2      4153.667     76  8459.334     8485.114     8784.216
201  TNe+G4        4156.256     74  8460.512     8484.854     8776.844
202  TNe+I+G4      4150.381     75  8450.761     8475.816     8771.368
204  TNe+R3        4147.288     77  8448.577     8475.093     8777.733
212  TNe+I+R2      4153.667     76  8459.334     8485.114     8784.216
WARNING: Number of threads seems too high for short alignments. Use -T AUTO to determine best number of threads.
223  TN+G4         4156.255     74  8460.511     8484.853     8776.843
WARNING: Number of threads seems too high for short alignments. Use -T AUTO to determine best number of threads.
224  TN+I+G4       4150.330     75  8450.660     8475.715     8771.268
WARNING: Number of threads seems too high for short alignments. Use -T AUTO to determine best number of threads.
226  TN+R3         4147.241     77  8448.482     8474.999     8777.639
WARNING: Number of threads seems too high for short alignments. Use -T AUTO to determine best number of threads.
234  TN+I+R2       4153.561     76  8459.122     8484.901     8784.004
WARNING: Number of threads seems too high for short alignments. Use -T AUTO to determine best number of threads.
245  TN+F+G4       4081.149     77  8316.298     8342.815     8645.455
WARNING: Number of threads seems too high for short alignments. Use -T AUTO to determine best number of threads.
246  TN+F+I+G4     4071.019     78  8298.038     8325.304     8631.469
WARNING: Number of threads seems too high for short alignments. Use -T AUTO to determine best number of threads.
248  TN+F+R3       4066.623     80  8293.245     8322.045     8635.226
WARNING: Number of threads seems too high for short alignments. Use -T AUTO to determine best number of threads.
256  TN+F+I+R2     4074.595     79  8307.190     8335.216     8644.896
WARNING: Number of threads seems too high for short alignments. Use -T AUTO to determine best number of threads.
267  K3P+G4        4170.426     74  8488.853     8513.195     8805.185
WARNING: Number of threads seems too high for short alignments. Use -T AUTO to determine best number of threads.
268  K3P+I+G4      4165.171     75  8480.342     8505.397     8800.949
WARNING: Number of threads seems too high for short alignments. Use -T AUTO to determine best number of threads.
270  K3P+R3        4159.779     77  8473.558     8500.075     8802.715
WARNING: Number of threads seems too high for short alignments. Use -T AUTO to determine best number of threads.
278  K3P+I+R2      4167.950     76  8487.899     8513.679     8812.781
289  K3P+G4        4170.426     74  8488.853     8513.195     8805.185
290  K3P+I+G4      4165.171     75  8480.342     8505.397     8800.949
292  K3P+R3        4159.779     77  8473.558     8500.075     8802.715
300  K3P+I+R2      4167.950     76  8487.899     8513.679     8812.781
WARNING: Number of threads seems too high for short alignments. Use -T AUTO to determine best number of threads.
311  K3Pu+G4       4170.426     74  8488.852     8513.194     8805.185
WARNING: Number of threads seems too high for short alignments. Use -T AUTO to determine best number of threads.
312  K3Pu+I+G4     4165.160     75  8480.320     8505.375     8800.927
WARNING: Number of threads seems too high for short alignments. Use -T AUTO to determine best number of threads.
314  K3Pu+R3       4159.779     77  8473.558     8500.075     8802.715
WARNING: Number of threads seems too high for short alignments. Use -T AUTO to determine best number of threads.
322  K3Pu+I+R2     4167.935     76  8487.869     8513.649     8812.751
WARNING: Number of threads seems too high for short alignments. Use -T AUTO to determine best number of threads.
333  K3Pu+F+G4     4080.982     77  8315.963     8342.480     8645.120
WARNING: Number of threads seems too high for short alignments. Use -T AUTO to determine best number of threads.
334  K3Pu+F+I+G4   4071.748     78  8299.495     8326.761     8632.927
WARNING: Number of threads seems too high for short alignments. Use -T AUTO to determine best number of threads.
336  K3Pu+F+R3     4066.757     80  8293.514     8322.314     8635.495
WARNING: Number of threads seems too high for short alignments. Use -T AUTO to determine best number of threads.
344  K3Pu+F+I+R2   4075.170     79  8308.340     8336.367     8646.046
WARNING: Number of threads seems too high for short alignments. Use -T AUTO to determine best number of threads.
355  TPM2+G4       4155.858     74  8459.716     8484.058     8776.049
WARNING: Number of threads seems too high for short alignments. Use -T AUTO to determine best number of threads.
356  TPM2+I+G4     4151.087     75  8452.174     8477.229     8772.781
WARNING: Number of threads seems too high for short alignments. Use -T AUTO to determine best number of threads.
358  TPM2+R3       4147.553     77  8449.106     8475.622     8778.263
WARNING: Number of threads seems too high for short alignments. Use -T AUTO to determine best number of threads.
366  TPM2+I+R2     4153.676     76  8459.353     8485.132     8784.235
377  TPM2+G4       4155.858     74  8459.716     8484.058     8776.049
378  TPM2+I+G4     4151.087     75  8452.174     8477.229     8772.781
380  TPM2+R3       4147.553     77  8449.106     8475.622     8778.263
388  TPM2+I+R2     4153.676     76  8459.353     8485.132     8784.235
WARNING: Number of threads seems too high for short alignments. Use -T AUTO to determine best number of threads.
399  TPM2u+G4      4155.858     74  8459.715     8484.058     8776.048
WARNING: Number of threads seems too high for short alignments. Use -T AUTO to determine best number of threads.
400  TPM2u+I+G4    4151.058     75  8452.116     8477.171     8772.723
WARNING: Number of threads seems too high for short alignments. Use -T AUTO to determine best number of threads.
402  TPM2u+R3      4147.511     77  8449.021     8475.538     8778.178
WARNING: Number of threads seems too high for short alignments. Use -T AUTO to determine best number of threads.
410  TPM2u+I+R2    4153.631     76  8459.263     8485.042     8784.145
WARNING: Number of threads seems too high for short alignments. Use -T AUTO to determine best number of threads.
421  TPM2u+F+G4    4077.362     77  8308.724     8335.240     8637.880
WARNING: Number of threads seems too high for short alignments. Use -T AUTO to determine best number of threads.
422  TPM2u+F+I+G4  4068.876     78  8293.753     8321.018     8627.184
WARNING: Number of threads seems too high for short alignments. Use -T AUTO to determine best number of threads.
424  TPM2u+F+R3    4063.383     80  8286.767     8315.567     8628.748
WARNING: Number of threads seems too high for short alignments. Use -T AUTO to determine best number of threads.
432  TPM2u+F+I+R2  4072.098     79  8302.196     8330.222     8639.902
WARNING: Number of threads seems too high for short alignments. Use -T AUTO to determine best number of threads.
443  TPM3+G4       4168.422     74  8484.843     8509.185     8801.176
WARNING: Number of threads seems too high for short alignments. Use -T AUTO to determine best number of threads.
444  TPM3+I+G4     4163.427     75  8476.854     8501.909     8797.462
WARNING: Number of threads seems too high for short alignments. Use -T AUTO to determine best number of threads.
446  TPM3+R3       4157.742     77  8469.485     8496.001     8798.641
WARNING: Number of threads seems too high for short alignments. Use -T AUTO to determine best number of threads.
454  TPM3+I+R2     4166.271     76  8484.542     8510.322     8809.424
465  TPM3+G4       4168.422     74  8484.843     8509.185     8801.176
466  TPM3+I+G4     4163.427     75  8476.854     8501.909     8797.462
468  TPM3+R3       4157.742     77  8469.485     8496.001     8798.641
476  TPM3+I+R2     4166.271     76  8484.542     8510.322     8809.424
WARNING: Number of threads seems too high for short alignments. Use -T AUTO to determine best number of threads.
487  TPM3u+G4      4168.421     74  8484.842     8509.184     8801.174
WARNING: Number of threads seems too high for short alignments. Use -T AUTO to determine best number of threads.
488  TPM3u+I+G4    4163.417     75  8476.835     8501.890     8797.442
WARNING: Number of threads seems too high for short alignments. Use -T AUTO to determine best number of threads.
490  TPM3u+R3      4157.742     77  8469.484     8496.001     8798.641
WARNING: Number of threads seems too high for short alignments. Use -T AUTO to determine best number of threads.
498  TPM3u+I+R2    4166.247     76  8484.494     8510.273     8809.376
WARNING: Number of threads seems too high for short alignments. Use -T AUTO to determine best number of threads.
509  TPM3u+F+G4    4077.599     77  8309.198     8335.714     8638.354
WARNING: Number of threads seems too high for short alignments. Use -T AUTO to determine best number of threads.
510  TPM3u+F+I+G4  4068.543     78  8293.086     8320.352     8626.518
WARNING: Number of threads seems too high for short alignments. Use -T AUTO to determine best number of threads.
512  TPM3u+F+R3    4063.096     80  8286.192     8314.992     8628.173
WARNING: Number of threads seems too high for short alignments. Use -T AUTO to determine best number of threads.
520  TPM3u+F+I+R2  4072.158     79  8302.317     8330.343     8640.023
WARNING: Number of threads seems too high for short alignments. Use -T AUTO to determine best number of threads.
531  TIMe+G4       4155.922     75  8461.844     8486.899     8782.451
WARNING: Number of threads seems too high for short alignments. Use -T AUTO to determine best number of threads.
532  TIMe+I+G4     4150.009     76  8452.019     8477.799     8776.901
WARNING: Number of threads seems too high for short alignments. Use -T AUTO to determine best number of threads.
534  TIMe+R3       4147.059     78  8450.117     8477.383     8783.549
WARNING: Number of threads seems too high for short alignments. Use -T AUTO to determine best number of threads.
542  TIMe+I+R2     4153.283     77  8460.566     8487.082     8789.722
553  TIMe+G4       4155.922     75  8461.844     8486.899     8782.451
554  TIMe+I+G4     4150.009     76  8452.019     8477.799     8776.901
556  TIMe+R3       4147.059     78  8450.117     8477.383     8783.549
564  TIMe+I+R2     4153.283     77  8460.566     8487.082     8789.722
WARNING: Number of threads seems too high for short alignments. Use -T AUTO to determine best number of threads.
575  TIM+G4        4155.921     75  8461.843     8486.898     8782.450
WARNING: Number of threads seems too high for short alignments. Use -T AUTO to determine best number of threads.
576  TIM+I+G4      4150.010     76  8452.020     8477.800     8776.902
WARNING: Number of threads seems too high for short alignments. Use -T AUTO to determine best number of threads.
578  TIM+R3        4147.021     78  8450.042     8477.308     8783.474
WARNING: Number of threads seems too high for short alignments. Use -T AUTO to determine best number of threads.
586  TIM+I+R2      4153.211     77  8460.423     8486.940     8789.580
WARNING: Number of threads seems too high for short alignments. Use -T AUTO to determine best number of threads.
597  TIM+F+G4      4080.230     78  8316.461     8343.726     8649.892
WARNING: Number of threads seems too high for short alignments. Use -T AUTO to determine best number of threads.
598  TIM+F+I+G4    4070.224     79  8298.448     8326.474     8636.154
WARNING: Number of threads seems too high for short alignments. Use -T AUTO to determine best number of threads.
600  TIM+F+R3      4066.108     81  8294.216     8323.802     8640.472
WARNING: Number of threads seems too high for short alignments. Use -T AUTO to determine best number of threads.
608  TIM+F+I+R2    4073.822     80  8307.644     8336.444     8649.625
WARNING: Number of threads seems too high for short alignments. Use -T AUTO to determine best number of threads.
619  TIM2e+G4      4139.531     75  8429.061     8454.116     8749.669
WARNING: Number of threads seems too high for short alignments. Use -T AUTO to determine best number of threads.
620  TIM2e+I+G4    4134.557     76  8421.115     8446.894     8745.996
WARNING: Number of threads seems too high for short alignments. Use -T AUTO to determine best number of threads.
622  TIM2e+R3      4133.515     78  8423.031     8450.296     8756.462
WARNING: Number of threads seems too high for short alignments. Use -T AUTO to determine best number of threads.
630  TIM2e+I+R2    4137.508     77  8429.016     8455.533     8758.173
641  TIM2e+G4      4139.531     75  8429.061     8454.116     8749.669
642  TIM2e+I+G4    4134.557     76  8421.115     8446.894     8745.996
644  TIM2e+R3      4133.515     78  8423.031     8450.296     8756.462
652  TIM2e+I+R2    4137.508     77  8429.016     8455.533     8758.173
WARNING: Number of threads seems too high for short alignments. Use -T AUTO to determine best number of threads.
663  TIM2+G4       4139.531     75  8429.063     8454.118     8749.670
WARNING: Number of threads seems too high for short alignments. Use -T AUTO to determine best number of threads.
664  TIM2+I+G4     4134.486     76  8420.972     8446.751     8745.854
WARNING: Number of threads seems too high for short alignments. Use -T AUTO to determine best number of threads.
666  TIM2+R3       4133.438     78  8422.876     8450.142     8756.308
WARNING: Number of threads seems too high for short alignments. Use -T AUTO to determine best number of threads.
674  TIM2+I+R2     4137.417     77  8428.834     8455.350     8757.990
WARNING: Number of threads seems too high for short alignments. Use -T AUTO to determine best number of threads.
685  TIM2+F+G4     4076.628     78  8309.257     8336.522     8642.688
WARNING: Number of threads seems too high for short alignments. Use -T AUTO to determine best number of threads.
686  TIM2+F+I+G4   4067.528     79  8293.056     8321.082     8630.762
WARNING: Number of threads seems too high for short alignments. Use -T AUTO to determine best number of threads.
688  TIM2+F+R3     4063.074     81  8288.148     8317.734     8634.404
WARNING: Number of threads seems too high for short alignments. Use -T AUTO to determine best number of threads.
696  TIM2+F+I+R2   4070.835     80  8301.669     8330.469     8643.650
WARNING: Number of threads seems too high for short alignments. Use -T AUTO to determine best number of threads.
707  TIM3e+G4      4153.825     75  8457.650     8482.705     8778.257
WARNING: Number of threads seems too high for short alignments. Use -T AUTO to determine best number of threads.
708  TIM3e+I+G4    4148.085     76  8448.170     8473.950     8773.052
WARNING: Number of threads seems too high for short alignments. Use -T AUTO to determine best number of threads.
710  TIM3e+R3      4145.244     78  8446.489     8473.754     8779.920
WARNING: Number of threads seems too high for short alignments. Use -T AUTO to determine best number of threads.
718  TIM3e+I+R2    4151.349     77  8456.697     8483.214     8785.854
729  TIM3e+G4      4153.825     75  8457.650     8482.705     8778.257
730  TIM3e+I+G4    4148.085     76  8448.170     8473.950     8773.052
732  TIM3e+R3      4145.244     78  8446.489     8473.754     8779.920
740  TIM3e+I+R2    4151.349     77  8456.697     8483.214     8785.854
WARNING: Number of threads seems too high for short alignments. Use -T AUTO to determine best number of threads.
751  TIM3+G4       4153.825     75  8457.649     8482.704     8778.257
WARNING: Number of threads seems too high for short alignments. Use -T AUTO to determine best number of threads.
752  TIM3+I+G4     4148.086     76  8448.171     8473.951     8773.053
WARNING: Number of threads seems too high for short alignments. Use -T AUTO to determine best number of threads.
754  TIM3+R3       4145.195     78  8446.391     8473.656     8779.822
WARNING: Number of threads seems too high for short alignments. Use -T AUTO to determine best number of threads.
762  TIM3+I+R2     4151.250     77  8456.501     8483.017     8785.657
WARNING: Number of threads seems too high for short alignments. Use -T AUTO to determine best number of threads.
773  TIM3+F+G4     4076.882     78  8309.764     8337.029     8643.195
WARNING: Number of threads seems too high for short alignments. Use -T AUTO to determine best number of threads.
774  TIM3+F+I+G4   4067.144     79  8292.288     8320.314     8629.994
WARNING: Number of threads seems too high for short alignments. Use -T AUTO to determine best number of threads.
776  TIM3+F+R3     4062.804     81  8287.608     8317.194     8633.864
WARNING: Number of threads seems too high for short alignments. Use -T AUTO to determine best number of threads.
784  TIM3+F+I+R2   4070.784     80  8301.568     8330.368     8643.549
WARNING: Number of threads seems too high for short alignments. Use -T AUTO to determine best number of threads.
795  TVMe+G4       4153.038     76  8458.075     8483.855     8782.957
WARNING: Number of threads seems too high for short alignments. Use -T AUTO to determine best number of threads.
796  TVMe+I+G4     4148.484     77  8450.969     8477.485     8780.125
WARNING: Number of threads seems too high for short alignments. Use -T AUTO to determine best number of threads.
798  TVMe+R3       4144.927     79  8447.853     8475.880     8785.560
WARNING: Number of threads seems too high for short alignments. Use -T AUTO to determine best number of threads.
806  TVMe+I+R2     4151.140     78  8458.280     8485.546     8791.712
817  TVMe+G4       4153.038     76  8458.075     8483.855     8782.957
818  TVMe+I+G4     4148.484     77  8450.969     8477.485     8780.125
820  TVMe+R3       4144.927     79  8447.853     8475.880     8785.560
828  TVMe+I+R2     4151.140     78  8458.280     8485.546     8791.712
WARNING: Number of threads seems too high for short alignments. Use -T AUTO to determine best number of threads.
839  TVM+G4        4153.037     76  8458.074     8483.854     8782.956
WARNING: Number of threads seems too high for short alignments. Use -T AUTO to determine best number of threads.
840  TVM+I+G4      4148.447     77  8450.895     8477.411     8780.051
WARNING: Number of threads seems too high for short alignments. Use -T AUTO to determine best number of threads.
842  TVM+R3        4144.869     79  8447.739     8475.766     8785.445
WARNING: Number of threads seems too high for short alignments. Use -T AUTO to determine best number of threads.
850  TVM+I+R2      4151.066     78  8458.132     8485.397     8791.563
WARNING: Number of threads seems too high for short alignments. Use -T AUTO to determine best number of threads.
861  TVM+F+G4      4073.052     79  8304.103     8332.130     8641.809
WARNING: Number of threads seems too high for short alignments. Use -T AUTO to determine best number of threads.
862  TVM+F+I+G4    4064.700     80  8289.399     8318.199     8631.380
WARNING: Number of threads seems too high for short alignments. Use -T AUTO to determine best number of threads.
864  TVM+F+R3      4058.901     82  8281.802     8312.186     8632.333
WARNING: Number of threads seems too high for short alignments. Use -T AUTO to determine best number of threads.
872  TVM+F+I+R2    4068.133     81  8298.266     8327.852     8644.522
WARNING: Number of threads seems too high for short alignments. Use -T AUTO to determine best number of threads.
883  SYM+G4        4136.558     77  8427.117     8453.633     8756.274
WARNING: Number of threads seems too high for short alignments. Use -T AUTO to determine best number of threads.
884  SYM+I+G4      4131.591     78  8419.182     8446.448     8752.614
WARNING: Number of threads seems too high for short alignments. Use -T AUTO to determine best number of threads.
886  SYM+R3        4130.623     80  8421.247     8450.047     8763.228
WARNING: Number of threads seems too high for short alignments. Use -T AUTO to determine best number of threads.
894  SYM+I+R2      4134.470     79  8426.939     8454.966     8764.646
905  SYM+G4        4136.558     77  8427.117     8453.633     8756.274
906  SYM+I+G4      4131.591     78  8419.182     8446.448     8752.614
908  SYM+R3        4130.623     80  8421.247     8450.047     8763.228
916  SYM+I+R2      4134.470     79  8426.939     8454.966     8764.646
WARNING: Number of threads seems too high for short alignments. Use -T AUTO to determine best number of threads.
927  GTR+G4        4136.558     77  8427.115     8453.632     8756.272
WARNING: Number of threads seems too high for short alignments. Use -T AUTO to determine best number of threads.
928  GTR+I+G4      4131.580     78  8419.159     8446.425     8752.590
WARNING: Number of threads seems too high for short alignments. Use -T AUTO to determine best number of threads.
930  GTR+R3        4130.589     80  8421.177     8449.977     8763.158
WARNING: Number of threads seems too high for short alignments. Use -T AUTO to determine best number of threads.
938  GTR+I+R2      4134.450     79  8426.899     8454.926     8764.605
WARNING: Number of threads seems too high for short alignments. Use -T AUTO to determine best number of threads.
949  GTR+F+G4      4072.340     80  8304.681     8333.481     8646.662
WARNING: Number of threads seems too high for short alignments. Use -T AUTO to determine best number of threads.
950  GTR+F+I+G4    4063.382     81  8288.765     8318.350     8635.020
WARNING: Number of threads seems too high for short alignments. Use -T AUTO to determine best number of threads.
952  GTR+F+R3      4058.637     83  8283.274     8314.469     8638.079
WARNING: Number of threads seems too high for short alignments. Use -T AUTO to determine best number of threads.
960  GTR+F+I+R2    4066.866     82  8297.732     8328.116     8648.263
Akaike Information Criterion:           TVM+F+R3
Corrected Akaike Information Criterion: TVM+F+R3
Bayesian Information Criterion:         TPM3u+F+I+G4
Best-fit model: TPM3u+F+I+G4 chosen according to BIC

All model information printed to aln_segment_2921_to_3451.model.gz
CPU time for ModelFinder: 5.738 seconds (0h:0m:5s)
Wall-clock time for ModelFinder: 5.026 seconds (0h:0m:5s)
Generating 1000 samples for ultrafast bootstrap (seed: 509936)...

NOTE: 1 MB RAM (0 GB) is required!
WARNING: Number of threads seems too high for short alignments. Use -T AUTO to determine best number of threads.
Estimate model parameters (epsilon = 0.100)
Thoroughly optimizing +I+G parameters from 10 start values...
Init pinv, alpha: 0.000, 1.115 / Estimate: 0.000, 0.256 / LogL: -4077.601
Init pinv, alpha: 0.065, 1.115 / Estimate: 0.074, 0.294 / LogL: -4076.671
Init pinv, alpha: 0.130, 1.115 / Estimate: 0.154, 0.347 / LogL: -4075.541
Init pinv, alpha: 0.195, 1.115 / Estimate: 0.232, 0.419 / LogL: -4074.182
Init pinv, alpha: 0.260, 1.115 / Estimate: 0.466, 1.006 / LogL: -4068.719
Init pinv, alpha: 0.325, 1.115 / Estimate: 0.466, 1.002 / LogL: -4068.728
Init pinv, alpha: 0.390, 1.115 / Estimate: 0.468, 1.018 / LogL: -4068.688
Init pinv, alpha: 0.456, 1.115 / Estimate: 0.472, 1.039 / LogL: -4068.631
Init pinv, alpha: 0.521, 1.115 / Estimate: 0.504, 1.281 / LogL: -4068.520
Init pinv, alpha: 0.586, 1.115 / Estimate: 0.504, 1.284 / LogL: -4068.526
Optimal pinv,alpha: 0.504, 1.281 / LogL: -4068.520

Parameters optimization took 0.461 sec
Wrote distance file to... 
Computing ML distances based on estimated model parameters...
Calculating distance matrix: done in 0.000505924 secs using 361.9% CPU
Computing ML distances took 0.000582 sec (of wall-clock time) 0.001875 sec (of CPU time)
Setting up auxiliary I and S matrices: done in 6.00815e-05 secs using 79.89% CPU
Constructing RapidNJ tree: done in 0.00143814 secs using 54.03% CPU
Computing RapidNJ tree took 0.001527 sec (of wall-clock time) 0.000836 sec (of CPU time)
Log-likelihood of RapidNJ tree: -4086.610
--------------------------------------------------------------------
|             INITIALIZING CANDIDATE TREE SET                      |
--------------------------------------------------------------------
Generating 98 parsimony trees... 0.088 second
Computing log-likelihood of 98 initial trees ... 0.366 seconds
Current best score: -4068.314

Do NNI search on 20 best initial trees
Estimate model parameters (epsilon = 0.100)
BETTER TREE FOUND at iteration 1: -4066.071
Estimate model parameters (epsilon = 0.100)
BETTER TREE FOUND at iteration 2: -4065.943
Iteration 10 / LogL: -4068.459 / Time: 0h:0m:6s
Iteration 20 / LogL: -4067.852 / Time: 0h:0m:7s
Finish initializing candidate tree set (14)
Current best tree score: -4065.943 / CPU time: 1.733
Number of iterations: 20
--------------------------------------------------------------------
|               OPTIMIZING CANDIDATE TREE SET                      |
--------------------------------------------------------------------
Estimate model parameters (epsilon = 0.100)
BETTER TREE FOUND at iteration 24: -4065.586
Iteration 30 / LogL: -4070.850 / Time: 0h:0m:8s (0h:0m:10s left)
Iteration 40 / LogL: -4066.623 / Time: 0h:0m:9s (0h:0m:9s left)
UPDATE BEST LOG-LIKELIHOOD: -4065.586
Iteration 50 / LogL: -4065.587 / Time: 0h:0m:10s (0h:0m:7s left)
Log-likelihood cutoff on original alignment: -4097.554
Iteration 60 / LogL: -4069.179 / Time: 0h:0m:11s (0h:0m:6s left)
UPDATE BEST LOG-LIKELIHOOD: -4065.586
Iteration 70 / LogL: -4065.972 / Time: 0h:0m:12s (0h:0m:5s left)
Iteration 80 / LogL: -4066.091 / Time: 0h:0m:13s (0h:0m:4s left)
Iteration 90 / LogL: -4066.266 / Time: 0h:0m:14s (0h:0m:3s left)
Iteration 100 / LogL: -4081.423 / Time: 0h:0m:15s (0h:0m:2s left)
Log-likelihood cutoff on original alignment: -4098.366
NOTE: Bootstrap correlation coefficient of split occurrence frequencies: 0.995
Iteration 110 / LogL: -4065.587 / Time: 0h:0m:16s (0h:0m:9s left)
Iteration 120 / LogL: -4066.270 / Time: 0h:0m:16s (0h:0m:7s left)
TREE SEARCH COMPLETED AFTER 125 ITERATIONS / Time: 0h:0m:17s

--------------------------------------------------------------------
|                    FINALIZING TREE SEARCH                        |
--------------------------------------------------------------------
Performs final model parameters optimization
Estimate model parameters (epsilon = 0.010)
1. Initial log-likelihood: -4065.586
Optimal log-likelihood: -4065.584
Rate parameters:  A-C: 1.73228  A-G: 10.86237  A-T: 1.00000  C-G: 1.73228  C-T: 10.86237  G-T: 1.00000
Base frequencies:  A: 0.416  C: 0.170  G: 0.214  T: 0.200
Proportion of invariable sites: 0.496
Gamma shape alpha: 1.212
Parameters optimization took 1 rounds (0.005 sec)
BEST SCORE FOUND : -4065.584
Creating bootstrap support values...
Split supports printed to NEXUS file aln_segment_2921_to_3451.splits.nex
Total tree length: 1.952

Total number of iterations: 125
CPU time used for tree search: 8.199 sec (0h:0m:8s)
Wall-clock time used for tree search: 11.869 sec (0h:0m:11s)
Total CPU time used: 14.568 sec (0h:0m:14s)
Total wall-clock time used: 17.426 sec (0h:0m:17s)

Computing bootstrap consensus tree...
Reading input file aln_segment_2921_to_3451.splits.nex...
37 taxa and 323 splits.
Consensus tree written to aln_segment_2921_to_3451.contree
Reading input trees file aln_segment_2921_to_3451.contree
Log-likelihood of consensus tree: -4065.585

Analysis results written to: 
  IQ-TREE report:                aln_segment_2921_to_3451.iqtree
  Maximum-likelihood tree:       aln_segment_2921_to_3451.treefile
  Likelihood distances:          aln_segment_2921_to_3451.mldist

Ultrafast bootstrap approximation results written to:
  Split support values:          aln_segment_2921_to_3451.splits.nex
  Consensus tree:                aln_segment_2921_to_3451.contree
  Screen log file:               aln_segment_2921_to_3451.log

Date and Time: Wed Jan 21 15:37:00 2026
