IQ-TREE version 3.0.1 for MacOS ARM 64-bit built Jun 30 2025
Developed by Bui Quang Minh, Thomas Wong, Nhan Ly-Trong, Huaiyan Ren
Contributed by Lam-Tung Nguyen, Dominik Schrempf, Chris Bielow,
Olga Chernomor, Michael Woodhams, Diep Thi Hoang, Heiko Schmidt

Host:    SUN1032320 (SSE4.2, 36 GB RAM)
Command: iqtree3 -s aln_segment_6638_to_7168.fasta -m MFP -B 1000 -T 4 -pre aln_segment_6638_to_7168
Seed:    390796 (Using SPRNG - Scalable Parallel Random Number Generator)
Time:    Wed Jan 21 15:38:33 2026
Kernel:  SSE2 - 4 threads (14 CPU cores detected)

Reading alignment file aln_segment_6638_to_7168.fasta ... Fasta format detected
Reading fasta file: done in 0.000349045 secs using 82.22% CPU
Alignment most likely contains DNA/RNA sequences
Constructing alignment: done in 0.000420094 secs using 43.8% CPU
Alignment has 37 sequences with 531 columns, 300 distinct patterns
248 parsimony-informative, 68 singleton sites, 215 constant sites
                                Gap/Ambiguity  Composition  p-value
Analyzing sequences: done in 3.71933e-05 secs using 104.9% CPU
   1  B.FR.83.HXBLAI_IIIB_BRU.K03455    1.69%    passed     89.03%
   2  A                                 0.00%    passed     98.96%
   3  A1                                0.00%    passed     94.38%
   4  A2                                0.00%    passed     93.13%
   5  A3                                0.56%    passed     50.29%
   6  A6                                0.00%    passed     84.48%
   7  B                                 0.00%    passed     88.21%
   8  C                                 0.00%    passed     59.98%
   9  D                                 0.56%    passed     98.37%
  10  F1                                0.00%    passed     96.19%
  11  F2                                0.56%    passed     97.59%
  12  G                                 0.00%    passed     91.11%
  13  H                                 0.00%    passed     77.51%
  14  J                                 0.00%    passed     93.22%
  15  K                                 0.56%    passed     77.21%
  16  L                                 0.00%    passed     98.04%
  17  AE                                0.00%    passed     83.98%
  18  AG                                0.00%    passed     92.32%
  19  cpx                               1.13%    passed     93.65%
  20  DF                                0.00%    passed     99.64%
  21  BC                                0.00%    passed     97.42%
  22  CD                                0.00%    passed     99.30%
  23  BF                                0.00%    passed     88.84%
  24  BG                                0.00%    passed     89.44%
  25  01B                               0.00%    passed     95.05%
  26  A2D                               0.56%    passed     66.87%
  27  01A1                              0.56%    passed     99.87%
  28  A5U                               0.00%    passed     68.38%
  29  AD                                0.56%    passed     91.18%
  30  BF1                               0.00%    passed     91.96%
  31  02G                               0.56%    passed     58.40%
  32  A1D                               0.00%    passed     93.20%
  33  02A                               0.00%    passed     48.36%
  34  C2U                               0.00%    passed     96.86%
  35  02B                               0.00%    passed     96.90%
  36  01C                               0.00%    passed     84.43%
  37  CPZ                               3.58%    failed      1.13%
****  TOTAL                             0.30%  1 sequences failed composition chi2 test (p-value<5%; df=3)
Checking for duplicate sequences: done in 4.69685e-05 secs using 76.65% CPU


Create initial parsimony tree by phylogenetic likelihood library (PLL)... 0.001 seconds
WARNING: Number of threads seems too high for short alignments. Use -T AUTO to determine best number of threads.
Perform fast likelihood tree search using GTR+I+G model...
Estimate model parameters (epsilon = 5.000)
Perform nearest neighbor interchange...
Estimate model parameters (epsilon = 1.000)
1. Initial log-likelihood: -6367.263
Optimal log-likelihood: -6366.409
Rate parameters:  A-C: 2.14925  A-G: 4.57928  A-T: 0.64965  C-G: 0.41744  C-T: 4.64998  G-T: 1.00000
Base frequencies:  A: 0.406  C: 0.174  G: 0.181  T: 0.239
Proportion of invariable sites: 0.236
Gamma shape alpha: 0.863
Parameters optimization took 1 rounds (0.011 sec)
Time for fast ML tree search: 0.096 seconds

NOTE: ModelFinder requires 4 MB RAM!
ModelFinder will test up to 968 DNA models (sample size: 531 epsilon: 0.100) ...
 No. Model         -LnL         df  AIC          AICc         BIC
WARNING: Number of threads seems too high for short alignments. Use -T AUTO to determine best number of threads.
  1  JC            7266.021     71  14674.043    14696.317    14977.551
WARNING: Number of threads seems too high for short alignments. Use -T AUTO to determine best number of threads.
  2  JC+I          6880.738     72  13905.476    13928.428    14213.259
WARNING: Number of threads seems too high for short alignments. Use -T AUTO to determine best number of threads.
  3  JC+G4         6766.295     72  13676.590    13699.542    13984.372
WARNING: Number of threads seems too high for short alignments. Use -T AUTO to determine best number of threads.
  4  JC+I+G4       6760.435     73  13666.870    13690.512    13978.928
WARNING: Number of threads seems too high for short alignments. Use -T AUTO to determine best number of threads.
  5  JC+R2         6787.498     73  13720.996    13744.638    14033.054
WARNING: Number of threads seems too high for short alignments. Use -T AUTO to determine best number of threads.
  6  JC+R3         6760.767     75  13671.535    13696.590    13992.142
WARNING: Number of threads seems too high for short alignments. Use -T AUTO to determine best number of threads.
  7  JC+R4         6760.669     77  13675.337    13701.854    14004.494
WARNING: Number of threads seems too high for short alignments. Use -T AUTO to determine best number of threads.
 14  JC+I+R2       6765.244     74  13678.487    13702.829    13994.820
WARNING: Number of threads seems too high for short alignments. Use -T AUTO to determine best number of threads.
 15  JC+I+R3       6759.366     76  13670.732    13696.511    13995.613
 25  JC+G4         6766.295     72  13676.590    13699.542    13984.372
 26  JC+I+G4       6760.435     73  13666.870    13690.512    13978.928
WARNING: Number of threads seems too high for short alignments. Use -T AUTO to determine best number of threads.
 47  F81+G4        6766.293     72  13676.585    13699.537    13984.368
WARNING: Number of threads seems too high for short alignments. Use -T AUTO to determine best number of threads.
 48  F81+I+G4      6760.388     73  13666.775    13690.416    13978.833
WARNING: Number of threads seems too high for short alignments. Use -T AUTO to determine best number of threads.
 69  F81+F+G4      6674.516     75  13499.032    13524.087    13819.639
WARNING: Number of threads seems too high for short alignments. Use -T AUTO to determine best number of threads.
 70  F81+F+I+G4    6663.985     76  13479.970    13505.750    13804.852
WARNING: Number of threads seems too high for short alignments. Use -T AUTO to determine best number of threads.
 91  K2P+G4        6542.135     73  13230.271    13253.912    13542.328
WARNING: Number of threads seems too high for short alignments. Use -T AUTO to determine best number of threads.
 92  K2P+I+G4      6535.121     74  13218.241    13242.583    13534.574
113  K2P+G4        6542.135     73  13230.271    13253.912    13542.328
114  K2P+I+G4      6535.121     74  13218.241    13242.583    13534.574
WARNING: Number of threads seems too high for short alignments. Use -T AUTO to determine best number of threads.
135  HKY+G4        6542.141     73  13230.281    13253.922    13542.339
WARNING: Number of threads seems too high for short alignments. Use -T AUTO to determine best number of threads.
136  HKY+I+G4      6535.099     74  13218.197    13242.540    13534.530
WARNING: Number of threads seems too high for short alignments. Use -T AUTO to determine best number of threads.
157  HKY+F+G4      6428.027     76  13008.055    13033.834    13332.937
WARNING: Number of threads seems too high for short alignments. Use -T AUTO to determine best number of threads.
158  HKY+F+I+G4    6411.397     77  12976.793    13003.310    13305.950
WARNING: Number of threads seems too high for short alignments. Use -T AUTO to determine best number of threads.
179  TNe+G4        6537.571     74  13223.142    13247.484    13539.474
WARNING: Number of threads seems too high for short alignments. Use -T AUTO to determine best number of threads.
180  TNe+I+G4      6531.233     75  13212.465    13237.520    13533.072
201  TNe+G4        6537.571     74  13223.142    13247.484    13539.474
202  TNe+I+G4      6531.233     75  13212.465    13237.520    13533.072
WARNING: Number of threads seems too high for short alignments. Use -T AUTO to determine best number of threads.
223  TN+G4         6537.569     74  13223.139    13247.481    13539.471
WARNING: Number of threads seems too high for short alignments. Use -T AUTO to determine best number of threads.
224  TN+I+G4       6531.151     75  13212.302    13237.357    13532.909
WARNING: Number of threads seems too high for short alignments. Use -T AUTO to determine best number of threads.
245  TN+F+G4       6428.024     77  13010.047    13036.564    13339.204
WARNING: Number of threads seems too high for short alignments. Use -T AUTO to determine best number of threads.
246  TN+F+I+G4     6411.324     78  12978.648    13005.913    13312.079
WARNING: Number of threads seems too high for short alignments. Use -T AUTO to determine best number of threads.
267  K3P+G4        6515.424     74  13178.848    13203.190    13495.181
WARNING: Number of threads seems too high for short alignments. Use -T AUTO to determine best number of threads.
268  K3P+I+G4      6508.498     75  13166.995    13192.050    13487.603
289  K3P+G4        6515.424     74  13178.848    13203.190    13495.181
290  K3P+I+G4      6508.498     75  13166.995    13192.050    13487.603
WARNING: Number of threads seems too high for short alignments. Use -T AUTO to determine best number of threads.
311  K3Pu+G4       6515.431     74  13178.863    13203.205    13495.195
WARNING: Number of threads seems too high for short alignments. Use -T AUTO to determine best number of threads.
312  K3Pu+I+G4     6508.492     75  13166.984    13192.039    13487.591
WARNING: Number of threads seems too high for short alignments. Use -T AUTO to determine best number of threads.
333  K3Pu+F+G4     6393.310     77  12940.620    12967.137    13269.777
WARNING: Number of threads seems too high for short alignments. Use -T AUTO to determine best number of threads.
334  K3Pu+F+I+G4   6375.126     78  12906.252    12933.517    13239.683
WARNING: Number of threads seems too high for short alignments. Use -T AUTO to determine best number of threads.
355  TPM2+G4       6496.688     74  13141.376    13165.718    13457.708
WARNING: Number of threads seems too high for short alignments. Use -T AUTO to determine best number of threads.
356  TPM2+I+G4     6492.910     75  13135.821    13160.876    13456.428
377  TPM2+G4       6496.688     74  13141.376    13165.718    13457.708
378  TPM2+I+G4     6492.910     75  13135.821    13160.876    13456.428
WARNING: Number of threads seems too high for short alignments. Use -T AUTO to determine best number of threads.
399  TPM2u+G4      6496.689     74  13141.379    13165.721    13457.711
WARNING: Number of threads seems too high for short alignments. Use -T AUTO to determine best number of threads.
400  TPM2u+I+G4    6492.895     75  13135.789    13160.844    13456.397
WARNING: Number of threads seems too high for short alignments. Use -T AUTO to determine best number of threads.
421  TPM2u+F+G4    6419.075     77  12992.150    13018.666    13321.306
WARNING: Number of threads seems too high for short alignments. Use -T AUTO to determine best number of threads.
422  TPM2u+F+I+G4  6404.708     78  12965.417    12992.682    13298.848
WARNING: Number of threads seems too high for short alignments. Use -T AUTO to determine best number of threads.
443  TPM3+G4       6534.720     74  13217.441    13241.783    13533.773
WARNING: Number of threads seems too high for short alignments. Use -T AUTO to determine best number of threads.
444  TPM3+I+G4     6527.489     75  13204.977    13230.032    13525.584
465  TPM3+G4       6534.720     74  13217.441    13241.783    13533.773
466  TPM3+I+G4     6527.489     75  13204.977    13230.032    13525.584
WARNING: Number of threads seems too high for short alignments. Use -T AUTO to determine best number of threads.
487  TPM3u+G4      6534.728     74  13217.455    13241.797    13533.788
WARNING: Number of threads seems too high for short alignments. Use -T AUTO to determine best number of threads.
488  TPM3u+I+G4    6527.472     75  13204.944    13229.999    13525.551
WARNING: Number of threads seems too high for short alignments. Use -T AUTO to determine best number of threads.
509  TPM3u+F+G4    6407.474     77  12968.948    12995.464    13298.104
WARNING: Number of threads seems too high for short alignments. Use -T AUTO to determine best number of threads.
510  TPM3u+F+I+G4  6389.984     78  12935.968    12963.234    13269.400
WARNING: Number of threads seems too high for short alignments. Use -T AUTO to determine best number of threads.
531  TIMe+G4       6510.810     75  13171.621    13196.676    13492.228
WARNING: Number of threads seems too high for short alignments. Use -T AUTO to determine best number of threads.
532  TIMe+I+G4     6504.745     76  13161.490    13187.270    13486.372
553  TIMe+G4       6510.810     75  13171.621    13196.676    13492.228
554  TIMe+I+G4     6504.745     76  13161.490    13187.270    13486.372
WARNING: Number of threads seems too high for short alignments. Use -T AUTO to determine best number of threads.
575  TIM+G4        6510.809     75  13171.618    13196.673    13492.225
WARNING: Number of threads seems too high for short alignments. Use -T AUTO to determine best number of threads.
576  TIM+I+G4      6504.631     76  13161.262    13187.041    13486.143
WARNING: Number of threads seems too high for short alignments. Use -T AUTO to determine best number of threads.
597  TIM+F+G4      6393.301     78  12942.602    12969.868    13276.034
WARNING: Number of threads seems too high for short alignments. Use -T AUTO to determine best number of threads.
598  TIM+F+I+G4    6375.075     79  12908.151    12936.177    13245.857
WARNING: Number of threads seems too high for short alignments. Use -T AUTO to determine best number of threads.
619  TIM2e+G4      6489.831     75  13129.662    13154.717    13450.270
WARNING: Number of threads seems too high for short alignments. Use -T AUTO to determine best number of threads.
620  TIM2e+I+G4    6487.725     76  13127.449    13153.229    13452.331
641  TIM2e+G4      6489.831     75  13129.662    13154.717    13450.270
642  TIM2e+I+G4    6487.725     76  13127.449    13153.229    13452.331
WARNING: Number of threads seems too high for short alignments. Use -T AUTO to determine best number of threads.
663  TIM2+G4       6489.830     75  13129.661    13154.716    13450.268
WARNING: Number of threads seems too high for short alignments. Use -T AUTO to determine best number of threads.
664  TIM2+I+G4     6487.590     76  13127.180    13152.960    13452.062
WARNING: Number of threads seems too high for short alignments. Use -T AUTO to determine best number of threads.
685  TIM2+F+G4     6419.071     78  12994.142    13021.407    13327.573
WARNING: Number of threads seems too high for short alignments. Use -T AUTO to determine best number of threads.
686  TIM2+F+I+G4   6404.667     79  12967.334    12995.360    13305.040
WARNING: Number of threads seems too high for short alignments. Use -T AUTO to determine best number of threads.
707  TIM3e+G4      6529.710     75  13209.419    13234.474    13530.027
WARNING: Number of threads seems too high for short alignments. Use -T AUTO to determine best number of threads.
708  TIM3e+I+G4    6523.221     76  13198.441    13224.221    13523.323
729  TIM3e+G4      6529.710     75  13209.419    13234.474    13530.027
730  TIM3e+I+G4    6523.221     76  13198.441    13224.221    13523.323
WARNING: Number of threads seems too high for short alignments. Use -T AUTO to determine best number of threads.
751  TIM3+G4       6529.708     75  13209.416    13234.471    13530.024
WARNING: Number of threads seems too high for short alignments. Use -T AUTO to determine best number of threads.
752  TIM3+I+G4     6523.149     76  13198.298    13224.078    13523.180
WARNING: Number of threads seems too high for short alignments. Use -T AUTO to determine best number of threads.
773  TIM3+F+G4     6407.464     78  12970.929    12998.194    13304.360
WARNING: Number of threads seems too high for short alignments. Use -T AUTO to determine best number of threads.
774  TIM3+F+I+G4   6389.944     79  12937.887    12965.914    13275.593
WARNING: Number of threads seems too high for short alignments. Use -T AUTO to determine best number of threads.
795  TVMe+G4       6468.726     76  13089.452    13115.232    13414.334
WARNING: Number of threads seems too high for short alignments. Use -T AUTO to determine best number of threads.
796  TVMe+I+G4     6465.133     77  13084.266    13110.782    13413.422
817  TVMe+G4       6468.726     76  13089.452    13115.232    13414.334
818  TVMe+I+G4     6465.133     77  13084.266    13110.782    13413.422
WARNING: Number of threads seems too high for short alignments. Use -T AUTO to determine best number of threads.
839  TVM+G4        6468.728     76  13089.456    13115.236    13414.338
WARNING: Number of threads seems too high for short alignments. Use -T AUTO to determine best number of threads.
840  TVM+I+G4      6465.052     77  13084.104    13110.621    13413.261
WARNING: Number of threads seems too high for short alignments. Use -T AUTO to determine best number of threads.
861  TVM+F+G4      6378.295     79  12914.590    12942.616    13252.296
WARNING: Number of threads seems too high for short alignments. Use -T AUTO to determine best number of threads.
862  TVM+F+I+G4    6362.456     80  12884.912    12913.712    13226.893
WARNING: Number of threads seems too high for short alignments. Use -T AUTO to determine best number of threads.
883  SYM+G4        6461.488     77  13076.976    13103.493    13406.133
WARNING: Number of threads seems too high for short alignments. Use -T AUTO to determine best number of threads.
884  SYM+I+G4      6459.335     78  13074.669    13101.935    13408.101
905  SYM+G4        6461.488     77  13076.976    13103.493    13406.133
906  SYM+I+G4      6459.335     78  13074.669    13101.935    13408.101
WARNING: Number of threads seems too high for short alignments. Use -T AUTO to determine best number of threads.
927  GTR+G4        6461.486     77  13076.973    13103.489    13406.130
WARNING: Number of threads seems too high for short alignments. Use -T AUTO to determine best number of threads.
928  GTR+I+G4      6459.255     78  13074.510    13101.775    13407.941
WARNING: Number of threads seems too high for short alignments. Use -T AUTO to determine best number of threads.
949  GTR+F+G4      6378.258     80  12916.516    12945.316    13258.497
WARNING: Number of threads seems too high for short alignments. Use -T AUTO to determine best number of threads.
950  GTR+F+I+G4    6362.460     81  12886.920    12916.505    13233.175
Akaike Information Criterion:           TVM+F+I+G4
Corrected Akaike Information Criterion: TVM+F+I+G4
Bayesian Information Criterion:         TVM+F+I+G4
Best-fit model: TVM+F+I+G4 chosen according to BIC

All model information printed to aln_segment_6638_to_7168.model.gz
CPU time for ModelFinder: 2.490 seconds (0h:0m:2s)
Wall-clock time for ModelFinder: 1.982 seconds (0h:0m:1s)
Generating 1000 samples for ultrafast bootstrap (seed: 390796)...

NOTE: 2 MB RAM (0 GB) is required!
WARNING: Number of threads seems too high for short alignments. Use -T AUTO to determine best number of threads.
Estimate model parameters (epsilon = 0.100)
Thoroughly optimizing +I+G parameters from 10 start values...
Init pinv, alpha: 0.000, 1.430 / Estimate: 0.000, 0.456 / LogL: -6378.292
Init pinv, alpha: 0.045, 1.430 / Estimate: 0.329, 1.378 / LogL: -6362.511
Init pinv, alpha: 0.090, 1.430 / Estimate: 0.328, 1.368 / LogL: -6362.526
Init pinv, alpha: 0.135, 1.430 / Estimate: 0.328, 1.372 / LogL: -6362.519
Init pinv, alpha: 0.180, 1.430 / Estimate: 0.329, 1.375 / LogL: -6362.514
Init pinv, alpha: 0.225, 1.430 / Estimate: 0.329, 1.381 / LogL: -6362.507
Init pinv, alpha: 0.270, 1.430 / Estimate: 0.329, 1.380 / LogL: -6362.506
Init pinv, alpha: 0.315, 1.430 / Estimate: 0.329, 1.373 / LogL: -6362.513
Init pinv, alpha: 0.360, 1.430 / Estimate: 0.343, 1.508 / LogL: -6362.492
Init pinv, alpha: 0.405, 1.430 / Estimate: 0.342, 1.496 / LogL: -6362.481
Optimal pinv,alpha: 0.342, 1.496 / LogL: -6362.481

Parameters optimization took 0.760 sec
Wrote distance file to... 
Computing ML distances based on estimated model parameters...
Calculating distance matrix: done in 0.000663996 secs using 367.9% CPU
Computing ML distances took 0.000753 sec (of wall-clock time) 0.002496 sec (of CPU time)
Setting up auxiliary I and S matrices: done in 8.70228e-05 secs using 158.6% CPU
Constructing RapidNJ tree: done in 0.00131989 secs using 53.03% CPU
Computing RapidNJ tree took 0.001457 sec (of wall-clock time) 0.000882 sec (of CPU time)
Log-likelihood of RapidNJ tree: -6398.181
--------------------------------------------------------------------
|             INITIALIZING CANDIDATE TREE SET                      |
--------------------------------------------------------------------
Generating 98 parsimony trees... 0.097 second
Computing log-likelihood of 98 initial trees ... 0.391 seconds
Current best score: -6362.481

Do NNI search on 20 best initial trees
Estimate model parameters (epsilon = 0.100)
BETTER TREE FOUND at iteration 1: -6362.464
Estimate model parameters (epsilon = 0.100)
BETTER TREE FOUND at iteration 2: -6359.487
Estimate model parameters (epsilon = 0.100)
BETTER TREE FOUND at iteration 4: -6357.896
Iteration 10 / LogL: -6361.343 / Time: 0h:0m:3s
Iteration 20 / LogL: -6364.488 / Time: 0h:0m:4s
Finish initializing candidate tree set (18)
Current best tree score: -6357.896 / CPU time: 1.904
Number of iterations: 20
--------------------------------------------------------------------
|               OPTIMIZING CANDIDATE TREE SET                      |
--------------------------------------------------------------------
Estimate model parameters (epsilon = 0.100)
BETTER TREE FOUND at iteration 22: -6357.202
Iteration 30 / LogL: -6360.461 / Time: 0h:0m:5s (0h:0m:11s left)
Estimate model parameters (epsilon = 0.100)
UPDATE BEST LOG-LIKELIHOOD: -6356.978
Iteration 40 / LogL: -6357.075 / Time: 0h:0m:6s (0h:0m:9s left)
Iteration 50 / LogL: -6358.072 / Time: 0h:0m:7s (0h:0m:8s left)
Log-likelihood cutoff on original alignment: -6384.887
Estimate model parameters (epsilon = 0.100)
BETTER TREE FOUND at iteration 51: -6356.370
UPDATE BEST LOG-LIKELIHOOD: -6356.365
Iteration 60 / LogL: -6361.086 / Time: 0h:0m:8s (0h:0m:9s left)
Iteration 70 / LogL: -6358.472 / Time: 0h:0m:9s (0h:0m:8s left)
UPDATE BEST LOG-LIKELIHOOD: -6356.362
Iteration 80 / LogL: -6356.841 / Time: 0h:0m:10s (0h:0m:7s left)
UPDATE BEST LOG-LIKELIHOOD: -6356.362
Iteration 90 / LogL: -6357.043 / Time: 0h:0m:11s (0h:0m:6s left)
Iteration 100 / LogL: -6356.364 / Time: 0h:0m:12s (0h:0m:5s left)
Log-likelihood cutoff on original alignment: -6384.887
NOTE: Bootstrap correlation coefficient of split occurrence frequencies: 0.995
Iteration 110 / LogL: -6370.174 / Time: 0h:0m:13s (0h:0m:9s left)
Iteration 120 / LogL: -6358.341 / Time: 0h:0m:14s (0h:0m:8s left)
Iteration 130 / LogL: -6356.917 / Time: 0h:0m:15s (0h:0m:7s left)
Iteration 140 / LogL: -6356.367 / Time: 0h:0m:16s (0h:0m:6s left)
Iteration 150 / LogL: -6357.362 / Time: 0h:0m:17s (0h:0m:5s left)
Log-likelihood cutoff on original alignment: -6384.887
TREE SEARCH COMPLETED AFTER 152 ITERATIONS / Time: 0h:0m:17s

--------------------------------------------------------------------
|                    FINALIZING TREE SEARCH                        |
--------------------------------------------------------------------
Performs final model parameters optimization
Estimate model parameters (epsilon = 0.010)
1. Initial log-likelihood: -6356.362
Optimal log-likelihood: -6356.361
Rate parameters:  A-C: 2.12938  A-G: 4.64340  A-T: 0.62089  C-G: 0.40949  C-T: 4.64340  G-T: 1.00000
Base frequencies:  A: 0.406  C: 0.174  G: 0.181  T: 0.239
Proportion of invariable sites: 0.339
Gamma shape alpha: 1.503
Parameters optimization took 1 rounds (0.006 sec)
BEST SCORE FOUND : -6356.361
Creating bootstrap support values...
Split supports printed to NEXUS file aln_segment_6638_to_7168.splits.nex
Total tree length: 3.422

Total number of iterations: 152
CPU time used for tree search: 11.263 sec (0h:0m:11s)
Wall-clock time used for tree search: 14.807 sec (0h:0m:14s)
Total CPU time used: 14.925 sec (0h:0m:14s)
Total wall-clock time used: 17.601 sec (0h:0m:17s)

Computing bootstrap consensus tree...
Reading input file aln_segment_6638_to_7168.splits.nex...
37 taxa and 396 splits.
Consensus tree written to aln_segment_6638_to_7168.contree
Reading input trees file aln_segment_6638_to_7168.contree
Log-likelihood of consensus tree: -6356.952

Analysis results written to: 
  IQ-TREE report:                aln_segment_6638_to_7168.iqtree
  Maximum-likelihood tree:       aln_segment_6638_to_7168.treefile
  Likelihood distances:          aln_segment_6638_to_7168.mldist

Ultrafast bootstrap approximation results written to:
  Split support values:          aln_segment_6638_to_7168.splits.nex
  Consensus tree:                aln_segment_6638_to_7168.contree
  Screen log file:               aln_segment_6638_to_7168.log

Date and Time: Wed Jan 21 15:38:51 2026
