IQ-TREE version 3.0.1 for MacOS ARM 64-bit built Jun 30 2025
Developed by Bui Quang Minh, Thomas Wong, Nhan Ly-Trong, Huaiyan Ren
Contributed by Lam-Tung Nguyen, Dominik Schrempf, Chris Bielow,
Olga Chernomor, Michael Woodhams, Diep Thi Hoang, Heiko Schmidt

Host:    SUN1032320 (SSE4.2, 36 GB RAM)
Command: iqtree3 -s aln_segment_1859_to_2389.fasta -m MFP -B 1000 -T 4 -pre aln_segment_1859_to_2389
Seed:    689219 (Using SPRNG - Scalable Parallel Random Number Generator)
Time:    Wed Jan 21 15:36:10 2026
Kernel:  SSE2 - 4 threads (14 CPU cores detected)

Reading alignment file aln_segment_1859_to_2389.fasta ... Fasta format detected
Reading fasta file: done in 0.000164986 secs using 85.46% CPU
Alignment most likely contains DNA/RNA sequences
Constructing alignment: done in 0.000211954 secs using 64.16% CPU
Alignment has 37 sequences with 531 columns, 236 distinct patterns
166 parsimony-informative, 78 singleton sites, 287 constant sites
                                Gap/Ambiguity  Composition  p-value
Analyzing sequences: done in 8.10623e-06 secs using 135.7% CPU
   1  B.FR.83.HXBLAI_IIIB_BRU.K03455    0.75%    passed     91.78%
   2  A                                 1.32%    passed     96.76%
   3  A1                                0.75%    passed     99.97%
   4  A2                                1.51%    passed     94.34%
   5  A3                                1.32%    passed     98.44%
   6  A6                                1.32%    passed     94.83%
   7  B                                 0.75%    passed     97.98%
   8  C                                 3.01%    passed     88.36%
   9  D                                 1.88%    passed     99.48%
  10  F1                                0.75%    passed     91.51%
  11  F2                                0.75%    passed     99.92%
  12  G                                 1.32%    passed     92.63%
  13  H                                 1.88%    passed     98.99%
  14  J                                 1.51%    passed     82.78%
  15  K                                 0.75%    passed     97.71%
  16  L                                 0.56%    passed     95.12%
  17  AE                                0.75%    passed     98.75%
  18  AG                                0.75%    passed     98.78%
  19  cpx                               1.32%    passed     98.63%
  20  DF                                0.75%    passed     90.16%
  21  BC                                1.13%    passed     83.83%
  22  CD                                1.88%    passed     96.68%
  23  BF                                0.75%    passed     86.26%
  24  BG                                1.32%    passed     99.40%
  25  01B                               0.75%    passed     95.01%
  26  A2D                               2.45%    passed     68.56%
  27  01A1                              0.75%    passed     99.57%
  28  A5U                               1.13%    passed     99.10%
  29  AD                                1.32%    passed     92.18%
  30  BF1                               0.56%    passed     98.47%
  31  02G                               1.32%    passed     95.75%
  32  A1D                               1.32%    passed     99.18%
  33  02A                               0.75%    passed     94.02%
  34  C2U                               1.32%    passed     90.51%
  35  02B                               1.69%    passed     99.93%
  36  01C                               1.88%    passed     95.62%
  37  CPZ                               3.20%    failed      1.88%
****  TOTAL                             1.28%  1 sequences failed composition chi2 test (p-value<5%; df=3)
Checking for duplicate sequences: done in 3.60012e-05 secs using 72.22% CPU


Create initial parsimony tree by phylogenetic likelihood library (PLL)... 0.001 seconds
WARNING: Number of threads seems too high for short alignments. Use -T AUTO to determine best number of threads.
Perform fast likelihood tree search using GTR+I+G model...
Estimate model parameters (epsilon = 5.000)
Perform nearest neighbor interchange...
Estimate model parameters (epsilon = 1.000)
1. Initial log-likelihood: -4313.721
Optimal log-likelihood: -4313.400
Rate parameters:  A-C: 3.49832  A-G: 9.24636  A-T: 1.09376  C-G: 0.83887  C-T: 9.02314  G-T: 1.00000
Base frequencies:  A: 0.354  C: 0.189  G: 0.232  T: 0.225
Proportion of invariable sites: 0.279
Gamma shape alpha: 0.534
Parameters optimization took 1 rounds (0.010 sec)
Time for fast ML tree search: 0.132 seconds

NOTE: ModelFinder requires 3 MB RAM!
ModelFinder will test up to 968 DNA models (sample size: 531 epsilon: 0.100) ...
 No. Model         -LnL         df  AIC          AICc         BIC
WARNING: Number of threads seems too high for short alignments. Use -T AUTO to determine best number of threads.
  1  JC            4967.681     71  10077.361    10099.636    10380.869
WARNING: Number of threads seems too high for short alignments. Use -T AUTO to determine best number of threads.
  2  JC+I          4680.120     72  9504.241     9527.193     9812.024
WARNING: Number of threads seems too high for short alignments. Use -T AUTO to determine best number of threads.
  3  JC+G4         4614.945     72  9373.890     9396.842     9681.673
WARNING: Number of threads seems too high for short alignments. Use -T AUTO to determine best number of threads.
  4  JC+I+G4       4607.110     73  9360.220     9383.861     9672.278
WARNING: Number of threads seems too high for short alignments. Use -T AUTO to determine best number of threads.
  5  JC+R2         4628.535     73  9403.071     9426.712     9715.129
WARNING: Number of threads seems too high for short alignments. Use -T AUTO to determine best number of threads.
  6  JC+R3         4604.387     75  9358.774     9383.829     9679.381
WARNING: Number of threads seems too high for short alignments. Use -T AUTO to determine best number of threads.
  7  JC+R4         4603.837     77  9361.674     9388.191     9690.831
WARNING: Number of threads seems too high for short alignments. Use -T AUTO to determine best number of threads.
 14  JC+I+R2       4604.973     74  9357.947     9382.289     9674.279
WARNING: Number of threads seems too high for short alignments. Use -T AUTO to determine best number of threads.
 15  JC+I+R3       4603.463     76  9358.927     9384.706     9683.809
 25  JC+G4         4614.945     72  9373.890     9396.842     9681.673
 26  JC+I+G4       4607.110     73  9360.220     9383.861     9672.278
 28  JC+R3         4604.387     75  9358.774     9383.829     9679.381
 36  JC+I+R2       4604.973     74  9357.947     9382.289     9674.279
WARNING: Number of threads seems too high for short alignments. Use -T AUTO to determine best number of threads.
 47  F81+G4        4614.947     72  9373.893     9396.845     9681.676
WARNING: Number of threads seems too high for short alignments. Use -T AUTO to determine best number of threads.
 48  F81+I+G4      4606.981     73  9359.963     9383.604     9672.020
WARNING: Number of threads seems too high for short alignments. Use -T AUTO to determine best number of threads.
 50  F81+R3        4604.264     75  9358.528     9383.583     9679.135
WARNING: Number of threads seems too high for short alignments. Use -T AUTO to determine best number of threads.
 58  F81+I+R2      4604.961     74  9357.922     9382.265     9674.255
WARNING: Number of threads seems too high for short alignments. Use -T AUTO to determine best number of threads.
 69  F81+F+G4      4566.127     75  9282.253     9307.308     9602.860
WARNING: Number of threads seems too high for short alignments. Use -T AUTO to determine best number of threads.
 70  F81+F+I+G4    4558.567     76  9269.134     9294.914     9594.016
WARNING: Number of threads seems too high for short alignments. Use -T AUTO to determine best number of threads.
 72  F81+F+R3      4557.541     78  9271.082     9298.347     9604.513
WARNING: Number of threads seems too high for short alignments. Use -T AUTO to determine best number of threads.
 80  F81+F+I+R2    4556.828     77  9267.656     9294.173     9596.813
WARNING: Number of threads seems too high for short alignments. Use -T AUTO to determine best number of threads.
 91  K2P+G4        4397.081     73  8940.162     8963.803     9252.220
WARNING: Number of threads seems too high for short alignments. Use -T AUTO to determine best number of threads.
 92  K2P+I+G4      4388.385     74  8924.769     8949.111     9241.101
WARNING: Number of threads seems too high for short alignments. Use -T AUTO to determine best number of threads.
 94  K2P+R3        4385.181     76  8922.362     8948.142     9247.244
WARNING: Number of threads seems too high for short alignments. Use -T AUTO to determine best number of threads.
102  K2P+I+R2      4386.930     75  8923.859     8948.914     9244.467
113  K2P+G4        4397.081     73  8940.162     8963.803     9252.220
114  K2P+I+G4      4388.385     74  8924.769     8949.111     9241.101
116  K2P+R3        4385.181     76  8922.362     8948.142     9247.244
124  K2P+I+R2      4386.930     75  8923.859     8948.914     9244.467
WARNING: Number of threads seems too high for short alignments. Use -T AUTO to determine best number of threads.
135  HKY+G4        4397.084     73  8940.168     8963.809     9252.225
WARNING: Number of threads seems too high for short alignments. Use -T AUTO to determine best number of threads.
136  HKY+I+G4      4388.324     74  8924.647     8948.989     9240.979
WARNING: Number of threads seems too high for short alignments. Use -T AUTO to determine best number of threads.
138  HKY+R3        4385.112     76  8922.225     8948.004     9247.107
WARNING: Number of threads seems too high for short alignments. Use -T AUTO to determine best number of threads.
146  HKY+I+R2      4386.928     75  8923.855     8948.910     9244.463
WARNING: Number of threads seems too high for short alignments. Use -T AUTO to determine best number of threads.
157  HKY+F+G4      4347.890     76  8847.780     8873.560     9172.662
WARNING: Number of threads seems too high for short alignments. Use -T AUTO to determine best number of threads.
158  HKY+F+I+G4    4338.661     77  8831.321     8857.838     9160.478
WARNING: Number of threads seems too high for short alignments. Use -T AUTO to determine best number of threads.
160  HKY+F+R3      4335.771     79  8829.541     8857.568     9167.248
WARNING: Number of threads seems too high for short alignments. Use -T AUTO to determine best number of threads.
168  HKY+F+I+R2    4338.229     78  8832.458     8859.724     9165.890
WARNING: Number of threads seems too high for short alignments. Use -T AUTO to determine best number of threads.
179  TNe+G4        4392.942     74  8933.883     8958.225     9250.216
WARNING: Number of threads seems too high for short alignments. Use -T AUTO to determine best number of threads.
180  TNe+I+G4      4383.321     75  8916.641     8941.696     9237.248
WARNING: Number of threads seems too high for short alignments. Use -T AUTO to determine best number of threads.
182  TNe+R3        4377.271     77  8908.541     8935.058     9237.698
WARNING: Number of threads seems too high for short alignments. Use -T AUTO to determine best number of threads.
190  TNe+I+R2      4382.866     76  8917.731     8943.511     9242.613
201  TNe+G4        4392.942     74  8933.883     8958.225     9250.216
202  TNe+I+G4      4383.321     75  8916.641     8941.696     9237.248
204  TNe+R3        4377.271     77  8908.541     8935.058     9237.698
212  TNe+I+R2      4382.866     76  8917.731     8943.511     9242.613
WARNING: Number of threads seems too high for short alignments. Use -T AUTO to determine best number of threads.
223  TN+G4         4392.950     74  8933.900     8958.242     9250.232
WARNING: Number of threads seems too high for short alignments. Use -T AUTO to determine best number of threads.
224  TN+I+G4       4383.305     75  8916.609     8941.664     9237.217
WARNING: Number of threads seems too high for short alignments. Use -T AUTO to determine best number of threads.
226  TN+R3         4377.251     77  8908.503     8935.019     9237.660
WARNING: Number of threads seems too high for short alignments. Use -T AUTO to determine best number of threads.
234  TN+I+R2       4382.864     76  8917.729     8943.509     9242.611
WARNING: Number of threads seems too high for short alignments. Use -T AUTO to determine best number of threads.
245  TN+F+G4       4348.267     77  8850.535     8877.051     9179.691
WARNING: Number of threads seems too high for short alignments. Use -T AUTO to determine best number of threads.
246  TN+F+I+G4     4339.006     78  8834.013     8861.278     9167.444
WARNING: Number of threads seems too high for short alignments. Use -T AUTO to determine best number of threads.
248  TN+F+R3       4335.817     80  8831.635     8860.435     9173.616
WARNING: Number of threads seems too high for short alignments. Use -T AUTO to determine best number of threads.
256  TN+F+I+R2     4338.551     79  8835.102     8863.128     9172.808
WARNING: Number of threads seems too high for short alignments. Use -T AUTO to determine best number of threads.
267  K3P+G4        4390.129     74  8928.258     8952.600     9244.590
WARNING: Number of threads seems too high for short alignments. Use -T AUTO to determine best number of threads.
268  K3P+I+G4      4381.073     75  8912.145     8937.200     9232.752
WARNING: Number of threads seems too high for short alignments. Use -T AUTO to determine best number of threads.
270  K3P+R3        4378.034     77  8910.068     8936.584     9239.224
WARNING: Number of threads seems too high for short alignments. Use -T AUTO to determine best number of threads.
278  K3P+I+R2      4379.487     76  8910.974     8936.754     9235.856
289  K3P+G4        4390.129     74  8928.258     8952.600     9244.590
290  K3P+I+G4      4381.073     75  8912.145     8937.200     9232.752
292  K3P+R3        4378.034     77  8910.068     8936.584     9239.224
300  K3P+I+R2      4379.487     76  8910.974     8936.754     9235.856
WARNING: Number of threads seems too high for short alignments. Use -T AUTO to determine best number of threads.
311  K3Pu+G4       4390.134     74  8928.267     8952.609     9244.599
WARNING: Number of threads seems too high for short alignments. Use -T AUTO to determine best number of threads.
312  K3Pu+I+G4     4381.036     75  8912.072     8937.127     9232.679
WARNING: Number of threads seems too high for short alignments. Use -T AUTO to determine best number of threads.
314  K3Pu+R3       4377.983     77  8909.967     8936.483     9239.123
WARNING: Number of threads seems too high for short alignments. Use -T AUTO to determine best number of threads.
322  K3Pu+I+R2     4379.487     76  8910.974     8936.754     9235.856
WARNING: Number of threads seems too high for short alignments. Use -T AUTO to determine best number of threads.
333  K3Pu+F+G4     4337.495     77  8828.990     8855.507     9158.147
WARNING: Number of threads seems too high for short alignments. Use -T AUTO to determine best number of threads.
334  K3Pu+F+I+G4   4328.032     78  8812.064     8839.329     9145.495
WARNING: Number of threads seems too high for short alignments. Use -T AUTO to determine best number of threads.
336  K3Pu+F+R3     4325.868     80  8811.736     8840.536     9153.717
WARNING: Number of threads seems too high for short alignments. Use -T AUTO to determine best number of threads.
344  K3Pu+F+I+R2   4327.628     79  8813.255     8841.282     9150.961
WARNING: Number of threads seems too high for short alignments. Use -T AUTO to determine best number of threads.
355  TPM2+G4       4377.653     74  8903.306     8927.648     9219.638
WARNING: Number of threads seems too high for short alignments. Use -T AUTO to determine best number of threads.
356  TPM2+I+G4     4369.043     75  8888.085     8913.140     9208.693
WARNING: Number of threads seems too high for short alignments. Use -T AUTO to determine best number of threads.
358  TPM2+R3       4365.065     77  8884.131     8910.648     9213.288
WARNING: Number of threads seems too high for short alignments. Use -T AUTO to determine best number of threads.
366  TPM2+I+R2     4367.751     76  8887.501     8913.281     9212.383
377  TPM2+G4       4377.653     74  8903.306     8927.648     9219.638
378  TPM2+I+G4     4369.043     75  8888.085     8913.140     9208.693
380  TPM2+R3       4365.065     77  8884.131     8910.648     9213.288
388  TPM2+I+R2     4367.751     76  8887.501     8913.281     9212.383
WARNING: Number of threads seems too high for short alignments. Use -T AUTO to determine best number of threads.
399  TPM2u+G4      4377.659     74  8903.318     8927.660     9219.651
WARNING: Number of threads seems too high for short alignments. Use -T AUTO to determine best number of threads.
400  TPM2u+I+G4    4369.037     75  8888.073     8913.128     9208.680
WARNING: Number of threads seems too high for short alignments. Use -T AUTO to determine best number of threads.
402  TPM2u+R3      4365.040     77  8884.079     8910.596     9213.236
WARNING: Number of threads seems too high for short alignments. Use -T AUTO to determine best number of threads.
410  TPM2u+I+R2    4367.752     76  8887.504     8913.284     9212.386
WARNING: Number of threads seems too high for short alignments. Use -T AUTO to determine best number of threads.
421  TPM2u+F+G4    4339.542     77  8833.084     8859.600     9162.240
WARNING: Number of threads seems too high for short alignments. Use -T AUTO to determine best number of threads.
422  TPM2u+F+I+G4  4330.218     78  8816.435     8843.701     9149.867
WARNING: Number of threads seems too high for short alignments. Use -T AUTO to determine best number of threads.
424  TPM2u+F+R3    4326.962     80  8813.925     8842.725     9155.905
WARNING: Number of threads seems too high for short alignments. Use -T AUTO to determine best number of threads.
432  TPM2u+F+I+R2  4328.964     79  8815.928     8843.955     9153.634
WARNING: Number of threads seems too high for short alignments. Use -T AUTO to determine best number of threads.
443  TPM3+G4       4389.106     74  8926.212     8950.554     9242.545
WARNING: Number of threads seems too high for short alignments. Use -T AUTO to determine best number of threads.
444  TPM3+I+G4     4381.019     75  8912.039     8937.094     9232.646
WARNING: Number of threads seems too high for short alignments. Use -T AUTO to determine best number of threads.
446  TPM3+R3       4378.730     77  8911.460     8937.977     9240.617
WARNING: Number of threads seems too high for short alignments. Use -T AUTO to determine best number of threads.
454  TPM3+I+R2     4380.173     76  8912.347     8938.126     9237.229
465  TPM3+G4       4389.106     74  8926.212     8950.554     9242.545
466  TPM3+I+G4     4381.019     75  8912.039     8937.094     9232.646
468  TPM3+R3       4378.730     77  8911.460     8937.977     9240.617
476  TPM3+I+R2     4380.173     76  8912.347     8938.126     9237.229
WARNING: Number of threads seems too high for short alignments. Use -T AUTO to determine best number of threads.
487  TPM3u+G4      4389.111     74  8926.222     8950.564     9242.555
WARNING: Number of threads seems too high for short alignments. Use -T AUTO to determine best number of threads.
488  TPM3u+I+G4    4381.004     75  8912.008     8937.063     9232.615
WARNING: Number of threads seems too high for short alignments. Use -T AUTO to determine best number of threads.
490  TPM3u+R3      4378.696     77  8911.392     8937.909     9240.549
WARNING: Number of threads seems too high for short alignments. Use -T AUTO to determine best number of threads.
498  TPM3u+I+R2    4380.167     76  8912.334     8938.114     9237.216
WARNING: Number of threads seems too high for short alignments. Use -T AUTO to determine best number of threads.
509  TPM3u+F+G4    4333.649     77  8821.299     8847.815     9150.455
WARNING: Number of threads seems too high for short alignments. Use -T AUTO to determine best number of threads.
510  TPM3u+F+I+G4  4325.828     78  8807.656     8834.922     9141.088
WARNING: Number of threads seems too high for short alignments. Use -T AUTO to determine best number of threads.
512  TPM3u+F+R3    4324.765     80  8809.531     8838.331     9151.512
WARNING: Number of threads seems too high for short alignments. Use -T AUTO to determine best number of threads.
520  TPM3u+F+I+R2  4326.244     79  8810.488     8838.515     9148.194
WARNING: Number of threads seems too high for short alignments. Use -T AUTO to determine best number of threads.
531  TIMe+G4       4385.951     75  8921.902     8946.957     9242.509
WARNING: Number of threads seems too high for short alignments. Use -T AUTO to determine best number of threads.
532  TIMe+I+G4     4375.952     76  8903.904     8929.684     9228.786
WARNING: Number of threads seems too high for short alignments. Use -T AUTO to determine best number of threads.
534  TIMe+R3       4370.109     78  8896.217     8923.483     9229.648
WARNING: Number of threads seems too high for short alignments. Use -T AUTO to determine best number of threads.
542  TIMe+I+R2     4375.356     77  8904.712     8931.229     9233.869
553  TIMe+G4       4385.951     75  8921.902     8946.957     9242.509
554  TIMe+I+G4     4375.952     76  8903.904     8929.684     9228.786
556  TIMe+R3       4370.109     78  8896.217     8923.483     9229.648
564  TIMe+I+R2     4375.356     77  8904.712     8931.229     9233.869
WARNING: Number of threads seems too high for short alignments. Use -T AUTO to determine best number of threads.
575  TIM+G4        4385.958     75  8921.916     8946.971     9242.523
WARNING: Number of threads seems too high for short alignments. Use -T AUTO to determine best number of threads.
576  TIM+I+G4      4375.941     76  8903.883     8929.662     9228.765
WARNING: Number of threads seems too high for short alignments. Use -T AUTO to determine best number of threads.
578  TIM+R3        4370.058     78  8896.116     8923.381     9229.547
WARNING: Number of threads seems too high for short alignments. Use -T AUTO to determine best number of threads.
586  TIM+I+R2      4375.340     77  8904.680     8931.197     9233.837
WARNING: Number of threads seems too high for short alignments. Use -T AUTO to determine best number of threads.
597  TIM+F+G4      4337.478     78  8830.957     8858.222     9164.388
WARNING: Number of threads seems too high for short alignments. Use -T AUTO to determine best number of threads.
598  TIM+F+I+G4    4327.973     79  8813.946     8841.973     9151.652
WARNING: Number of threads seems too high for short alignments. Use -T AUTO to determine best number of threads.
600  TIM+F+R3      4325.265     81  8812.531     8842.116     9158.786
WARNING: Number of threads seems too high for short alignments. Use -T AUTO to determine best number of threads.
608  TIM+F+I+R2    4327.626     80  8815.253     8844.053     9157.234
WARNING: Number of threads seems too high for short alignments. Use -T AUTO to determine best number of threads.
619  TIM2e+G4      4373.007     75  8896.014     8921.069     9216.622
WARNING: Number of threads seems too high for short alignments. Use -T AUTO to determine best number of threads.
620  TIM2e+I+G4    4363.598     76  8879.195     8904.975     9204.077
WARNING: Number of threads seems too high for short alignments. Use -T AUTO to determine best number of threads.
622  TIM2e+R3      4356.410     78  8868.820     8896.085     9202.251
WARNING: Number of threads seems too high for short alignments. Use -T AUTO to determine best number of threads.
630  TIM2e+I+R2    4363.501     77  8881.003     8907.519     9210.159
641  TIM2e+G4      4373.007     75  8896.014     8921.069     9216.622
642  TIM2e+I+G4    4363.598     76  8879.195     8904.975     9204.077
644  TIM2e+R3      4356.410     78  8868.820     8896.085     9202.251
652  TIM2e+I+R2    4363.501     77  8881.003     8907.519     9210.159
WARNING: Number of threads seems too high for short alignments. Use -T AUTO to determine best number of threads.
663  TIM2+G4       4373.007     75  8896.014     8921.069     9216.622
WARNING: Number of threads seems too high for short alignments. Use -T AUTO to determine best number of threads.
664  TIM2+I+G4     4363.596     76  8879.192     8904.971     9204.074
WARNING: Number of threads seems too high for short alignments. Use -T AUTO to determine best number of threads.
666  TIM2+R3       4356.409     78  8868.817     8896.083     9202.249
WARNING: Number of threads seems too high for short alignments. Use -T AUTO to determine best number of threads.
674  TIM2+I+R2     4363.495     77  8880.989     8907.506     9210.146
WARNING: Number of threads seems too high for short alignments. Use -T AUTO to determine best number of threads.
685  TIM2+F+G4     4339.456     78  8834.912     8862.178     9168.344
WARNING: Number of threads seems too high for short alignments. Use -T AUTO to determine best number of threads.
686  TIM2+F+I+G4   4330.191     79  8818.381     8846.408     9156.087
WARNING: Number of threads seems too high for short alignments. Use -T AUTO to determine best number of threads.
688  TIM2+F+R3     4326.609     81  8815.219     8844.805     9161.475
WARNING: Number of threads seems too high for short alignments. Use -T AUTO to determine best number of threads.
696  TIM2+F+I+R2   4329.191     80  8818.382     8847.182     9160.363
WARNING: Number of threads seems too high for short alignments. Use -T AUTO to determine best number of threads.
707  TIM3e+G4      4384.366     75  8918.733     8943.788     9239.340
WARNING: Number of threads seems too high for short alignments. Use -T AUTO to determine best number of threads.
708  TIM3e+I+G4    4375.295     76  8902.591     8928.370     9227.473
WARNING: Number of threads seems too high for short alignments. Use -T AUTO to determine best number of threads.
710  TIM3e+R3      4370.291     78  8896.581     8923.847     9230.013
WARNING: Number of threads seems too high for short alignments. Use -T AUTO to determine best number of threads.
718  TIM3e+I+R2    4375.378     77  8904.756     8931.273     9233.913
729  TIM3e+G4      4384.366     75  8918.733     8943.788     9239.340
730  TIM3e+I+G4    4375.295     76  8902.591     8928.370     9227.473
732  TIM3e+R3      4370.291     78  8896.581     8923.847     9230.013
740  TIM3e+I+R2    4375.378     77  8904.756     8931.273     9233.913
WARNING: Number of threads seems too high for short alignments. Use -T AUTO to determine best number of threads.
751  TIM3+G4       4384.374     75  8918.748     8943.803     9239.355
WARNING: Number of threads seems too high for short alignments. Use -T AUTO to determine best number of threads.
752  TIM3+I+G4     4375.295     76  8902.591     8928.371     9227.473
WARNING: Number of threads seems too high for short alignments. Use -T AUTO to determine best number of threads.
754  TIM3+R3       4370.262     78  8896.525     8923.790     9229.956
WARNING: Number of threads seems too high for short alignments. Use -T AUTO to determine best number of threads.
762  TIM3+I+R2     4375.372     77  8904.744     8931.261     9233.901
WARNING: Number of threads seems too high for short alignments. Use -T AUTO to determine best number of threads.
773  TIM3+F+G4     4333.649     78  8823.297     8850.563     9156.729
WARNING: Number of threads seems too high for short alignments. Use -T AUTO to determine best number of threads.
774  TIM3+F+I+G4   4325.777     79  8809.553     8837.580     9147.260
WARNING: Number of threads seems too high for short alignments. Use -T AUTO to determine best number of threads.
776  TIM3+F+R3     4324.210     81  8810.420     8840.005     9156.675
WARNING: Number of threads seems too high for short alignments. Use -T AUTO to determine best number of threads.
784  TIM3+F+I+R2   4326.230     80  8812.460     8841.260     9154.441
WARNING: Number of threads seems too high for short alignments. Use -T AUTO to determine best number of threads.
795  TVMe+G4       4366.560     76  8885.119     8910.899     9210.001
WARNING: Number of threads seems too high for short alignments. Use -T AUTO to determine best number of threads.
796  TVMe+I+G4     4358.237     77  8870.475     8896.991     9199.631
WARNING: Number of threads seems too high for short alignments. Use -T AUTO to determine best number of threads.
798  TVMe+R3       4354.830     79  8867.661     8895.687     9205.367
WARNING: Number of threads seems too high for short alignments. Use -T AUTO to determine best number of threads.
806  TVMe+I+R2     4357.041     78  8870.083     8897.348     9203.514
817  TVMe+G4       4366.560     76  8885.119     8910.899     9210.001
818  TVMe+I+G4     4358.237     77  8870.475     8896.991     9199.631
820  TVMe+R3       4354.830     79  8867.661     8895.687     9205.367
828  TVMe+I+R2     4357.041     78  8870.083     8897.348     9203.514
WARNING: Number of threads seems too high for short alignments. Use -T AUTO to determine best number of threads.
839  TVM+G4        4366.566     76  8885.131     8910.911     9210.013
WARNING: Number of threads seems too high for short alignments. Use -T AUTO to determine best number of threads.
840  TVM+I+G4      4358.231     77  8870.461     8896.978     9199.618
WARNING: Number of threads seems too high for short alignments. Use -T AUTO to determine best number of threads.
842  TVM+R3        4354.821     79  8867.642     8895.668     9205.348
WARNING: Number of threads seems too high for short alignments. Use -T AUTO to determine best number of threads.
850  TVM+I+R2      4357.037     78  8870.075     8897.340     9203.506
WARNING: Number of threads seems too high for short alignments. Use -T AUTO to determine best number of threads.
861  TVM+F+G4      4321.567     79  8801.134     8829.161     9138.841
WARNING: Number of threads seems too high for short alignments. Use -T AUTO to determine best number of threads.
862  TVM+F+I+G4    4313.290     80  8786.580     8815.380     9128.561
WARNING: Number of threads seems too high for short alignments. Use -T AUTO to determine best number of threads.
864  TVM+F+R3      4310.997     82  8785.993     8816.377     9136.524
WARNING: Number of threads seems too high for short alignments. Use -T AUTO to determine best number of threads.
872  TVM+F+I+R2    4312.397     81  8786.793     8816.379     9133.049
WARNING: Number of threads seems too high for short alignments. Use -T AUTO to determine best number of threads.
883  SYM+G4        4361.361     77  8876.723     8903.239     9205.879
WARNING: Number of threads seems too high for short alignments. Use -T AUTO to determine best number of threads.
884  SYM+I+G4      4351.954     78  8859.909     8887.174     9193.340
WARNING: Number of threads seems too high for short alignments. Use -T AUTO to determine best number of threads.
886  SYM+R3        4345.396     80  8850.793     8879.593     9192.774
WARNING: Number of threads seems too high for short alignments. Use -T AUTO to determine best number of threads.
894  SYM+I+R2      4352.037     79  8862.074     8890.100     9199.780
905  SYM+G4        4361.361     77  8876.723     8903.239     9205.879
906  SYM+I+G4      4351.954     78  8859.909     8887.174     9193.340
908  SYM+R3        4345.396     80  8850.793     8879.593     9192.774
916  SYM+I+R2      4352.037     79  8862.074     8890.100     9199.780
WARNING: Number of threads seems too high for short alignments. Use -T AUTO to determine best number of threads.
927  GTR+G4        4361.361     77  8876.722     8903.238     9205.878
WARNING: Number of threads seems too high for short alignments. Use -T AUTO to determine best number of threads.
928  GTR+I+G4      4351.956     78  8859.911     8887.177     9193.343
WARNING: Number of threads seems too high for short alignments. Use -T AUTO to determine best number of threads.
930  GTR+R3        4345.389     80  8850.779     8879.579     9192.760
WARNING: Number of threads seems too high for short alignments. Use -T AUTO to determine best number of threads.
938  GTR+I+R2      4352.035     79  8862.071     8890.097     9199.777
WARNING: Number of threads seems too high for short alignments. Use -T AUTO to determine best number of threads.
949  GTR+F+G4      4321.546     80  8803.092     8831.892     9145.073
WARNING: Number of threads seems too high for short alignments. Use -T AUTO to determine best number of threads.
950  GTR+F+I+G4    4313.225     81  8788.451     8818.037     9134.707
WARNING: Number of threads seems too high for short alignments. Use -T AUTO to determine best number of threads.
952  GTR+F+R3      4310.383     83  8786.767     8817.962     9141.572
WARNING: Number of threads seems too high for short alignments. Use -T AUTO to determine best number of threads.
960  GTR+F+I+R2    4312.392     82  8788.785     8819.169     9139.315
Akaike Information Criterion:           TVM+F+R3
Corrected Akaike Information Criterion: TVM+F+I+G4
Bayesian Information Criterion:         TVM+F+I+G4
Best-fit model: TVM+F+I+G4 chosen according to BIC

All model information printed to aln_segment_1859_to_2389.model.gz
CPU time for ModelFinder: 3.598 seconds (0h:0m:3s)
Wall-clock time for ModelFinder: 3.169 seconds (0h:0m:3s)
Generating 1000 samples for ultrafast bootstrap (seed: 689219)...

NOTE: 2 MB RAM (0 GB) is required!
WARNING: Number of threads seems too high for short alignments. Use -T AUTO to determine best number of threads.
Estimate model parameters (epsilon = 0.100)
Thoroughly optimizing +I+G parameters from 10 start values...
Init pinv, alpha: 0.000, 0.687 / Estimate: 0.000, 0.305 / LogL: -4321.061
Init pinv, alpha: 0.060, 0.687 / Estimate: 0.259, 0.505 / LogL: -4313.733
Init pinv, alpha: 0.120, 0.687 / Estimate: 0.256, 0.500 / LogL: -4313.788
Init pinv, alpha: 0.180, 0.687 / Estimate: 0.257, 0.501 / LogL: -4313.780
Init pinv, alpha: 0.240, 0.687 / Estimate: 0.261, 0.507 / LogL: -4313.709
Init pinv, alpha: 0.300, 0.687 / Estimate: 0.314, 0.593 / LogL: -4312.993
Init pinv, alpha: 0.360, 0.687 / Estimate: 0.359, 0.696 / LogL: -4312.731
Init pinv, alpha: 0.420, 0.687 / Estimate: 0.395, 0.808 / LogL: -4312.882
Init pinv, alpha: 0.480, 0.687 / Estimate: 0.403, 0.836 / LogL: -4312.982
Init pinv, alpha: 0.540, 0.687 / Estimate: 0.400, 0.828 / LogL: -4312.954
Optimal pinv,alpha: 0.359, 0.696 / LogL: -4312.731

Parameters optimization took 0.535 sec
Wrote distance file to... 
Computing ML distances based on estimated model parameters...
Calculating distance matrix: done in 0.000463009 secs using 363.3% CPU
Computing ML distances took 0.000535 sec (of wall-clock time) 0.001728 sec (of CPU time)
Setting up auxiliary I and S matrices: done in 6.00815e-05 secs using 111.5% CPU
Constructing RapidNJ tree: done in 0.00133014 secs using 56.31% CPU
Computing RapidNJ tree took 0.001414 sec (of wall-clock time) 0.000833 sec (of CPU time)
Log-likelihood of RapidNJ tree: -4326.149
--------------------------------------------------------------------
|             INITIALIZING CANDIDATE TREE SET                      |
--------------------------------------------------------------------
Generating 98 parsimony trees... 0.081 second
Computing log-likelihood of 98 initial trees ... 0.370 seconds
Current best score: -4308.900

Do NNI search on 20 best initial trees
Estimate model parameters (epsilon = 0.100)
BETTER TREE FOUND at iteration 1: -4301.846
UPDATE BEST LOG-LIKELIHOOD: -4301.846
Estimate model parameters (epsilon = 0.100)
BETTER TREE FOUND at iteration 5: -4301.494
Iteration 10 / LogL: -4302.018 / Time: 0h:0m:4s
Iteration 20 / LogL: -4301.500 / Time: 0h:0m:5s
Finish initializing candidate tree set (16)
Current best tree score: -4301.494 / CPU time: 2.033
Number of iterations: 20
--------------------------------------------------------------------
|               OPTIMIZING CANDIDATE TREE SET                      |
--------------------------------------------------------------------
Iteration 30 / LogL: -4301.542 / Time: 0h:0m:6s (0h:0m:9s left)
Estimate model parameters (epsilon = 0.100)
BETTER TREE FOUND at iteration 33: -4301.147
Iteration 40 / LogL: -4302.679 / Time: 0h:0m:7s (0h:0m:10s left)
Iteration 50 / LogL: -4302.239 / Time: 0h:0m:8s (0h:0m:9s left)
Log-likelihood cutoff on original alignment: -4330.801
Iteration 60 / LogL: -4301.489 / Time: 0h:0m:9s (0h:0m:7s left)
Iteration 70 / LogL: -4301.238 / Time: 0h:0m:10s (0h:0m:6s left)
Iteration 80 / LogL: -4301.503 / Time: 0h:0m:11s (0h:0m:5s left)
Iteration 90 / LogL: -4305.116 / Time: 0h:0m:12s (0h:0m:4s left)
Iteration 100 / LogL: -4301.209 / Time: 0h:0m:13s (0h:0m:3s left)
Log-likelihood cutoff on original alignment: -4330.801
NOTE: Bootstrap correlation coefficient of split occurrence frequencies: 0.998
Iteration 110 / LogL: -4301.205 / Time: 0h:0m:14s (0h:0m:9s left)
Iteration 120 / LogL: -4301.205 / Time: 0h:0m:15s (0h:0m:8s left)
UPDATE BEST LOG-LIKELIHOOD: -4301.147
Iteration 130 / LogL: -4301.205 / Time: 0h:0m:16s (0h:0m:7s left)
TREE SEARCH COMPLETED AFTER 134 ITERATIONS / Time: 0h:0m:16s

--------------------------------------------------------------------
|                    FINALIZING TREE SEARCH                        |
--------------------------------------------------------------------
Performs final model parameters optimization
Estimate model parameters (epsilon = 0.010)
1. Initial log-likelihood: -4301.147
Optimal log-likelihood: -4301.143
Rate parameters:  A-C: 3.25131  A-G: 8.57407  A-T: 0.96750  C-G: 0.66932  C-T: 8.57407  G-T: 1.00000
Base frequencies:  A: 0.354  C: 0.189  G: 0.232  T: 0.225
Proportion of invariable sites: 0.362
Gamma shape alpha: 0.700
Parameters optimization took 1 rounds (0.006 sec)
BEST SCORE FOUND : -4301.143
Creating bootstrap support values...
Split supports printed to NEXUS file aln_segment_1859_to_2389.splits.nex
Total tree length: 2.268

Total number of iterations: 134
CPU time used for tree search: 9.147 sec (0h:0m:9s)
Wall-clock time used for tree search: 12.726 sec (0h:0m:12s)
Total CPU time used: 13.507 sec (0h:0m:13s)
Total wall-clock time used: 16.489 sec (0h:0m:16s)

Computing bootstrap consensus tree...
Reading input file aln_segment_1859_to_2389.splits.nex...
37 taxa and 437 splits.
Consensus tree written to aln_segment_1859_to_2389.contree
Reading input trees file aln_segment_1859_to_2389.contree
Log-likelihood of consensus tree: -4301.498

Analysis results written to: 
  IQ-TREE report:                aln_segment_1859_to_2389.iqtree
  Maximum-likelihood tree:       aln_segment_1859_to_2389.treefile
  Likelihood distances:          aln_segment_1859_to_2389.mldist

Ultrafast bootstrap approximation results written to:
  Split support values:          aln_segment_1859_to_2389.splits.nex
  Consensus tree:                aln_segment_1859_to_2389.contree
  Screen log file:               aln_segment_1859_to_2389.log

Date and Time: Wed Jan 21 15:36:27 2026
