IQ-TREE version 3.0.1 for MacOS ARM 64-bit built Jun 30 2025
Developed by Bui Quang Minh, Thomas Wong, Nhan Ly-Trong, Huaiyan Ren
Contributed by Lam-Tung Nguyen, Dominik Schrempf, Chris Bielow,
Olga Chernomor, Michael Woodhams, Diep Thi Hoang, Heiko Schmidt

Host:    SUN1032320 (SSE4.2, 36 GB RAM)
Command: iqtree3 -s aln_segment_8231_to_8761.fasta -m MFP -B 1000 -T 4 -pre aln_segment_8231_to_8761
Seed:    237537 (Using SPRNG - Scalable Parallel Random Number Generator)
Time:    Wed Jan 21 15:39:32 2026
Kernel:  SSE2 - 4 threads (14 CPU cores detected)

Reading alignment file aln_segment_8231_to_8761.fasta ... Fasta format detected
Reading fasta file: done in 0.000168085 secs using 83.89% CPU
Alignment most likely contains DNA/RNA sequences
Constructing alignment: done in 0.000227928 secs using 66.25% CPU
Alignment has 37 sequences with 531 columns, 333 distinct patterns
236 parsimony-informative, 87 singleton sites, 208 constant sites
                                Gap/Ambiguity  Composition  p-value
Analyzing sequences: done in 1.09673e-05 secs using 136.8% CPU
   1  B.FR.83.HXBLAI_IIIB_BRU.K03455    7.34%    passed     91.42%
   2  A                                 3.39%    passed     87.96%
   3  A1                                3.39%    passed     87.32%
   4  A2                                1.69%    passed     95.29%
   5  A3                                8.47%    passed     97.60%
   6  A6                                2.45%    passed     89.18%
   7  B                                 7.34%    passed     66.35%
   8  C                                 3.39%    passed     98.40%
   9  D                                 7.34%    passed     89.79%
  10  F1                                7.34%    passed     98.00%
  11  F2                                7.34%    passed     96.52%
  12  G                                 3.39%    passed     95.83%
  13  H                                 7.91%    passed     99.53%
  14  J                                 5.84%    passed     97.09%
  15  K                                 7.34%    passed     90.40%
  16  L                                 9.60%    passed     92.48%
  17  AE                                3.39%    passed     74.78%
  18  AG                                3.39%    passed     89.05%
  19  cpx                               5.08%    passed     94.23%
  20  DF                                6.78%    passed     92.87%
  21  BC                                3.39%    passed     94.14%
  22  CD                                7.34%    passed     97.60%
  23  BF                                7.34%    passed     95.66%
  24  BG                                3.39%    passed     98.01%
  25  01B                               3.39%    passed     94.13%
  26  A2D                               2.45%    passed     98.94%
  27  01A1                              3.39%    passed     84.14%
  28  A5U                               3.01%    passed     81.98%
  29  AD                                3.39%    passed     74.88%
  30  BF1                               5.08%    passed     71.44%
  31  02G                               3.39%    passed     96.88%
  32  A1D                               6.97%    passed     93.74%
  33  02A                               2.82%    passed     97.00%
  34  C2U                               3.39%    passed     86.38%
  35  02B                               7.34%    passed     42.76%
  36  01C                               3.39%    passed     93.06%
  37  CPZ                               3.95%    failed      1.36%
****  TOTAL                             5.02%  1 sequences failed composition chi2 test (p-value<5%; df=3)
Checking for duplicate sequences: done in 4.19617e-05 secs using 71.49% CPU


Create initial parsimony tree by phylogenetic likelihood library (PLL)... 0.001 seconds
WARNING: Number of threads seems too high for short alignments. Use -T AUTO to determine best number of threads.
Perform fast likelihood tree search using GTR+I+G model...
Estimate model parameters (epsilon = 5.000)
Perform nearest neighbor interchange...
Estimate model parameters (epsilon = 1.000)
1. Initial log-likelihood: -5840.107
Optimal log-likelihood: -5839.961
Rate parameters:  A-C: 1.43535  A-G: 2.91373  A-T: 0.55150  C-G: 0.64603  C-T: 2.73768  G-T: 1.00000
Base frequencies:  A: 0.308  C: 0.192  G: 0.290  T: 0.209
Proportion of invariable sites: 0.180
Gamma shape alpha: 0.749
Parameters optimization took 1 rounds (0.007 sec)
Time for fast ML tree search: 0.063 seconds

NOTE: ModelFinder requires 5 MB RAM!
ModelFinder will test up to 968 DNA models (sample size: 531 epsilon: 0.100) ...
 No. Model         -LnL         df  AIC          AICc         BIC
WARNING: Number of threads seems too high for short alignments. Use -T AUTO to determine best number of threads.
  1  JC            6438.332     71  13018.665    13040.939    13322.173
WARNING: Number of threads seems too high for short alignments. Use -T AUTO to determine best number of threads.
  2  JC+I          6171.017     72  12486.034    12508.986    12793.817
WARNING: Number of threads seems too high for short alignments. Use -T AUTO to determine best number of threads.
  3  JC+G4         6057.983     72  12259.967    12282.919    12567.750
WARNING: Number of threads seems too high for short alignments. Use -T AUTO to determine best number of threads.
  4  JC+I+G4       6057.250     73  12260.501    12284.142    12572.559
WARNING: Number of threads seems too high for short alignments. Use -T AUTO to determine best number of threads.
  5  JC+R2         6078.738     73  12303.476    12327.117    12615.534
WARNING: Number of threads seems too high for short alignments. Use -T AUTO to determine best number of threads.
  6  JC+R3         6058.591     75  12267.182    12292.237    12587.789
WARNING: Number of threads seems too high for short alignments. Use -T AUTO to determine best number of threads.
  7  JC+R4         6058.007     77  12270.014    12296.531    12599.171
WARNING: Number of threads seems too high for short alignments. Use -T AUTO to determine best number of threads.
 14  JC+I+R2       6055.943     74  12259.886    12284.229    12576.219
WARNING: Number of threads seems too high for short alignments. Use -T AUTO to determine best number of threads.
 15  JC+I+R3       6055.898     76  12263.795    12289.575    12588.677
 25  JC+G4         6057.983     72  12259.967    12282.919    12567.750
 26  JC+I+G4       6057.250     73  12260.501    12284.142    12572.559
 36  JC+I+R2       6055.943     74  12259.886    12284.229    12576.219
WARNING: Number of threads seems too high for short alignments. Use -T AUTO to determine best number of threads.
 47  F81+G4        6057.983     72  12259.967    12282.919    12567.750
WARNING: Number of threads seems too high for short alignments. Use -T AUTO to determine best number of threads.
 48  F81+I+G4      6057.242     73  12260.484    12284.126    12572.542
WARNING: Number of threads seems too high for short alignments. Use -T AUTO to determine best number of threads.
 58  F81+I+R2      6055.913     74  12259.826    12284.168    12576.159
WARNING: Number of threads seems too high for short alignments. Use -T AUTO to determine best number of threads.
 69  F81+F+G4      6006.181     75  12162.363    12187.418    12482.970
WARNING: Number of threads seems too high for short alignments. Use -T AUTO to determine best number of threads.
 70  F81+F+I+G4    6005.529     76  12163.059    12188.838    12487.941
WARNING: Number of threads seems too high for short alignments. Use -T AUTO to determine best number of threads.
 80  F81+F+I+R2    6003.600     77  12161.199    12187.716    12490.356
WARNING: Number of threads seems too high for short alignments. Use -T AUTO to determine best number of threads.
 91  K2P+G4        5897.889     73  11941.778    11965.419    12253.835
WARNING: Number of threads seems too high for short alignments. Use -T AUTO to determine best number of threads.
 92  K2P+I+G4      5897.030     74  11942.061    11966.403    12258.393
WARNING: Number of threads seems too high for short alignments. Use -T AUTO to determine best number of threads.
102  K2P+I+R2      5896.026     75  11942.052    11967.107    12262.659
113  K2P+G4        5897.889     73  11941.778    11965.419    12253.835
114  K2P+I+G4      5897.030     74  11942.061    11966.403    12258.393
124  K2P+I+R2      5896.026     75  11942.052    11967.107    12262.659
WARNING: Number of threads seems too high for short alignments. Use -T AUTO to determine best number of threads.
135  HKY+G4        5897.889     73  11941.778    11965.419    12253.836
WARNING: Number of threads seems too high for short alignments. Use -T AUTO to determine best number of threads.
136  HKY+I+G4      5897.028     74  11942.055    11966.397    12258.387
WARNING: Number of threads seems too high for short alignments. Use -T AUTO to determine best number of threads.
146  HKY+I+R2      5896.025     75  11942.050    11967.105    12262.658
WARNING: Number of threads seems too high for short alignments. Use -T AUTO to determine best number of threads.
157  HKY+F+G4      5860.828     76  11873.655    11899.435    12198.537
WARNING: Number of threads seems too high for short alignments. Use -T AUTO to determine best number of threads.
158  HKY+F+I+G4    5859.945     77  11873.890    11900.407    12203.047
WARNING: Number of threads seems too high for short alignments. Use -T AUTO to determine best number of threads.
168  HKY+F+I+R2    5859.393     78  11874.786    11902.051    12208.217
WARNING: Number of threads seems too high for short alignments. Use -T AUTO to determine best number of threads.
179  TNe+G4        5880.951     74  11909.903    11934.245    12226.235
WARNING: Number of threads seems too high for short alignments. Use -T AUTO to determine best number of threads.
180  TNe+I+G4      5880.022     75  11910.044    11935.099    12230.651
WARNING: Number of threads seems too high for short alignments. Use -T AUTO to determine best number of threads.
190  TNe+I+R2      5881.169     76  11914.338    11940.118    12239.220
201  TNe+G4        5880.951     74  11909.903    11934.245    12226.235
202  TNe+I+G4      5880.022     75  11910.044    11935.099    12230.651
212  TNe+I+R2      5881.169     76  11914.338    11940.118    12239.220
WARNING: Number of threads seems too high for short alignments. Use -T AUTO to determine best number of threads.
223  TN+G4         5880.952     74  11909.903    11934.245    12226.236
WARNING: Number of threads seems too high for short alignments. Use -T AUTO to determine best number of threads.
224  TN+I+G4       5880.018     75  11910.035    11935.090    12230.642
WARNING: Number of threads seems too high for short alignments. Use -T AUTO to determine best number of threads.
234  TN+I+R2       5881.164     76  11914.328    11940.107    12239.210
WARNING: Number of threads seems too high for short alignments. Use -T AUTO to determine best number of threads.
245  TN+F+G4       5860.649     77  11875.298    11901.814    12204.454
WARNING: Number of threads seems too high for short alignments. Use -T AUTO to determine best number of threads.
246  TN+F+I+G4     5859.748     78  11875.497    11902.762    12208.928
WARNING: Number of threads seems too high for short alignments. Use -T AUTO to determine best number of threads.
256  TN+F+I+R2     5859.352     79  11876.704    11904.731    12214.411
WARNING: Number of threads seems too high for short alignments. Use -T AUTO to determine best number of threads.
267  K3P+G4        5881.735     74  11911.470    11935.812    12227.802
WARNING: Number of threads seems too high for short alignments. Use -T AUTO to determine best number of threads.
268  K3P+I+G4      5880.649     75  11911.297    11936.352    12231.904
WARNING: Number of threads seems too high for short alignments. Use -T AUTO to determine best number of threads.
278  K3P+I+R2      5879.615     76  11911.231    11937.011    12236.113
289  K3P+G4        5881.735     74  11911.470    11935.812    12227.802
290  K3P+I+G4      5880.649     75  11911.297    11936.352    12231.904
300  K3P+I+R2      5879.615     76  11911.231    11937.011    12236.113
WARNING: Number of threads seems too high for short alignments. Use -T AUTO to determine best number of threads.
311  K3Pu+G4       5881.735     74  11911.470    11935.812    12227.803
WARNING: Number of threads seems too high for short alignments. Use -T AUTO to determine best number of threads.
312  K3Pu+I+G4     5880.650     75  11911.301    11936.356    12231.908
WARNING: Number of threads seems too high for short alignments. Use -T AUTO to determine best number of threads.
322  K3Pu+I+R2     5879.615     76  11911.230    11937.010    12236.112
WARNING: Number of threads seems too high for short alignments. Use -T AUTO to determine best number of threads.
333  K3Pu+F+G4     5844.838     77  11843.675    11870.192    12172.832
WARNING: Number of threads seems too high for short alignments. Use -T AUTO to determine best number of threads.
334  K3Pu+F+I+G4   5843.747     78  11843.495    11870.760    12176.926
WARNING: Number of threads seems too high for short alignments. Use -T AUTO to determine best number of threads.
344  K3Pu+F+I+R2   5843.210     79  11844.420    11872.447    12182.127
WARNING: Number of threads seems too high for short alignments. Use -T AUTO to determine best number of threads.
355  TPM2+G4       5895.877     74  11939.755    11964.097    12256.087
WARNING: Number of threads seems too high for short alignments. Use -T AUTO to determine best number of threads.
356  TPM2+I+G4     5894.929     75  11939.857    11964.912    12260.464
WARNING: Number of threads seems too high for short alignments. Use -T AUTO to determine best number of threads.
366  TPM2+I+R2     5893.641     76  11939.282    11965.062    12264.164
377  TPM2+G4       5895.877     74  11939.755    11964.097    12256.087
378  TPM2+I+G4     5894.929     75  11939.857    11964.912    12260.464
388  TPM2+I+R2     5893.641     76  11939.282    11965.062    12264.164
WARNING: Number of threads seems too high for short alignments. Use -T AUTO to determine best number of threads.
399  TPM2u+G4      5895.877     74  11939.754    11964.096    12256.087
WARNING: Number of threads seems too high for short alignments. Use -T AUTO to determine best number of threads.
400  TPM2u+I+G4    5894.930     75  11939.860    11964.915    12260.467
WARNING: Number of threads seems too high for short alignments. Use -T AUTO to determine best number of threads.
410  TPM2u+I+R2    5893.641     76  11939.281    11965.061    12264.163
WARNING: Number of threads seems too high for short alignments. Use -T AUTO to determine best number of threads.
421  TPM2u+F+G4    5859.574     77  11873.148    11899.665    12202.305
WARNING: Number of threads seems too high for short alignments. Use -T AUTO to determine best number of threads.
422  TPM2u+F+I+G4  5858.622     78  11873.244    11900.509    12206.675
WARNING: Number of threads seems too high for short alignments. Use -T AUTO to determine best number of threads.
432  TPM2u+F+I+R2  5857.851     79  11873.702    11901.728    12211.408
WARNING: Number of threads seems too high for short alignments. Use -T AUTO to determine best number of threads.
443  TPM3+G4       5895.883     74  11939.767    11964.109    12256.099
WARNING: Number of threads seems too high for short alignments. Use -T AUTO to determine best number of threads.
444  TPM3+I+G4     5894.906     75  11939.812    11964.867    12260.419
WARNING: Number of threads seems too high for short alignments. Use -T AUTO to determine best number of threads.
454  TPM3+I+R2     5894.122     76  11940.244    11966.024    12265.126
465  TPM3+G4       5895.883     74  11939.767    11964.109    12256.099
466  TPM3+I+G4     5894.906     75  11939.812    11964.867    12260.419
476  TPM3+I+R2     5894.122     76  11940.244    11966.024    12265.126
WARNING: Number of threads seems too high for short alignments. Use -T AUTO to determine best number of threads.
487  TPM3u+G4      5895.884     74  11939.769    11964.111    12256.101
WARNING: Number of threads seems too high for short alignments. Use -T AUTO to determine best number of threads.
488  TPM3u+I+G4    5894.905     75  11939.811    11964.866    12260.418
WARNING: Number of threads seems too high for short alignments. Use -T AUTO to determine best number of threads.
498  TPM3u+I+R2    5894.122     76  11940.245    11966.024    12265.126
WARNING: Number of threads seems too high for short alignments. Use -T AUTO to determine best number of threads.
509  TPM3u+F+G4    5857.693     77  11869.387    11895.903    12198.543
WARNING: Number of threads seems too high for short alignments. Use -T AUTO to determine best number of threads.
510  TPM3u+F+I+G4  5856.661     78  11869.321    11896.587    12202.753
WARNING: Number of threads seems too high for short alignments. Use -T AUTO to determine best number of threads.
520  TPM3u+F+I+R2  5856.463     79  11870.927    11898.954    12208.633
WARNING: Number of threads seems too high for short alignments. Use -T AUTO to determine best number of threads.
531  TIMe+G4       5864.747     75  11879.494    11904.549    12200.102
WARNING: Number of threads seems too high for short alignments. Use -T AUTO to determine best number of threads.
532  TIMe+I+G4     5863.613     76  11879.226    11905.006    12204.108
WARNING: Number of threads seems too high for short alignments. Use -T AUTO to determine best number of threads.
542  TIMe+I+R2     5864.829     77  11883.659    11910.175    12212.815
553  TIMe+G4       5864.747     75  11879.494    11904.549    12200.102
554  TIMe+I+G4     5863.613     76  11879.226    11905.006    12204.108
564  TIMe+I+R2     5864.829     77  11883.659    11910.175    12212.815
WARNING: Number of threads seems too high for short alignments. Use -T AUTO to determine best number of threads.
575  TIM+G4        5864.747     75  11879.495    11904.550    12200.102
WARNING: Number of threads seems too high for short alignments. Use -T AUTO to determine best number of threads.
576  TIM+I+G4      5863.611     76  11879.221    11905.001    12204.103
WARNING: Number of threads seems too high for short alignments. Use -T AUTO to determine best number of threads.
586  TIM+I+R2      5864.827     77  11883.653    11910.170    12212.810
WARNING: Number of threads seems too high for short alignments. Use -T AUTO to determine best number of threads.
597  TIM+F+G4      5844.659     78  11845.319    11872.584    12178.750
WARNING: Number of threads seems too high for short alignments. Use -T AUTO to determine best number of threads.
598  TIM+F+I+G4    5843.553     79  11845.107    11873.134    12182.813
WARNING: Number of threads seems too high for short alignments. Use -T AUTO to determine best number of threads.
608  TIM+F+I+R2    5843.175     80  11846.350    11875.150    12188.331
WARNING: Number of threads seems too high for short alignments. Use -T AUTO to determine best number of threads.
619  TIM2e+G4      5879.022     75  11908.044    11933.099    12228.651
WARNING: Number of threads seems too high for short alignments. Use -T AUTO to determine best number of threads.
620  TIM2e+I+G4    5878.016     76  11908.031    11933.811    12232.913
WARNING: Number of threads seems too high for short alignments. Use -T AUTO to determine best number of threads.
630  TIM2e+I+R2    5878.932     77  11911.865    11938.381    12241.021
641  TIM2e+G4      5879.022     75  11908.044    11933.099    12228.651
642  TIM2e+I+G4    5878.016     76  11908.031    11933.811    12232.913
652  TIM2e+I+R2    5878.932     77  11911.865    11938.381    12241.021
WARNING: Number of threads seems too high for short alignments. Use -T AUTO to determine best number of threads.
663  TIM2+G4       5879.022     75  11908.044    11933.099    12228.651
WARNING: Number of threads seems too high for short alignments. Use -T AUTO to determine best number of threads.
664  TIM2+I+G4     5878.014     76  11908.028    11933.808    12232.910
WARNING: Number of threads seems too high for short alignments. Use -T AUTO to determine best number of threads.
674  TIM2+I+R2     5878.926     77  11911.852    11938.369    12241.009
WARNING: Number of threads seems too high for short alignments. Use -T AUTO to determine best number of threads.
685  TIM2+F+G4     5859.404     78  11874.809    11902.074    12208.240
WARNING: Number of threads seems too high for short alignments. Use -T AUTO to determine best number of threads.
686  TIM2+F+I+G4   5858.438     79  11874.876    11902.902    12212.582
WARNING: Number of threads seems too high for short alignments. Use -T AUTO to determine best number of threads.
696  TIM2+F+I+R2   5857.817     80  11875.634    11904.434    12217.615
WARNING: Number of threads seems too high for short alignments. Use -T AUTO to determine best number of threads.
707  TIM3e+G4      5878.899     75  11907.798    11932.852    12228.405
WARNING: Number of threads seems too high for short alignments. Use -T AUTO to determine best number of threads.
708  TIM3e+I+G4    5877.905     76  11907.810    11933.590    12232.692
WARNING: Number of threads seems too high for short alignments. Use -T AUTO to determine best number of threads.
718  TIM3e+I+R2    5879.203     77  11912.407    11938.923    12241.563
729  TIM3e+G4      5878.899     75  11907.798    11932.852    12228.405
730  TIM3e+I+G4    5877.905     76  11907.810    11933.590    12232.692
740  TIM3e+I+R2    5879.203     77  11912.407    11938.923    12241.563
WARNING: Number of threads seems too high for short alignments. Use -T AUTO to determine best number of threads.
751  TIM3+G4       5878.897     75  11907.795    11932.850    12228.402
WARNING: Number of threads seems too high for short alignments. Use -T AUTO to determine best number of threads.
752  TIM3+I+G4     5877.903     76  11907.806    11933.586    12232.688
WARNING: Number of threads seems too high for short alignments. Use -T AUTO to determine best number of threads.
762  TIM3+I+R2     5879.196     77  11912.392    11938.908    12241.549
WARNING: Number of threads seems too high for short alignments. Use -T AUTO to determine best number of threads.
773  TIM3+F+G4     5857.522     78  11871.045    11898.310    12204.476
WARNING: Number of threads seems too high for short alignments. Use -T AUTO to determine best number of threads.
774  TIM3+F+I+G4   5856.486     79  11870.972    11898.999    12208.678
WARNING: Number of threads seems too high for short alignments. Use -T AUTO to determine best number of threads.
784  TIM3+F+I+R2   5856.424     80  11872.849    11901.649    12214.830
WARNING: Number of threads seems too high for short alignments. Use -T AUTO to determine best number of threads.
795  TVMe+G4       5878.509     76  11909.019    11934.799    12233.901
WARNING: Number of threads seems too high for short alignments. Use -T AUTO to determine best number of threads.
796  TVMe+I+G4     5877.335     77  11908.670    11935.186    12237.827
WARNING: Number of threads seems too high for short alignments. Use -T AUTO to determine best number of threads.
806  TVMe+I+R2     5876.151     78  11908.301    11935.567    12241.733
817  TVMe+G4       5878.509     76  11909.019    11934.799    12233.901
818  TVMe+I+G4     5877.335     77  11908.670    11935.186    12237.827
828  TVMe+I+R2     5876.151     78  11908.301    11935.567    12241.733
WARNING: Number of threads seems too high for short alignments. Use -T AUTO to determine best number of threads.
839  TVM+G4        5878.510     76  11909.019    11934.799    12233.901
WARNING: Number of threads seems too high for short alignments. Use -T AUTO to determine best number of threads.
840  TVM+I+G4      5877.333     77  11908.666    11935.183    12237.823
WARNING: Number of threads seems too high for short alignments. Use -T AUTO to determine best number of threads.
850  TVM+I+R2      5876.149     78  11908.297    11935.563    12241.729
WARNING: Number of threads seems too high for short alignments. Use -T AUTO to determine best number of threads.
861  TVM+F+G4      5841.144     79  11840.288    11868.314    12177.994
WARNING: Number of threads seems too high for short alignments. Use -T AUTO to determine best number of threads.
862  TVM+F+I+G4    5839.960     80  11839.919    11868.719    12181.900
WARNING: Number of threads seems too high for short alignments. Use -T AUTO to determine best number of threads.
872  TVM+F+I+R2    5839.445     81  11840.889    11870.475    12187.145
WARNING: Number of threads seems too high for short alignments. Use -T AUTO to determine best number of threads.
883  SYM+G4        5861.532     77  11877.064    11903.580    12206.220
WARNING: Number of threads seems too high for short alignments. Use -T AUTO to determine best number of threads.
884  SYM+I+G4      5860.378     78  11876.757    11904.022    12210.188
WARNING: Number of threads seems too high for short alignments. Use -T AUTO to determine best number of threads.
894  SYM+I+R2      5861.394     79  11880.788    11908.814    12218.494
905  SYM+G4        5861.532     77  11877.064    11903.580    12206.220
906  SYM+I+G4      5860.378     78  11876.757    11904.022    12210.188
916  SYM+I+R2      5861.394     79  11880.788    11908.814    12218.494
WARNING: Number of threads seems too high for short alignments. Use -T AUTO to determine best number of threads.
927  GTR+G4        5861.532     77  11877.064    11903.580    12206.221
WARNING: Number of threads seems too high for short alignments. Use -T AUTO to determine best number of threads.
928  GTR+I+G4      5860.380     78  11876.759    11904.025    12210.191
WARNING: Number of threads seems too high for short alignments. Use -T AUTO to determine best number of threads.
938  GTR+I+R2      5861.394     79  11880.787    11908.814    12218.493
WARNING: Number of threads seems too high for short alignments. Use -T AUTO to determine best number of threads.
949  GTR+F+G4      5840.976     80  11841.952    11870.752    12183.933
WARNING: Number of threads seems too high for short alignments. Use -T AUTO to determine best number of threads.
950  GTR+F+I+G4    5839.798     81  11841.596    11871.182    12187.852
WARNING: Number of threads seems too high for short alignments. Use -T AUTO to determine best number of threads.
960  GTR+F+I+R2    5839.413     82  11842.827    11873.211    12193.357
Akaike Information Criterion:           TVM+F+I+G4
Corrected Akaike Information Criterion: TVM+F+G4
Bayesian Information Criterion:         K3Pu+F+G4
Best-fit model: K3Pu+F+G4 chosen according to BIC

All model information printed to aln_segment_8231_to_8761.model.gz
CPU time for ModelFinder: 2.445 seconds (0h:0m:2s)
Wall-clock time for ModelFinder: 1.968 seconds (0h:0m:1s)
Generating 1000 samples for ultrafast bootstrap (seed: 237537)...

NOTE: 2 MB RAM (0 GB) is required!
WARNING: Number of threads seems too high for short alignments. Use -T AUTO to determine best number of threads.
Estimate model parameters (epsilon = 0.100)
1. Initial log-likelihood: -5845.261
2. Current log-likelihood: -5844.850
Optimal log-likelihood: -5844.838
Rate parameters:  A-C: 1.00000  A-G: 2.35515  A-T: 0.49949  C-G: 0.49949  C-T: 2.35515  G-T: 1.00000
Base frequencies:  A: 0.308  C: 0.192  G: 0.290  T: 0.209
Gamma shape alpha: 0.477
Parameters optimization took 2 rounds (0.014 sec)
Wrote distance file to... 
Computing ML distances based on estimated model parameters...
Calculating distance matrix: done in 0.000654936 secs using 384.5% CPU
Computing ML distances took 0.000725 sec (of wall-clock time) 0.002570 sec (of CPU time)
Setting up auxiliary I and S matrices: done in 5.10216e-05 secs using 143.1% CPU
Constructing RapidNJ tree: done in 0.00122714 secs using 55.01% CPU
Computing RapidNJ tree took 0.001301 sec (of wall-clock time) 0.000771 sec (of CPU time)
Log-likelihood of RapidNJ tree: -5888.495
--------------------------------------------------------------------
|             INITIALIZING CANDIDATE TREE SET                      |
--------------------------------------------------------------------
Generating 98 parsimony trees... 0.102 second
Computing log-likelihood of 98 initial trees ... 0.414 seconds
Current best score: -5844.838

Do NNI search on 20 best initial trees
Estimate model parameters (epsilon = 0.100)
BETTER TREE FOUND at iteration 1: -5844.604
Iteration 10 / LogL: -5856.250 / Time: 0h:0m:2s
Iteration 20 / LogL: -5857.850 / Time: 0h:0m:3s
Finish initializing candidate tree set (13)
Current best tree score: -5844.604 / CPU time: 1.476
Number of iterations: 20
--------------------------------------------------------------------
|               OPTIMIZING CANDIDATE TREE SET                      |
--------------------------------------------------------------------
Iteration 30 / LogL: -5844.829 / Time: 0h:0m:4s (0h:0m:5s left)
UPDATE BEST LOG-LIKELIHOOD: -5844.598
UPDATE BEST LOG-LIKELIHOOD: -5844.589
Iteration 40 / LogL: -5844.589 / Time: 0h:0m:5s (0h:0m:4s left)
Iteration 50 / LogL: -5845.577 / Time: 0h:0m:6s (0h:0m:4s left)
Log-likelihood cutoff on original alignment: -5899.703
Iteration 60 / LogL: -5845.497 / Time: 0h:0m:6s (0h:0m:3s left)
Iteration 70 / LogL: -5844.679 / Time: 0h:0m:7s (0h:0m:2s left)
Iteration 80 / LogL: -5845.899 / Time: 0h:0m:8s (0h:0m:1s left)
Iteration 90 / LogL: -5844.836 / Time: 0h:0m:9s (0h:0m:0s left)
Iteration 100 / LogL: -5844.594 / Time: 0h:0m:10s (0h:0m:0s left)
Log-likelihood cutoff on original alignment: -5899.720
NOTE: Bootstrap correlation coefficient of split occurrence frequencies: 0.999
TREE SEARCH COMPLETED AFTER 102 ITERATIONS / Time: 0h:0m:10s

--------------------------------------------------------------------
|                    FINALIZING TREE SEARCH                        |
--------------------------------------------------------------------
Performs final model parameters optimization
Estimate model parameters (epsilon = 0.010)
1. Initial log-likelihood: -5844.589
2. Current log-likelihood: -5844.578
Optimal log-likelihood: -5844.576
Rate parameters:  A-C: 1.00000  A-G: 2.34960  A-T: 0.49336  C-G: 0.49336  C-T: 2.34960  G-T: 1.00000
Base frequencies:  A: 0.308  C: 0.192  G: 0.290  T: 0.209
Gamma shape alpha: 0.476
Parameters optimization took 2 rounds (0.010 sec)
BEST SCORE FOUND : -5844.576
Creating bootstrap support values...
Split supports printed to NEXUS file aln_segment_8231_to_8761.splits.nex
Total tree length: 2.990

Total number of iterations: 102
CPU time used for tree search: 6.878 sec (0h:0m:6s)
Wall-clock time used for tree search: 8.610 sec (0h:0m:8s)
Total CPU time used: 9.397 sec (0h:0m:9s)
Total wall-clock time used: 10.647 sec (0h:0m:10s)

Computing bootstrap consensus tree...
Reading input file aln_segment_8231_to_8761.splits.nex...
37 taxa and 273 splits.
Consensus tree written to aln_segment_8231_to_8761.contree
Reading input trees file aln_segment_8231_to_8761.contree
Log-likelihood of consensus tree: -5844.576

Analysis results written to: 
  IQ-TREE report:                aln_segment_8231_to_8761.iqtree
  Maximum-likelihood tree:       aln_segment_8231_to_8761.treefile
  Likelihood distances:          aln_segment_8231_to_8761.mldist

Ultrafast bootstrap approximation results written to:
  Split support values:          aln_segment_8231_to_8761.splits.nex
  Consensus tree:                aln_segment_8231_to_8761.contree
  Screen log file:               aln_segment_8231_to_8761.log

Date and Time: Wed Jan 21 15:39:42 2026
