IQ-TREE version 3.0.1 for MacOS ARM 64-bit built Jun 30 2025
Developed by Bui Quang Minh, Thomas Wong, Nhan Ly-Trong, Huaiyan Ren
Contributed by Lam-Tung Nguyen, Dominik Schrempf, Chris Bielow,
Olga Chernomor, Michael Woodhams, Diep Thi Hoang, Heiko Schmidt

Host:    SUN1032320 (SSE4.2, 36 GB RAM)
Command: iqtree3 -s aln_segment_7363_to_7837.fasta -m MFP -B 1000 -T 4 -pre aln_segment_7363_to_7837
Seed:    911735 (Using SPRNG - Scalable Parallel Random Number Generator)
Time:    Mon Jan 19 19:39:15 2026
Kernel:  SSE2 - 4 threads (14 CPU cores detected)

Reading alignment file aln_segment_7363_to_7837.fasta ... Fasta format detected
Reading fasta file: done in 0.00023222 secs using 84.83% CPU
Alignment most likely contains DNA/RNA sequences
Constructing alignment: done in 0.000295877 secs using 66.92% CPU
Alignment has 37 sequences with 475 columns, 262 distinct patterns
196 parsimony-informative, 68 singleton sites, 211 constant sites
                                Gap/Ambiguity  Composition  p-value
Analyzing sequences: done in 1.40667e-05 secs using 142.2% CPU
   1  B.FR.83.HXBLAI_IIIB_BRU.K03455    0.00%    passed     91.76%
   2  A                                 0.00%    passed     96.46%
   3  A1                                0.00%    passed     99.20%
   4  A2                                0.00%    passed     85.22%
   5  A3                                2.53%    passed     94.96%
   6  A6                                0.00%    passed     94.35%
   7  B                                 0.00%    passed     88.83%
   8  C                                 0.00%    passed     99.84%
   9  D                                 0.00%    passed     98.54%
  10  F1                                0.00%    passed     90.91%
  11  F2                                0.00%    passed     93.89%
  12  G                                 0.00%    passed     98.41%
  13  H                                 0.63%    passed     99.81%
  14  J                                 0.00%    passed     99.39%
  15  K                                 0.00%    passed     98.87%
  16  L                                 2.53%    passed     97.68%
  17  AE                                0.00%    passed     84.79%
  18  AG                                0.00%    passed     98.85%
  19  cpx                               0.00%    passed     88.08%
  20  DF                                0.00%    passed     97.49%
  21  BC                                0.00%    passed     98.07%
  22  CD                                0.00%    passed     99.89%
  23  BF                                0.00%    passed     98.79%
  24  BG                                0.00%    passed     99.68%
  25  01B                               0.00%    passed     83.19%
  26  A2D                               0.00%    passed     83.70%
  27  01A1                              0.00%    passed     98.47%
  28  A5U                               0.00%    passed     94.67%
  29  AD                                0.00%    passed     94.45%
  30  BF1                               0.00%    passed     69.02%
  31  02G                               0.00%    passed     99.08%
  32  A1D                               0.00%    passed     97.24%
  33  02A                               0.00%    passed     97.88%
  34  C2U                               0.00%    passed     93.78%
  35  02B                               4.42%    passed     54.30%
  36  01C                               0.00%    passed     99.06%
  37  CPZ                               0.00%    passed     12.38%
****  TOTAL                             0.27%  0 sequences failed composition chi2 test (p-value<5%; df=3)
Checking for duplicate sequences: done in 5.60284e-05 secs using 69.61% CPU


Create initial parsimony tree by phylogenetic likelihood library (PLL)... 0.002 seconds
WARNING: Number of threads seems too high for short alignments. Use -T AUTO to determine best number of threads.
Perform fast likelihood tree search using GTR+I+G model...
Estimate model parameters (epsilon = 5.000)
Perform nearest neighbor interchange...
Estimate model parameters (epsilon = 1.000)
1. Initial log-likelihood: -4967.279
Optimal log-likelihood: -4967.025
Rate parameters:  A-C: 1.61218  A-G: 3.80119  A-T: 0.53464  C-G: 0.60718  C-T: 3.03067  G-T: 1.00000
Base frequencies:  A: 0.293  C: 0.190  G: 0.270  T: 0.247
Proportion of invariable sites: 0.219
Gamma shape alpha: 0.682
Parameters optimization took 1 rounds (0.013 sec)
Time for fast ML tree search: 0.127 seconds

NOTE: ModelFinder requires 4 MB RAM!
ModelFinder will test up to 968 DNA models (sample size: 475 epsilon: 0.100) ...
 No. Model         -LnL         df  AIC          AICc         BIC
WARNING: Number of threads seems too high for short alignments. Use -T AUTO to determine best number of threads.
  1  JC            5535.589     71  11213.178    11238.547    11508.773
WARNING: Number of threads seems too high for short alignments. Use -T AUTO to determine best number of threads.
  2  JC+I          5271.736     72  10687.472    10713.622    10987.231
WARNING: Number of threads seems too high for short alignments. Use -T AUTO to determine best number of threads.
  3  JC+G4         5177.017     72  10498.034    10524.184    10797.793
WARNING: Number of threads seems too high for short alignments. Use -T AUTO to determine best number of threads.
  4  JC+I+G4       5173.964     73  10493.927    10520.870    10797.849
WARNING: Number of threads seems too high for short alignments. Use -T AUTO to determine best number of threads.
  5  JC+R2         5195.651     73  10537.302    10564.244    10841.224
WARNING: Number of threads seems too high for short alignments. Use -T AUTO to determine best number of threads.
  6  JC+R3         5173.789     75  10497.578    10526.150    10809.827
WARNING: Number of threads seems too high for short alignments. Use -T AUTO to determine best number of threads.
  7  JC+R4         5173.437     77  10500.874    10531.131    10821.449
WARNING: Number of threads seems too high for short alignments. Use -T AUTO to determine best number of threads.
 14  JC+I+R2       5174.227     74  10496.454    10524.204    10804.539
WARNING: Number of threads seems too high for short alignments. Use -T AUTO to determine best number of threads.
 15  JC+I+R3       5172.388     76  10496.775    10526.182    10813.187
 25  JC+G4         5177.017     72  10498.034    10524.184    10797.793
 26  JC+I+G4       5173.964     73  10493.927    10520.870    10797.849
 36  JC+I+R2       5174.227     74  10496.454    10524.204    10804.539
WARNING: Number of threads seems too high for short alignments. Use -T AUTO to determine best number of threads.
 47  F81+G4        5177.018     72  10498.036    10524.185    10797.794
WARNING: Number of threads seems too high for short alignments. Use -T AUTO to determine best number of threads.
 48  F81+I+G4      5173.964     73  10493.928    10520.870    10797.850
WARNING: Number of threads seems too high for short alignments. Use -T AUTO to determine best number of threads.
 58  F81+I+R2      5174.207     74  10496.414    10524.164    10804.499
WARNING: Number of threads seems too high for short alignments. Use -T AUTO to determine best number of threads.
 69  F81+F+G4      5152.611     75  10455.222    10483.794    10767.471
WARNING: Number of threads seems too high for short alignments. Use -T AUTO to determine best number of threads.
 70  F81+F+I+G4    5149.682     76  10451.363    10480.770    10767.775
WARNING: Number of threads seems too high for short alignments. Use -T AUTO to determine best number of threads.
 80  F81+F+I+R2    5149.450     77  10452.900    10483.157    10773.475
WARNING: Number of threads seems too high for short alignments. Use -T AUTO to determine best number of threads.
 91  K2P+G4        5012.389     73  10170.778    10197.720    10474.700
WARNING: Number of threads seems too high for short alignments. Use -T AUTO to determine best number of threads.
 92  K2P+I+G4      5009.143     74  10166.286    10194.036    10474.371
WARNING: Number of threads seems too high for short alignments. Use -T AUTO to determine best number of threads.
102  K2P+I+R2      5009.898     75  10169.797    10198.368    10482.046
113  K2P+G4        5012.389     73  10170.778    10197.720    10474.700
114  K2P+I+G4      5009.143     74  10166.286    10194.036    10474.371
124  K2P+I+R2      5009.898     75  10169.797    10198.368    10482.046
WARNING: Number of threads seems too high for short alignments. Use -T AUTO to determine best number of threads.
135  HKY+G4        5012.390     73  10170.780    10197.722    10474.702
WARNING: Number of threads seems too high for short alignments. Use -T AUTO to determine best number of threads.
136  HKY+I+G4      5009.142     74  10166.284    10194.034    10474.369
WARNING: Number of threads seems too high for short alignments. Use -T AUTO to determine best number of threads.
146  HKY+I+R2      5009.898     75  10169.796    10198.368    10482.045
WARNING: Number of threads seems too high for short alignments. Use -T AUTO to determine best number of threads.
157  HKY+F+G4      4993.301     76  10138.602    10168.009    10455.014
WARNING: Number of threads seems too high for short alignments. Use -T AUTO to determine best number of threads.
158  HKY+F+I+G4    4990.228     77  10134.456    10164.713    10455.031
WARNING: Number of threads seems too high for short alignments. Use -T AUTO to determine best number of threads.
168  HKY+F+I+R2    4991.459     78  10138.918    10170.039    10463.657
WARNING: Number of threads seems too high for short alignments. Use -T AUTO to determine best number of threads.
179  TNe+G4        4999.957     74  10147.915    10175.665    10456.000
WARNING: Number of threads seems too high for short alignments. Use -T AUTO to determine best number of threads.
180  TNe+I+G4      4996.500     75  10143.000    10171.572    10455.249
WARNING: Number of threads seems too high for short alignments. Use -T AUTO to determine best number of threads.
190  TNe+I+R2      4999.593     76  10151.185    10180.592    10467.597
201  TNe+G4        4999.957     74  10147.915    10175.665    10456.000
202  TNe+I+G4      4996.500     75  10143.000    10171.572    10455.249
212  TNe+I+R2      4999.593     76  10151.185    10180.592    10467.597
WARNING: Number of threads seems too high for short alignments. Use -T AUTO to determine best number of threads.
223  TN+G4         4999.958     74  10147.917    10175.667    10456.002
WARNING: Number of threads seems too high for short alignments. Use -T AUTO to determine best number of threads.
224  TN+I+G4       4996.493     75  10142.986    10171.558    10455.235
WARNING: Number of threads seems too high for short alignments. Use -T AUTO to determine best number of threads.
234  TN+I+R2       4999.587     76  10151.175    10180.582    10467.587
WARNING: Number of threads seems too high for short alignments. Use -T AUTO to determine best number of threads.
245  TN+F+G4       4991.444     77  10136.888    10167.145    10457.463
WARNING: Number of threads seems too high for short alignments. Use -T AUTO to determine best number of threads.
246  TN+F+I+G4     4988.253     78  10132.505    10163.627    10457.244
WARNING: Number of threads seems too high for short alignments. Use -T AUTO to determine best number of threads.
256  TN+F+I+R2     4990.322     79  10138.644    10170.644    10467.546
WARNING: Number of threads seems too high for short alignments. Use -T AUTO to determine best number of threads.
267  K3P+G4        4996.488     74  10140.976    10168.726    10449.061
WARNING: Number of threads seems too high for short alignments. Use -T AUTO to determine best number of threads.
268  K3P+I+G4      4993.024     75  10136.047    10164.619    10448.296
WARNING: Number of threads seems too high for short alignments. Use -T AUTO to determine best number of threads.
278  K3P+I+R2      4993.621     76  10139.241    10168.648    10455.653
289  K3P+G4        4996.488     74  10140.976    10168.726    10449.061
290  K3P+I+G4      4993.024     75  10136.047    10164.619    10448.296
300  K3P+I+R2      4993.621     76  10139.241    10168.648    10455.653
WARNING: Number of threads seems too high for short alignments. Use -T AUTO to determine best number of threads.
311  K3Pu+G4       4996.490     74  10140.979    10168.729    10449.065
WARNING: Number of threads seems too high for short alignments. Use -T AUTO to determine best number of threads.
312  K3Pu+I+G4     4993.023     75  10136.046    10164.617    10448.294
WARNING: Number of threads seems too high for short alignments. Use -T AUTO to determine best number of threads.
322  K3Pu+I+R2     4993.621     76  10139.242    10168.649    10455.654
WARNING: Number of threads seems too high for short alignments. Use -T AUTO to determine best number of threads.
333  K3Pu+F+G4     4976.960     77  10107.920    10138.177    10428.495
WARNING: Number of threads seems too high for short alignments. Use -T AUTO to determine best number of threads.
334  K3Pu+F+I+G4   4973.741     78  10103.483    10134.604    10428.221
WARNING: Number of threads seems too high for short alignments. Use -T AUTO to determine best number of threads.
344  K3Pu+F+I+R2   4974.894     79  10107.788    10139.788    10436.690
WARNING: Number of threads seems too high for short alignments. Use -T AUTO to determine best number of threads.
355  TPM2+G4       5009.994     74  10167.987    10195.737    10476.072
WARNING: Number of threads seems too high for short alignments. Use -T AUTO to determine best number of threads.
356  TPM2+I+G4     5006.584     75  10163.168    10191.739    10475.417
WARNING: Number of threads seems too high for short alignments. Use -T AUTO to determine best number of threads.
366  TPM2+I+R2     5007.005     76  10166.010    10195.417    10482.422
377  TPM2+G4       5009.994     74  10167.987    10195.737    10476.072
378  TPM2+I+G4     5006.584     75  10163.168    10191.739    10475.417
388  TPM2+I+R2     5007.005     76  10166.010    10195.417    10482.422
WARNING: Number of threads seems too high for short alignments. Use -T AUTO to determine best number of threads.
399  TPM2u+G4      5009.992     74  10167.984    10195.734    10476.069
WARNING: Number of threads seems too high for short alignments. Use -T AUTO to determine best number of threads.
400  TPM2u+I+G4    5006.583     75  10163.166    10191.738    10475.415
WARNING: Number of threads seems too high for short alignments. Use -T AUTO to determine best number of threads.
410  TPM2u+I+R2    5007.005     76  10166.010    10195.417    10482.422
WARNING: Number of threads seems too high for short alignments. Use -T AUTO to determine best number of threads.
421  TPM2u+F+G4    4991.844     77  10137.689    10167.946    10458.264
WARNING: Number of threads seems too high for short alignments. Use -T AUTO to determine best number of threads.
422  TPM2u+F+I+G4  4988.672     78  10133.345    10164.466    10458.083
WARNING: Number of threads seems too high for short alignments. Use -T AUTO to determine best number of threads.
432  TPM2u+F+I+R2  4989.613     79  10137.225    10169.225    10466.127
WARNING: Number of threads seems too high for short alignments. Use -T AUTO to determine best number of threads.
443  TPM3+G4       5011.635     74  10171.270    10199.020    10479.356
WARNING: Number of threads seems too high for short alignments. Use -T AUTO to determine best number of threads.
444  TPM3+I+G4     5008.439     75  10166.878    10195.449    10479.126
WARNING: Number of threads seems too high for short alignments. Use -T AUTO to determine best number of threads.
454  TPM3+I+R2     5009.150     76  10170.299    10199.706    10486.711
465  TPM3+G4       5011.635     74  10171.270    10199.020    10479.356
466  TPM3+I+G4     5008.439     75  10166.878    10195.449    10479.126
476  TPM3+I+R2     5009.150     76  10170.299    10199.706    10486.711
WARNING: Number of threads seems too high for short alignments. Use -T AUTO to determine best number of threads.
487  TPM3u+G4      5011.636     74  10171.271    10199.021    10479.357
WARNING: Number of threads seems too high for short alignments. Use -T AUTO to determine best number of threads.
488  TPM3u+I+G4    5008.439     75  10166.879    10195.450    10479.128
WARNING: Number of threads seems too high for short alignments. Use -T AUTO to determine best number of threads.
498  TPM3u+I+R2    5009.149     76  10170.298    10199.705    10486.710
WARNING: Number of threads seems too high for short alignments. Use -T AUTO to determine best number of threads.
509  TPM3u+F+G4    4988.877     77  10131.753    10162.010    10452.329
WARNING: Number of threads seems too high for short alignments. Use -T AUTO to determine best number of threads.
510  TPM3u+F+I+G4  4986.034     78  10128.069    10159.190    10452.807
WARNING: Number of threads seems too high for short alignments. Use -T AUTO to determine best number of threads.
520  TPM3u+F+I+R2  4987.209     79  10132.417    10164.417    10461.319
WARNING: Number of threads seems too high for short alignments. Use -T AUTO to determine best number of threads.
531  TIMe+G4       4983.941     75  10117.882    10146.453    10430.130
WARNING: Number of threads seems too high for short alignments. Use -T AUTO to determine best number of threads.
532  TIMe+I+G4     4980.173     76  10112.345    10141.752    10428.757
WARNING: Number of threads seems too high for short alignments. Use -T AUTO to determine best number of threads.
542  TIMe+I+R2     4983.218     77  10120.435    10150.692    10441.011
553  TIMe+G4       4983.941     75  10117.882    10146.453    10430.130
554  TIMe+I+G4     4980.173     76  10112.345    10141.752    10428.757
564  TIMe+I+R2     4983.218     77  10120.435    10150.692    10441.011
WARNING: Number of threads seems too high for short alignments. Use -T AUTO to determine best number of threads.
575  TIM+G4        4983.941     75  10117.882    10146.453    10430.131
WARNING: Number of threads seems too high for short alignments. Use -T AUTO to determine best number of threads.
576  TIM+I+G4      4980.166     76  10112.331    10141.738    10428.743
WARNING: Number of threads seems too high for short alignments. Use -T AUTO to determine best number of threads.
586  TIM+I+R2      4983.217     77  10120.433    10150.690    10441.008
WARNING: Number of threads seems too high for short alignments. Use -T AUTO to determine best number of threads.
597  TIM+F+G4      4975.067     78  10106.134    10137.255    10430.872
WARNING: Number of threads seems too high for short alignments. Use -T AUTO to determine best number of threads.
598  TIM+F+I+G4    4971.653     79  10101.306    10133.306    10430.208
WARNING: Number of threads seems too high for short alignments. Use -T AUTO to determine best number of threads.
608  TIM+F+I+R2    4973.713     80  10107.426    10140.319    10440.491
WARNING: Number of threads seems too high for short alignments. Use -T AUTO to determine best number of threads.
619  TIM2e+G4      4997.580     75  10145.161    10173.732    10457.409
WARNING: Number of threads seems too high for short alignments. Use -T AUTO to determine best number of threads.
620  TIM2e+I+G4    4994.026     76  10140.051    10169.458    10456.463
WARNING: Number of threads seems too high for short alignments. Use -T AUTO to determine best number of threads.
630  TIM2e+I+R2    4996.755     77  10147.510    10177.767    10468.085
641  TIM2e+G4      4997.580     75  10145.161    10173.732    10457.409
642  TIM2e+I+G4    4994.026     76  10140.051    10169.458    10456.463
652  TIM2e+I+R2    4996.755     77  10147.510    10177.767    10468.085
WARNING: Number of threads seems too high for short alignments. Use -T AUTO to determine best number of threads.
663  TIM2+G4       4997.574     75  10145.149    10173.720    10457.397
WARNING: Number of threads seems too high for short alignments. Use -T AUTO to determine best number of threads.
664  TIM2+I+G4     4994.021     76  10140.042    10169.449    10456.454
WARNING: Number of threads seems too high for short alignments. Use -T AUTO to determine best number of threads.
674  TIM2+I+R2     4996.753     77  10147.505    10177.762    10468.080
WARNING: Number of threads seems too high for short alignments. Use -T AUTO to determine best number of threads.
685  TIM2+F+G4     4990.012     78  10136.023    10167.144    10460.762
WARNING: Number of threads seems too high for short alignments. Use -T AUTO to determine best number of threads.
686  TIM2+F+I+G4   4986.741     79  10131.483    10163.483    10460.385
WARNING: Number of threads seems too high for short alignments. Use -T AUTO to determine best number of threads.
696  TIM2+F+I+R2   4988.499     80  10136.998    10169.891    10470.063
WARNING: Number of threads seems too high for short alignments. Use -T AUTO to determine best number of threads.
707  TIM3e+G4      4999.179     75  10148.359    10176.930    10460.608
WARNING: Number of threads seems too high for short alignments. Use -T AUTO to determine best number of threads.
708  TIM3e+I+G4    4995.748     76  10143.496    10172.903    10459.908
WARNING: Number of threads seems too high for short alignments. Use -T AUTO to determine best number of threads.
718  TIM3e+I+R2    4998.814     77  10151.628    10181.885    10472.204
729  TIM3e+G4      4999.179     75  10148.359    10176.930    10460.608
730  TIM3e+I+G4    4995.748     76  10143.496    10172.903    10459.908
740  TIM3e+I+R2    4998.814     77  10151.628    10181.885    10472.204
WARNING: Number of threads seems too high for short alignments. Use -T AUTO to determine best number of threads.
751  TIM3+G4       4999.179     75  10148.357    10176.929    10460.606
WARNING: Number of threads seems too high for short alignments. Use -T AUTO to determine best number of threads.
752  TIM3+I+G4     4995.744     76  10143.487    10172.894    10459.899
WARNING: Number of threads seems too high for short alignments. Use -T AUTO to determine best number of threads.
762  TIM3+I+R2     4998.807     77  10151.614    10181.871    10472.190
WARNING: Number of threads seems too high for short alignments. Use -T AUTO to determine best number of threads.
773  TIM3+F+G4     4987.176     78  10130.353    10161.474    10455.091
WARNING: Number of threads seems too high for short alignments. Use -T AUTO to determine best number of threads.
774  TIM3+F+I+G4   4984.197     79  10126.394    10158.394    10455.296
WARNING: Number of threads seems too high for short alignments. Use -T AUTO to determine best number of threads.
784  TIM3+F+I+R2   4986.142     80  10132.283    10165.176    10465.348
WARNING: Number of threads seems too high for short alignments. Use -T AUTO to determine best number of threads.
795  TVMe+G4       4993.992     76  10139.984    10169.391    10456.396
WARNING: Number of threads seems too high for short alignments. Use -T AUTO to determine best number of threads.
796  TVMe+I+G4     4990.476     77  10134.951    10165.208    10455.527
WARNING: Number of threads seems too high for short alignments. Use -T AUTO to determine best number of threads.
806  TVMe+I+R2     4990.669     78  10137.338    10168.459    10462.076
817  TVMe+G4       4993.992     76  10139.984    10169.391    10456.396
818  TVMe+I+G4     4990.476     77  10134.951    10165.208    10455.527
828  TVMe+I+R2     4990.669     78  10137.338    10168.459    10462.076
WARNING: Number of threads seems too high for short alignments. Use -T AUTO to determine best number of threads.
839  TVM+G4        4993.993     76  10139.986    10169.393    10456.398
WARNING: Number of threads seems too high for short alignments. Use -T AUTO to determine best number of threads.
840  TVM+I+G4      4990.475     77  10134.950    10165.207    10455.525
WARNING: Number of threads seems too high for short alignments. Use -T AUTO to determine best number of threads.
850  TVM+I+R2      4990.660     78  10137.321    10168.442    10462.059
WARNING: Number of threads seems too high for short alignments. Use -T AUTO to determine best number of threads.
861  TVM+F+G4      4971.922     79  10101.844    10133.844    10430.746
WARNING: Number of threads seems too high for short alignments. Use -T AUTO to determine best number of threads.
862  TVM+F+I+G4    4968.922     80  10097.845    10130.738    10430.910
WARNING: Number of threads seems too high for short alignments. Use -T AUTO to determine best number of threads.
872  TVM+F+I+R2    4969.622     81  10101.244    10135.046    10438.472
WARNING: Number of threads seems too high for short alignments. Use -T AUTO to determine best number of threads.
883  SYM+G4        4981.401     77  10116.802    10147.059    10437.377
WARNING: Number of threads seems too high for short alignments. Use -T AUTO to determine best number of threads.
884  SYM+I+G4      4977.629     78  10111.259    10142.380    10435.997
WARNING: Number of threads seems too high for short alignments. Use -T AUTO to determine best number of threads.
894  SYM+I+R2      4980.231     79  10118.461    10150.461    10447.363
905  SYM+G4        4981.401     77  10116.802    10147.059    10437.377
906  SYM+I+G4      4977.629     78  10111.259    10142.380    10435.997
916  SYM+I+R2      4980.231     79  10118.461    10150.461    10447.363
WARNING: Number of threads seems too high for short alignments. Use -T AUTO to determine best number of threads.
927  GTR+G4        4981.398     77  10116.796    10147.053    10437.371
WARNING: Number of threads seems too high for short alignments. Use -T AUTO to determine best number of threads.
928  GTR+I+G4      4977.626     78  10111.252    10142.373    10435.990
WARNING: Number of threads seems too high for short alignments. Use -T AUTO to determine best number of threads.
938  GTR+I+R2      4980.231     79  10118.462    10150.462    10447.364
WARNING: Number of threads seems too high for short alignments. Use -T AUTO to determine best number of threads.
949  GTR+F+G4      4970.187     80  10100.374    10133.268    10433.439
WARNING: Number of threads seems too high for short alignments. Use -T AUTO to determine best number of threads.
950  GTR+F+I+G4    4967.011     81  10096.021    10129.823    10433.250
WARNING: Number of threads seems too high for short alignments. Use -T AUTO to determine best number of threads.
960  GTR+F+I+R2    4968.502     82  10101.004    10135.728    10442.396
Akaike Information Criterion:           GTR+F+I+G4
Corrected Akaike Information Criterion: GTR+F+I+G4
Bayesian Information Criterion:         K3Pu+F+I+G4
Best-fit model: K3Pu+F+I+G4 chosen according to BIC

All model information printed to aln_segment_7363_to_7837.model.gz
CPU time for ModelFinder: 3.322 seconds (0h:0m:3s)
Wall-clock time for ModelFinder: 2.878 seconds (0h:0m:2s)
Generating 1000 samples for ultrafast bootstrap (seed: 911735)...

NOTE: 2 MB RAM (0 GB) is required!
WARNING: Number of threads seems too high for short alignments. Use -T AUTO to determine best number of threads.
Estimate model parameters (epsilon = 0.100)
Thoroughly optimizing +I+G parameters from 10 start values...
Init pinv, alpha: 0.000, 0.696 / Estimate: 0.000, 0.413 / LogL: -4976.958
Init pinv, alpha: 0.049, 0.696 / Estimate: 0.056, 0.458 / LogL: -4975.712
Init pinv, alpha: 0.099, 0.696 / Estimate: 0.109, 0.512 / LogL: -4974.765
Init pinv, alpha: 0.148, 0.696 / Estimate: 0.158, 0.576 / LogL: -4974.122
Init pinv, alpha: 0.197, 0.696 / Estimate: 0.200, 0.646 / LogL: -4973.800
Init pinv, alpha: 0.247, 0.696 / Estimate: 0.241, 0.731 / LogL: -4973.767
Init pinv, alpha: 0.296, 0.696 / Estimate: 0.271, 0.814 / LogL: -4974.000
Init pinv, alpha: 0.345, 0.696 / Estimate: 0.278, 0.833 / LogL: -4974.083
Init pinv, alpha: 0.395, 0.696 / Estimate: 0.278, 0.832 / LogL: -4974.083
Init pinv, alpha: 0.444, 0.696 / Estimate: 0.277, 0.831 / LogL: -4974.078
Optimal pinv,alpha: 0.241, 0.731 / LogL: -4973.767

Parameters optimization took 0.376 sec
Wrote distance file to... 
Computing ML distances based on estimated model parameters...
Calculating distance matrix: done in 0.00110507 secs using 380.5% CPU
Computing ML distances took 0.001235 sec (of wall-clock time) 0.004288 sec (of CPU time)
Setting up auxiliary I and S matrices: done in 5.72205e-05 secs using 164.3% CPU
Constructing RapidNJ tree: done in 0.00151992 secs using 60.27% CPU
Computing RapidNJ tree took 0.001604 sec (of wall-clock time) 0.001031 sec (of CPU time)
Log-likelihood of RapidNJ tree: -5019.301
--------------------------------------------------------------------
|             INITIALIZING CANDIDATE TREE SET                      |
--------------------------------------------------------------------
Generating 98 parsimony trees... 0.159 second
Computing log-likelihood of 98 initial trees ... 0.522 seconds
Current best score: -4973.767

Do NNI search on 20 best initial trees
Estimate model parameters (epsilon = 0.100)
BETTER TREE FOUND at iteration 1: -4973.529
Iteration 10 / LogL: -4979.661 / Time: 0h:0m:4s
Iteration 20 / LogL: -4985.758 / Time: 0h:0m:5s
Finish initializing candidate tree set (11)
Current best tree score: -4973.529 / CPU time: 1.846
Number of iterations: 20
--------------------------------------------------------------------
|               OPTIMIZING CANDIDATE TREE SET                      |
--------------------------------------------------------------------
Iteration 30 / LogL: -4974.540 / Time: 0h:0m:6s (0h:0m:7s left)
Iteration 40 / LogL: -4973.684 / Time: 0h:0m:7s (0h:0m:6s left)
Iteration 50 / LogL: -4973.696 / Time: 0h:0m:8s (0h:0m:5s left)
Log-likelihood cutoff on original alignment: -5006.676
Iteration 60 / LogL: -4973.737 / Time: 0h:0m:9s (0h:0m:4s left)
Iteration 70 / LogL: -4974.333 / Time: 0h:0m:10s (0h:0m:3s left)
Iteration 80 / LogL: -4974.315 / Time: 0h:0m:11s (0h:0m:2s left)
Iteration 90 / LogL: -4974.393 / Time: 0h:0m:12s (0h:0m:1s left)
Iteration 100 / LogL: -4973.686 / Time: 0h:0m:13s (0h:0m:0s left)
Log-likelihood cutoff on original alignment: -5006.676
NOTE: Bootstrap correlation coefficient of split occurrence frequencies: 0.992
TREE SEARCH COMPLETED AFTER 102 ITERATIONS / Time: 0h:0m:14s

--------------------------------------------------------------------
|                    FINALIZING TREE SEARCH                        |
--------------------------------------------------------------------
Performs final model parameters optimization
Estimate model parameters (epsilon = 0.010)
1. Initial log-likelihood: -4973.529
Optimal log-likelihood: -4973.525
Rate parameters:  A-C: 1.00000  A-G: 2.69275  A-T: 0.44346  C-G: 0.44346  C-T: 2.69275  G-T: 1.00000
Base frequencies:  A: 0.293  C: 0.190  G: 0.270  T: 0.247
Proportion of invariable sites: 0.238
Gamma shape alpha: 0.725
Parameters optimization took 1 rounds (0.007 sec)
BEST SCORE FOUND : -4973.525
Creating bootstrap support values...
Split supports printed to NEXUS file aln_segment_7363_to_7837.splits.nex
Total tree length: 2.641

Total number of iterations: 102
CPU time used for tree search: 8.310 sec (0h:0m:8s)
Wall-clock time used for tree search: 10.791 sec (0h:0m:10s)
Total CPU time used: 12.219 sec (0h:0m:12s)
Total wall-clock time used: 14.119 sec (0h:0m:14s)

Computing bootstrap consensus tree...
Reading input file aln_segment_7363_to_7837.splits.nex...
37 taxa and 263 splits.
Consensus tree written to aln_segment_7363_to_7837.contree
Reading input trees file aln_segment_7363_to_7837.contree
Log-likelihood of consensus tree: -4974.966

Analysis results written to: 
  IQ-TREE report:                aln_segment_7363_to_7837.iqtree
  Maximum-likelihood tree:       aln_segment_7363_to_7837.treefile
  Likelihood distances:          aln_segment_7363_to_7837.mldist

Ultrafast bootstrap approximation results written to:
  Split support values:          aln_segment_7363_to_7837.splits.nex
  Consensus tree:                aln_segment_7363_to_7837.contree
  Screen log file:               aln_segment_7363_to_7837.log

Date and Time: Mon Jan 19 19:39:30 2026
