IQ-TREE version 3.0.1 for MacOS ARM 64-bit built Jun 30 2025
Developed by Bui Quang Minh, Thomas Wong, Nhan Ly-Trong, Huaiyan Ren
Contributed by Lam-Tung Nguyen, Dominik Schrempf, Chris Bielow,
Olga Chernomor, Michael Woodhams, Diep Thi Hoang, Heiko Schmidt

Host:    SUN1032320 (SSE4.2, 36 GB RAM)
Command: iqtree3 -s aln_segment_5938_to_6412.fasta -m MFP -B 1000 -T 4 -pre aln_segment_5938_to_6412
Seed:    121937 (Using SPRNG - Scalable Parallel Random Number Generator)
Time:    Mon Jan 19 19:38:03 2026
Kernel:  SSE2 - 4 threads (14 CPU cores detected)

Reading alignment file aln_segment_5938_to_6412.fasta ... Fasta format detected
Reading fasta file: done in 0.000231028 secs using 83.54% CPU
Alignment most likely contains DNA/RNA sequences
Constructing alignment: done in 0.000302076 secs using 66.54% CPU
Alignment has 37 sequences with 475 columns, 263 distinct patterns
218 parsimony-informative, 63 singleton sites, 194 constant sites
                                Gap/Ambiguity  Composition  p-value
Analyzing sequences: done in 1.3113e-05 secs using 137.3% CPU
   1  B.FR.83.HXBLAI_IIIB_BRU.K03455    1.26%    passed     84.73%
   2  A                                 0.00%    passed     95.83%
   3  A1                                0.00%    passed     88.86%
   4  A2                                0.00%    passed     94.32%
   5  A3                                0.00%    passed     45.62%
   6  A6                                0.00%    passed     74.16%
   7  B                                 0.00%    passed     90.67%
   8  C                                 0.00%    passed     70.64%
   9  D                                 0.00%    passed     99.49%
  10  F1                                0.00%    passed     94.59%
  11  F2                                0.00%    passed     82.01%
  12  G                                 0.00%    passed     79.64%
  13  H                                 0.00%    passed     76.20%
  14  J                                 0.00%    passed     94.31%
  15  K                                 0.00%    passed     87.47%
  16  L                                 0.00%    passed     99.12%
  17  AE                                0.00%    passed     75.24%
  18  AG                                0.00%    passed     92.60%
  19  cpx                               0.63%    passed     95.89%
  20  DF                                0.00%    passed     99.59%
  21  BC                                0.00%    passed     99.46%
  22  CD                                0.00%    passed     98.47%
  23  BF                                0.00%    passed     90.88%
  24  BG                                0.00%    passed     93.75%
  25  01B                               0.00%    passed     95.47%
  26  A2D                               0.00%    passed     60.98%
  27  01A1                              0.00%    passed     99.90%
  28  A5U                               0.00%    passed     79.55%
  29  AD                                0.00%    passed     85.19%
  30  BF1                               0.00%    passed     92.75%
  31  02G                               0.00%    passed     51.48%
  32  A1D                               0.00%    passed     94.30%
  33  02A                               0.00%    passed     49.13%
  34  C2U                               0.00%    passed     97.95%
  35  02B                               0.00%    passed     95.51%
  36  01C                               0.00%    passed     81.08%
  37  CPZ                               1.89%    failed      1.95%
****  TOTAL                             0.10%  1 sequences failed composition chi2 test (p-value<5%; df=3)
Checking for duplicate sequences: done in 5.60284e-05 secs using 71.39% CPU


Create initial parsimony tree by phylogenetic likelihood library (PLL)... 0.002 seconds
WARNING: Number of threads seems too high for short alignments. Use -T AUTO to determine best number of threads.
Perform fast likelihood tree search using GTR+I+G model...
Estimate model parameters (epsilon = 5.000)
Perform nearest neighbor interchange...
Estimate model parameters (epsilon = 1.000)
1. Initial log-likelihood: -5535.825
Optimal log-likelihood: -5535.079
Rate parameters:  A-C: 2.32271  A-G: 5.43550  A-T: 0.74082  C-G: 0.48604  C-T: 4.89857  G-T: 1.00000
Base frequencies:  A: 0.405  C: 0.171  G: 0.183  T: 0.241
Proportion of invariable sites: 0.238
Gamma shape alpha: 0.876
Parameters optimization took 1 rounds (0.015 sec)
Time for fast ML tree search: 0.149 seconds

NOTE: ModelFinder requires 4 MB RAM!
ModelFinder will test up to 968 DNA models (sample size: 475 epsilon: 0.100) ...
 No. Model         -LnL         df  AIC          AICc         BIC
WARNING: Number of threads seems too high for short alignments. Use -T AUTO to determine best number of threads.
  1  JC            6323.174     71  12788.348    12813.717    13083.943
WARNING: Number of threads seems too high for short alignments. Use -T AUTO to determine best number of threads.
  2  JC+I          5999.798     72  12143.595    12169.744    12443.354
WARNING: Number of threads seems too high for short alignments. Use -T AUTO to determine best number of threads.
  3  JC+G4         5900.134     72  11944.267    11970.417    12244.026
WARNING: Number of threads seems too high for short alignments. Use -T AUTO to determine best number of threads.
  4  JC+I+G4       5896.087     73  11938.174    11965.116    12242.096
WARNING: Number of threads seems too high for short alignments. Use -T AUTO to determine best number of threads.
  5  JC+R2         5917.926     73  11981.851    12008.794    12285.773
WARNING: Number of threads seems too high for short alignments. Use -T AUTO to determine best number of threads.
  6  JC+R3         5896.636     75  11943.272    11971.843    12255.521
WARNING: Number of threads seems too high for short alignments. Use -T AUTO to determine best number of threads.
  7  JC+R4         5896.468     77  11946.935    11977.192    12267.510
WARNING: Number of threads seems too high for short alignments. Use -T AUTO to determine best number of threads.
 14  JC+I+R2       5899.864     74  11947.727    11975.477    12255.812
WARNING: Number of threads seems too high for short alignments. Use -T AUTO to determine best number of threads.
 15  JC+I+R3       5895.098     76  11942.195    11971.602    12258.607
 25  JC+G4         5900.134     72  11944.267    11970.417    12244.026
 26  JC+I+G4       5896.087     73  11938.174    11965.116    12242.096
WARNING: Number of threads seems too high for short alignments. Use -T AUTO to determine best number of threads.
 47  F81+G4        5900.137     72  11944.273    11970.423    12244.032
WARNING: Number of threads seems too high for short alignments. Use -T AUTO to determine best number of threads.
 48  F81+I+G4      5896.071     73  11938.143    11965.086    12242.065
WARNING: Number of threads seems too high for short alignments. Use -T AUTO to determine best number of threads.
 69  F81+F+G4      5813.685     75  11777.369    11805.941    12089.618
WARNING: Number of threads seems too high for short alignments. Use -T AUTO to determine best number of threads.
 70  F81+F+I+G4    5805.224     76  11762.449    11791.856    12078.861
WARNING: Number of threads seems too high for short alignments. Use -T AUTO to determine best number of threads.
 91  K2P+G4        5682.432     73  11510.864    11537.806    11814.786
WARNING: Number of threads seems too high for short alignments. Use -T AUTO to determine best number of threads.
 92  K2P+I+G4      5677.727     74  11503.455    11531.205    11811.540
113  K2P+G4        5682.432     73  11510.864    11537.806    11814.786
114  K2P+I+G4      5677.727     74  11503.455    11531.205    11811.540
WARNING: Number of threads seems too high for short alignments. Use -T AUTO to determine best number of threads.
135  HKY+G4        5682.438     73  11510.877    11537.819    11814.799
WARNING: Number of threads seems too high for short alignments. Use -T AUTO to determine best number of threads.
136  HKY+I+G4      5677.726     74  11503.452    11531.202    11811.537
WARNING: Number of threads seems too high for short alignments. Use -T AUTO to determine best number of threads.
157  HKY+F+G4      5584.333     76  11320.667    11350.074    11637.079
WARNING: Number of threads seems too high for short alignments. Use -T AUTO to determine best number of threads.
158  HKY+F+I+G4    5570.938     77  11295.875    11326.132    11616.450
WARNING: Number of threads seems too high for short alignments. Use -T AUTO to determine best number of threads.
179  TNe+G4        5673.409     74  11494.819    11522.569    11802.904
WARNING: Number of threads seems too high for short alignments. Use -T AUTO to determine best number of threads.
180  TNe+I+G4      5670.345     75  11490.690    11519.262    11802.939
201  TNe+G4        5673.409     74  11494.819    11522.569    11802.904
202  TNe+I+G4      5670.345     75  11490.690    11519.262    11802.939
WARNING: Number of threads seems too high for short alignments. Use -T AUTO to determine best number of threads.
223  TN+G4         5673.408     74  11494.816    11522.566    11802.901
WARNING: Number of threads seems too high for short alignments. Use -T AUTO to determine best number of threads.
224  TN+I+G4       5670.226     75  11490.451    11519.023    11802.700
WARNING: Number of threads seems too high for short alignments. Use -T AUTO to determine best number of threads.
245  TN+F+G4       5583.468     77  11320.935    11351.192    11641.510
WARNING: Number of threads seems too high for short alignments. Use -T AUTO to determine best number of threads.
246  TN+F+I+G4     5570.186     78  11296.373    11327.494    11621.111
WARNING: Number of threads seems too high for short alignments. Use -T AUTO to determine best number of threads.
267  K3P+G4        5665.725     74  11479.451    11507.201    11787.536
WARNING: Number of threads seems too high for short alignments. Use -T AUTO to determine best number of threads.
268  K3P+I+G4      5661.128     75  11472.256    11500.828    11784.505
289  K3P+G4        5665.725     74  11479.451    11507.201    11787.536
290  K3P+I+G4      5661.128     75  11472.256    11500.828    11784.505
WARNING: Number of threads seems too high for short alignments. Use -T AUTO to determine best number of threads.
311  K3Pu+G4       5665.732     74  11479.463    11507.213    11787.548
WARNING: Number of threads seems too high for short alignments. Use -T AUTO to determine best number of threads.
312  K3Pu+I+G4     5661.131     75  11472.262    11500.833    11784.510
WARNING: Number of threads seems too high for short alignments. Use -T AUTO to determine best number of threads.
333  K3Pu+F+G4     5560.577     77  11275.155    11305.412    11595.730
WARNING: Number of threads seems too high for short alignments. Use -T AUTO to determine best number of threads.
334  K3Pu+F+I+G4   5545.505     78  11247.010    11278.132    11571.749
WARNING: Number of threads seems too high for short alignments. Use -T AUTO to determine best number of threads.
355  TPM2+G4       5644.658     74  11437.316    11465.066    11745.401
WARNING: Number of threads seems too high for short alignments. Use -T AUTO to determine best number of threads.
356  TPM2+I+G4     5642.297     75  11434.594    11463.165    11746.842
377  TPM2+G4       5644.658     74  11437.316    11465.066    11745.401
378  TPM2+I+G4     5642.297     75  11434.594    11463.165    11746.842
WARNING: Number of threads seems too high for short alignments. Use -T AUTO to determine best number of threads.
399  TPM2u+G4      5644.658     74  11437.316    11465.066    11745.402
WARNING: Number of threads seems too high for short alignments. Use -T AUTO to determine best number of threads.
400  TPM2u+I+G4    5642.281     75  11434.563    11463.134    11746.812
WARNING: Number of threads seems too high for short alignments. Use -T AUTO to determine best number of threads.
421  TPM2u+F+G4    5575.681     77  11305.362    11335.619    11625.937
WARNING: Number of threads seems too high for short alignments. Use -T AUTO to determine best number of threads.
422  TPM2u+F+I+G4  5564.444     78  11284.888    11316.009    11609.626
WARNING: Number of threads seems too high for short alignments. Use -T AUTO to determine best number of threads.
443  TPM3+G4       5677.916     74  11503.832    11531.582    11811.917
WARNING: Number of threads seems too high for short alignments. Use -T AUTO to determine best number of threads.
444  TPM3+I+G4     5672.878     75  11495.755    11524.327    11808.004
465  TPM3+G4       5677.916     74  11503.832    11531.582    11811.917
466  TPM3+I+G4     5672.878     75  11495.755    11524.327    11808.004
WARNING: Number of threads seems too high for short alignments. Use -T AUTO to determine best number of threads.
487  TPM3u+G4      5677.914     74  11503.828    11531.578    11811.913
WARNING: Number of threads seems too high for short alignments. Use -T AUTO to determine best number of threads.
488  TPM3u+I+G4    5672.877     75  11495.755    11524.326    11808.003
WARNING: Number of threads seems too high for short alignments. Use -T AUTO to determine best number of threads.
509  TPM3u+F+G4    5567.911     77  11289.823    11320.080    11610.398
WARNING: Number of threads seems too high for short alignments. Use -T AUTO to determine best number of threads.
510  TPM3u+F+I+G4  5552.859     78  11261.717    11292.838    11586.456
WARNING: Number of threads seems too high for short alignments. Use -T AUTO to determine best number of threads.
531  TIMe+G4       5656.536     75  11463.073    11491.644    11775.321
WARNING: Number of threads seems too high for short alignments. Use -T AUTO to determine best number of threads.
532  TIMe+I+G4     5653.733     76  11459.467    11488.874    11775.878
553  TIMe+G4       5656.536     75  11463.073    11491.644    11775.321
554  TIMe+I+G4     5653.733     76  11459.467    11488.874    11775.878
WARNING: Number of threads seems too high for short alignments. Use -T AUTO to determine best number of threads.
575  TIM+G4        5656.535     75  11463.070    11491.642    11775.319
WARNING: Number of threads seems too high for short alignments. Use -T AUTO to determine best number of threads.
576  TIM+I+G4      5653.618     76  11459.236    11488.643    11775.648
WARNING: Number of threads seems too high for short alignments. Use -T AUTO to determine best number of threads.
597  TIM+F+G4      5559.657     78  11275.313    11306.435    11600.052
WARNING: Number of threads seems too high for short alignments. Use -T AUTO to determine best number of threads.
598  TIM+F+I+G4    5544.690     79  11247.380    11279.380    11576.282
WARNING: Number of threads seems too high for short alignments. Use -T AUTO to determine best number of threads.
619  TIM2e+G4      5633.105     75  11416.210    11444.781    11728.459
WARNING: Number of threads seems too high for short alignments. Use -T AUTO to determine best number of threads.
620  TIM2e+I+G4    5632.912     76  11417.825    11447.232    11734.237
641  TIM2e+G4      5633.105     75  11416.210    11444.781    11728.459
642  TIM2e+I+G4    5632.912     76  11417.825    11447.232    11734.237
WARNING: Number of threads seems too high for short alignments. Use -T AUTO to determine best number of threads.
663  TIM2+G4       5633.108     75  11416.216    11444.788    11728.465
WARNING: Number of threads seems too high for short alignments. Use -T AUTO to determine best number of threads.
664  TIM2+I+G4     5632.767     76  11417.534    11446.941    11733.946
WARNING: Number of threads seems too high for short alignments. Use -T AUTO to determine best number of threads.
685  TIM2+F+G4     5575.023     78  11306.045    11337.166    11630.784
WARNING: Number of threads seems too high for short alignments. Use -T AUTO to determine best number of threads.
686  TIM2+F+I+G4   5563.854     79  11285.708    11317.708    11614.610
WARNING: Number of threads seems too high for short alignments. Use -T AUTO to determine best number of threads.
707  TIM3e+G4      5668.159     75  11486.318    11514.889    11798.566
WARNING: Number of threads seems too high for short alignments. Use -T AUTO to determine best number of threads.
708  TIM3e+I+G4    5664.880     76  11481.761    11511.168    11798.173
729  TIM3e+G4      5668.159     75  11486.318    11514.889    11798.566
730  TIM3e+I+G4    5664.880     76  11481.761    11511.168    11798.173
WARNING: Number of threads seems too high for short alignments. Use -T AUTO to determine best number of threads.
751  TIM3+G4       5668.157     75  11486.314    11514.886    11798.563
WARNING: Number of threads seems too high for short alignments. Use -T AUTO to determine best number of threads.
752  TIM3+I+G4     5664.779     76  11481.558    11510.965    11797.970
WARNING: Number of threads seems too high for short alignments. Use -T AUTO to determine best number of threads.
773  TIM3+F+G4     5567.163     78  11290.326    11321.448    11615.065
WARNING: Number of threads seems too high for short alignments. Use -T AUTO to determine best number of threads.
774  TIM3+F+I+G4   5552.135     79  11262.269    11294.269    11591.171
WARNING: Number of threads seems too high for short alignments. Use -T AUTO to determine best number of threads.
795  TVMe+G4       5626.329     76  11404.657    11434.064    11721.069
WARNING: Number of threads seems too high for short alignments. Use -T AUTO to determine best number of threads.
796  TVMe+I+G4     5624.148     77  11402.295    11432.552    11722.870
817  TVMe+G4       5626.329     76  11404.657    11434.064    11721.069
818  TVMe+I+G4     5624.148     77  11402.295    11432.552    11722.870
WARNING: Number of threads seems too high for short alignments. Use -T AUTO to determine best number of threads.
839  TVM+G4        5626.331     76  11404.663    11434.070    11721.075
WARNING: Number of threads seems too high for short alignments. Use -T AUTO to determine best number of threads.
840  TVM+I+G4      5624.013     77  11402.025    11432.282    11722.601
WARNING: Number of threads seems too high for short alignments. Use -T AUTO to determine best number of threads.
861  TVM+F+G4      5545.662     79  11249.324    11281.324    11578.225
WARNING: Number of threads seems too high for short alignments. Use -T AUTO to determine best number of threads.
862  TVM+F+I+G4    5532.417     80  11224.834    11257.728    11557.899
WARNING: Number of threads seems too high for short alignments. Use -T AUTO to determine best number of threads.
883  SYM+G4        5614.148     77  11382.296    11412.553    11702.872
WARNING: Number of threads seems too high for short alignments. Use -T AUTO to determine best number of threads.
884  SYM+I+G4      5613.959     78  11383.917    11415.038    11708.656
905  SYM+G4        5614.148     77  11382.296    11412.553    11702.872
906  SYM+I+G4      5613.959     78  11383.917    11415.038    11708.656
WARNING: Number of threads seems too high for short alignments. Use -T AUTO to determine best number of threads.
927  GTR+G4        5614.149     77  11382.299    11412.556    11702.874
WARNING: Number of threads seems too high for short alignments. Use -T AUTO to determine best number of threads.
928  GTR+I+G4      5613.893     78  11383.786    11414.907    11708.525
WARNING: Number of threads seems too high for short alignments. Use -T AUTO to determine best number of threads.
949  GTR+F+G4      5545.155     80  11250.310    11283.204    11583.375
WARNING: Number of threads seems too high for short alignments. Use -T AUTO to determine best number of threads.
950  GTR+F+I+G4    5531.940     81  11225.881    11259.682    11563.109
Akaike Information Criterion:           TVM+F+I+G4
Corrected Akaike Information Criterion: TVM+F+I+G4
Bayesian Information Criterion:         TVM+F+I+G4
Best-fit model: TVM+F+I+G4 chosen according to BIC

All model information printed to aln_segment_5938_to_6412.model.gz
CPU time for ModelFinder: 3.237 seconds (0h:0m:3s)
Wall-clock time for ModelFinder: 2.577 seconds (0h:0m:2s)
Generating 1000 samples for ultrafast bootstrap (seed: 121937)...

NOTE: 2 MB RAM (0 GB) is required!
WARNING: Number of threads seems too high for short alignments. Use -T AUTO to determine best number of threads.
Estimate model parameters (epsilon = 0.100)
Thoroughly optimizing +I+G parameters from 10 start values...
Init pinv, alpha: 0.000, 1.395 / Estimate: 0.000, 0.459 / LogL: -5545.666
Init pinv, alpha: 0.045, 1.395 / Estimate: 0.325, 1.339 / LogL: -5532.476
Init pinv, alpha: 0.091, 1.395 / Estimate: 0.325, 1.334 / LogL: -5532.480
Init pinv, alpha: 0.136, 1.395 / Estimate: 0.323, 1.323 / LogL: -5532.501
Init pinv, alpha: 0.182, 1.395 / Estimate: 0.324, 1.327 / LogL: -5532.491
Init pinv, alpha: 0.227, 1.395 / Estimate: 0.325, 1.339 / LogL: -5532.471
Init pinv, alpha: 0.272, 1.395 / Estimate: 0.323, 1.322 / LogL: -5532.499
Init pinv, alpha: 0.318, 1.395 / Estimate: 0.328, 1.358 / LogL: -5532.446
Init pinv, alpha: 0.363, 1.395 / Estimate: 0.342, 1.487 / LogL: -5532.457
Init pinv, alpha: 0.408, 1.395 / Estimate: 0.341, 1.473 / LogL: -5532.445
Optimal pinv,alpha: 0.341, 1.473 / LogL: -5532.445

Parameters optimization took 0.996 sec
Wrote distance file to... 
Computing ML distances based on estimated model parameters...
Calculating distance matrix: done in 0.000936031 secs using 378.9% CPU
Computing ML distances took 0.001028 sec (of wall-clock time) 0.003607 sec (of CPU time)
Setting up auxiliary I and S matrices: done in 6.69956e-05 secs using 143.3% CPU
Constructing RapidNJ tree: done in 0.00150895 secs using 59.84% CPU
Computing RapidNJ tree took 0.001606 sec (of wall-clock time) 0.001022 sec (of CPU time)
Log-likelihood of RapidNJ tree: -5549.540
--------------------------------------------------------------------
|             INITIALIZING CANDIDATE TREE SET                      |
--------------------------------------------------------------------
Generating 98 parsimony trees... 0.148 second
Computing log-likelihood of 98 initial trees ... 0.526 seconds
Current best score: -5532.445

Do NNI search on 20 best initial trees
Estimate model parameters (epsilon = 0.100)
BETTER TREE FOUND at iteration 1: -5532.426
Estimate model parameters (epsilon = 0.100)
BETTER TREE FOUND at iteration 2: -5529.644
Estimate model parameters (epsilon = 0.100)
BETTER TREE FOUND at iteration 3: -5527.559
Iteration 10 / LogL: -5532.699 / Time: 0h:0m:4s
Estimate model parameters (epsilon = 0.100)
BETTER TREE FOUND at iteration 12: -5527.244
Iteration 20 / LogL: -5535.952 / Time: 0h:0m:5s
Finish initializing candidate tree set (14)
Current best tree score: -5527.244 / CPU time: 2.115
Number of iterations: 20
--------------------------------------------------------------------
|               OPTIMIZING CANDIDATE TREE SET                      |
--------------------------------------------------------------------
Estimate model parameters (epsilon = 0.100)
BETTER TREE FOUND at iteration 25: -5526.890
Iteration 30 / LogL: -5527.132 / Time: 0h:0m:6s (0h:0m:14s left)
Estimate model parameters (epsilon = 0.100)
UPDATE BEST LOG-LIKELIHOOD: -5526.749
Iteration 40 / LogL: -5526.749 / Time: 0h:0m:8s (0h:0m:11s left)
Iteration 50 / LogL: -5527.116 / Time: 0h:0m:9s (0h:0m:10s left)
Log-likelihood cutoff on original alignment: -5553.204
Iteration 60 / LogL: -5527.054 / Time: 0h:0m:10s (0h:0m:8s left)
Iteration 70 / LogL: -5527.567 / Time: 0h:0m:11s (0h:0m:7s left)
Iteration 80 / LogL: -5545.057 / Time: 0h:0m:12s (0h:0m:5s left)
Iteration 90 / LogL: -5527.567 / Time: 0h:0m:13s (0h:0m:4s left)
Iteration 100 / LogL: -5528.586 / Time: 0h:0m:15s (0h:0m:3s left)
Log-likelihood cutoff on original alignment: -5553.204
NOTE: Bootstrap correlation coefficient of split occurrence frequencies: 0.993
Iteration 110 / LogL: -5526.831 / Time: 0h:0m:16s (0h:0m:11s left)
Iteration 120 / LogL: -5530.769 / Time: 0h:0m:17s (0h:0m:10s left)
TREE SEARCH COMPLETED AFTER 126 ITERATIONS / Time: 0h:0m:18s

--------------------------------------------------------------------
|                    FINALIZING TREE SEARCH                        |
--------------------------------------------------------------------
Performs final model parameters optimization
Estimate model parameters (epsilon = 0.010)
1. Initial log-likelihood: -5526.749
Optimal log-likelihood: -5526.748
Rate parameters:  A-C: 2.12055  A-G: 5.14633  A-T: 0.66085  C-G: 0.51087  C-T: 5.14633  G-T: 1.00000
Base frequencies:  A: 0.405  C: 0.171  G: 0.183  T: 0.241
Proportion of invariable sites: 0.341
Gamma shape alpha: 1.535
Parameters optimization took 1 rounds (0.008 sec)
BEST SCORE FOUND : -5526.748
Creating bootstrap support values...
Split supports printed to NEXUS file aln_segment_5938_to_6412.splits.nex
Total tree length: 3.283

Total number of iterations: 126
CPU time used for tree search: 11.256 sec (0h:0m:11s)
Wall-clock time used for tree search: 14.726 sec (0h:0m:14s)
Total CPU time used: 16.039 sec (0h:0m:16s)
Total wall-clock time used: 18.377 sec (0h:0m:18s)

Computing bootstrap consensus tree...
Reading input file aln_segment_5938_to_6412.splits.nex...
37 taxa and 378 splits.
Consensus tree written to aln_segment_5938_to_6412.contree
Reading input trees file aln_segment_5938_to_6412.contree
Log-likelihood of consensus tree: -5526.890

Analysis results written to: 
  IQ-TREE report:                aln_segment_5938_to_6412.iqtree
  Maximum-likelihood tree:       aln_segment_5938_to_6412.treefile
  Likelihood distances:          aln_segment_5938_to_6412.mldist

Ultrafast bootstrap approximation results written to:
  Split support values:          aln_segment_5938_to_6412.splits.nex
  Consensus tree:                aln_segment_5938_to_6412.contree
  Screen log file:               aln_segment_5938_to_6412.log

Date and Time: Mon Jan 19 19:38:21 2026
