IQ-TREE version 3.0.1 for MacOS ARM 64-bit built Jun 30 2025
Developed by Bui Quang Minh, Thomas Wong, Nhan Ly-Trong, Huaiyan Ren
Contributed by Lam-Tung Nguyen, Dominik Schrempf, Chris Bielow,
Olga Chernomor, Michael Woodhams, Diep Thi Hoang, Heiko Schmidt

Host:    SUN1032320 (SSE4.2, 36 GB RAM)
Command: iqtree3 -s aln_segment_1663_to_2137.fasta -m MFP -B 1000 -T 4 -pre aln_segment_1663_to_2137
Seed:    78815 (Using SPRNG - Scalable Parallel Random Number Generator)
Time:    Mon Jan 19 19:34:02 2026
Kernel:  SSE2 - 4 threads (14 CPU cores detected)

Reading alignment file aln_segment_1663_to_2137.fasta ... Fasta format detected
Reading fasta file: done in 0.000223875 secs using 86.21% CPU
Alignment most likely contains DNA/RNA sequences
Constructing alignment: done in 0.000287056 secs using 63.4% CPU
Alignment has 37 sequences with 475 columns, 155 distinct patterns
115 parsimony-informative, 49 singleton sites, 311 constant sites
                                Gap/Ambiguity  Composition  p-value
Analyzing sequences: done in 1.40667e-05 secs using 113.7% CPU
   1  B.FR.83.HXBLAI_IIIB_BRU.K03455    0.00%    passed     98.03%
   2  A                                 0.00%    passed     96.80%
   3  A1                                0.00%    passed     98.62%
   4  A2                                0.00%    passed     99.37%
   5  A3                                0.00%    passed     87.03%
   6  A6                                0.00%    passed     91.72%
   7  B                                 0.00%    passed     99.11%
   8  C                                 0.00%    passed     89.56%
   9  D                                 0.00%    passed     98.52%
  10  F1                                0.00%    passed     97.27%
  11  F2                                0.00%    passed     96.46%
  12  G                                 0.00%    passed     99.87%
  13  H                                 0.00%    passed     97.90%
  14  J                                 0.00%    passed     99.01%
  15  K                                 0.00%    passed     97.16%
  16  L                                 0.00%    passed     99.73%
  17  AE                                0.00%    passed     98.38%
  18  AG                                0.00%    passed     97.94%
  19  cpx                               0.00%    passed     95.43%
  20  DF                                0.00%    passed     99.87%
  21  BC                                0.00%    passed     96.64%
  22  CD                                0.00%    passed     99.21%
  23  BF                                0.00%    passed     99.19%
  24  BG                                0.00%    passed     99.72%
  25  01B                               0.00%    passed     98.70%
  26  A2D                               0.00%    passed     98.59%
  27  01A1                              0.00%    passed     99.79%
  28  A5U                               0.00%    passed     87.97%
  29  AD                                0.00%    passed     99.72%
  30  BF1                               0.00%    passed     98.94%
  31  02G                               0.00%    passed     99.72%
  32  A1D                               0.00%    passed     99.58%
  33  02A                               0.00%    passed     97.16%
  34  C2U                               0.00%    passed     96.26%
  35  02B                               0.00%    passed     98.68%
  36  01C                               0.00%    passed     99.58%
  37  CPZ                               0.00%    passed     34.47%
****  TOTAL                             0.00%  0 sequences failed composition chi2 test (p-value<5%; df=3)
Checking for duplicate sequences: done in 4.81606e-05 secs using 68.52% CPU


Create initial parsimony tree by phylogenetic likelihood library (PLL)... 0.001 seconds
WARNING: Number of threads seems too high for short alignments. Use -T AUTO to determine best number of threads.
Perform fast likelihood tree search using GTR+I+G model...
Estimate model parameters (epsilon = 5.000)
Perform nearest neighbor interchange...
Estimate model parameters (epsilon = 1.000)
1. Initial log-likelihood: -2912.147
Optimal log-likelihood: -2911.961
Rate parameters:  A-C: 1.57440  A-G: 7.07049  A-T: 0.72358  C-G: 0.60499  C-T: 8.89353  G-T: 1.00000
Base frequencies:  A: 0.410  C: 0.157  G: 0.186  T: 0.247
Proportion of invariable sites: 0.340
Gamma shape alpha: 0.437
Parameters optimization took 1 rounds (0.011 sec)
Time for fast ML tree search: 0.113 seconds

NOTE: ModelFinder requires 2 MB RAM!
ModelFinder will test up to 968 DNA models (sample size: 475 epsilon: 0.100) ...
 No. Model         -LnL         df  AIC          AICc         BIC
WARNING: Number of threads seems too high for short alignments. Use -T AUTO to determine best number of threads.
  1  JC            3380.956     71  6903.913     6929.283     7199.508
WARNING: Number of threads seems too high for short alignments. Use -T AUTO to determine best number of threads.
  2  JC+I          3169.407     72  6482.813     6508.962     6782.572
WARNING: Number of threads seems too high for short alignments. Use -T AUTO to determine best number of threads.
  3  JC+G4         3152.913     72  6449.826     6475.976     6749.585
WARNING: Number of threads seems too high for short alignments. Use -T AUTO to determine best number of threads.
  4  JC+I+G4       3149.219     73  6444.439     6471.381     6748.361
WARNING: Number of threads seems too high for short alignments. Use -T AUTO to determine best number of threads.
  5  JC+R2         3154.764     73  6455.528     6482.471     6759.450
WARNING: Number of threads seems too high for short alignments. Use -T AUTO to determine best number of threads.
  6  JC+R3         3147.805     75  6445.611     6474.182     6757.859
WARNING: Number of threads seems too high for short alignments. Use -T AUTO to determine best number of threads.
  7  JC+R4         3147.376     77  6448.752     6479.009     6769.327
WARNING: Number of threads seems too high for short alignments. Use -T AUTO to determine best number of threads.
 14  JC+I+R2       3153.392     74  6454.785     6482.535     6762.870
WARNING: Number of threads seems too high for short alignments. Use -T AUTO to determine best number of threads.
 15  JC+I+R3       3146.957     76  6445.914     6475.321     6762.326
WARNING: Number of threads seems too high for short alignments. Use -T AUTO to determine best number of threads.
 16  JC+I+R4       3146.748     78  6449.496     6480.618     6774.235
 25  JC+G4         3152.913     72  6449.826     6475.976     6749.585
 26  JC+I+G4       3149.219     73  6444.439     6471.381     6748.361
 28  JC+R3         3147.805     75  6445.611     6474.182     6757.859
WARNING: Number of threads seems too high for short alignments. Use -T AUTO to determine best number of threads.
 47  F81+G4        3152.913     72  6449.825     6475.974     6749.584
WARNING: Number of threads seems too high for short alignments. Use -T AUTO to determine best number of threads.
 48  F81+I+G4      3149.095     73  6444.190     6471.133     6748.112
WARNING: Number of threads seems too high for short alignments. Use -T AUTO to determine best number of threads.
 50  F81+R3        3147.668     75  6445.335     6473.907     6757.584
WARNING: Number of threads seems too high for short alignments. Use -T AUTO to determine best number of threads.
 69  F81+F+G4      3111.016     75  6372.031     6400.603     6684.280
WARNING: Number of threads seems too high for short alignments. Use -T AUTO to determine best number of threads.
 70  F81+F+I+G4    3107.064     76  6366.128     6395.535     6682.540
WARNING: Number of threads seems too high for short alignments. Use -T AUTO to determine best number of threads.
 72  F81+F+R3      3106.289     78  6368.577     6399.699     6693.316
WARNING: Number of threads seems too high for short alignments. Use -T AUTO to determine best number of threads.
 91  K2P+G4        2987.548     73  6121.096     6148.039     6425.018
WARNING: Number of threads seems too high for short alignments. Use -T AUTO to determine best number of threads.
 92  K2P+I+G4      2981.468     74  6110.935     6138.685     6419.021
WARNING: Number of threads seems too high for short alignments. Use -T AUTO to determine best number of threads.
 94  K2P+R3        2980.097     76  6112.195     6141.602     6428.607
113  K2P+G4        2987.548     73  6121.096     6148.039     6425.018
114  K2P+I+G4      2981.468     74  6110.935     6138.685     6419.021
116  K2P+R3        2980.097     76  6112.195     6141.602     6428.607
WARNING: Number of threads seems too high for short alignments. Use -T AUTO to determine best number of threads.
135  HKY+G4        2987.548     73  6121.096     6148.039     6425.018
WARNING: Number of threads seems too high for short alignments. Use -T AUTO to determine best number of threads.
136  HKY+I+G4      2981.406     74  6110.811     6138.561     6418.896
WARNING: Number of threads seems too high for short alignments. Use -T AUTO to determine best number of threads.
138  HKY+R3        2980.088     76  6112.176     6141.583     6428.588
WARNING: Number of threads seems too high for short alignments. Use -T AUTO to determine best number of threads.
157  HKY+F+G4      2919.272     76  5990.544     6019.951     6306.955
WARNING: Number of threads seems too high for short alignments. Use -T AUTO to determine best number of threads.
158  HKY+F+I+G4    2916.992     77  5987.984     6018.241     6308.559
WARNING: Number of threads seems too high for short alignments. Use -T AUTO to determine best number of threads.
160  HKY+F+R3      2917.539     79  5993.079     6025.079     6321.981
WARNING: Number of threads seems too high for short alignments. Use -T AUTO to determine best number of threads.
179  TNe+G4        2987.373     74  6122.746     6150.496     6430.831
WARNING: Number of threads seems too high for short alignments. Use -T AUTO to determine best number of threads.
180  TNe+I+G4      2981.297     75  6112.593     6141.165     6424.842
WARNING: Number of threads seems too high for short alignments. Use -T AUTO to determine best number of threads.
182  TNe+R3        2980.063     77  6114.126     6144.383     6434.701
201  TNe+G4        2987.373     74  6122.746     6150.496     6430.831
202  TNe+I+G4      2981.297     75  6112.593     6141.165     6424.842
204  TNe+R3        2980.063     77  6114.126     6144.383     6434.701
WARNING: Number of threads seems too high for short alignments. Use -T AUTO to determine best number of threads.
223  TN+G4         2987.372     74  6122.745     6150.495     6430.830
WARNING: Number of threads seems too high for short alignments. Use -T AUTO to determine best number of threads.
224  TN+I+G4       2981.218     75  6112.436     6141.007     6424.684
WARNING: Number of threads seems too high for short alignments. Use -T AUTO to determine best number of threads.
226  TN+R3         2980.015     77  6114.031     6144.288     6434.606
WARNING: Number of threads seems too high for short alignments. Use -T AUTO to determine best number of threads.
245  TN+F+G4       2918.711     77  5991.421     6021.678     6311.997
WARNING: Number of threads seems too high for short alignments. Use -T AUTO to determine best number of threads.
246  TN+F+I+G4     2914.923     78  5985.846     6016.967     6310.585
WARNING: Number of threads seems too high for short alignments. Use -T AUTO to determine best number of threads.
248  TN+F+R3       2916.037     80  5992.073     6024.966     6325.138
WARNING: Number of threads seems too high for short alignments. Use -T AUTO to determine best number of threads.
267  K3P+G4        2987.171     74  6122.343     6150.093     6430.428
WARNING: Number of threads seems too high for short alignments. Use -T AUTO to determine best number of threads.
268  K3P+I+G4      2980.957     75  6111.914     6140.485     6424.162
WARNING: Number of threads seems too high for short alignments. Use -T AUTO to determine best number of threads.
270  K3P+R3        2979.707     77  6113.414     6143.671     6433.990
289  K3P+G4        2987.171     74  6122.343     6150.093     6430.428
290  K3P+I+G4      2980.957     75  6111.914     6140.485     6424.162
292  K3P+R3        2979.707     77  6113.414     6143.671     6433.990
WARNING: Number of threads seems too high for short alignments. Use -T AUTO to determine best number of threads.
311  K3Pu+G4       2987.172     74  6122.343     6150.093     6430.428
WARNING: Number of threads seems too high for short alignments. Use -T AUTO to determine best number of threads.
312  K3Pu+I+G4     2980.915     75  6111.830     6140.401     6424.078
WARNING: Number of threads seems too high for short alignments. Use -T AUTO to determine best number of threads.
314  K3Pu+R3       2979.711     77  6113.422     6143.679     6433.997
WARNING: Number of threads seems too high for short alignments. Use -T AUTO to determine best number of threads.
333  K3Pu+F+G4     2915.718     77  5985.436     6015.693     6306.011
WARNING: Number of threads seems too high for short alignments. Use -T AUTO to determine best number of threads.
334  K3Pu+F+I+G4   2913.664     78  5983.328     6014.449     6308.066
WARNING: Number of threads seems too high for short alignments. Use -T AUTO to determine best number of threads.
336  K3Pu+F+R3     2914.693     80  5989.385     6022.278     6322.450
WARNING: Number of threads seems too high for short alignments. Use -T AUTO to determine best number of threads.
355  TPM2+G4       2982.226     74  6112.451     6140.201     6420.536
WARNING: Number of threads seems too high for short alignments. Use -T AUTO to determine best number of threads.
356  TPM2+I+G4     2974.864     75  6099.728     6128.299     6411.976
WARNING: Number of threads seems too high for short alignments. Use -T AUTO to determine best number of threads.
358  TPM2+R3       2972.069     77  6098.138     6128.395     6418.714
377  TPM2+G4       2982.226     74  6112.451     6140.201     6420.536
378  TPM2+I+G4     2974.864     75  6099.728     6128.299     6411.976
380  TPM2+R3       2972.069     77  6098.138     6128.395     6418.714
WARNING: Number of threads seems too high for short alignments. Use -T AUTO to determine best number of threads.
399  TPM2u+G4      2982.225     74  6112.451     6140.201     6420.536
WARNING: Number of threads seems too high for short alignments. Use -T AUTO to determine best number of threads.
400  TPM2u+I+G4    2974.831     75  6099.661     6128.233     6411.910
WARNING: Number of threads seems too high for short alignments. Use -T AUTO to determine best number of threads.
402  TPM2u+R3      2972.052     77  6098.103     6128.360     6418.679
WARNING: Number of threads seems too high for short alignments. Use -T AUTO to determine best number of threads.
421  TPM2u+F+G4    2919.153     77  5992.306     6022.563     6312.882
WARNING: Number of threads seems too high for short alignments. Use -T AUTO to determine best number of threads.
422  TPM2u+F+I+G4  2916.563     78  5989.126     6020.247     6313.865
WARNING: Number of threads seems too high for short alignments. Use -T AUTO to determine best number of threads.
424  TPM2u+F+R3    2917.592     80  5995.185     6028.078     6328.250
WARNING: Number of threads seems too high for short alignments. Use -T AUTO to determine best number of threads.
443  TPM3+G4       2987.549     74  6123.098     6150.848     6431.183
WARNING: Number of threads seems too high for short alignments. Use -T AUTO to determine best number of threads.
444  TPM3+I+G4     2981.351     75  6112.702     6141.274     6424.951
WARNING: Number of threads seems too high for short alignments. Use -T AUTO to determine best number of threads.
446  TPM3+R3       2980.071     77  6114.141     6144.398     6434.716
465  TPM3+G4       2987.549     74  6123.098     6150.848     6431.183
466  TPM3+I+G4     2981.351     75  6112.702     6141.274     6424.951
468  TPM3+R3       2980.071     77  6114.141     6144.398     6434.716
WARNING: Number of threads seems too high for short alignments. Use -T AUTO to determine best number of threads.
487  TPM3u+G4      2987.549     74  6123.098     6150.848     6431.183
WARNING: Number of threads seems too high for short alignments. Use -T AUTO to determine best number of threads.
488  TPM3u+I+G4    2981.311     75  6112.622     6141.194     6424.871
WARNING: Number of threads seems too high for short alignments. Use -T AUTO to determine best number of threads.
490  TPM3u+R3      2980.074     77  6114.148     6144.405     6434.724
WARNING: Number of threads seems too high for short alignments. Use -T AUTO to determine best number of threads.
509  TPM3u+F+G4    2917.106     77  5988.213     6018.470     6308.788
WARNING: Number of threads seems too high for short alignments. Use -T AUTO to determine best number of threads.
510  TPM3u+F+I+G4  2914.829     78  5985.659     6016.780     6310.397
WARNING: Number of threads seems too high for short alignments. Use -T AUTO to determine best number of threads.
512  TPM3u+F+R3    2915.844     80  5991.687     6024.581     6324.753
WARNING: Number of threads seems too high for short alignments. Use -T AUTO to determine best number of threads.
531  TIMe+G4       2986.989     75  6123.979     6152.550     6436.227
WARNING: Number of threads seems too high for short alignments. Use -T AUTO to determine best number of threads.
532  TIMe+I+G4     2980.734     76  6113.468     6142.875     6429.880
WARNING: Number of threads seems too high for short alignments. Use -T AUTO to determine best number of threads.
534  TIMe+R3       2979.765     78  6115.530     6146.651     6440.269
553  TIMe+G4       2986.989     75  6123.979     6152.550     6436.227
554  TIMe+I+G4     2980.734     76  6113.468     6142.875     6429.880
556  TIMe+R3       2979.765     78  6115.530     6146.651     6440.269
WARNING: Number of threads seems too high for short alignments. Use -T AUTO to determine best number of threads.
575  TIM+G4        2986.988     75  6123.977     6152.548     6436.225
WARNING: Number of threads seems too high for short alignments. Use -T AUTO to determine best number of threads.
576  TIM+I+G4      2980.722     76  6113.444     6142.851     6429.856
WARNING: Number of threads seems too high for short alignments. Use -T AUTO to determine best number of threads.
578  TIM+R3        2979.693     78  6115.387     6146.508     6440.125
WARNING: Number of threads seems too high for short alignments. Use -T AUTO to determine best number of threads.
597  TIM+F+G4      2915.191     78  5986.381     6017.502     6311.120
WARNING: Number of threads seems too high for short alignments. Use -T AUTO to determine best number of threads.
598  TIM+F+I+G4    2911.960     79  5981.919     6013.919     6310.821
WARNING: Number of threads seems too high for short alignments. Use -T AUTO to determine best number of threads.
600  TIM+F+R3      2912.818     81  5987.635     6021.437     6324.864
WARNING: Number of threads seems too high for short alignments. Use -T AUTO to determine best number of threads.
619  TIM2e+G4      2981.957     75  6113.914     6142.485     6426.162
WARNING: Number of threads seems too high for short alignments. Use -T AUTO to determine best number of threads.
620  TIM2e+I+G4    2974.507     76  6101.015     6130.422     6417.426
WARNING: Number of threads seems too high for short alignments. Use -T AUTO to determine best number of threads.
622  TIM2e+R3      2972.107     78  6100.215     6131.336     6424.954
641  TIM2e+G4      2981.957     75  6113.914     6142.485     6426.162
642  TIM2e+I+G4    2974.507     76  6101.015     6130.422     6417.426
644  TIM2e+R3      2972.107     78  6100.215     6131.336     6424.954
WARNING: Number of threads seems too high for short alignments. Use -T AUTO to determine best number of threads.
663  TIM2+G4       2981.957     75  6113.913     6142.485     6426.162
WARNING: Number of threads seems too high for short alignments. Use -T AUTO to determine best number of threads.
664  TIM2+I+G4     2974.507     76  6101.013     6130.420     6417.425
WARNING: Number of threads seems too high for short alignments. Use -T AUTO to determine best number of threads.
666  TIM2+R3       2972.000     78  6100.001     6131.122     6424.739
WARNING: Number of threads seems too high for short alignments. Use -T AUTO to determine best number of threads.
685  TIM2+F+G4     2918.582     78  5993.165     6024.286     6317.903
WARNING: Number of threads seems too high for short alignments. Use -T AUTO to determine best number of threads.
686  TIM2+F+I+G4   2914.527     79  5987.054     6019.054     6315.956
WARNING: Number of threads seems too high for short alignments. Use -T AUTO to determine best number of threads.
688  TIM2+F+R3     2915.557     81  5993.113     6026.915     6330.342
WARNING: Number of threads seems too high for short alignments. Use -T AUTO to determine best number of threads.
707  TIM3e+G4      2987.373     75  6124.746     6153.318     6436.995
WARNING: Number of threads seems too high for short alignments. Use -T AUTO to determine best number of threads.
708  TIM3e+I+G4    2981.279     76  6114.557     6143.964     6430.969
WARNING: Number of threads seems too high for short alignments. Use -T AUTO to determine best number of threads.
710  TIM3e+R3      2980.035     78  6116.071     6147.192     6440.810
729  TIM3e+G4      2987.373     75  6124.746     6153.318     6436.995
730  TIM3e+I+G4    2981.279     76  6114.557     6143.964     6430.969
732  TIM3e+R3      2980.035     78  6116.071     6147.192     6440.810
WARNING: Number of threads seems too high for short alignments. Use -T AUTO to determine best number of threads.
751  TIM3+G4       2987.373     75  6124.745     6153.317     6436.994
WARNING: Number of threads seems too high for short alignments. Use -T AUTO to determine best number of threads.
752  TIM3+I+G4     2981.177     76  6114.354     6143.761     6430.766
WARNING: Number of threads seems too high for short alignments. Use -T AUTO to determine best number of threads.
754  TIM3+R3       2979.980     78  6115.959     6147.080     6440.698
WARNING: Number of threads seems too high for short alignments. Use -T AUTO to determine best number of threads.
773  TIM3+F+G4     2916.519     78  5989.038     6020.159     6313.777
WARNING: Number of threads seems too high for short alignments. Use -T AUTO to determine best number of threads.
774  TIM3+F+I+G4   2913.010     79  5984.020     6016.020     6312.922
WARNING: Number of threads seems too high for short alignments. Use -T AUTO to determine best number of threads.
776  TIM3+F+R3     2913.868     81  5989.737     6023.538     6326.965
WARNING: Number of threads seems too high for short alignments. Use -T AUTO to determine best number of threads.
795  TVMe+G4       2981.272     76  6114.545     6143.952     6430.957
WARNING: Number of threads seems too high for short alignments. Use -T AUTO to determine best number of threads.
796  TVMe+I+G4     2973.587     77  6101.173     6131.430     6421.748
WARNING: Number of threads seems too high for short alignments. Use -T AUTO to determine best number of threads.
798  TVMe+R3       2970.710     79  6099.420     6131.420     6428.322
817  TVMe+G4       2981.272     76  6114.545     6143.952     6430.957
818  TVMe+I+G4     2973.587     77  6101.173     6131.430     6421.748
820  TVMe+R3       2970.710     79  6099.420     6131.420     6428.322
WARNING: Number of threads seems too high for short alignments. Use -T AUTO to determine best number of threads.
839  TVM+G4        2981.272     76  6114.544     6143.951     6430.956
WARNING: Number of threads seems too high for short alignments. Use -T AUTO to determine best number of threads.
840  TVM+I+G4      2973.582     77  6101.163     6131.420     6421.738
WARNING: Number of threads seems too high for short alignments. Use -T AUTO to determine best number of threads.
842  TVM+R3        2970.629     79  6099.257     6131.257     6428.159
WARNING: Number of threads seems too high for short alignments. Use -T AUTO to determine best number of threads.
861  TVM+F+G4      2914.890     79  5987.780     6019.780     6316.682
WARNING: Number of threads seems too high for short alignments. Use -T AUTO to determine best number of threads.
862  TVM+F+I+G4    2912.327     80  5984.654     6017.547     6317.719
WARNING: Number of threads seems too high for short alignments. Use -T AUTO to determine best number of threads.
864  TVM+F+R3      2913.228     82  5990.457     6025.181     6331.849
WARNING: Number of threads seems too high for short alignments. Use -T AUTO to determine best number of threads.
883  SYM+G4        2981.000     77  6115.999     6146.256     6436.574
WARNING: Number of threads seems too high for short alignments. Use -T AUTO to determine best number of threads.
884  SYM+I+G4      2973.320     78  6102.640     6133.761     6427.378
WARNING: Number of threads seems too high for short alignments. Use -T AUTO to determine best number of threads.
886  SYM+R3        2970.556     80  6101.111     6134.005     6434.177
905  SYM+G4        2981.000     77  6115.999     6146.256     6436.574
906  SYM+I+G4      2973.320     78  6102.640     6133.761     6427.378
908  SYM+R3        2970.556     80  6101.111     6134.005     6434.177
WARNING: Number of threads seems too high for short alignments. Use -T AUTO to determine best number of threads.
927  GTR+G4        2981.000     77  6115.999     6146.256     6436.574
WARNING: Number of threads seems too high for short alignments. Use -T AUTO to determine best number of threads.
928  GTR+I+G4      2973.319     78  6102.638     6133.759     6427.376
WARNING: Number of threads seems too high for short alignments. Use -T AUTO to determine best number of threads.
930  GTR+R3        2970.554     80  6101.107     6134.001     6434.173
WARNING: Number of threads seems too high for short alignments. Use -T AUTO to determine best number of threads.
949  GTR+F+G4      2914.326     80  5988.652     6021.545     6321.717
WARNING: Number of threads seems too high for short alignments. Use -T AUTO to determine best number of threads.
950  GTR+F+I+G4    2910.504     81  5983.008     6016.810     6320.237
WARNING: Number of threads seems too high for short alignments. Use -T AUTO to determine best number of threads.
952  GTR+F+R3      2911.366     83  5988.732     6024.395     6334.287
Akaike Information Criterion:           TIM+F+I+G4
Corrected Akaike Information Criterion: TIM+F+I+G4
Bayesian Information Criterion:         K3Pu+F+G4
Best-fit model: K3Pu+F+G4 chosen according to BIC

All model information printed to aln_segment_1663_to_2137.model.gz
CPU time for ModelFinder: 5.375 seconds (0h:0m:5s)
Wall-clock time for ModelFinder: 4.840 seconds (0h:0m:4s)
Generating 1000 samples for ultrafast bootstrap (seed: 78815)...

NOTE: 1 MB RAM (0 GB) is required!
WARNING: Number of threads seems too high for short alignments. Use -T AUTO to determine best number of threads.
Estimate model parameters (epsilon = 0.100)
1. Initial log-likelihood: -2916.432
2. Current log-likelihood: -2915.727
Optimal log-likelihood: -2915.718
Rate parameters:  A-C: 1.00000  A-G: 5.94464  A-T: 0.51768  C-G: 0.51768  C-T: 5.94464  G-T: 1.00000
Base frequencies:  A: 0.410  C: 0.157  G: 0.186  T: 0.247
Gamma shape alpha: 0.204
Parameters optimization took 2 rounds (0.015 sec)
Wrote distance file to... 
Computing ML distances based on estimated model parameters...
Calculating distance matrix: done in 0.000895977 secs using 368.8% CPU
Computing ML distances took 0.001011 sec (of wall-clock time) 0.003367 sec (of CPU time)
Setting up auxiliary I and S matrices: done in 6.38962e-05 secs using 111.1% CPU
Constructing RapidNJ tree: done in 0.00157809 secs using 60.2% CPU
Computing RapidNJ tree took 0.001671 sec (of wall-clock time) 0.001035 sec (of CPU time)
Log-likelihood of RapidNJ tree: -2938.013
--------------------------------------------------------------------
|             INITIALIZING CANDIDATE TREE SET                      |
--------------------------------------------------------------------
Generating 98 parsimony trees... 0.113 second
Computing log-likelihood of 98 initial trees ... 0.444 seconds
Current best score: -2915.718

Do NNI search on 20 best initial trees
Estimate model parameters (epsilon = 0.100)
BETTER TREE FOUND at iteration 1: -2915.718
Estimate model parameters (epsilon = 0.100)
BETTER TREE FOUND at iteration 2: -2909.860
Estimate model parameters (epsilon = 0.100)
BETTER TREE FOUND at iteration 3: -2906.268
Iteration 10 / LogL: -2912.126 / Time: 0h:0m:5s
Iteration 20 / LogL: -2912.126 / Time: 0h:0m:6s
Finish initializing candidate tree set (13)
Current best tree score: -2906.268 / CPU time: 1.687
Number of iterations: 20
--------------------------------------------------------------------
|               OPTIMIZING CANDIDATE TREE SET                      |
--------------------------------------------------------------------
Estimate model parameters (epsilon = 0.100)
BETTER TREE FOUND at iteration 30: -2905.629
Iteration 30 / LogL: -2905.629 / Time: 0h:0m:7s (0h:0m:9s left)
Iteration 40 / LogL: -2905.673 / Time: 0h:0m:8s (0h:0m:8s left)
Iteration 50 / LogL: -2905.659 / Time: 0h:0m:9s (0h:0m:7s left)
Log-likelihood cutoff on original alignment: -2935.175
Iteration 60 / LogL: -2906.850 / Time: 0h:0m:10s (0h:0m:6s left)
Iteration 70 / LogL: -2905.685 / Time: 0h:0m:11s (0h:0m:5s left)
Iteration 80 / LogL: -2907.697 / Time: 0h:0m:12s (0h:0m:4s left)
Iteration 90 / LogL: -2905.947 / Time: 0h:0m:13s (0h:0m:3s left)
Iteration 100 / LogL: -2905.814 / Time: 0h:0m:14s (0h:0m:3s left)
Log-likelihood cutoff on original alignment: -2935.879
NOTE: Bootstrap correlation coefficient of split occurrence frequencies: 0.996
Iteration 110 / LogL: -2905.673 / Time: 0h:0m:15s (0h:0m:9s left)
Iteration 120 / LogL: -2906.926 / Time: 0h:0m:16s (0h:0m:8s left)
Iteration 130 / LogL: -2907.455 / Time: 0h:0m:17s (0h:0m:7s left)
TREE SEARCH COMPLETED AFTER 131 ITERATIONS / Time: 0h:0m:17s

--------------------------------------------------------------------
|                    FINALIZING TREE SEARCH                        |
--------------------------------------------------------------------
Performs final model parameters optimization
Estimate model parameters (epsilon = 0.010)
1. Initial log-likelihood: -2905.629
Optimal log-likelihood: -2905.629
Rate parameters:  A-C: 1.00000  A-G: 5.95714  A-T: 0.50260  C-G: 0.50260  C-T: 5.95714  G-T: 1.00000
Base frequencies:  A: 0.410  C: 0.157  G: 0.186  T: 0.247
Gamma shape alpha: 0.205
Parameters optimization took 1 rounds (0.006 sec)
BEST SCORE FOUND : -2905.629
Creating bootstrap support values...
Split supports printed to NEXUS file aln_segment_1663_to_2137.splits.nex
Total tree length: 1.407

Total number of iterations: 131
CPU time used for tree search: 8.731 sec (0h:0m:8s)
Wall-clock time used for tree search: 13.062 sec (0h:0m:13s)
Total CPU time used: 14.193 sec (0h:0m:14s)
Total wall-clock time used: 17.994 sec (0h:0m:17s)

Computing bootstrap consensus tree...
Reading input file aln_segment_1663_to_2137.splits.nex...
37 taxa and 300 splits.
Consensus tree written to aln_segment_1663_to_2137.contree
Reading input trees file aln_segment_1663_to_2137.contree
Log-likelihood of consensus tree: -2905.631

Analysis results written to: 
  IQ-TREE report:                aln_segment_1663_to_2137.iqtree
  Maximum-likelihood tree:       aln_segment_1663_to_2137.treefile
  Likelihood distances:          aln_segment_1663_to_2137.mldist

Ultrafast bootstrap approximation results written to:
  Split support values:          aln_segment_1663_to_2137.splits.nex
  Consensus tree:                aln_segment_1663_to_2137.contree
  Screen log file:               aln_segment_1663_to_2137.log

Date and Time: Mon Jan 19 19:34:20 2026
