IQ-TREE version 3.0.1 for MacOS ARM 64-bit built Jun 30 2025
Developed by Bui Quang Minh, Thomas Wong, Nhan Ly-Trong, Huaiyan Ren
Contributed by Lam-Tung Nguyen, Dominik Schrempf, Chris Bielow,
Olga Chernomor, Michael Woodhams, Diep Thi Hoang, Heiko Schmidt

Host:    SUN1032320 (SSE4.2, 36 GB RAM)
Command: iqtree3 -s aln_segment_4038_to_4512.fasta -m MFP -B 1000 -T 4 -pre aln_segment_4038_to_4512
Seed:    121274 (Using SPRNG - Scalable Parallel Random Number Generator)
Time:    Mon Jan 19 19:36:27 2026
Kernel:  SSE2 - 4 threads (14 CPU cores detected)

Reading alignment file aln_segment_4038_to_4512.fasta ... Fasta format detected
Reading fasta file: done in 0.000287056 secs using 73.5% CPU
Alignment most likely contains DNA/RNA sequences
Constructing alignment: done in 0.000283957 secs using 64.45% CPU
Alignment has 37 sequences with 475 columns, 164 distinct patterns
122 parsimony-informative, 50 singleton sites, 303 constant sites
                                Gap/Ambiguity  Composition  p-value
Analyzing sequences: done in 1.40667e-05 secs using 106.6% CPU
   1  B.FR.83.HXBLAI_IIIB_BRU.K03455    0.00%    passed     95.93%
   2  A                                 0.00%    passed     99.84%
   3  A1                                0.00%    passed     98.62%
   4  A2                                0.00%    passed     96.21%
   5  A3                                0.00%    passed     94.01%
   6  A6                                0.00%    passed     99.97%
   7  B                                 0.00%    passed     99.01%
   8  C                                 0.00%    passed     91.82%
   9  D                                 0.00%    passed     98.24%
  10  F1                                0.00%    passed     96.72%
  11  F2                                0.00%    passed     99.71%
  12  G                                 0.00%    passed     93.98%
  13  H                                 0.00%    passed     99.01%
  14  J                                 0.00%    passed     94.41%
  15  K                                 0.00%    passed     96.47%
  16  L                                 0.00%    passed     88.33%
  17  AE                                0.00%    passed     98.95%
  18  AG                                0.00%    passed     99.23%
  19  cpx                               0.00%    passed     93.00%
  20  DF                                0.00%    passed     98.43%
  21  BC                                0.00%    passed     98.30%
  22  CD                                0.00%    passed     99.73%
  23  BF                                0.00%    passed     82.59%
  24  BG                                0.00%    passed     99.77%
  25  01B                               0.00%    passed     99.16%
  26  A2D                               0.00%    passed     98.91%
  27  01A1                              0.00%    passed     99.92%
  28  A5U                               0.00%    passed     89.03%
  29  AD                                0.00%    passed     94.00%
  30  BF1                               0.00%    passed     93.91%
  31  02G                               0.00%    passed     97.94%
  32  A1D                               0.00%    passed     99.68%
  33  02A                               0.00%    passed     88.06%
  34  C2U                               0.00%    passed     98.42%
  35  02B                               0.00%    passed     95.24%
  36  01C                               0.00%    passed     98.00%
  37  CPZ                               0.00%    passed     31.28%
****  TOTAL                             0.00%  0 sequences failed composition chi2 test (p-value<5%; df=3)
Checking for duplicate sequences: done in 4.79221e-05 secs using 70.95% CPU


Create initial parsimony tree by phylogenetic likelihood library (PLL)... 0.001 seconds
WARNING: Number of threads seems too high for short alignments. Use -T AUTO to determine best number of threads.
Perform fast likelihood tree search using GTR+I+G model...
Estimate model parameters (epsilon = 5.000)
Perform nearest neighbor interchange...
Estimate model parameters (epsilon = 1.000)
1. Initial log-likelihood: -3204.345
Optimal log-likelihood: -3204.197
Rate parameters:  A-C: 2.32243  A-G: 5.55188  A-T: 1.09662  C-G: 0.12944  C-T: 9.34307  G-T: 1.00000
Base frequencies:  A: 0.404  C: 0.137  G: 0.247  T: 0.213
Proportion of invariable sites: 0.344
Gamma shape alpha: 0.449
Parameters optimization took 1 rounds (0.011 sec)
Time for fast ML tree search: 0.135 seconds

NOTE: ModelFinder requires 2 MB RAM!
ModelFinder will test up to 968 DNA models (sample size: 475 epsilon: 0.100) ...
 No. Model         -LnL         df  AIC          AICc         BIC
WARNING: Number of threads seems too high for short alignments. Use -T AUTO to determine best number of threads.
  1  JC            3769.421     71  7680.842     7706.211     7976.437
WARNING: Number of threads seems too high for short alignments. Use -T AUTO to determine best number of threads.
  2  JC+I          3490.123     72  7124.245     7150.395     7424.004
WARNING: Number of threads seems too high for short alignments. Use -T AUTO to determine best number of threads.
  3  JC+G4         3455.836     72  7055.672     7081.821     7355.430
WARNING: Number of threads seems too high for short alignments. Use -T AUTO to determine best number of threads.
  4  JC+I+G4       3452.432     73  7050.864     7077.807     7354.786
WARNING: Number of threads seems too high for short alignments. Use -T AUTO to determine best number of threads.
  5  JC+R2         3457.643     73  7061.285     7088.228     7365.207
WARNING: Number of threads seems too high for short alignments. Use -T AUTO to determine best number of threads.
  6  JC+R3         3450.851     75  7051.702     7080.274     7363.951
WARNING: Number of threads seems too high for short alignments. Use -T AUTO to determine best number of threads.
  7  JC+R4         3450.504     77  7055.008     7085.265     7375.583
WARNING: Number of threads seems too high for short alignments. Use -T AUTO to determine best number of threads.
 14  JC+I+R2       3456.210     74  7060.420     7088.170     7368.505
WARNING: Number of threads seems too high for short alignments. Use -T AUTO to determine best number of threads.
 15  JC+I+R3       3451.003     76  7054.005     7083.412     7370.417
 25  JC+G4         3455.836     72  7055.672     7081.821     7355.430
 26  JC+I+G4       3452.432     73  7050.864     7077.807     7354.786
 28  JC+R3         3450.851     75  7051.702     7080.274     7363.951
WARNING: Number of threads seems too high for short alignments. Use -T AUTO to determine best number of threads.
 47  F81+G4        3455.832     72  7055.665     7081.814     7355.424
WARNING: Number of threads seems too high for short alignments. Use -T AUTO to determine best number of threads.
 48  F81+I+G4      3452.364     73  7050.727     7077.670     7354.649
WARNING: Number of threads seems too high for short alignments. Use -T AUTO to determine best number of threads.
 50  F81+R3        3450.772     75  7051.544     7080.116     7363.793
WARNING: Number of threads seems too high for short alignments. Use -T AUTO to determine best number of threads.
 69  F81+F+G4      3380.466     75  6910.932     6939.503     7223.181
WARNING: Number of threads seems too high for short alignments. Use -T AUTO to determine best number of threads.
 70  F81+F+I+G4    3375.681     76  6903.362     6932.769     7219.774
WARNING: Number of threads seems too high for short alignments. Use -T AUTO to determine best number of threads.
 72  F81+F+R3      3375.081     78  6906.162     6937.283     7230.901
WARNING: Number of threads seems too high for short alignments. Use -T AUTO to determine best number of threads.
 91  K2P+G4        3287.311     73  6720.622     6747.565     7024.544
WARNING: Number of threads seems too high for short alignments. Use -T AUTO to determine best number of threads.
 92  K2P+I+G4      3283.237     74  6714.475     6742.225     7022.560
WARNING: Number of threads seems too high for short alignments. Use -T AUTO to determine best number of threads.
 94  K2P+R3        3280.819     76  6713.638     6743.045     7030.050
113  K2P+G4        3287.311     73  6720.622     6747.565     7024.544
114  K2P+I+G4      3283.237     74  6714.475     6742.225     7022.560
116  K2P+R3        3280.819     76  6713.638     6743.045     7030.050
WARNING: Number of threads seems too high for short alignments. Use -T AUTO to determine best number of threads.
135  HKY+G4        3287.311     73  6720.622     6747.565     7024.544
WARNING: Number of threads seems too high for short alignments. Use -T AUTO to determine best number of threads.
136  HKY+I+G4      3283.152     74  6714.304     6742.054     7022.389
WARNING: Number of threads seems too high for short alignments. Use -T AUTO to determine best number of threads.
138  HKY+R3        3280.750     76  6713.501     6742.908     7029.913
WARNING: Number of threads seems too high for short alignments. Use -T AUTO to determine best number of threads.
157  HKY+F+G4      3228.913     76  6609.827     6639.234     6926.239
WARNING: Number of threads seems too high for short alignments. Use -T AUTO to determine best number of threads.
158  HKY+F+I+G4    3224.774     77  6603.549     6633.806     6924.124
WARNING: Number of threads seems too high for short alignments. Use -T AUTO to determine best number of threads.
160  HKY+F+R3      3223.553     79  6605.106     6637.106     6934.008
WARNING: Number of threads seems too high for short alignments. Use -T AUTO to determine best number of threads.
179  TNe+G4        3284.941     74  6717.881     6745.631     7025.966
WARNING: Number of threads seems too high for short alignments. Use -T AUTO to determine best number of threads.
180  TNe+I+G4      3280.387     75  6710.773     6739.345     7023.022
WARNING: Number of threads seems too high for short alignments. Use -T AUTO to determine best number of threads.
182  TNe+R3        3277.685     77  6709.370     6739.627     7029.945
201  TNe+G4        3284.941     74  6717.881     6745.631     7025.966
202  TNe+I+G4      3280.387     75  6710.773     6739.345     7023.022
204  TNe+R3        3277.685     77  6709.370     6739.627     7029.945
WARNING: Number of threads seems too high for short alignments. Use -T AUTO to determine best number of threads.
223  TN+G4         3284.940     74  6717.880     6745.630     7025.966
WARNING: Number of threads seems too high for short alignments. Use -T AUTO to determine best number of threads.
224  TN+I+G4       3280.314     75  6710.628     6739.199     7022.877
WARNING: Number of threads seems too high for short alignments. Use -T AUTO to determine best number of threads.
226  TN+R3         3277.608     77  6709.216     6739.473     7029.791
WARNING: Number of threads seems too high for short alignments. Use -T AUTO to determine best number of threads.
245  TN+F+G4       3224.356     77  6602.712     6632.969     6923.287
WARNING: Number of threads seems too high for short alignments. Use -T AUTO to determine best number of threads.
246  TN+F+I+G4     3219.470     78  6594.940     6626.061     6919.678
WARNING: Number of threads seems too high for short alignments. Use -T AUTO to determine best number of threads.
248  TN+F+R3       3218.239     80  6596.479     6629.372     6929.544
WARNING: Number of threads seems too high for short alignments. Use -T AUTO to determine best number of threads.
267  K3P+G4        3284.696     74  6717.392     6745.142     7025.477
WARNING: Number of threads seems too high for short alignments. Use -T AUTO to determine best number of threads.
268  K3P+I+G4      3280.418     75  6710.836     6739.408     7023.085
WARNING: Number of threads seems too high for short alignments. Use -T AUTO to determine best number of threads.
270  K3P+R3        3277.845     77  6709.691     6739.948     7030.266
289  K3P+G4        3284.696     74  6717.392     6745.142     7025.477
290  K3P+I+G4      3280.418     75  6710.836     6739.408     7023.085
292  K3P+R3        3277.845     77  6709.691     6739.948     7030.266
WARNING: Number of threads seems too high for short alignments. Use -T AUTO to determine best number of threads.
311  K3Pu+G4       3284.696     74  6717.392     6745.142     7025.478
WARNING: Number of threads seems too high for short alignments. Use -T AUTO to determine best number of threads.
312  K3Pu+I+G4     3280.335     75  6710.669     6739.241     7022.918
WARNING: Number of threads seems too high for short alignments. Use -T AUTO to determine best number of threads.
314  K3Pu+R3       3277.807     77  6709.615     6739.872     7030.190
WARNING: Number of threads seems too high for short alignments. Use -T AUTO to determine best number of threads.
333  K3Pu+F+G4     3224.549     77  6603.098     6633.355     6923.673
WARNING: Number of threads seems too high for short alignments. Use -T AUTO to determine best number of threads.
334  K3Pu+F+I+G4   3220.101     78  6596.201     6627.322     6920.940
WARNING: Number of threads seems too high for short alignments. Use -T AUTO to determine best number of threads.
336  K3Pu+F+R3     3218.933     80  6597.866     6630.759     6930.931
WARNING: Number of threads seems too high for short alignments. Use -T AUTO to determine best number of threads.
355  TPM2+G4       3271.849     74  6691.697     6719.447     6999.782
WARNING: Number of threads seems too high for short alignments. Use -T AUTO to determine best number of threads.
356  TPM2+I+G4     3266.982     75  6683.964     6712.536     6996.213
WARNING: Number of threads seems too high for short alignments. Use -T AUTO to determine best number of threads.
358  TPM2+R3       3263.819     77  6681.639     6711.896     7002.214
377  TPM2+G4       3271.849     74  6691.697     6719.447     6999.782
378  TPM2+I+G4     3266.982     75  6683.964     6712.536     6996.213
380  TPM2+R3       3263.819     77  6681.639     6711.896     7002.214
WARNING: Number of threads seems too high for short alignments. Use -T AUTO to determine best number of threads.
399  TPM2u+G4      3271.848     74  6691.697     6719.447     6999.782
WARNING: Number of threads seems too high for short alignments. Use -T AUTO to determine best number of threads.
400  TPM2u+I+G4    3266.906     75  6683.811     6712.383     6996.060
WARNING: Number of threads seems too high for short alignments. Use -T AUTO to determine best number of threads.
402  TPM2u+R3      3263.789     77  6681.577     6711.834     7002.153
WARNING: Number of threads seems too high for short alignments. Use -T AUTO to determine best number of threads.
421  TPM2u+F+G4    3221.966     77  6597.932     6628.189     6918.508
WARNING: Number of threads seems too high for short alignments. Use -T AUTO to determine best number of threads.
422  TPM2u+F+I+G4  3217.711     78  6591.423     6622.544     6916.161
WARNING: Number of threads seems too high for short alignments. Use -T AUTO to determine best number of threads.
424  TPM2u+F+R3    3216.214     80  6592.429     6625.322     6925.494
WARNING: Number of threads seems too high for short alignments. Use -T AUTO to determine best number of threads.
443  TPM3+G4       3286.818     74  6721.637     6749.387     7029.722
WARNING: Number of threads seems too high for short alignments. Use -T AUTO to determine best number of threads.
444  TPM3+I+G4     3282.641     75  6715.281     6743.853     7027.530
WARNING: Number of threads seems too high for short alignments. Use -T AUTO to determine best number of threads.
446  TPM3+R3       3280.418     77  6714.835     6745.092     7035.410
465  TPM3+G4       3286.818     74  6721.637     6749.387     7029.722
466  TPM3+I+G4     3282.641     75  6715.281     6743.853     7027.530
468  TPM3+R3       3280.418     77  6714.835     6745.092     7035.410
WARNING: Number of threads seems too high for short alignments. Use -T AUTO to determine best number of threads.
487  TPM3u+G4      3286.819     74  6721.637     6749.387     7029.723
WARNING: Number of threads seems too high for short alignments. Use -T AUTO to determine best number of threads.
488  TPM3u+I+G4    3282.570     75  6715.141     6743.712     7027.389
WARNING: Number of threads seems too high for short alignments. Use -T AUTO to determine best number of threads.
490  TPM3u+R3      3280.385     77  6714.770     6745.027     7035.345
WARNING: Number of threads seems too high for short alignments. Use -T AUTO to determine best number of threads.
509  TPM3u+F+G4    3228.287     77  6610.574     6640.831     6931.149
WARNING: Number of threads seems too high for short alignments. Use -T AUTO to determine best number of threads.
510  TPM3u+F+I+G4  3223.731     78  6603.462     6634.583     6928.201
WARNING: Number of threads seems too high for short alignments. Use -T AUTO to determine best number of threads.
512  TPM3u+F+R3    3222.574     80  6605.148     6638.041     6938.213
WARNING: Number of threads seems too high for short alignments. Use -T AUTO to determine best number of threads.
531  TIMe+G4       3282.375     75  6714.750     6743.321     7026.998
WARNING: Number of threads seems too high for short alignments. Use -T AUTO to determine best number of threads.
532  TIMe+I+G4     3277.562     76  6707.123     6736.530     7023.535
WARNING: Number of threads seems too high for short alignments. Use -T AUTO to determine best number of threads.
534  TIMe+R3       3274.725     78  6705.450     6736.571     7030.188
553  TIMe+G4       3282.375     75  6714.750     6743.321     7026.998
554  TIMe+I+G4     3277.562     76  6707.123     6736.530     7023.535
556  TIMe+R3       3274.725     78  6705.450     6736.571     7030.188
WARNING: Number of threads seems too high for short alignments. Use -T AUTO to determine best number of threads.
575  TIM+G4        3282.375     75  6714.749     6743.321     7026.998
WARNING: Number of threads seems too high for short alignments. Use -T AUTO to determine best number of threads.
576  TIM+I+G4      3277.501     76  6707.003     6736.410     7023.415
WARNING: Number of threads seems too high for short alignments. Use -T AUTO to determine best number of threads.
578  TIM+R3        3274.698     78  6705.395     6736.516     7030.134
WARNING: Number of threads seems too high for short alignments. Use -T AUTO to determine best number of threads.
597  TIM+F+G4      3219.998     78  6595.997     6627.118     6920.735
WARNING: Number of threads seems too high for short alignments. Use -T AUTO to determine best number of threads.
598  TIM+F+I+G4    3214.850     79  6587.701     6619.701     6916.602
WARNING: Number of threads seems too high for short alignments. Use -T AUTO to determine best number of threads.
600  TIM+F+R3      3213.483     81  6588.966     6622.768     6926.195
WARNING: Number of threads seems too high for short alignments. Use -T AUTO to determine best number of threads.
619  TIM2e+G4      3269.182     75  6688.364     6716.935     7000.612
WARNING: Number of threads seems too high for short alignments. Use -T AUTO to determine best number of threads.
620  TIM2e+I+G4    3263.723     76  6679.446     6708.853     6995.858
WARNING: Number of threads seems too high for short alignments. Use -T AUTO to determine best number of threads.
622  TIM2e+R3      3260.448     78  6676.896     6708.017     7001.634
641  TIM2e+G4      3269.182     75  6688.364     6716.935     7000.612
642  TIM2e+I+G4    3263.723     76  6679.446     6708.853     6995.858
644  TIM2e+R3      3260.448     78  6676.896     6708.017     7001.634
WARNING: Number of threads seems too high for short alignments. Use -T AUTO to determine best number of threads.
663  TIM2+G4       3269.181     75  6688.362     6716.933     7000.611
WARNING: Number of threads seems too high for short alignments. Use -T AUTO to determine best number of threads.
664  TIM2+I+G4     3263.681     76  6679.362     6708.769     6995.774
WARNING: Number of threads seems too high for short alignments. Use -T AUTO to determine best number of threads.
666  TIM2+R3       3260.380     78  6676.760     6707.881     7001.499
WARNING: Number of threads seems too high for short alignments. Use -T AUTO to determine best number of threads.
685  TIM2+F+G4     3217.218     78  6590.437     6621.558     6915.175
WARNING: Number of threads seems too high for short alignments. Use -T AUTO to determine best number of threads.
686  TIM2+F+I+G4   3212.138     79  6582.275     6614.275     6911.177
WARNING: Number of threads seems too high for short alignments. Use -T AUTO to determine best number of threads.
688  TIM2+F+R3     3210.818     81  6583.637     6617.438     6920.865
WARNING: Number of threads seems too high for short alignments. Use -T AUTO to determine best number of threads.
707  TIM3e+G4      3284.540     75  6719.081     6747.652     7031.330
WARNING: Number of threads seems too high for short alignments. Use -T AUTO to determine best number of threads.
708  TIM3e+I+G4    3279.719     76  6711.439     6740.846     7027.850
WARNING: Number of threads seems too high for short alignments. Use -T AUTO to determine best number of threads.
710  TIM3e+R3      3277.310     78  6710.619     6741.741     7035.358
729  TIM3e+G4      3284.540     75  6719.081     6747.652     7031.330
730  TIM3e+I+G4    3279.719     76  6711.439     6740.846     7027.850
732  TIM3e+R3      3277.310     78  6710.619     6741.741     7035.358
WARNING: Number of threads seems too high for short alignments. Use -T AUTO to determine best number of threads.
751  TIM3+G4       3284.540     75  6719.080     6747.651     7031.328
WARNING: Number of threads seems too high for short alignments. Use -T AUTO to determine best number of threads.
752  TIM3+I+G4     3279.686     76  6711.371     6740.778     7027.783
WARNING: Number of threads seems too high for short alignments. Use -T AUTO to determine best number of threads.
754  TIM3+R3       3277.296     78  6710.591     6741.713     7035.330
WARNING: Number of threads seems too high for short alignments. Use -T AUTO to determine best number of threads.
773  TIM3+F+G4     3223.756     78  6603.513     6634.634     6928.251
WARNING: Number of threads seems too high for short alignments. Use -T AUTO to determine best number of threads.
774  TIM3+F+I+G4   3218.369     79  6594.738     6626.738     6923.640
WARNING: Number of threads seems too high for short alignments. Use -T AUTO to determine best number of threads.
776  TIM3+F+R3     3217.097     81  6596.193     6629.995     6933.422
WARNING: Number of threads seems too high for short alignments. Use -T AUTO to determine best number of threads.
795  TVMe+G4       3263.219     76  6678.438     6707.845     6994.850
WARNING: Number of threads seems too high for short alignments. Use -T AUTO to determine best number of threads.
796  TVMe+I+G4     3258.217     77  6670.435     6700.692     6991.010
WARNING: Number of threads seems too high for short alignments. Use -T AUTO to determine best number of threads.
798  TVMe+R3       3254.969     79  6667.939     6699.939     6996.841
817  TVMe+G4       3263.219     76  6678.438     6707.845     6994.850
818  TVMe+I+G4     3258.217     77  6670.435     6700.692     6991.010
820  TVMe+R3       3254.969     79  6667.939     6699.939     6996.841
WARNING: Number of threads seems too high for short alignments. Use -T AUTO to determine best number of threads.
839  TVM+G4        3263.219     76  6678.437     6707.844     6994.849
WARNING: Number of threads seems too high for short alignments. Use -T AUTO to determine best number of threads.
840  TVM+I+G4      3258.165     77  6670.331     6700.588     6990.906
WARNING: Number of threads seems too high for short alignments. Use -T AUTO to determine best number of threads.
842  TVM+R3        3254.882     79  6667.764     6699.764     6996.666
WARNING: Number of threads seems too high for short alignments. Use -T AUTO to determine best number of threads.
861  TVM+F+G4      3213.177     79  6584.355     6616.355     6913.257
WARNING: Number of threads seems too high for short alignments. Use -T AUTO to determine best number of threads.
862  TVM+F+I+G4    3208.751     80  6577.501     6610.395     6910.566
WARNING: Number of threads seems too high for short alignments. Use -T AUTO to determine best number of threads.
864  TVM+F+R3      3206.819     82  6577.638     6612.362     6919.030
WARNING: Number of threads seems too high for short alignments. Use -T AUTO to determine best number of threads.
883  SYM+G4        3260.654     77  6675.309     6705.566     6995.884
WARNING: Number of threads seems too high for short alignments. Use -T AUTO to determine best number of threads.
884  SYM+I+G4      3255.122     78  6666.245     6697.366     6990.983
WARNING: Number of threads seems too high for short alignments. Use -T AUTO to determine best number of threads.
886  SYM+R3        3251.550     80  6663.101     6695.994     6996.166
905  SYM+G4        3260.654     77  6675.309     6705.566     6995.884
906  SYM+I+G4      3255.122     78  6666.245     6697.366     6990.983
908  SYM+R3        3251.550     80  6663.101     6695.994     6996.166
WARNING: Number of threads seems too high for short alignments. Use -T AUTO to determine best number of threads.
927  GTR+G4        3260.651     77  6675.303     6705.560     6995.878
WARNING: Number of threads seems too high for short alignments. Use -T AUTO to determine best number of threads.
928  GTR+I+G4      3255.099     78  6666.197     6697.318     6990.936
WARNING: Number of threads seems too high for short alignments. Use -T AUTO to determine best number of threads.
930  GTR+R3        3251.543     80  6663.087     6695.980     6996.152
WARNING: Number of threads seems too high for short alignments. Use -T AUTO to determine best number of threads.
949  GTR+F+G4      3208.403     80  6576.807     6609.700     6909.872
WARNING: Number of threads seems too high for short alignments. Use -T AUTO to determine best number of threads.
950  GTR+F+I+G4    3203.015     81  6568.029     6601.831     6905.258
WARNING: Number of threads seems too high for short alignments. Use -T AUTO to determine best number of threads.
952  GTR+F+R3      3201.374     83  6568.748     6604.410     6914.303
Akaike Information Criterion:           GTR+F+I+G4
Corrected Akaike Information Criterion: GTR+F+I+G4
Bayesian Information Criterion:         GTR+F+I+G4
Best-fit model: GTR+F+I+G4 chosen according to BIC

All model information printed to aln_segment_4038_to_4512.model.gz
CPU time for ModelFinder: 3.337 seconds (0h:0m:3s)
Wall-clock time for ModelFinder: 3.089 seconds (0h:0m:3s)
Generating 1000 samples for ultrafast bootstrap (seed: 121274)...

NOTE: 1 MB RAM (0 GB) is required!
WARNING: Number of threads seems too high for short alignments. Use -T AUTO to determine best number of threads.
Estimate model parameters (epsilon = 0.100)
Thoroughly optimizing +I+G parameters from 10 start values...
Init pinv, alpha: 0.000, 0.630 / Estimate: 0.000, 0.211 / LogL: -3208.406
Init pinv, alpha: 0.071, 0.630 / Estimate: 0.080, 0.242 / LogL: -3207.464
Init pinv, alpha: 0.142, 0.630 / Estimate: 0.158, 0.283 / LogL: -3206.580
Init pinv, alpha: 0.213, 0.630 / Estimate: 0.236, 0.336 / LogL: -3205.640
Init pinv, alpha: 0.284, 0.630 / Estimate: 0.310, 0.407 / LogL: -3204.649
Init pinv, alpha: 0.354, 0.630 / Estimate: 0.379, 0.499 / LogL: -3203.746
Init pinv, alpha: 0.425, 0.630 / Estimate: 0.436, 0.616 / LogL: -3203.067
Init pinv, alpha: 0.496, 0.630 / Estimate: 0.493, 0.803 / LogL: -3202.622
Init pinv, alpha: 0.567, 0.630 / Estimate: 0.532, 1.010 / LogL: -3202.679
Init pinv, alpha: 0.638, 0.630 / Estimate: 0.539, 1.053 / LogL: -3202.749
Optimal pinv,alpha: 0.493, 0.803 / LogL: -3202.622

Parameters optimization took 0.368 sec
Wrote distance file to... 
Computing ML distances based on estimated model parameters...
Calculating distance matrix: done in 0.000776052 secs using 380.1% CPU
Computing ML distances took 0.000865 sec (of wall-clock time) 0.003006 sec (of CPU time)
Setting up auxiliary I and S matrices: done in 5.57899e-05 secs using 170.3% CPU
Constructing RapidNJ tree: done in 0.00152588 secs using 59.97% CPU
Computing RapidNJ tree took 0.001618 sec (of wall-clock time) 0.001032 sec (of CPU time)
Log-likelihood of RapidNJ tree: -3214.272
--------------------------------------------------------------------
|             INITIALIZING CANDIDATE TREE SET                      |
--------------------------------------------------------------------
Generating 98 parsimony trees... 0.114 second
Computing log-likelihood of 98 initial trees ... 0.434 seconds
Current best score: -3202.622

Do NNI search on 20 best initial trees
Estimate model parameters (epsilon = 0.100)
BETTER TREE FOUND at iteration 1: -3202.615
Estimate model parameters (epsilon = 0.100)
BETTER TREE FOUND at iteration 2: -3193.474
Estimate model parameters (epsilon = 0.100)
BETTER TREE FOUND at iteration 4: -3192.645
Iteration 10 / LogL: -3195.930 / Time: 0h:0m:4s
Iteration 20 / LogL: -3203.628 / Time: 0h:0m:5s
Finish initializing candidate tree set (20)
Current best tree score: -3192.645 / CPU time: 2.404
Number of iterations: 20
--------------------------------------------------------------------
|               OPTIMIZING CANDIDATE TREE SET                      |
--------------------------------------------------------------------
Estimate model parameters (epsilon = 0.100)
BETTER TREE FOUND at iteration 26: -3189.362
Iteration 30 / LogL: -3192.730 / Time: 0h:0m:7s (0h:0m:13s left)
UPDATE BEST LOG-LIKELIHOOD: -3189.362
UPDATE BEST LOG-LIKELIHOOD: -3189.362
Iteration 40 / LogL: -3192.597 / Time: 0h:0m:8s (0h:0m:12s left)
Iteration 50 / LogL: -3189.362 / Time: 0h:0m:9s (0h:0m:10s left)
Log-likelihood cutoff on original alignment: -3222.481
Estimate model parameters (epsilon = 0.100)
BETTER TREE FOUND at iteration 58: -3188.743
Iteration 60 / LogL: -3189.396 / Time: 0h:0m:11s (0h:0m:13s left)
UPDATE BEST LOG-LIKELIHOOD: -3188.743
Iteration 70 / LogL: -3189.451 / Time: 0h:0m:12s (0h:0m:12s left)
Iteration 80 / LogL: -3188.743 / Time: 0h:0m:14s (0h:0m:10s left)
Iteration 90 / LogL: -3188.790 / Time: 0h:0m:15s (0h:0m:9s left)
Iteration 100 / LogL: -3189.202 / Time: 0h:0m:16s (0h:0m:7s left)
Log-likelihood cutoff on original alignment: -3222.481
NOTE: Bootstrap correlation coefficient of split occurrence frequencies: 0.984
NOTE: UFBoot does not converge, continue at least 100 more iterations
Iteration 110 / LogL: -3188.743 / Time: 0h:0m:18s (0h:0m:12s left)
Iteration 120 / LogL: -3188.745 / Time: 0h:0m:19s (0h:0m:10s left)
Iteration 130 / LogL: -3193.520 / Time: 0h:0m:20s (0h:0m:9s left)
Iteration 140 / LogL: -3188.744 / Time: 0h:0m:21s (0h:0m:8s left)
Iteration 150 / LogL: -3188.749 / Time: 0h:0m:23s (0h:0m:6s left)
Log-likelihood cutoff on original alignment: -3222.481
Iteration 160 / LogL: -3188.743 / Time: 0h:0m:24s (0h:0m:5s left)
Iteration 170 / LogL: -3190.614 / Time: 0h:0m:26s (0h:0m:4s left)
Iteration 180 / LogL: -3193.318 / Time: 0h:0m:27s (0h:0m:2s left)
Iteration 190 / LogL: -3189.205 / Time: 0h:0m:28s (0h:0m:1s left)
UPDATE BEST LOG-LIKELIHOOD: -3188.743
Iteration 200 / LogL: -3188.802 / Time: 0h:0m:29s (0h:0m:0s left)
Log-likelihood cutoff on original alignment: -3219.677
NOTE: Bootstrap correlation coefficient of split occurrence frequencies: 0.996
TREE SEARCH COMPLETED AFTER 200 ITERATIONS / Time: 0h:0m:29s

--------------------------------------------------------------------
|                    FINALIZING TREE SEARCH                        |
--------------------------------------------------------------------
Performs final model parameters optimization
Estimate model parameters (epsilon = 0.010)
1. Initial log-likelihood: -3188.743
Optimal log-likelihood: -3188.742
Rate parameters:  A-C: 2.49030  A-G: 6.08363  A-T: 1.13175  C-G: 0.15547  C-T: 10.10169  G-T: 1.00000
Base frequencies:  A: 0.404  C: 0.137  G: 0.247  T: 0.213
Proportion of invariable sites: 0.502
Gamma shape alpha: 0.850
Parameters optimization took 1 rounds (0.007 sec)
BEST SCORE FOUND : -3188.742
Creating bootstrap support values...
Split supports printed to NEXUS file aln_segment_4038_to_4512.splits.nex
Total tree length: 1.515

Total number of iterations: 200
CPU time used for tree search: 17.968 sec (0h:0m:17s)
Wall-clock time used for tree search: 26.426 sec (0h:0m:26s)
Total CPU time used: 21.844 sec (0h:0m:21s)
Total wall-clock time used: 29.970 sec (0h:0m:29s)

Computing bootstrap consensus tree...
Reading input file aln_segment_4038_to_4512.splits.nex...
37 taxa and 470 splits.
Consensus tree written to aln_segment_4038_to_4512.contree
Reading input trees file aln_segment_4038_to_4512.contree
Log-likelihood of consensus tree: -3190.169

Analysis results written to: 
  IQ-TREE report:                aln_segment_4038_to_4512.iqtree
  Maximum-likelihood tree:       aln_segment_4038_to_4512.treefile
  Likelihood distances:          aln_segment_4038_to_4512.mldist

Ultrafast bootstrap approximation results written to:
  Split support values:          aln_segment_4038_to_4512.splits.nex
  Consensus tree:                aln_segment_4038_to_4512.contree
  Screen log file:               aln_segment_4038_to_4512.log

Date and Time: Mon Jan 19 19:36:57 2026
