IQ-TREE version 3.0.1 for MacOS ARM 64-bit built Jun 30 2025
Developed by Bui Quang Minh, Thomas Wong, Nhan Ly-Trong, Huaiyan Ren
Contributed by Lam-Tung Nguyen, Dominik Schrempf, Chris Bielow,
Olga Chernomor, Michael Woodhams, Diep Thi Hoang, Heiko Schmidt

Host:    SUN1032320 (SSE4.2, 36 GB RAM)
Command: iqtree3 -s /Users/gzd130/Library/CloudStorage/OneDrive-RegionSjælland/Mol_phylo/revision/mast_hiv/data/0.1_trimmed_alns_HIV_2021_subset.fasta -m GTR+FO+R4+T -te /Users/gzd130/Library/CloudStorage/OneDrive-RegionSjælland/Mol_phylo/revision/mast_hiv/generated/0.1/tree_subsets/modeltrees_final_4.newick --prefix /Users/gzd130/Library/CloudStorage/OneDrive-RegionSjælland/Mol_phylo/revision/mast_hiv/output/0.1/mast_model_4/mast_model_final_4 -nt 8 -wspmr -wslmr -redo
Seed:    485502 (Using SPRNG - Scalable Parallel Random Number Generator)
Time:    Thu Jan 22 12:46:02 2026
Kernel:  SSE2 - 8 threads (14 CPU cores detected)

Reading alignment file /Users/gzd130/Library/CloudStorage/OneDrive-RegionSjælland/Mol_phylo/revision/mast_hiv/data/0.1_trimmed_alns_HIV_2021_subset.fasta ... Fasta format detected
Reading fasta file: done in 0.00626397 secs using 83.21% CPU
Alignment most likely contains DNA/RNA sequences
Constructing alignment: done in 0.0083611 secs using 61.01% CPU
Alignment has 37 sequences with 9546 columns, 3820 distinct patterns
3178 parsimony-informative, 1160 singleton sites, 5208 constant sites
                                Gap/Ambiguity  Composition  p-value
Analyzing sequences: done in 0.000176191 secs using 288.3% CPU
   1  B.FR.83.HXBLAI_IIIB_BRU.K03455    2.01%    failed      1.21%
   2  A                                 1.69%    passed     49.51%
   3  A1                                8.15%    passed     99.34%
   4  A2                                5.69%    passed     99.41%
   5  A3                                7.69%    passed     82.21%
   6  A6                                6.84%    passed     66.07%
   7  B                                 7.61%    passed     91.09%
   8  C                                 6.34%    passed     99.42%
   9  D                                 8.30%    passed     75.96%
  10  F1                                6.49%    passed     81.59%
  11  F2                                7.85%    passed     75.62%
  12  G                                 6.83%    passed     94.68%
  13  H                                 2.04%    passed     70.93%
  14  J                                 6.25%    passed     73.59%
  15  K                                10.05%    passed     18.08%
  16  L                                 5.11%    passed     95.32%
  17  AE                                8.07%    passed     93.85%
  18  AG                                8.79%    passed     99.16%
  19  cpx                               5.99%    passed     88.25%
  20  DF                                6.36%    passed     90.28%
  21  BC                                6.92%    passed     94.29%
  22  CD                                5.97%    passed     99.06%
  23  BF                                4.24%    passed     16.12%
  24  BG                                6.00%    passed     96.17%
  25  01B                               7.47%    passed     94.43%
  26  A2D                               7.45%    passed     38.05%
  27  01A1                              8.56%    passed     49.09%
  28  A5U                               1.57%    passed     98.61%
  29  AD                                9.01%    passed     98.43%
  30  BF1                               6.57%    passed     79.77%
  31  02G                               5.14%    passed     99.71%
  32  A1D                               6.37%    passed     88.28%
  33  02A                               6.32%    passed     20.94%
  34  C2U                               5.78%    passed     99.13%
  35  02B                               9.29%    passed     98.67%
  36  01C                               6.74%    passed     97.54%
  37  CPZ                               5.58%    failed      0.00%
****  TOTAL                             6.41%  2 sequences failed composition chi2 test (p-value<5%; df=3)
Number of input trees: 4
Minimum branch length is set to 0.0000010
Checking for duplicate sequences: done in 0.000488997 secs using 94.07% CPU

NOTE: 73 MB RAM (0 GB) is required!
According to the parsimony scores along the sites, the tree weights are initialized to:
0.2832839,0.2480587,0.2307638,0.2378935
Estimate model parameters (epsilon = 0.00100)
1. Initial log-likelihood: -94374.75097
2. Current log-likelihood: -87859.29220
3. Current log-likelihood: -87800.01114
4. Current log-likelihood: -87772.72142
5. Current log-likelihood: -87765.80503
6. Current log-likelihood: -87762.27752
7. Current log-likelihood: -87759.68136
8. Current log-likelihood: -87757.50258
9. Current log-likelihood: -87755.55237
10. Current log-likelihood: -87753.89079
11. Current log-likelihood: -87752.38250
12. Current log-likelihood: -87751.12569
13. Current log-likelihood: -87750.05401
14. Current log-likelihood: -87749.14573
15. Current log-likelihood: -87748.35037
16. Current log-likelihood: -87747.66705
17. Current log-likelihood: -87747.10233
18. Current log-likelihood: -87746.59443
19. Current log-likelihood: -87746.17448
20. Current log-likelihood: -87745.79087
21. Current log-likelihood: -87745.47144
22. Current log-likelihood: -87745.12447
23. Current log-likelihood: -87744.86041
24. Current log-likelihood: -87744.60957
25. Current log-likelihood: -87744.37197
26. Current log-likelihood: -87744.15848
27. Current log-likelihood: -87743.96458
28. Current log-likelihood: -87743.78743
29. Current log-likelihood: -87743.62060
30. Current log-likelihood: -87743.46942
31. Current log-likelihood: -87743.32790
32. Current log-likelihood: -87743.19638
33. Current log-likelihood: -87743.07236
34. Current log-likelihood: -87742.95527
35. Current log-likelihood: -87742.84454
36. Current log-likelihood: -87742.73970
37. Current log-likelihood: -87742.64171
38. Current log-likelihood: -87742.54843
39. Current log-likelihood: -87742.45972
40. Current log-likelihood: -87742.37523
41. Current log-likelihood: -87742.29423
42. Current log-likelihood: -87742.22345
43. Current log-likelihood: -87742.15249
44. Current log-likelihood: -87742.08301
45. Current log-likelihood: -87742.02324
46. Current log-likelihood: -87741.96247
47. Current log-likelihood: -87741.90534
48. Current log-likelihood: -87741.85206
49. Current log-likelihood: -87741.80182
50. Current log-likelihood: -87741.75052
51. Current log-likelihood: -87741.70164
52. Current log-likelihood: -87741.65731
53. Current log-likelihood: -87741.61891
54. Current log-likelihood: -87741.58197
55. Current log-likelihood: -87741.54465
56. Current log-likelihood: -87741.50583
57. Current log-likelihood: -87741.47306
58. Current log-likelihood: -87741.43885
59. Current log-likelihood: -87741.41027
60. Current log-likelihood: -87741.38208
61. Current log-likelihood: -87741.35350
62. Current log-likelihood: -87741.32948
63. Current log-likelihood: -87741.30695
64. Current log-likelihood: -87741.27821
65. Current log-likelihood: -87741.25568
66. Current log-likelihood: -87741.23559
67. Current log-likelihood: -87741.21493
68. Current log-likelihood: -87741.19668
69. Current log-likelihood: -87741.17976
70. Current log-likelihood: -87741.16159
71. Current log-likelihood: -87741.14040
72. Current log-likelihood: -87741.12527
73. Current log-likelihood: -87741.11124
74. Current log-likelihood: -87741.09807
75. Current log-likelihood: -87741.08657
76. Current log-likelihood: -87741.07262
77. Current log-likelihood: -87741.05599
78. Current log-likelihood: -87741.04654
79. Current log-likelihood: -87741.03581
80. Current log-likelihood: -87741.02773
81. Current log-likelihood: -87741.01826
82. Current log-likelihood: -87741.01127
83. Current log-likelihood: -87741.00296
84. Current log-likelihood: -87740.99688
85. Current log-likelihood: -87740.99122
86. Current log-likelihood: -87740.98090
87. Current log-likelihood: -87740.97558
88. Current log-likelihood: -87740.97068
89. Current log-likelihood: -87740.96609
90. Current log-likelihood: -87740.96180
91. Current log-likelihood: -87740.95776
92. Current log-likelihood: -87740.95398
93. Current log-likelihood: -87740.95042
94. Current log-likelihood: -87740.94707
95. Current log-likelihood: -87740.94388
96. Current log-likelihood: -87740.93594
97. Current log-likelihood: -87740.93294
98. Current log-likelihood: -87740.93012
99. Current log-likelihood: -87740.92750
100. Current log-likelihood: -87740.92501
101. Current log-likelihood: -87740.92268
102. Current log-likelihood: -87740.90896
103. Current log-likelihood: -87740.90547
104. Current log-likelihood: -87740.90239
105. Current log-likelihood: -87740.89970
106. Current log-likelihood: -87740.89726
107. Current log-likelihood: -87740.89508
108. Current log-likelihood: -87740.89309
109. Current log-likelihood: -87740.89129
110. Current log-likelihood: -87740.88963
111. Current log-likelihood: -87740.88428
112. Current log-likelihood: -87740.88275
113. Current log-likelihood: -87740.88138
114. Current log-likelihood: -87740.88012
115. Current log-likelihood: -87740.87898
116. Current log-likelihood: -87740.87792
117. Current log-likelihood: -87740.87330
118. Current log-likelihood: -87740.87219
119. Current log-likelihood: -87740.87125
Final estimation on weights:
0.29536,0.13509,0.34916,0.22040
Wrote distance file to... 
BEST SCORE FOUND : -87740.87125
Site log-likelihoods per category printed to /Users/gzd130/Library/CloudStorage/OneDrive-RegionSjælland/Mol_phylo/revision/mast_hiv/output/0.1/mast_model_4/mast_model_final_4.sitelh
Site probabilities per category printed to /Users/gzd130/Library/CloudStorage/OneDrive-RegionSjælland/Mol_phylo/revision/mast_hiv/output/0.1/mast_model_4/mast_model_final_4.siteprob
Total tree lengths: 7.94728 3.92095 1.39285 3.83234

Total number of iterations: 117
CPU time used for tree search: 0.00001 sec (0h:0m:0s)
Wall-clock time used for tree search: 0.00002 sec (0h:0m:0s)
Total CPU time used: 859.01718 sec (0h:14m:19s)
Total wall-clock time used: 1337.92575 sec (0h:22m:17s)

Analysis results written to: 
  IQ-TREE report:                /Users/gzd130/Library/CloudStorage/OneDrive-RegionSjælland/Mol_phylo/revision/mast_hiv/output/0.1/mast_model_4/mast_model_final_4.iqtree
  Maximum-likelihood tree:       /Users/gzd130/Library/CloudStorage/OneDrive-RegionSjælland/Mol_phylo/revision/mast_hiv/output/0.1/mast_model_4/mast_model_final_4.treefile
  Site log-likelihoods:          /Users/gzd130/Library/CloudStorage/OneDrive-RegionSjælland/Mol_phylo/revision/mast_hiv/output/0.1/mast_model_4/mast_model_final_4.sitelh
  Site probability per rate/mix: /Users/gzd130/Library/CloudStorage/OneDrive-RegionSjælland/Mol_phylo/revision/mast_hiv/output/0.1/mast_model_4/mast_model_final_4.siteprob
  Screen log file:               /Users/gzd130/Library/CloudStorage/OneDrive-RegionSjælland/Mol_phylo/revision/mast_hiv/output/0.1/mast_model_4/mast_model_final_4.log

Date and Time: Thu Jan 22 13:08:20 2026
