IQ-TREE multicore version 2.3.6 for Linux x86 64-bit built Aug  1 2024
Developed by Bui Quang Minh, Nguyen Lam Tung, Olga Chernomor, Heiko Schmidt,
Dominik Schrempf, Michael Woodhams, Ly Trong Nhan, Thomas Wong

Host:    racimocomp07fl.unicph.domain (AVX512, FMA3, 755 GB RAM)
Command: iqtree2 -s /maps/projects/racimolab/people/fnl270/GitHub/mast_hiv/data/18_ML_trees/2708_trimmed_alns_HIV_2021_subset.fasta -m GTR+FO+R4+T -te /maps/projects/racimolab/people/fnl270/GitHub/mast_hiv/data/tree_subsets/modeltrees_final_23.newick --prefix /maps/projects/racimolab/people/fnl270/GitHub/mast_hiv/output/mast_model_23/mast_model_final_23 -nt 2 -wspmr -wslmr -redo
Seed:    195686 (Using SPRNG - Scalable Parallel Random Number Generator)
Time:    Mon Sep  8 09:24:27 2025
Kernel:  AVX+FMA - 2 threads (96 CPU cores detected)

Reading alignment file /maps/projects/racimolab/people/fnl270/GitHub/mast_hiv/data/18_ML_trees/2708_trimmed_alns_HIV_2021_subset.fasta ... Fasta format detected
Reading fasta file: done in 0.00681801 secs using 62.11% CPU
Alignment most likely contains DNA/RNA sequences
Alignment has 37 sequences with 8941 columns, 3524 distinct patterns
3080 parsimony-informative, 1063 singleton sites, 4798 constant sites
                                Gap/Ambiguity  Composition  p-value
Analyzing sequences: done in 0.000934903 secs using 190.9% CPU
   1  B.FR.83.HXBLAI_IIIB_BRU.K03455    0.70%    passed     19.65%
   2  A                                 0.15%    passed     89.42%
   3  A1                                2.13%    passed     95.95%
   4  A2                                0.48%    passed     99.90%
   5  A3                                2.14%    passed     63.50%
   6  A6                                0.74%    passed     55.87%
   7  B                                 1.54%    passed     84.96%
   8  C                                 0.82%    passed     99.85%
   9  D                                 2.30%    passed     81.94%
  10  F1                                1.63%    passed     79.98%
  11  F2                                1.90%    passed     83.58%
  12  G                                 0.72%    passed     96.00%
  13  H                                 0.59%    passed     95.29%
  14  J                                 0.74%    passed     82.00%
  15  K                                 4.21%    passed     27.59%
  16  L                                 1.02%    passed     93.46%
  17  AE                                2.18%    passed     91.20%
  18  AG                                2.76%    passed     96.74%
  19  cpx                               0.65%    passed     75.48%
  20  DF                                0.73%    passed     93.16%
  21  BC                                1.01%    passed     89.00%
  22  CD                                0.66%    passed     99.15%
  23  BF                                0.85%    passed     34.38%
  24  BG                                1.45%    passed     96.00%
  25  01B                               1.67%    passed     91.56%
  26  A2D                               2.02%    passed     53.74%
  27  01A1                              2.65%    passed     55.15%
  28  A5U                               0.46%    passed     76.20%
  29  AD                                2.99%    passed     95.07%
  30  BF1                               1.96%    passed     80.75%
  31  02G                               1.21%    passed     98.74%
  32  A1D                               0.89%    passed     82.33%
  33  02A                               1.55%    passed     28.34%
  34  C2U                               0.43%    passed     98.79%
  35  02B                               3.53%    passed     98.05%
  36  01C                               0.82%    passed     97.29%
  37  CPZ                               1.97%    failed      0.00%
****  TOTAL                             1.47%  1 sequences failed composition chi2 test (p-value<5%; df=3)
Tree-mixture model
Number of input trees: 23
Minimum branch length is set to 0.0000010
























Linked substitution model:
   GTR+FO

Linked RHS model:
   R4


NOTE: 389 MB RAM (0 GB) is required!
According to the parsimony scores along the sites, the tree weights are initialized to:
0.0442572,0.0388764,0.0414990,0.0563809,0.0406950,0.0417551,0.0320265,0.0462600,0.0471771,0.0496879,0.0447863,0.0391644,0.0476050,0.0530136,0.0353241,0.0499794,0.0328731,0.0377631,0.0461966,0.0425364,0.0533648,0.0332490,0.0455291
Estimate model parameters (epsilon = 0.00100)
1. Initial log-likelihood: -89578.77340
2. Current log-likelihood: -82040.19446
3. Current log-likelihood: -82009.13341
4. Current log-likelihood: -81997.53512
5. Current log-likelihood: -81992.32665
6. Current log-likelihood: -81990.02269
7. Current log-likelihood: -81986.53677
8. Current log-likelihood: -81982.56030
9. Current log-likelihood: -81979.26665
10. Current log-likelihood: -81978.35763
11. Current log-likelihood: -81977.69198
12. Current log-likelihood: -81972.60178
13. Current log-likelihood: -81968.70092
14. Current log-likelihood: -81968.25281
15. Current log-likelihood: -81967.87991
16. Current log-likelihood: -81967.55405
17. Current log-likelihood: -81967.26482
18. Current log-likelihood: -81967.00839
19. Current log-likelihood: -81966.78153
20. Current log-likelihood: -81966.57869
21. Current log-likelihood: -81966.39634
22. Current log-likelihood: -81966.23160
23. Current log-likelihood: -81966.08405
24. Current log-likelihood: -81965.94780
25. Current log-likelihood: -81965.82509
26. Current log-likelihood: -81965.71282
27. Current log-likelihood: -81965.60798
28. Current log-likelihood: -81965.51350
29. Current log-likelihood: -81965.42742
30. Current log-likelihood: -81964.92029
31. Current log-likelihood: -81964.84827
32. Current log-likelihood: -81964.77983
33. Current log-likelihood: -81964.71787
34. Current log-likelihood: -81964.65313
35. Current log-likelihood: -81963.39209
36. Current log-likelihood: -81963.32505
37. Current log-likelihood: -81963.26490
38. Current log-likelihood: -81963.21056
39. Current log-likelihood: -81963.16107
40. Current log-likelihood: -81963.11705
41. Current log-likelihood: -81963.07629
42. Current log-likelihood: -81963.03846
43. Current log-likelihood: -81963.00323
44. Current log-likelihood: -81962.97028
45. Current log-likelihood: -81962.93936
46. Current log-likelihood: -81962.91025
47. Current log-likelihood: -81962.88275
48. Current log-likelihood: -81962.85666
49. Current log-likelihood: -81962.83184
50. Current log-likelihood: -81962.80804
51. Current log-likelihood: -81962.78503
52. Current log-likelihood: -81962.76103
53. Current log-likelihood: -81962.08328
54. Current log-likelihood: -81961.84034
55. Current log-likelihood: -81961.76202
56. Current log-likelihood: -81961.69236
57. Current log-likelihood: -81961.62984
58. Current log-likelihood: -81961.57343
59. Current log-likelihood: -81961.52238
60. Current log-likelihood: -81961.47601
61. Current log-likelihood: -81961.43377
62. Current log-likelihood: -81961.39516
63. Current log-likelihood: -81961.35949
64. Current log-likelihood: -81961.32588
65. Current log-likelihood: -81960.57176
66. Current log-likelihood: -81960.45416
67. Current log-likelihood: -81960.35094
68. Current log-likelihood: -81960.25471
69. Current log-likelihood: -81960.15953
70. Current log-likelihood: -81960.07017
71. Current log-likelihood: -81959.98042
72. Current log-likelihood: -81959.85143
73. Current log-likelihood: -81959.77552
74. Current log-likelihood: -81959.70501
75. Current log-likelihood: -81959.63972
76. Current log-likelihood: -81959.57920
77. Current log-likelihood: -81959.52488
78. Current log-likelihood: -81959.47220
79. Current log-likelihood: -81959.42544
80. Current log-likelihood: -81959.38194
81. Current log-likelihood: -81959.34165
82. Current log-likelihood: -81959.30438
83. Current log-likelihood: -81959.26996
84. Current log-likelihood: -81959.23816
85. Current log-likelihood: -81959.20869
86. Current log-likelihood: -81959.18269
87. Current log-likelihood: -81959.15721
88. Current log-likelihood: -81959.13495
89. Current log-likelihood: -81959.11417
90. Current log-likelihood: -81959.09493
91. Current log-likelihood: -81959.07674
92. Current log-likelihood: -81959.05989
93. Current log-likelihood: -81959.04418
94. Current log-likelihood: -81959.02970
95. Current log-likelihood: -81959.01622
96. Current log-likelihood: -81959.00366
97. Current log-likelihood: -81958.99199
98. Current log-likelihood: -81958.98111
99. Current log-likelihood: -81958.97094
100. Current log-likelihood: -81958.96138
101. Current log-likelihood: -81958.95239
102. Current log-likelihood: -81958.93968
103. Current log-likelihood: -81958.92690
104. Current log-likelihood: -81958.91465
105. Current log-likelihood: -81958.90489
106. Current log-likelihood: -81958.89566
107. Current log-likelihood: -81958.88731
108. Current log-likelihood: -81958.87841
109. Current log-likelihood: -81958.86994
110. Current log-likelihood: -81958.86197
111. Current log-likelihood: -81958.85303
112. Current log-likelihood: -81958.84554
113. Current log-likelihood: -81958.83600
114. Current log-likelihood: -81958.82460
115. Current log-likelihood: -81958.81897
116. Current log-likelihood: -81958.81238
117. Current log-likelihood: -81958.80491
118. Current log-likelihood: -81958.79761
119. Current log-likelihood: -81958.79059
120. Current log-likelihood: -81958.78588
121. Current log-likelihood: -81958.78137
122. Current log-likelihood: -81958.77709
123. Current log-likelihood: -81958.77310
124. Current log-likelihood: -81958.76938
125. Current log-likelihood: -81958.76770
126. Current log-likelihood: -81958.76612
127. Current log-likelihood: -81958.76282
128. Current log-likelihood: -81958.76146
129. Current log-likelihood: -81958.76015
130. Current log-likelihood: -81958.75892
131. Current log-likelihood: -81958.75774
132. Current log-likelihood: -81958.75662
133. Current log-likelihood: -81958.75555
134. Current log-likelihood: -81958.75453
135. Current log-likelihood: -81958.75355
Final estimation on weights:
0.03005,0.05634,0.08002,0.04774,0.03214,0.04634,0.04087,0.06110,0.05019,0.04476,0.03971,0.04814,0.06859,0.04033,0.02025,0.02543,0.03935,0.03440,0.05280,0.03448,0.05070,0.01965,0.03663
Wrote distance file to... 
BEST SCORE FOUND : -81958.75355
Site log-likelihoods per category printed to /maps/projects/racimolab/people/fnl270/GitHub/mast_hiv/output/mast_model_23/mast_model_final_23.sitelh
Site probabilities per category printed to /maps/projects/racimolab/people/fnl270/GitHub/mast_hiv/output/mast_model_23/mast_model_final_23.siteprob
Total tree lengths: 5.53919 10.81157 1.29596 2.32200 1.53468 2.09248 1.02433 1.43171 2.59495 2.61881 3.55091 11.05567 1.38340 3.16280 3.27842 1.70919 1.51103 1.89965 1.83535 9.01056 2.40398 2.60301 2.67277

Total number of iterations: 133
CPU time used for tree search: 0.00005 sec (0h:0m:0s)
Wall-clock time used for tree search: 0.00004 sec (0h:0m:0s)
Total CPU time used: 17717.86022 sec (4h:55m:17s)
Total wall-clock time used: 9424.66632 sec (2h:37m:4s)

Analysis results written to: 
  IQ-TREE report:                /maps/projects/racimolab/people/fnl270/GitHub/mast_hiv/output/mast_model_23/mast_model_final_23.iqtree
  Maximum-likelihood tree:       /maps/projects/racimolab/people/fnl270/GitHub/mast_hiv/output/mast_model_23/mast_model_final_23.treefile
  Site log-likelihoods:          /maps/projects/racimolab/people/fnl270/GitHub/mast_hiv/output/mast_model_23/mast_model_final_23.sitelh
  Site probability per rate/mix: /maps/projects/racimolab/people/fnl270/GitHub/mast_hiv/output/mast_model_23/mast_model_final_23.siteprob
  Screen log file:               /maps/projects/racimolab/people/fnl270/GitHub/mast_hiv/output/mast_model_23/mast_model_final_23.log

Date and Time: Mon Sep  8 12:01:31 2025
