IQ-TREE multicore version 2.3.6 for Linux x86 64-bit built Aug  1 2024
Developed by Bui Quang Minh, Nguyen Lam Tung, Olga Chernomor, Heiko Schmidt,
Dominik Schrempf, Michael Woodhams, Ly Trong Nhan, Thomas Wong

Host:    racimocomp07fl.unicph.domain (AVX512, FMA3, 755 GB RAM)
Command: iqtree2 -s /maps/projects/racimolab/people/fnl270/GitHub/mast_hiv/data/18_ML_trees/2708_trimmed_alns_HIV_2021_subset.fasta -m GTR+FO+R4+T -te /maps/projects/racimolab/people/fnl270/GitHub/mast_hiv/data/tree_subsets/modeltrees_final_31.newick --prefix /maps/projects/racimolab/people/fnl270/GitHub/mast_hiv/output/mast_model_31/mast_model_final_31 -nt 2 -wspmr -wslmr -redo
Seed:    492590 (Using SPRNG - Scalable Parallel Random Number Generator)
Time:    Mon Sep  8 09:24:40 2025
Kernel:  AVX+FMA - 2 threads (96 CPU cores detected)

Reading alignment file /maps/projects/racimolab/people/fnl270/GitHub/mast_hiv/data/18_ML_trees/2708_trimmed_alns_HIV_2021_subset.fasta ... Fasta format detected
Reading fasta file: done in 0.0055959 secs using 90.64% CPU
Alignment most likely contains DNA/RNA sequences
Alignment has 37 sequences with 8941 columns, 3524 distinct patterns
3080 parsimony-informative, 1063 singleton sites, 4798 constant sites
                                Gap/Ambiguity  Composition  p-value
Analyzing sequences: done in 0.000479475 secs using 79.25% CPU
   1  B.FR.83.HXBLAI_IIIB_BRU.K03455    0.70%    passed     19.65%
   2  A                                 0.15%    passed     89.42%
   3  A1                                2.13%    passed     95.95%
   4  A2                                0.48%    passed     99.90%
   5  A3                                2.14%    passed     63.50%
   6  A6                                0.74%    passed     55.87%
   7  B                                 1.54%    passed     84.96%
   8  C                                 0.82%    passed     99.85%
   9  D                                 2.30%    passed     81.94%
  10  F1                                1.63%    passed     79.98%
  11  F2                                1.90%    passed     83.58%
  12  G                                 0.72%    passed     96.00%
  13  H                                 0.59%    passed     95.29%
  14  J                                 0.74%    passed     82.00%
  15  K                                 4.21%    passed     27.59%
  16  L                                 1.02%    passed     93.46%
  17  AE                                2.18%    passed     91.20%
  18  AG                                2.76%    passed     96.74%
  19  cpx                               0.65%    passed     75.48%
  20  DF                                0.73%    passed     93.16%
  21  BC                                1.01%    passed     89.00%
  22  CD                                0.66%    passed     99.15%
  23  BF                                0.85%    passed     34.38%
  24  BG                                1.45%    passed     96.00%
  25  01B                               1.67%    passed     91.56%
  26  A2D                               2.02%    passed     53.74%
  27  01A1                              2.65%    passed     55.15%
  28  A5U                               0.46%    passed     76.20%
  29  AD                                2.99%    passed     95.07%
  30  BF1                               1.96%    passed     80.75%
  31  02G                               1.21%    passed     98.74%
  32  A1D                               0.89%    passed     82.33%
  33  02A                               1.55%    passed     28.34%
  34  C2U                               0.43%    passed     98.79%
  35  02B                               3.53%    passed     98.05%
  36  01C                               0.82%    passed     97.29%
  37  CPZ                               1.97%    failed      0.00%
****  TOTAL                             1.47%  1 sequences failed composition chi2 test (p-value<5%; df=3)
Tree-mixture model
Number of input trees: 31
Minimum branch length is set to 0.0000010
































Linked substitution model:
   GTR+FO

Linked RHS model:
   R4


NOTE: 524 MB RAM (0 GB) is required!
According to the parsimony scores along the sites, the tree weights are initialized to:
0.0353764,0.0294582,0.0322304,0.0343454,0.0257665,0.0321938,0.0261634,0.0317819,0.0364328,0.0382526,0.0340371,0.0299675,0.0389297,0.0430992,0.0255959,0.0402379,0.0241052,0.0273336,0.0320612,0.0346886,0.0311517,0.0259269,0.0354378,0.0291988,0.0313415,0.0275074,0.0387190,0.0381693,0.0317868,0.0277262,0.0309774
Estimate model parameters (epsilon = 0.00100)
1. Initial log-likelihood: -89384.72824
2. Current log-likelihood: -81466.31864
3. Current log-likelihood: -81407.75598
4. Current log-likelihood: -81395.91570
5. Current log-likelihood: -81390.03573
6. Current log-likelihood: -81386.18004
7. Current log-likelihood: -81382.78316
8. Current log-likelihood: -81380.60980
9. Current log-likelihood: -81378.61906
10. Current log-likelihood: -81374.60803
11. Current log-likelihood: -81369.14276
12. Current log-likelihood: -81364.30514
13. Current log-likelihood: -81362.07404
14. Current log-likelihood: -81360.18323
15. Current log-likelihood: -81359.01631
16. Current log-likelihood: -81358.05311
17. Current log-likelihood: -81356.10093
18. Current log-likelihood: -81355.15724
19. Current log-likelihood: -81354.28678
20. Current log-likelihood: -81352.90874
21. Current log-likelihood: -81350.85729
22. Current log-likelihood: -81349.88923
23. Current log-likelihood: -81349.14253
24. Current log-likelihood: -81348.45334
25. Current log-likelihood: -81347.77433
26. Current log-likelihood: -81347.17803
27. Current log-likelihood: -81346.61169
28. Current log-likelihood: -81336.23816
29. Current log-likelihood: -81332.10561
30. Current log-likelihood: -81331.13431
31. Current log-likelihood: -81329.19824
32. Current log-likelihood: -81328.47789
33. Current log-likelihood: -81327.81431
34. Current log-likelihood: -81327.22212
35. Current log-likelihood: -81326.39710
36. Current log-likelihood: -81325.80982
37. Current log-likelihood: -81325.27455
38. Current log-likelihood: -81324.79731
39. Current log-likelihood: -81324.35038
40. Current log-likelihood: -81323.93886
41. Current log-likelihood: -81323.52445
42. Current log-likelihood: -81323.20496
43. Current log-likelihood: -81322.87710
44. Current log-likelihood: -81322.59470
45. Current log-likelihood: -81322.33366
46. Current log-likelihood: -81321.90738
47. Current log-likelihood: -81321.67951
48. Current log-likelihood: -81321.47994
49. Current log-likelihood: -81321.30143
50. Current log-likelihood: -81321.13762
51. Current log-likelihood: -81320.98547
52. Current log-likelihood: -81320.85822
53. Current log-likelihood: -81320.72494
54. Current log-likelihood: -81320.61343
55. Current log-likelihood: -81320.52035
56. Current log-likelihood: -81320.43232
57. Current log-likelihood: -81320.34797
58. Current log-likelihood: -81320.24901
59. Current log-likelihood: -81320.16088
60. Current log-likelihood: -81320.02918
61. Current log-likelihood: -81319.06520
62. Current log-likelihood: -81318.95081
63. Current log-likelihood: -81318.85126
64. Current log-likelihood: -81318.76066
65. Current log-likelihood: -81318.67872
66. Current log-likelihood: -81318.60169
67. Current log-likelihood: -81318.52910
68. Current log-likelihood: -81318.46106
69. Current log-likelihood: -81318.39666
70. Current log-likelihood: -81318.25036
71. Current log-likelihood: -81318.19596
72. Current log-likelihood: -81318.13809
73. Current log-likelihood: -81318.05071
74. Current log-likelihood: -81317.99315
75. Current log-likelihood: -81317.90802
76. Current log-likelihood: -81317.85888
77. Current log-likelihood: -81317.81634
78. Current log-likelihood: -81317.78671
79. Current log-likelihood: -81317.76025
80. Current log-likelihood: -81317.73236
81. Current log-likelihood: -81317.71381
82. Current log-likelihood: -81317.69692
83. Current log-likelihood: -81317.67483
84. Current log-likelihood: -81317.64738
85. Current log-likelihood: -81317.62405
86. Current log-likelihood: -81317.43816
87. Current log-likelihood: -81317.23683
88. Current log-likelihood: -81317.18049
89. Current log-likelihood: -81316.66419
90. Current log-likelihood: -81316.58527
91. Current log-likelihood: -81316.51098
92. Current log-likelihood: -81316.44613
93. Current log-likelihood: -81316.37895
94. Current log-likelihood: -81316.32340
95. Current log-likelihood: -81316.28126
96. Current log-likelihood: -81316.24257
97. Current log-likelihood: -81316.20568
98. Current log-likelihood: -81316.17937
99. Current log-likelihood: -81316.14742
100. Current log-likelihood: -81316.12004
101. Current log-likelihood: -81316.10073
102. Current log-likelihood: -81315.98154
103. Current log-likelihood: -81313.34026
104. Current log-likelihood: -81312.97789
105. Current log-likelihood: -81312.87072
106. Current log-likelihood: -81312.78421
107. Current log-likelihood: -81312.71747
108. Current log-likelihood: -81312.65828
109. Current log-likelihood: -81312.54464
110. Current log-likelihood: -81312.49783
111. Current log-likelihood: -81312.40235
112. Current log-likelihood: -81312.36944
113. Current log-likelihood: -81312.34991
114. Current log-likelihood: -81312.33669
115. Current log-likelihood: -81312.31496
116. Current log-likelihood: -81312.30450
117. Current log-likelihood: -81312.29683
118. Current log-likelihood: -81312.28996
119. Current log-likelihood: -81312.28386
120. Current log-likelihood: -81312.27033
121. Current log-likelihood: -81312.26594
122. Current log-likelihood: -81312.26046
123. Current log-likelihood: -81312.25045
124. Current log-likelihood: -81312.24542
125. Current log-likelihood: -81312.24191
126. Current log-likelihood: -81312.22692
127. Current log-likelihood: -81312.21804
128. Current log-likelihood: -81312.20935
129. Current log-likelihood: -81311.70490
130. Current log-likelihood: -81311.62094
131. Current log-likelihood: -81311.60453
132. Current log-likelihood: -81311.59159
133. Current log-likelihood: -81311.57927
134. Current log-likelihood: -81311.57124
135. Current log-likelihood: -81311.56393
136. Current log-likelihood: -81311.55725
137. Current log-likelihood: -81311.55060
138. Current log-likelihood: -81311.54321
139. Current log-likelihood: -81311.53944
140. Current log-likelihood: -81311.53149
141. Current log-likelihood: -81311.52523
142. Current log-likelihood: -81311.52057
143. Current log-likelihood: -81311.51736
144. Current log-likelihood: -81311.51440
145. Current log-likelihood: -81311.51166
146. Current log-likelihood: -81311.50651
147. Current log-likelihood: -81311.50394
148. Current log-likelihood: -81311.50156
149. Current log-likelihood: -81311.50028
150. Current log-likelihood: -81311.49906
151. Current log-likelihood: -81311.49559
152. Current log-likelihood: -81311.49441
153. Current log-likelihood: -81311.49333
154. Current log-likelihood: -81311.49230
155. Current log-likelihood: -81311.49137
Final estimation on weights:
0.02184,0.07624,0.09459,0.04657,0.03209,0.05268,0.02270,0.08625,0.02851,0.03242,0.02465,0.02126,0.03497,0.02497,0.01371,0.02158,0.02371,0.02567,0.03254,0.02393,0.01568,0.02356,0.02688,0.02627,0.02237,0.01624,0.02691,0.01946,0.02668,0.03495,0.02014
Wrote distance file to... 
BEST SCORE FOUND : -81311.49137
Site log-likelihoods per category printed to /maps/projects/racimolab/people/fnl270/GitHub/mast_hiv/output/mast_model_31/mast_model_final_31.sitelh
Site probabilities per category printed to /maps/projects/racimolab/people/fnl270/GitHub/mast_hiv/output/mast_model_31/mast_model_final_31.siteprob
Total tree lengths: 13.97187 5.50056 1.12098 2.16476 1.21228 1.27358 1.42286 0.90610 2.79819 3.86122 4.56570 1.83236 1.94682 4.38431 3.31082 1.81758 1.25834 2.08725 2.01795 11.80113 3.35492 2.53509 3.58844 2.67630 2.00198 3.93955 2.19534 3.52992 1.90257 2.43246 2.74206

Total number of iterations: 153
CPU time used for tree search: 0.00006 sec (0h:0m:0s)
Wall-clock time used for tree search: 0.00006 sec (0h:0m:0s)
Total CPU time used: 40554.74388 sec (11h:15m:54s)
Total wall-clock time used: 21314.34740 sec (5h:55m:14s)

Analysis results written to: 
  IQ-TREE report:                /maps/projects/racimolab/people/fnl270/GitHub/mast_hiv/output/mast_model_31/mast_model_final_31.iqtree
  Maximum-likelihood tree:       /maps/projects/racimolab/people/fnl270/GitHub/mast_hiv/output/mast_model_31/mast_model_final_31.treefile
  Site log-likelihoods:          /maps/projects/racimolab/people/fnl270/GitHub/mast_hiv/output/mast_model_31/mast_model_final_31.sitelh
  Site probability per rate/mix: /maps/projects/racimolab/people/fnl270/GitHub/mast_hiv/output/mast_model_31/mast_model_final_31.siteprob
  Screen log file:               /maps/projects/racimolab/people/fnl270/GitHub/mast_hiv/output/mast_model_31/mast_model_final_31.log

Date and Time: Mon Sep  8 15:19:54 2025
