IQ-TREE version 3.0.1 for MacOS ARM 64-bit built Jun 30 2025
Developed by Bui Quang Minh, Thomas Wong, Nhan Ly-Trong, Huaiyan Ren
Contributed by Lam-Tung Nguyen, Dominik Schrempf, Chris Bielow,
Olga Chernomor, Michael Woodhams, Diep Thi Hoang, Heiko Schmidt

Host:    SUN1032320 (SSE4.2, 36 GB RAM)
Command: iqtree3 -s /Users/gzd130/Library/CloudStorage/OneDrive-RegionSjælland/Mol_phylo/revision/mast_hiv/data/0.1_trimmed_alns_HIV_2021_subset.fasta -m GTR+FO+R4+T -te /Users/gzd130/Library/CloudStorage/OneDrive-RegionSjælland/Mol_phylo/revision/mast_hiv/generated/0.1/tree_subsets/modeltrees_final_17.newick --prefix /Users/gzd130/Library/CloudStorage/OneDrive-RegionSjælland/Mol_phylo/revision/mast_hiv/output/0.1/mast_model_17/mast_model_final_17 -nt 8 -wspmr -wslmr -redo
Seed:    425009 (Using SPRNG - Scalable Parallel Random Number Generator)
Time:    Thu Jan 22 14:12:39 2026
Kernel:  SSE2 - 8 threads (14 CPU cores detected)

Reading alignment file /Users/gzd130/Library/CloudStorage/OneDrive-RegionSjælland/Mol_phylo/revision/mast_hiv/data/0.1_trimmed_alns_HIV_2021_subset.fasta ... Fasta format detected
Reading fasta file: done in 0.00490189 secs using 84.7% CPU
Alignment most likely contains DNA/RNA sequences
Constructing alignment: done in 0.00726295 secs using 62.91% CPU
Alignment has 37 sequences with 9546 columns, 3820 distinct patterns
3178 parsimony-informative, 1160 singleton sites, 5208 constant sites
                                Gap/Ambiguity  Composition  p-value
Analyzing sequences: done in 0.000138998 secs using 281.3% CPU
   1  B.FR.83.HXBLAI_IIIB_BRU.K03455    2.01%    failed      1.21%
   2  A                                 1.69%    passed     49.51%
   3  A1                                8.15%    passed     99.34%
   4  A2                                5.69%    passed     99.41%
   5  A3                                7.69%    passed     82.21%
   6  A6                                6.84%    passed     66.07%
   7  B                                 7.61%    passed     91.09%
   8  C                                 6.34%    passed     99.42%
   9  D                                 8.30%    passed     75.96%
  10  F1                                6.49%    passed     81.59%
  11  F2                                7.85%    passed     75.62%
  12  G                                 6.83%    passed     94.68%
  13  H                                 2.04%    passed     70.93%
  14  J                                 6.25%    passed     73.59%
  15  K                                10.05%    passed     18.08%
  16  L                                 5.11%    passed     95.32%
  17  AE                                8.07%    passed     93.85%
  18  AG                                8.79%    passed     99.16%
  19  cpx                               5.99%    passed     88.25%
  20  DF                                6.36%    passed     90.28%
  21  BC                                6.92%    passed     94.29%
  22  CD                                5.97%    passed     99.06%
  23  BF                                4.24%    passed     16.12%
  24  BG                                6.00%    passed     96.17%
  25  01B                               7.47%    passed     94.43%
  26  A2D                               7.45%    passed     38.05%
  27  01A1                              8.56%    passed     49.09%
  28  A5U                               1.57%    passed     98.61%
  29  AD                                9.01%    passed     98.43%
  30  BF1                               6.57%    passed     79.77%
  31  02G                               5.14%    passed     99.71%
  32  A1D                               6.37%    passed     88.28%
  33  02A                               6.32%    passed     20.94%
  34  C2U                               5.78%    passed     99.13%
  35  02B                               9.29%    passed     98.67%
  36  01C                               6.74%    passed     97.54%
  37  CPZ                               5.58%    failed      0.00%
****  TOTAL                             6.41%  2 sequences failed composition chi2 test (p-value<5%; df=3)
Number of input trees: 17
Minimum branch length is set to 0.0000010
Checking for duplicate sequences: done in 0.000422955 secs using 94.34% CPU

NOTE: 311 MB RAM (0 GB) is required!
According to the parsimony scores along the sites, the tree weights are initialized to:
0.0633061,0.0511188,0.0613837,0.0602397,0.0415095,0.0639073,0.0695107,0.0627591,0.0582215,0.0473857,0.0567151,0.0695721,0.0589500,0.0571030,0.0624548,0.0663707,0.0494921
Estimate model parameters (epsilon = 0.00100)
1. Initial log-likelihood: -92480.75800
2. Current log-likelihood: -85387.13025
3. Current log-likelihood: -85344.97479
4. Current log-likelihood: -85329.82247
5. Current log-likelihood: -85320.45927
6. Current log-likelihood: -85315.04468
7. Current log-likelihood: -85310.92378
8. Current log-likelihood: -85307.41265
9. Current log-likelihood: -85303.03836
10. Current log-likelihood: -85299.52702
11. Current log-likelihood: -85296.89887
12. Current log-likelihood: -85294.80756
13. Current log-likelihood: -85292.93265
14. Current log-likelihood: -85291.27003
15. Current log-likelihood: -85288.31258
16. Current log-likelihood: -85286.81182
17. Current log-likelihood: -85285.55446
18. Current log-likelihood: -85284.31466
19. Current log-likelihood: -85283.05983
20. Current log-likelihood: -85279.16111
21. Current log-likelihood: -85275.87786
22. Current log-likelihood: -85274.89843
23. Current log-likelihood: -85273.58683
24. Current log-likelihood: -85272.90186
25. Current log-likelihood: -85272.26896
26. Current log-likelihood: -85271.62731
27. Current log-likelihood: -85270.70681
28. Current log-likelihood: -85270.14411
29. Current log-likelihood: -85269.66719
30. Current log-likelihood: -85269.23227
31. Current log-likelihood: -85268.84837
32. Current log-likelihood: -85268.48121
33. Current log-likelihood: -85268.18640
34. Current log-likelihood: -85267.89768
35. Current log-likelihood: -85267.65216
36. Current log-likelihood: -85267.35484
37. Current log-likelihood: -85267.15284
38. Current log-likelihood: -85266.96099
39. Current log-likelihood: -85266.79220
40. Current log-likelihood: -85266.63451
41. Current log-likelihood: -85266.48426
42. Current log-likelihood: -85266.33159
43. Current log-likelihood: -85266.17185
44. Current log-likelihood: -85266.06110
45. Current log-likelihood: -85265.96054
46. Current log-likelihood: -85265.86776
47. Current log-likelihood: -85265.77897
48. Current log-likelihood: -85265.70310
49. Current log-likelihood: -85265.62342
50. Current log-likelihood: -85265.55934
51. Current log-likelihood: -85265.49469
52. Current log-likelihood: -85265.44039
53. Current log-likelihood: -85265.37575
54. Current log-likelihood: -85265.33025
55. Current log-likelihood: -85265.28627
56. Current log-likelihood: -85265.24252
57. Current log-likelihood: -85265.20597
58. Current log-likelihood: -85265.03342
59. Current log-likelihood: -85264.61172
60. Current log-likelihood: -85264.56077
61. Current log-likelihood: -85264.51580
62. Current log-likelihood: -85264.47597
63. Current log-likelihood: -85264.44104
64. Current log-likelihood: -85264.41095
65. Current log-likelihood: -85264.38392
66. Current log-likelihood: -85264.34708
67. Current log-likelihood: -85264.32499
68. Current log-likelihood: -85264.30517
69. Current log-likelihood: -85264.28732
70. Current log-likelihood: -85264.27118
71. Current log-likelihood: -85264.25671
72. Current log-likelihood: -85264.24370
73. Current log-likelihood: -85264.23184
74. Current log-likelihood: -85264.22181
75. Current log-likelihood: -85264.21200
76. Current log-likelihood: -85264.20491
77. Current log-likelihood: -85264.19650
78. Current log-likelihood: -85264.19062
79. Current log-likelihood: -85264.18417
80. Current log-likelihood: -85264.17924
81. Current log-likelihood: -85264.16202
82. Current log-likelihood: -85264.15736
83. Current log-likelihood: -85264.15327
84. Current log-likelihood: -85264.14940
85. Current log-likelihood: -85264.14592
86. Current log-likelihood: -85264.14270
87. Current log-likelihood: -85264.13968
88. Current log-likelihood: -85264.13689
89. Current log-likelihood: -85264.13422
90. Current log-likelihood: -85264.13179
91. Current log-likelihood: -85264.12951
92. Current log-likelihood: -85264.12738
93. Current log-likelihood: -85264.12531
94. Current log-likelihood: -85264.12342
95. Current log-likelihood: -85264.12165
96. Current log-likelihood: -85264.11994
97. Current log-likelihood: -85264.11835
98. Current log-likelihood: -85264.11686
99. Current log-likelihood: -85264.11541
100. Current log-likelihood: -85264.11403
101. Current log-likelihood: -85264.11277
102. Current log-likelihood: -85264.11115
103. Current log-likelihood: -85264.10961
104. Current log-likelihood: -85264.10826
105. Current log-likelihood: -85264.10700
106. Current log-likelihood: -85264.10576
107. Current log-likelihood: -85264.10468
108. Current log-likelihood: -85264.10366
109. Current log-likelihood: -85264.10268
Final estimation on weights:
0.07924,0.10276,0.05711,0.02271,0.02430,0.03931,0.05492,0.04263,0.06919,0.09270,0.05024,0.13685,0.06387,0.05192,0.02512,0.04492,0.04221
Wrote distance file to... 
BEST SCORE FOUND : -85264.10268
Site log-likelihoods per category printed to /Users/gzd130/Library/CloudStorage/OneDrive-RegionSjælland/Mol_phylo/revision/mast_hiv/output/0.1/mast_model_17/mast_model_final_17.sitelh
Site probabilities per category printed to /Users/gzd130/Library/CloudStorage/OneDrive-RegionSjælland/Mol_phylo/revision/mast_hiv/output/0.1/mast_model_17/mast_model_final_17.siteprob
Total tree lengths: 5.00493 1.04653 1.94428 24.97255 2.22846 3.09238 1.85709 3.15477 1.79259 4.76740 1.13401 2.26220 2.46125 3.89977 2.82840 3.89813 1.89149

Total number of iterations: 107
CPU time used for tree search: 0.00001 sec (0h:0m:0s)
Wall-clock time used for tree search: 0.00004 sec (0h:0m:0s)
Total CPU time used: 6288.54717 sec (1h:44m:48s)
Total wall-clock time used: 6220.96668 sec (1h:43m:40s)

Analysis results written to: 
  IQ-TREE report:                /Users/gzd130/Library/CloudStorage/OneDrive-RegionSjælland/Mol_phylo/revision/mast_hiv/output/0.1/mast_model_17/mast_model_final_17.iqtree
  Maximum-likelihood tree:       /Users/gzd130/Library/CloudStorage/OneDrive-RegionSjælland/Mol_phylo/revision/mast_hiv/output/0.1/mast_model_17/mast_model_final_17.treefile
  Site log-likelihoods:          /Users/gzd130/Library/CloudStorage/OneDrive-RegionSjælland/Mol_phylo/revision/mast_hiv/output/0.1/mast_model_17/mast_model_final_17.sitelh
  Site probability per rate/mix: /Users/gzd130/Library/CloudStorage/OneDrive-RegionSjælland/Mol_phylo/revision/mast_hiv/output/0.1/mast_model_17/mast_model_final_17.siteprob
  Screen log file:               /Users/gzd130/Library/CloudStorage/OneDrive-RegionSjælland/Mol_phylo/revision/mast_hiv/output/0.1/mast_model_17/mast_model_final_17.log

Date and Time: Thu Jan 22 15:56:20 2026
