IQ-TREE multicore version 2.3.6 for Linux x86 64-bit built Aug  1 2024
Developed by Bui Quang Minh, Nguyen Lam Tung, Olga Chernomor, Heiko Schmidt,
Dominik Schrempf, Michael Woodhams, Ly Trong Nhan, Thomas Wong

Host:    racimocomp07fl.unicph.domain (AVX512, FMA3, 755 GB RAM)
Command: iqtree2 -s /maps/projects/racimolab/people/fnl270/GitHub/mast_hiv/data/18_ML_trees/2708_trimmed_alns_HIV_2021_subset.fasta -m GTR+FO+R4+T -te /maps/projects/racimolab/people/fnl270/GitHub/mast_hiv/data/tree_subsets/modeltrees_final_17.newick --prefix /maps/projects/racimolab/people/fnl270/GitHub/mast_hiv/output/mast_model_17/mast_model_final_17 -nt 2 -wspmr -wslmr -redo
Seed:    888047 (Using SPRNG - Scalable Parallel Random Number Generator)
Time:    Mon Sep  8 09:24:19 2025
Kernel:  AVX+FMA - 2 threads (96 CPU cores detected)

Reading alignment file /maps/projects/racimolab/people/fnl270/GitHub/mast_hiv/data/18_ML_trees/2708_trimmed_alns_HIV_2021_subset.fasta ... Fasta format detected
Reading fasta file: done in 0.00649841 secs using 92.21% CPU
Alignment most likely contains DNA/RNA sequences
Alignment has 37 sequences with 8941 columns, 3524 distinct patterns
3080 parsimony-informative, 1063 singleton sites, 4798 constant sites
                                Gap/Ambiguity  Composition  p-value
Analyzing sequences: done in 0.00116974 secs using 176% CPU
   1  B.FR.83.HXBLAI_IIIB_BRU.K03455    0.70%    passed     19.65%
   2  A                                 0.15%    passed     89.42%
   3  A1                                2.13%    passed     95.95%
   4  A2                                0.48%    passed     99.90%
   5  A3                                2.14%    passed     63.50%
   6  A6                                0.74%    passed     55.87%
   7  B                                 1.54%    passed     84.96%
   8  C                                 0.82%    passed     99.85%
   9  D                                 2.30%    passed     81.94%
  10  F1                                1.63%    passed     79.98%
  11  F2                                1.90%    passed     83.58%
  12  G                                 0.72%    passed     96.00%
  13  H                                 0.59%    passed     95.29%
  14  J                                 0.74%    passed     82.00%
  15  K                                 4.21%    passed     27.59%
  16  L                                 1.02%    passed     93.46%
  17  AE                                2.18%    passed     91.20%
  18  AG                                2.76%    passed     96.74%
  19  cpx                               0.65%    passed     75.48%
  20  DF                                0.73%    passed     93.16%
  21  BC                                1.01%    passed     89.00%
  22  CD                                0.66%    passed     99.15%
  23  BF                                0.85%    passed     34.38%
  24  BG                                1.45%    passed     96.00%
  25  01B                               1.67%    passed     91.56%
  26  A2D                               2.02%    passed     53.74%
  27  01A1                              2.65%    passed     55.15%
  28  A5U                               0.46%    passed     76.20%
  29  AD                                2.99%    passed     95.07%
  30  BF1                               1.96%    passed     80.75%
  31  02G                               1.21%    passed     98.74%
  32  A1D                               0.89%    passed     82.33%
  33  02A                               1.55%    passed     28.34%
  34  C2U                               0.43%    passed     98.79%
  35  02B                               3.53%    passed     98.05%
  36  01C                               0.82%    passed     97.29%
  37  CPZ                               1.97%    failed      0.00%
****  TOTAL                             1.47%  1 sequences failed composition chi2 test (p-value<5%; df=3)
Tree-mixture model
Number of input trees: 17
Minimum branch length is set to 0.0000010


















Linked substitution model:
   GTR+FO

Linked RHS model:
   R4


NOTE: 287 MB RAM (0 GB) is required!
According to the parsimony scores along the sites, the tree weights are initialized to:
0.0577910,0.0506698,0.0638916,0.0746783,0.0570793,0.0530934,0.0457149,0.0584273,0.0643773,0.0608052,0.0661367,0.0568930,0.0635763,0.0672633,0.0566560,0.0609451,0.0420016
Estimate model parameters (epsilon = 0.00100)
1. Initial log-likelihood: -90002.99382
2. Current log-likelihood: -82785.19940
3. Current log-likelihood: -82740.35678
4. Current log-likelihood: -82719.69849
5. Current log-likelihood: -82709.24560
6. Current log-likelihood: -82704.44795
7. Current log-likelihood: -82701.00953
8. Current log-likelihood: -82698.45551
9. Current log-likelihood: -82696.29890
10. Current log-likelihood: -82693.82772
11. Current log-likelihood: -82692.18569
12. Current log-likelihood: -82690.87588
13. Current log-likelihood: -82689.78589
14. Current log-likelihood: -82687.68850
15. Current log-likelihood: -82685.77349
16. Current log-likelihood: -82684.28510
17. Current log-likelihood: -82683.37489
18. Current log-likelihood: -82682.58879
19. Current log-likelihood: -82680.41879
20. Current log-likelihood: -82679.17528
21. Current log-likelihood: -82676.98302
22. Current log-likelihood: -82672.13138
23. Current log-likelihood: -82671.29892
24. Current log-likelihood: -82670.59779
25. Current log-likelihood: -82670.00869
26. Current log-likelihood: -82669.51355
27. Current log-likelihood: -82669.09723
28. Current log-likelihood: -82668.74667
29. Current log-likelihood: -82668.45088
30. Current log-likelihood: -82668.18702
31. Current log-likelihood: -82667.30561
32. Current log-likelihood: -82667.10098
33. Current log-likelihood: -82666.93506
34. Current log-likelihood: -82666.78424
35. Current log-likelihood: -82666.42821
36. Current log-likelihood: -82666.31494
37. Current log-likelihood: -82666.22111
38. Current log-likelihood: -82666.14497
39. Current log-likelihood: -82666.08122
40. Current log-likelihood: -82666.02779
41. Current log-likelihood: -82665.98267
42. Current log-likelihood: -82665.94561
43. Current log-likelihood: -82665.91365
44. Current log-likelihood: -82665.88626
45. Current log-likelihood: -82665.86245
46. Current log-likelihood: -82665.84181
47. Current log-likelihood: -82665.82495
48. Current log-likelihood: -82665.80905
49. Current log-likelihood: -82665.79608
50. Current log-likelihood: -82665.78451
51. Current log-likelihood: -82665.77417
52. Current log-likelihood: -82665.76488
53. Current log-likelihood: -82665.75652
54. Current log-likelihood: -82665.74895
55. Current log-likelihood: -82665.74404
56. Current log-likelihood: -82665.73733
57. Current log-likelihood: -82665.73216
58. Current log-likelihood: -82665.72851
59. Current log-likelihood: -82665.72297
60. Current log-likelihood: -82665.71979
61. Current log-likelihood: -82665.71440
62. Current log-likelihood: -82665.36570
63. Current log-likelihood: -82665.35812
64. Current log-likelihood: -82665.35333
65. Current log-likelihood: -82665.34935
66. Current log-likelihood: -82665.34585
67. Current log-likelihood: -82665.34277
68. Current log-likelihood: -82665.34008
69. Current log-likelihood: -82665.33768
70. Current log-likelihood: -82665.33554
71. Current log-likelihood: -82665.33171
72. Current log-likelihood: -82665.32983
73. Current log-likelihood: -82665.32797
74. Current log-likelihood: -82665.32627
75. Current log-likelihood: -82665.32465
76. Current log-likelihood: -82665.32312
77. Current log-likelihood: -82665.32159
78. Current log-likelihood: -82665.32010
79. Current log-likelihood: -82664.56950
80. Current log-likelihood: -82664.53927
81. Current log-likelihood: -82664.51803
82. Current log-likelihood: -82664.50217
83. Current log-likelihood: -82664.48864
84. Current log-likelihood: -82664.47691
85. Current log-likelihood: -82664.46625
86. Current log-likelihood: -82664.45694
87. Current log-likelihood: -82664.44912
88. Current log-likelihood: -82664.44422
89. Current log-likelihood: -82664.43791
90. Current log-likelihood: -82664.43422
91. Current log-likelihood: -82664.42993
92. Current log-likelihood: -82664.42696
93. Current log-likelihood: -82664.42336
94. Current log-likelihood: -82664.42104
95. Current log-likelihood: -82664.41886
96. Current log-likelihood: -82664.41686
97. Current log-likelihood: -82664.41507
98. Current log-likelihood: -82664.41343
99. Current log-likelihood: -82664.41182
100. Current log-likelihood: -82664.41031
101. Current log-likelihood: -82664.40891
102. Current log-likelihood: -82664.40731
103. Current log-likelihood: -82664.40483
104. Current log-likelihood: -82664.40355
105. Current log-likelihood: -82664.40240
106. Current log-likelihood: -82664.40133
107. Current log-likelihood: -82664.40037
Final estimation on weights:
0.05568,0.10046,0.04000,0.08825,0.05684,0.05757,0.05315,0.05489,0.05978,0.08656,0.06849,0.07717,0.07368,0.03157,0.04019,0.01570,0.04000
Wrote distance file to... 
BEST SCORE FOUND : -82664.40037
Site log-likelihoods per category printed to /maps/projects/racimolab/people/fnl270/GitHub/mast_hiv/output/mast_model_17/mast_model_final_17.sitelh
Site probabilities per category printed to /maps/projects/racimolab/people/fnl270/GitHub/mast_hiv/output/mast_model_17/mast_model_final_17.siteprob
Total tree lengths: 5.03605 10.78691 7.92160 1.73222 1.86588 1.72446 1.21849 2.04446 3.25109 2.28963 3.52294 1.30062 1.49617 4.32700 2.36772 2.15362 1.98942

Total number of iterations: 105
CPU time used for tree search: 0.00006 sec (0h:0m:0s)
Wall-clock time used for tree search: 0.00006 sec (0h:0m:0s)
Total CPU time used: 17991.73076 sec (4h:59m:51s)
Total wall-clock time used: 9623.86977 sec (2h:40m:23s)

Analysis results written to: 
  IQ-TREE report:                /maps/projects/racimolab/people/fnl270/GitHub/mast_hiv/output/mast_model_17/mast_model_final_17.iqtree
  Maximum-likelihood tree:       /maps/projects/racimolab/people/fnl270/GitHub/mast_hiv/output/mast_model_17/mast_model_final_17.treefile
  Site log-likelihoods:          /maps/projects/racimolab/people/fnl270/GitHub/mast_hiv/output/mast_model_17/mast_model_final_17.sitelh
  Site probability per rate/mix: /maps/projects/racimolab/people/fnl270/GitHub/mast_hiv/output/mast_model_17/mast_model_final_17.siteprob
  Screen log file:               /maps/projects/racimolab/people/fnl270/GitHub/mast_hiv/output/mast_model_17/mast_model_final_17.log

Date and Time: Mon Sep  8 12:04:43 2025
