IQ-TREE version 3.0.1 for MacOS ARM 64-bit built Jun 30 2025
Developed by Bui Quang Minh, Thomas Wong, Nhan Ly-Trong, Huaiyan Ren
Contributed by Lam-Tung Nguyen, Dominik Schrempf, Chris Bielow,
Olga Chernomor, Michael Woodhams, Diep Thi Hoang, Heiko Schmidt

Host:    SUN1032320 (SSE4.2, 36 GB RAM)
Command: iqtree3 -s aln_segment_7966_to_8496.fasta -m MFP -B 1000 -nt 2 -pre aln_segment_7966_to_8496
Seed:    107138 (Using SPRNG - Scalable Parallel Random Number Generator)
Time:    Thu Jan 22 10:06:56 2026
Kernel:  SSE2 - 2 threads (14 CPU cores detected)

Reading alignment file aln_segment_7966_to_8496.fasta ... Fasta format detected
Reading fasta file: done in 0.000247955 secs using 85.1% CPU
Alignment most likely contains DNA/RNA sequences
Constructing alignment: done in 0.000329971 secs using 67.88% CPU
Alignment has 37 sequences with 531 columns, 292 distinct patterns
210 parsimony-informative, 85 singleton sites, 236 constant sites
                                Gap/Ambiguity  Composition  p-value
Analyzing sequences: done in 1.71661e-05 secs using 110.7% CPU
   1  B.FR.83.HXBLAI_IIIB_BRU.K03455    3.95%    passed     95.32%
   2  A                                 0.00%    passed     98.38%
   3  A1                                0.00%    passed     98.73%
   4  A2                                0.00%    passed     95.35%
   5  A3                                6.21%    passed     84.67%
   6  A6                                0.00%    passed     98.03%
   7  B                                 3.95%    passed     97.58%
   8  C                                 0.00%    passed     96.77%
   9  D                                 3.95%    passed     97.69%
  10  F1                                3.95%    passed     91.36%
  11  F2                                3.95%    passed     88.28%
  12  G                                 0.00%    passed     83.88%
  13  H                                 4.52%    passed     93.73%
  14  J                                 3.95%    passed     99.23%
  15  K                                 3.95%    passed     99.39%
  16  L                                 6.21%    passed     98.48%
  17  AE                                0.00%    passed     97.10%
  18  AG                                0.00%    passed     98.96%
  19  cpx                               3.95%    passed     87.50%
  20  DF                                3.95%    passed     94.39%
  21  BC                                0.00%    passed     96.40%
  22  CD                                3.95%    passed     99.74%
  23  BF                                3.95%    passed     98.21%
  24  BG                                0.00%    passed     98.55%
  25  01B                               0.00%    passed     99.50%
  26  A2D                               0.00%    passed     94.71%
  27  01A1                              0.00%    passed     91.99%
  28  A5U                               0.00%    passed     95.68%
  29  AD                                0.00%    passed     84.07%
  30  BF1                               3.95%    passed     60.46%
  31  02G                               0.00%    passed     91.11%
  32  A1D                               3.95%    passed     98.07%
  33  02A                               0.00%    passed     90.63%
  34  C2U                               0.00%    passed     99.63%
  35  02B                               3.95%    passed     74.20%
  36  01C                               0.00%    passed     98.89%
  37  CPZ                               0.00%    passed     24.37%
****  TOTAL                             1.95%  0 sequences failed composition chi2 test (p-value<5%; df=3)
Checking for duplicate sequences: done in 5.60284e-05 secs using 73.18% CPU


Create initial parsimony tree by phylogenetic likelihood library (PLL)... 0.001 seconds
Perform fast likelihood tree search using GTR+I+G model...
Estimate model parameters (epsilon = 5.000)
Perform nearest neighbor interchange...
Estimate model parameters (epsilon = 1.000)
1. Initial log-likelihood: -5415.347
Optimal log-likelihood: -5415.295
Rate parameters:  A-C: 2.77505  A-G: 5.65624  A-T: 0.92714  C-G: 0.93868  C-T: 4.26995  G-T: 1.00000
Base frequencies:  A: 0.318  C: 0.179  G: 0.256  T: 0.247
Proportion of invariable sites: 0.211
Gamma shape alpha: 0.651
Parameters optimization took 1 rounds (0.013 sec)
Time for fast ML tree search: 0.161 seconds

NOTE: ModelFinder requires 4 MB RAM!
ModelFinder will test up to 968 DNA models (sample size: 531 epsilon: 0.100) ...
 No. Model         -LnL         df  AIC          AICc         BIC
  1  JC            6084.713     71  12311.425    12333.700    12614.933
  2  JC+I          5793.899     72  11731.798    11754.750    12039.581
  3  JC+G4         5673.179     72  11490.359    11513.311    11798.141
  4  JC+I+G4       5670.593     73  11487.186    11510.827    11799.244
  5  JC+R2         5692.809     73  11531.617    11555.258    11843.675
  6  JC+R3         5669.283     75  11488.565    11513.620    11809.173
  7  JC+R4         5668.702     77  11491.405    11517.921    11820.561
 14  JC+I+R2       5668.284     74  11484.568    11508.911    11800.901
 15  JC+I+R3       5663.423     76  11478.846    11504.625    11803.728
 25  JC+G4         5673.179     72  11490.359    11513.311    11798.141
 26  JC+I+G4       5670.593     73  11487.186    11510.827    11799.244
 36  JC+I+R2       5668.284     74  11484.568    11508.911    11800.901
 37  JC+I+R3       5663.423     76  11478.846    11504.625    11803.728
 47  F81+G4        5673.180     72  11490.360    11513.312    11798.143
 48  F81+I+G4      5670.587     73  11487.174    11510.815    11799.232
 58  F81+I+R2      5668.265     74  11484.531    11508.873    11800.863
 59  F81+I+R3      5663.293     76  11478.585    11504.365    11803.467
 69  F81+F+G4      5621.660     75  11393.319    11418.374    11713.926
 70  F81+F+I+G4    5619.000     76  11390.000    11415.779    11714.882
 80  F81+F+I+R2    5616.551     77  11387.103    11413.619    11716.259
 81  F81+F+I+R3    5611.147     79  11380.295    11408.321    11718.001
 91  K2P+G4        5492.710     73  11131.421    11155.062    11443.479
 92  K2P+I+G4      5489.750     74  11127.500    11151.842    11443.833
102  K2P+I+R2      5487.995     75  11125.989    11151.044    11446.596
103  K2P+I+R3      5481.546     77  11117.091    11143.608    11446.248
113  K2P+G4        5492.710     73  11131.421    11155.062    11443.479
114  K2P+I+G4      5489.750     74  11127.500    11151.842    11443.833
124  K2P+I+R2      5487.995     75  11125.989    11151.044    11446.596
125  K2P+I+R3      5481.546     77  11117.091    11143.608    11446.248
135  HKY+G4        5492.711     73  11131.423    11155.064    11443.480
136  HKY+I+G4      5489.750     74  11127.500    11151.842    11443.832
146  HKY+I+R2      5487.995     75  11125.990    11151.045    11446.597
147  HKY+I+R3      5481.419     77  11116.839    11143.355    11445.995
157  HKY+F+G4      5454.739     76  11061.479    11087.258    11386.361
158  HKY+F+I+G4    5451.837     77  11057.675    11084.191    11386.831
168  HKY+F+I+R2    5450.471     78  11056.943    11084.208    11390.374
169  HKY+F+I+R3    5443.702     80  11047.405    11076.205    11389.386
179  TNe+G4        5471.866     74  11091.733    11116.075    11408.065
180  TNe+I+G4      5469.077     75  11088.154    11113.209    11408.761
190  TNe+I+R2      5469.718     76  11091.437    11117.216    11416.319
191  TNe+I+R3      5460.786     78  11077.573    11104.838    11411.004
201  TNe+G4        5471.866     74  11091.733    11116.075    11408.065
202  TNe+I+G4      5469.077     75  11088.154    11113.209    11408.761
212  TNe+I+R2      5469.718     76  11091.437    11117.216    11416.319
213  TNe+I+R3      5460.786     78  11077.573    11104.838    11411.004
223  TN+G4         5471.867     74  11091.734    11116.076    11408.066
224  TN+I+G4       5469.075     75  11088.150    11113.205    11408.757
234  TN+I+R2       5469.707     76  11091.415    11117.195    11416.297
235  TN+I+R3       5460.712     78  11077.424    11104.689    11410.855
245  TN+F+G4       5450.681     77  11055.362    11081.879    11384.519
246  TN+F+I+G4     5447.728     78  11051.456    11078.721    11384.887
256  TN+F+I+R2     5447.438     79  11052.876    11080.903    11390.582
257  TN+F+I+R3     5440.175     81  11042.350    11071.936    11388.606
267  K3P+G4        5479.867     74  11107.734    11132.077    11424.067
268  K3P+I+G4      5476.671     75  11103.342    11128.397    11423.950
278  K3P+I+R2      5474.702     76  11101.404    11127.183    11426.286
279  K3P+I+R3      5467.790     78  11091.579    11118.845    11425.011
289  K3P+G4        5479.867     74  11107.734    11132.077    11424.067
290  K3P+I+G4      5476.671     75  11103.342    11128.397    11423.950
300  K3P+I+R2      5474.702     76  11101.404    11127.183    11426.286
301  K3P+I+R3      5467.790     78  11091.579    11118.845    11425.011
311  K3Pu+G4       5479.869     74  11107.737    11132.079    11424.070
312  K3Pu+I+G4     5476.672     75  11103.344    11128.399    11423.952
322  K3Pu+I+R2     5474.702     76  11101.405    11127.185    11426.287
323  K3Pu+I+R3     5467.728     78  11091.456    11118.722    11424.888
333  K3Pu+F+G4     5441.705     77  11037.411    11063.927    11366.567
334  K3Pu+F+I+G4   5438.578     78  11033.156    11060.421    11366.587
344  K3Pu+F+I+R2   5437.118     79  11032.235    11060.262    11369.941
345  K3Pu+F+I+R3   5430.135     81  11022.270    11051.855    11368.525
355  TPM2+G4       5474.872     74  11097.745    11122.087    11414.077
356  TPM2+I+G4     5471.867     75  11093.734    11118.789    11414.341
366  TPM2+I+R2     5469.600     76  11091.200    11116.980    11416.082
367  TPM2+I+R3     5462.740     78  11081.480    11108.746    11414.912
377  TPM2+G4       5474.872     74  11097.745    11122.087    11414.077
378  TPM2+I+G4     5471.867     75  11093.734    11118.789    11414.341
388  TPM2+I+R2     5469.600     76  11091.200    11116.980    11416.082
389  TPM2+I+R3     5462.740     78  11081.480    11108.746    11414.912
399  TPM2u+G4      5474.873     74  11097.745    11122.087    11414.078
400  TPM2u+I+G4    5471.866     75  11093.731    11118.786    11414.338
410  TPM2u+I+R2    5469.600     76  11091.200    11116.979    11416.081
411  TPM2u+I+R3    5462.712     78  11081.425    11108.690    11414.856
421  TPM2u+F+G4    5444.352     77  11042.704    11069.221    11371.861
422  TPM2u+F+I+G4  5441.372     78  11038.745    11066.010    11372.176
432  TPM2u+F+I+R2  5439.338     79  11036.676    11064.703    11374.382
433  TPM2u+F+I+R3  5432.833     81  11027.666    11057.252    11373.922
443  TPM3+G4       5487.168     74  11122.336    11146.678    11438.668
444  TPM3+I+G4     5484.192     75  11118.384    11143.439    11438.991
454  TPM3+I+R2     5481.766     76  11115.533    11141.312    11440.415
455  TPM3+I+R3     5475.226     78  11106.453    11133.718    11439.884
465  TPM3+G4       5487.168     74  11122.336    11146.678    11438.668
466  TPM3+I+G4     5484.192     75  11118.384    11143.439    11438.991
476  TPM3+I+R2     5481.766     76  11115.533    11141.312    11440.415
477  TPM3+I+R3     5475.226     78  11106.453    11133.718    11439.884
487  TPM3u+G4      5487.169     74  11122.338    11146.680    11438.670
488  TPM3u+I+G4    5484.191     75  11118.383    11143.438    11438.990
498  TPM3u+I+R2    5481.766     76  11115.532    11141.312    11440.414
499  TPM3u+I+R3    5475.226     78  11106.453    11133.718    11439.884
509  TPM3u+F+G4    5440.116     77  11034.232    11060.748    11363.389
510  TPM3u+F+I+G4  5437.042     78  11030.083    11057.349    11363.515
520  TPM3u+F+I+R2  5435.016     79  11028.032    11056.058    11365.738
521  TPM3u+F+I+R3  5427.996     81  11017.991    11047.577    11364.247
531  TIMe+G4       5459.042     75  11068.084    11093.139    11388.692
532  TIMe+I+G4     5455.986     76  11063.973    11089.753    11388.855
542  TIMe+I+R2     5456.514     77  11067.027    11093.544    11396.184
543  TIMe+I+R3     5447.569     79  11053.138    11081.165    11390.845
553  TIMe+G4       5459.042     75  11068.084    11093.139    11388.692
554  TIMe+I+G4     5455.986     76  11063.973    11089.753    11388.855
564  TIMe+I+R2     5456.514     77  11067.027    11093.544    11396.184
565  TIMe+I+R3     5447.569     79  11053.138    11081.165    11390.845
575  TIM+G4        5459.043     75  11068.086    11093.141    11388.693
576  TIM+I+G4      5455.985     76  11063.969    11089.749    11388.851
586  TIM+I+R2      5456.504     77  11067.008    11093.525    11396.165
587  TIM+I+R3      5447.455     79  11052.910    11080.937    11390.616
597  TIM+F+G4      5437.674     78  11031.349    11058.614    11364.780
598  TIM+F+I+G4    5434.449     79  11026.899    11054.925    11364.605
608  TIM+F+I+R2    5434.099     80  11028.198    11056.998    11370.179
609  TIM+F+I+R3    5426.588     82  11017.177    11047.561    11367.707
619  TIM2e+G4      5453.793     75  11057.586    11082.641    11378.193
620  TIM2e+I+G4    5451.125     76  11054.250    11080.030    11379.132
630  TIM2e+I+R2    5451.363     77  11056.726    11083.242    11385.882
631  TIM2e+I+R3    5442.566     79  11043.133    11071.160    11380.839
641  TIM2e+G4      5453.793     75  11057.586    11082.641    11378.193
642  TIM2e+I+G4    5451.125     76  11054.250    11080.030    11379.132
652  TIM2e+I+R2    5451.363     77  11056.726    11083.242    11385.882
653  TIM2e+I+R3    5442.566     79  11043.133    11071.160    11380.839
663  TIM2+G4       5453.792     75  11057.585    11082.640    11378.192
664  TIM2+I+G4     5451.122     76  11054.244    11080.024    11379.126
674  TIM2+I+R2     5451.352     77  11056.704    11083.221    11385.861
675  TIM2+I+R3     5442.537     79  11043.074    11071.100    11380.780
685  TIM2+F+G4     5440.464     78  11036.929    11064.194    11370.360
686  TIM2+F+I+G4   5437.529     79  11033.059    11061.085    11370.765
696  TIM2+F+I+R2   5436.503     80  11033.005    11061.805    11374.986
697  TIM2+F+I+R3   5429.525     82  11023.050    11053.434    11373.580
707  TIM3e+G4      5466.846     75  11083.691    11108.746    11404.298
708  TIM3e+I+G4    5463.856     76  11079.712    11105.492    11404.594
718  TIM3e+I+R2    5464.036     77  11082.072    11108.589    11411.229
719  TIM3e+I+R3    5455.161     79  11068.323    11096.349    11406.029
729  TIM3e+G4      5466.846     75  11083.691    11108.746    11404.298
730  TIM3e+I+G4    5463.856     76  11079.712    11105.492    11404.594
740  TIM3e+I+R2    5464.036     77  11082.072    11108.589    11411.229
741  TIM3e+I+R3    5455.161     79  11068.323    11096.349    11406.029
751  TIM3+G4       5466.847     75  11083.694    11108.748    11404.301
752  TIM3+I+G4     5463.856     76  11079.713    11105.493    11404.595
762  TIM3+I+R2     5464.031     77  11082.062    11108.579    11411.219
763  TIM3+I+R3     5455.106     79  11068.213    11096.239    11405.919
773  TIM3+F+G4     5436.944     78  11029.888    11057.154    11363.320
774  TIM3+F+I+G4   5433.839     79  11025.679    11053.705    11363.385
784  TIM3+F+I+R2   5432.753     80  11025.505    11054.305    11367.486
785  TIM3+F+I+R3   5425.458     82  11014.916    11045.300    11365.447
795  TVMe+G4       5460.768     76  11073.537    11099.317    11398.419
796  TVMe+I+G4     5457.627     77  11069.253    11095.770    11398.410
806  TVMe+I+R2     5454.522     78  11065.044    11092.309    11398.475
807  TVMe+I+R3     5447.764     80  11055.529    11084.329    11397.510
817  TVMe+G4       5460.768     76  11073.537    11099.317    11398.419
818  TVMe+I+G4     5457.627     77  11069.253    11095.770    11398.410
828  TVMe+I+R2     5454.522     78  11065.044    11092.309    11398.475
829  TVMe+I+R3     5447.764     80  11055.529    11084.329    11397.510
839  TVM+G4        5460.769     76  11073.537    11099.317    11398.419
840  TVM+I+G4      5457.625     77  11069.251    11095.767    11398.407
850  TVM+I+R2      5454.520     78  11065.040    11092.306    11398.472
851  TVM+I+R3      5447.737     80  11055.475    11084.275    11397.456
861  TVM+F+G4      5421.506     79  11001.012    11029.039    11338.718
862  TVM+F+I+G4    5418.245     80  10996.490    11025.290    11338.471
872  TVM+F+I+R2    5415.379     81  10992.758    11022.344    11339.014
873  TVM+F+I+R3    5408.613     83  10983.226    11014.421    11338.031
883  SYM+G4        5440.234     77  11034.468    11060.984    11363.624
884  SYM+I+G4      5437.237     78  11030.474    11057.740    11363.906
894  SYM+I+R2      5436.886     79  11031.771    11059.798    11369.478
895  SYM+I+R3      5428.374     81  11018.748    11048.333    11365.003
905  SYM+G4        5440.234     77  11034.468    11060.984    11363.624
906  SYM+I+G4      5437.237     78  11030.474    11057.740    11363.906
916  SYM+I+R2      5436.886     79  11031.771    11059.798    11369.478
917  SYM+I+R3      5428.374     81  11018.748    11048.333    11365.003
927  GTR+G4        5440.235     77  11034.470    11060.987    11363.627
928  GTR+I+G4      5437.237     78  11030.475    11057.740    11363.906
938  GTR+I+R2      5436.886     79  11031.773    11059.799    11369.479
939  GTR+I+R3      5428.327     81  11018.653    11048.239    11364.909
949  GTR+F+G4      5418.499     80  10996.998    11025.798    11338.979
950  GTR+F+I+G4    5415.278     81  10992.556    11022.141    11338.811
960  GTR+F+I+R2    5413.324     82  10990.649    11021.033    11341.179
961  GTR+F+I+R3    5406.205     84  10980.411    11012.429    11339.491
Akaike Information Criterion:           GTR+F+I+R3
Corrected Akaike Information Criterion: GTR+F+I+R3
Bayesian Information Criterion:         TVM+F+I+R3
Best-fit model: TVM+F+I+R3 chosen according to BIC

All model information printed to aln_segment_7966_to_8496.model.gz
CPU time for ModelFinder: 4.420 seconds (0h:0m:4s)
Wall-clock time for ModelFinder: 4.255 seconds (0h:0m:4s)
Generating 1000 samples for ultrafast bootstrap (seed: 107138)...

NOTE: 2 MB RAM (0 GB) is required!
Estimate model parameters (epsilon = 0.100)
1. Initial log-likelihood: -5408.800
2. Current log-likelihood: -5408.623
Optimal log-likelihood: -5408.564
Rate parameters:  A-C: 2.94943  A-G: 5.22228  A-T: 0.91436  C-G: 0.97646  C-T: 5.22228  G-T: 1.00000
Base frequencies:  A: 0.318  C: 0.179  G: 0.256  T: 0.247
Proportion of invariable sites: 0.329
Site proportion and rates:  (0.461,0.582) (0.183,2.937) (0.027,7.192)
Parameters optimization took 2 rounds (0.027 sec)
Wrote distance file to... 
Computing ML distances based on estimated model parameters...
Calculating distance matrix: done in 0.00163102 secs using 192.6% CPU
Computing ML distances took 0.001713 sec (of wall-clock time) 0.003192 sec (of CPU time)
Setting up auxiliary I and S matrices: done in 4.91142e-05 secs using 95.7% CPU
Constructing RapidNJ tree: done in 0.00104785 secs using 61.55% CPU
Computing RapidNJ tree took 0.001126 sec (of wall-clock time) 0.000705 sec (of CPU time)
Log-likelihood of RapidNJ tree: -5457.086
--------------------------------------------------------------------
|             INITIALIZING CANDIDATE TREE SET                      |
--------------------------------------------------------------------
Generating 98 parsimony trees... 0.148 second
Computing log-likelihood of 98 initial trees ... 0.362 seconds
Current best score: -5403.642

Do NNI search on 20 best initial trees
Estimate model parameters (epsilon = 0.100)
BETTER TREE FOUND at iteration 1: -5400.506
Iteration 10 / LogL: -5403.397 / Time: 0h:0m:5s
Iteration 20 / LogL: -5403.570 / Time: 0h:0m:5s
Finish initializing candidate tree set (12)
Current best tree score: -5400.506 / CPU time: 1.369
Number of iterations: 20
--------------------------------------------------------------------
|               OPTIMIZING CANDIDATE TREE SET                      |
--------------------------------------------------------------------
Estimate model parameters (epsilon = 0.100)
BETTER TREE FOUND at iteration 21: -5399.934
Estimate model parameters (epsilon = 0.100)
BETTER TREE FOUND at iteration 22: -5399.107
Iteration 30 / LogL: -5399.133 / Time: 0h:0m:6s (0h:0m:6s left)
Iteration 40 / LogL: -5400.058 / Time: 0h:0m:7s (0h:0m:6s left)
Iteration 50 / LogL: -5399.131 / Time: 0h:0m:7s (0h:0m:5s left)
Log-likelihood cutoff on original alignment: -5445.737
Estimate model parameters (epsilon = 0.100)
BETTER TREE FOUND at iteration 53: -5398.538
Iteration 60 / LogL: -5405.075 / Time: 0h:0m:8s (0h:0m:6s left)
UPDATE BEST LOG-LIKELIHOOD: -5398.531
Iteration 70 / LogL: -5398.636 / Time: 0h:0m:9s (0h:0m:6s left)
Iteration 80 / LogL: -5398.557 / Time: 0h:0m:10s (0h:0m:5s left)
Iteration 90 / LogL: -5398.872 / Time: 0h:0m:10s (0h:0m:4s left)
Iteration 100 / LogL: -5398.569 / Time: 0h:0m:11s (0h:0m:3s left)
Log-likelihood cutoff on original alignment: -5445.737
NOTE: Bootstrap correlation coefficient of split occurrence frequencies: 0.990
Iteration 110 / LogL: -5400.732 / Time: 0h:0m:12s (0h:0m:6s left)
Iteration 120 / LogL: -5398.713 / Time: 0h:0m:12s (0h:0m:5s left)
Iteration 130 / LogL: -5398.567 / Time: 0h:0m:13s (0h:0m:5s left)
Iteration 140 / LogL: -5398.583 / Time: 0h:0m:14s (0h:0m:4s left)
Iteration 150 / LogL: -5398.557 / Time: 0h:0m:15s (0h:0m:3s left)
Log-likelihood cutoff on original alignment: -5445.737
TREE SEARCH COMPLETED AFTER 154 ITERATIONS / Time: 0h:0m:15s

--------------------------------------------------------------------
|                    FINALIZING TREE SEARCH                        |
--------------------------------------------------------------------
Performs final model parameters optimization
Estimate model parameters (epsilon = 0.010)
1. Initial log-likelihood: -5398.531
Optimal log-likelihood: -5398.525
Rate parameters:  A-C: 2.95088  A-G: 5.25037  A-T: 0.87109  C-G: 0.92605  C-T: 5.25037  G-T: 1.00000
Base frequencies:  A: 0.318  C: 0.179  G: 0.256  T: 0.247
Proportion of invariable sites: 0.322
Site proportion and rates:  (0.461,0.548) (0.175,2.699) (0.042,6.507)
Parameters optimization took 1 rounds (0.012 sec)
BEST SCORE FOUND : -5398.525
Creating bootstrap support values...
Split supports printed to NEXUS file aln_segment_7966_to_8496.splits.nex
Total tree length: 2.600

Total number of iterations: 154
CPU time used for tree search: 8.252 sec (0h:0m:8s)
Wall-clock time used for tree search: 11.204 sec (0h:0m:11s)
Total CPU time used: 12.777 sec (0h:0m:12s)
Total wall-clock time used: 15.565 sec (0h:0m:15s)

Computing bootstrap consensus tree...
Reading input file aln_segment_7966_to_8496.splits.nex...
37 taxa and 269 splits.
Consensus tree written to aln_segment_7966_to_8496.contree
Reading input trees file aln_segment_7966_to_8496.contree
Log-likelihood of consensus tree: -5400.044

Analysis results written to: 
  IQ-TREE report:                aln_segment_7966_to_8496.iqtree
  Maximum-likelihood tree:       aln_segment_7966_to_8496.treefile
  Likelihood distances:          aln_segment_7966_to_8496.mldist

Ultrafast bootstrap approximation results written to:
  Split support values:          aln_segment_7966_to_8496.splits.nex
  Consensus tree:                aln_segment_7966_to_8496.contree
  Screen log file:               aln_segment_7966_to_8496.log

Date and Time: Thu Jan 22 10:07:11 2026
