IQ-TREE version 3.0.1 for MacOS ARM 64-bit built Jun 30 2025
Developed by Bui Quang Minh, Thomas Wong, Nhan Ly-Trong, Huaiyan Ren
Contributed by Lam-Tung Nguyen, Dominik Schrempf, Chris Bielow,
Olga Chernomor, Michael Woodhams, Diep Thi Hoang, Heiko Schmidt

Host:    SUN1032320 (SSE4.2, 36 GB RAM)
Command: iqtree3 -s aln_segment_5842_to_6372.fasta -m MFP -B 1000 -nt 2 -pre aln_segment_5842_to_6372
Seed:    242567 (Using SPRNG - Scalable Parallel Random Number Generator)
Time:    Thu Jan 22 10:05:42 2026
Kernel:  SSE2 - 2 threads (14 CPU cores detected)

Reading alignment file aln_segment_5842_to_6372.fasta ... Fasta format detected
Reading fasta file: done in 0.000268936 secs using 82.92% CPU
Alignment most likely contains DNA/RNA sequences
Constructing alignment: done in 0.0003438 secs using 64.57% CPU
Alignment has 37 sequences with 531 columns, 310 distinct patterns
236 parsimony-informative, 75 singleton sites, 220 constant sites
                                Gap/Ambiguity  Composition  p-value
Analyzing sequences: done in 1.50204e-05 secs using 126.5% CPU
   1  B.FR.83.HXBLAI_IIIB_BRU.K03455    3.20%    passed     80.42%
   2  A                                 0.19%    passed     89.35%
   3  A1                                0.19%    passed     89.03%
   4  A2                                0.75%    passed     90.37%
   5  A3                                0.19%    passed     77.76%
   6  A6                                1.32%    passed     92.01%
   7  B                                 2.07%    passed     95.37%
   8  C                                 0.00%    passed     44.49%
   9  D                                 2.07%    passed     99.40%
  10  F1                                0.19%    passed     96.07%
  11  F2                                2.07%    passed     81.78%
  12  G                                 0.19%    passed     98.37%
  13  H                                 3.20%    passed     83.35%
  14  J                                 0.38%    passed     43.00%
  15  K                                 0.75%    passed     92.53%
  16  L                                 2.64%    passed     79.93%
  17  AE                                1.32%    passed     77.42%
  18  AG                                0.75%    passed     97.52%
  19  cpx                               1.32%    passed     94.10%
  20  DF                                0.19%    passed     78.79%
  21  BC                                2.07%    passed     93.77%
  22  CD                                0.00%    passed     83.31%
  23  BF                                2.07%    passed     98.88%
  24  BG                                0.19%    passed     86.45%
  25  01B                               1.32%    passed     95.09%
  26  A2D                               0.19%    passed     86.98%
  27  01A1                              1.88%    passed     85.02%
  28  A5U                               2.07%    passed     47.27%
  29  AD                                0.19%    passed     64.42%
  30  BF1                               0.75%    passed     75.78%
  31  02G                               0.19%    passed     92.31%
  32  A1D                               2.07%    passed     97.53%
  33  02A                               0.19%    passed     90.76%
  34  C2U                               1.32%    passed     51.62%
  35  02B                               0.94%    passed     98.80%
  36  01C                               1.32%    passed     59.86%
  37  CPZ                               5.65%    failed      0.08%
****  TOTAL                             1.23%  1 sequences failed composition chi2 test (p-value<5%; df=3)
Checking for duplicate sequences: done in 5.79357e-05 secs using 74.22% CPU


Create initial parsimony tree by phylogenetic likelihood library (PLL)... 0.001 seconds
Perform fast likelihood tree search using GTR+I+G model...
Estimate model parameters (epsilon = 5.000)
Perform nearest neighbor interchange...
Estimate model parameters (epsilon = 1.000)
1. Initial log-likelihood: -6652.835
Optimal log-likelihood: -6652.498
Rate parameters:  A-C: 1.41110  A-G: 2.68987  A-T: 0.98543  C-G: 0.36125  C-T: 3.81006  G-T: 1.00000
Base frequencies:  A: 0.373  C: 0.136  G: 0.241  T: 0.250
Proportion of invariable sites: 0.231
Gamma shape alpha: 0.708
Parameters optimization took 1 rounds (0.017 sec)
Time for fast ML tree search: 0.119 seconds

NOTE: ModelFinder requires 4 MB RAM!
ModelFinder will test up to 968 DNA models (sample size: 531 epsilon: 0.100) ...
 No. Model         -LnL         df  AIC          AICc         BIC
  1  JC            7527.619     71  15197.238    15219.513    15500.746
  2  JC+I          7078.252     72  14300.504    14323.456    14608.287
  3  JC+G4         6947.566     72  14039.132    14062.084    14346.915
  4  JC+I+G4       6940.657     73  14027.314    14050.955    14339.371
  5  JC+R2         6964.485     73  14074.970    14098.611    14387.027
  6  JC+R3         6936.908     75  14023.816    14048.871    14344.423
  7  JC+R4         6936.725     77  14027.450    14053.966    14356.606
 14  JC+I+R2       6948.319     74  14044.638    14068.980    14360.970
 15  JC+I+R3       6937.796     76  14027.591    14053.371    14352.473
 16  JC+I+R4       6937.730     78  14031.460    14058.725    14364.891
 25  JC+G4         6947.566     72  14039.132    14062.084    14346.915
 26  JC+I+G4       6940.657     73  14027.314    14050.955    14339.371
 28  JC+R3         6936.908     75  14023.816    14048.871    14344.423
 47  F81+G4        6947.566     72  14039.132    14062.084    14346.914
 48  F81+I+G4      6940.490     73  14026.981    14050.622    14339.038
 50  F81+R3        6936.717     75  14023.434    14048.489    14344.041
 69  F81+F+G4      6846.524     75  13843.048    13868.103    14163.656
 70  F81+F+I+G4    6838.363     76  13828.726    13854.506    14153.608
 72  F81+F+R3      6836.308     78  13828.617    13855.882    14162.048
 91  K2P+G4        6783.397     73  13712.795    13736.436    14024.853
 92  K2P+I+G4      6775.597     74  13699.194    13723.536    14015.526
 94  K2P+R3        6772.436     76  13696.872    13722.652    14021.754
113  K2P+G4        6783.397     73  13712.795    13736.436    14024.853
114  K2P+I+G4      6775.597     74  13699.194    13723.536    14015.526
116  K2P+R3        6772.436     76  13696.872    13722.652    14021.754
135  HKY+G4        6783.397     73  13712.794    13736.435    14024.851
136  HKY+I+G4      6775.552     74  13699.103    13723.446    14015.436
138  HKY+R3        6772.343     76  13696.686    13722.466    14021.568
157  HKY+F+G4      6683.620     76  13519.240    13545.019    13844.121
158  HKY+F+I+G4    6674.509     77  13503.017    13529.534    13832.174
160  HKY+F+R3      6673.305     79  13504.610    13532.637    13842.316
179  TNe+G4        6775.889     74  13699.779    13724.121    14016.111
180  TNe+I+G4      6768.287     75  13686.574    13711.629    14007.181
182  TNe+R3        6764.206     77  13682.412    13708.929    14011.569
201  TNe+G4        6775.889     74  13699.779    13724.121    14016.111
202  TNe+I+G4      6768.287     75  13686.574    13711.629    14007.181
204  TNe+R3        6764.206     77  13682.412    13708.929    14011.569
223  TN+G4         6775.889     74  13699.779    13724.121    14016.111
224  TN+I+G4       6768.285     75  13686.571    13711.626    14007.178
226  TN+R3         6764.175     77  13682.351    13708.867    14011.507
245  TN+F+G4       6677.957     77  13509.913    13536.430    13839.070
246  TN+F+I+G4     6668.922     78  13493.844    13521.109    13827.275
248  TN+F+R3       6668.241     80  13496.482    13525.282    13838.463
267  K3P+G4        6782.170     74  13712.341    13736.683    14028.673
268  K3P+I+G4      6774.345     75  13698.690    13723.745    14019.297
270  K3P+R3        6771.012     77  13696.023    13722.540    14025.180
289  K3P+G4        6782.170     74  13712.341    13736.683    14028.673
290  K3P+I+G4      6774.345     75  13698.690    13723.745    14019.297
292  K3P+R3        6771.012     77  13696.023    13722.540    14025.180
311  K3Pu+G4       6782.169     74  13712.338    13736.680    14028.671
312  K3Pu+I+G4     6774.329     75  13698.659    13723.714    14019.266
314  K3Pu+R3       6770.974     77  13695.948    13722.464    14025.104
333  K3Pu+F+G4     6678.377     77  13510.754    13537.271    13839.911
334  K3Pu+F+I+G4   6669.217     78  13494.435    13521.700    13827.866
336  K3Pu+F+R3     6668.314     80  13496.628    13525.428    13838.609
355  TPM2+G4       6761.885     74  13671.771    13696.113    13988.103
356  TPM2+I+G4     6754.254     75  13658.508    13683.563    13979.115
358  TPM2+R3       6750.215     77  13654.431    13680.947    13983.587
377  TPM2+G4       6761.885     74  13671.771    13696.113    13988.103
378  TPM2+I+G4     6754.254     75  13658.508    13683.563    13979.115
380  TPM2+R3       6750.215     77  13654.431    13680.947    13983.587
399  TPM2u+G4      6761.885     74  13671.771    13696.113    13988.103
400  TPM2u+I+G4    6754.254     75  13658.508    13683.563    13979.116
402  TPM2u+R3      6750.204     77  13654.407    13680.924    13983.564
421  TPM2u+F+G4    6677.550     77  13509.099    13535.616    13838.256
422  TPM2u+F+I+G4  6668.681     78  13493.362    13520.628    13826.794
424  TPM2u+F+R3    6667.166     80  13494.333    13523.133    13836.314
443  TPM3+G4       6769.712     74  13687.425    13711.767    14003.757
444  TPM3+I+G4     6762.180     75  13674.361    13699.416    13994.968
446  TPM3+R3       6758.904     77  13671.809    13698.325    14000.965
465  TPM3+G4       6769.712     74  13687.425    13711.767    14003.757
466  TPM3+I+G4     6762.180     75  13674.361    13699.416    13994.968
468  TPM3+R3       6758.904     77  13671.809    13698.325    14000.965
487  TPM3u+G4      6769.712     74  13687.424    13711.766    14003.756
488  TPM3u+I+G4    6762.173     75  13674.346    13699.401    13994.953
490  TPM3u+R3      6758.874     77  13671.747    13698.264    14000.904
509  TPM3u+F+G4    6683.608     77  13521.216    13547.733    13850.373
510  TPM3u+F+I+G4  6674.451     78  13504.903    13532.168    13838.334
512  TPM3u+F+R3    6673.325     80  13506.649    13535.449    13848.630
531  TIMe+G4       6774.642     75  13699.284    13724.339    14019.892
532  TIMe+I+G4     6767.089     76  13686.178    13711.958    14011.060
534  TIMe+R3       6762.981     78  13681.961    13709.227    14015.393
553  TIMe+G4       6774.642     75  13699.284    13724.339    14019.892
554  TIMe+I+G4     6767.089     76  13686.178    13711.958    14011.060
556  TIMe+R3       6762.981     78  13681.961    13709.227    14015.393
575  TIM+G4        6774.641     75  13699.283    13724.338    14019.890
576  TIM+I+G4      6767.088     76  13686.175    13711.955    14011.057
578  TIM+R3        6762.904     78  13681.808    13709.073    14015.239
597  TIM+F+G4      6672.672     78  13501.343    13528.609    13834.775
598  TIM+F+I+G4    6663.639     79  13485.277    13513.304    13822.983
600  TIM+F+R3      6662.914     81  13487.829    13517.414    13834.084
619  TIM2e+G4      6753.523     75  13657.045    13682.100    13977.652
620  TIM2e+I+G4    6745.813     76  13643.626    13669.406    13968.508
622  TIM2e+R3      6740.799     78  13637.599    13664.864    13971.030
641  TIM2e+G4      6753.523     75  13657.045    13682.100    13977.652
642  TIM2e+I+G4    6745.813     76  13643.626    13669.406    13968.508
644  TIM2e+R3      6740.799     78  13637.599    13664.864    13971.030
663  TIM2+G4       6753.522     75  13657.043    13682.098    13977.651
664  TIM2+I+G4     6745.790     76  13643.580    13669.360    13968.462
666  TIM2+R3       6740.757     78  13637.513    13664.779    13970.945
685  TIM2+F+G4     6671.689     78  13499.378    13526.644    13832.810
686  TIM2+F+I+G4   6663.004     79  13484.008    13512.034    13821.714
688  TIM2+F+R3     6662.117     81  13486.234    13515.820    13832.490
707  TIM3e+G4      6762.826     75  13675.653    13700.708    13996.260
708  TIM3e+I+G4    6755.521     76  13663.042    13688.822    13987.924
710  TIM3e+R3      6751.406     78  13658.812    13686.077    13992.243
729  TIM3e+G4      6762.826     75  13675.653    13700.708    13996.260
730  TIM3e+I+G4    6755.521     76  13663.042    13688.822    13987.924
732  TIM3e+R3      6751.406     78  13658.812    13686.077    13992.243
751  TIM3+G4       6762.826     75  13675.651    13700.706    13996.258
752  TIM3+I+G4     6755.523     76  13663.046    13688.825    13987.927
754  TIM3+R3       6751.373     78  13658.746    13686.011    13992.177
773  TIM3+F+G4     6677.954     78  13511.908    13539.173    13845.339
774  TIM3+F+I+G4   6668.917     79  13495.834    13523.860    13833.540
776  TIM3+F+R3     6668.080     81  13498.161    13527.747    13844.417
795  TVMe+G4       6735.710     76  13623.419    13649.199    13948.301
796  TVMe+I+G4     6728.470     77  13610.941    13637.457    13940.097
798  TVMe+R3       6724.303     79  13606.606    13634.633    13944.312
817  TVMe+G4       6735.710     76  13623.419    13649.199    13948.301
818  TVMe+I+G4     6728.470     77  13610.941    13637.457    13940.097
820  TVMe+R3       6724.303     79  13606.606    13634.633    13944.312
839  TVM+G4        6735.710     76  13623.419    13649.199    13948.301
840  TVM+I+G4      6728.459     77  13610.917    13637.434    13940.074
842  TVM+R3        6724.254     79  13606.508    13634.534    13944.214
861  TVM+F+G4      6665.651     79  13489.302    13517.328    13827.008
862  TVM+F+I+G4    6656.783     80  13473.566    13502.366    13815.547
864  TVM+F+R3      6654.982     82  13473.964    13504.348    13824.495
883  SYM+G4        6728.039     77  13610.079    13636.595    13939.236
884  SYM+I+G4      6720.491     78  13596.983    13624.248    13930.414
886  SYM+R3        6715.225     80  13590.449    13619.249    13932.430
905  SYM+G4        6728.039     77  13610.079    13636.595    13939.236
906  SYM+I+G4      6720.491     78  13596.983    13624.248    13930.414
908  SYM+R3        6715.225     80  13590.449    13619.249    13932.430
927  GTR+G4        6728.040     77  13610.079    13636.596    13939.236
928  GTR+I+G4      6720.491     78  13596.982    13624.247    13930.413
930  GTR+R3        6715.198     80  13590.395    13619.195    13932.376
949  GTR+F+G4      6659.898     80  13479.795    13508.595    13821.776
950  GTR+F+I+G4    6651.254     81  13464.509    13494.095    13810.765
952  GTR+F+R3      6650.177     83  13466.355    13497.549    13821.160
Akaike Information Criterion:           GTR+F+I+G4
Corrected Akaike Information Criterion: GTR+F+I+G4
Bayesian Information Criterion:         GTR+F+I+G4
Best-fit model: GTR+F+I+G4 chosen according to BIC

All model information printed to aln_segment_5842_to_6372.model.gz
CPU time for ModelFinder: 3.951 seconds (0h:0m:3s)
Wall-clock time for ModelFinder: 3.544 seconds (0h:0m:3s)
Generating 1000 samples for ultrafast bootstrap (seed: 242567)...

NOTE: 2 MB RAM (0 GB) is required!
Estimate model parameters (epsilon = 0.100)
Thoroughly optimizing +I+G parameters from 10 start values...
Init pinv, alpha: 0.000, 0.973 / Estimate: 0.000, 0.400 / LogL: -6659.906
Init pinv, alpha: 0.046, 0.973 / Estimate: 0.264, 0.800 / LogL: -6651.794
Init pinv, alpha: 0.092, 0.973 / Estimate: 0.266, 0.807 / LogL: -6651.751
Init pinv, alpha: 0.138, 0.973 / Estimate: 0.265, 0.804 / LogL: -6651.770
Init pinv, alpha: 0.184, 0.973 / Estimate: 0.264, 0.799 / LogL: -6651.797
Init pinv, alpha: 0.230, 0.973 / Estimate: 0.265, 0.804 / LogL: -6651.772
Init pinv, alpha: 0.276, 0.973 / Estimate: 0.289, 0.891 / LogL: -6651.403
Init pinv, alpha: 0.322, 0.973 / Estimate: 0.316, 1.014 / LogL: -6651.264
Init pinv, alpha: 0.368, 0.973 / Estimate: 0.330, 1.088 / LogL: -6651.394
Init pinv, alpha: 0.414, 0.973 / Estimate: 0.329, 1.083 / LogL: -6651.381
Optimal pinv,alpha: 0.316, 1.014 / LogL: -6651.264

Parameters optimization took 1.073 sec
Wrote distance file to... 
Computing ML distances based on estimated model parameters...
Calculating distance matrix: done in 0.00192595 secs using 194.3% CPU
Computing ML distances took 0.002007 sec (of wall-clock time) 0.003795 sec (of CPU time)
Setting up auxiliary I and S matrices: done in 6.50883e-05 secs using 70.67% CPU
Constructing RapidNJ tree: done in 0.0010941 secs using 59.87% CPU
Computing RapidNJ tree took 0.001196 sec (of wall-clock time) 0.000726 sec (of CPU time)
Log-likelihood of RapidNJ tree: -6674.424
--------------------------------------------------------------------
|             INITIALIZING CANDIDATE TREE SET                      |
--------------------------------------------------------------------
Generating 98 parsimony trees... 0.152 second
Computing log-likelihood of 98 initial trees ... 0.392 seconds
Current best score: -6651.264

Do NNI search on 20 best initial trees
Estimate model parameters (epsilon = 0.100)
BETTER TREE FOUND at iteration 1: -6651.261
Iteration 10 / LogL: -6663.203 / Time: 0h:0m:5s
Iteration 20 / LogL: -6657.196 / Time: 0h:0m:6s
Finish initializing candidate tree set (10)
Current best tree score: -6651.261 / CPU time: 1.694
Number of iterations: 20
--------------------------------------------------------------------
|               OPTIMIZING CANDIDATE TREE SET                      |
--------------------------------------------------------------------
Estimate model parameters (epsilon = 0.100)
BETTER TREE FOUND at iteration 27: -6647.071
Iteration 30 / LogL: -6651.263 / Time: 0h:0m:7s (0h:0m:12s left)
Estimate model parameters (epsilon = 0.100)
BETTER TREE FOUND at iteration 34: -6645.603
Estimate model parameters (epsilon = 0.100)
BETTER TREE FOUND at iteration 36: -6644.893
Iteration 40 / LogL: -6647.932 / Time: 0h:0m:8s (0h:0m:11s left)
Iteration 50 / LogL: -6645.099 / Time: 0h:0m:8s (0h:0m:9s left)
Log-likelihood cutoff on original alignment: -6678.885
Iteration 60 / LogL: -6645.099 / Time: 0h:0m:9s (0h:0m:7s left)
Iteration 70 / LogL: -6646.702 / Time: 0h:0m:10s (0h:0m:6s left)
Iteration 80 / LogL: -6647.902 / Time: 0h:0m:11s (0h:0m:5s left)
Iteration 90 / LogL: -6646.541 / Time: 0h:0m:12s (0h:0m:4s left)
Iteration 100 / LogL: -6644.917 / Time: 0h:0m:12s (0h:0m:3s left)
Log-likelihood cutoff on original alignment: -6678.885
NOTE: Bootstrap correlation coefficient of split occurrence frequencies: 0.998
Iteration 110 / LogL: -6645.711 / Time: 0h:0m:13s (0h:0m:8s left)
Iteration 120 / LogL: -6645.529 / Time: 0h:0m:14s (0h:0m:7s left)
Iteration 130 / LogL: -6644.944 / Time: 0h:0m:15s (0h:0m:6s left)
TREE SEARCH COMPLETED AFTER 137 ITERATIONS / Time: 0h:0m:15s

--------------------------------------------------------------------
|                    FINALIZING TREE SEARCH                        |
--------------------------------------------------------------------
Performs final model parameters optimization
Estimate model parameters (epsilon = 0.010)
1. Initial log-likelihood: -6644.893
Optimal log-likelihood: -6644.883
Rate parameters:  A-C: 1.36213  A-G: 2.63007  A-T: 0.97035  C-G: 0.35668  C-T: 3.71120  G-T: 1.00000
Base frequencies:  A: 0.373  C: 0.136  G: 0.241  T: 0.250
Proportion of invariable sites: 0.305
Gamma shape alpha: 0.964
Parameters optimization took 1 rounds (0.009 sec)
BEST SCORE FOUND : -6644.883
Creating bootstrap support values...
Split supports printed to NEXUS file aln_segment_5842_to_6372.splits.nex
Total tree length: 3.603

Total number of iterations: 137
CPU time used for tree search: 8.650 sec (0h:0m:8s)
Wall-clock time used for tree search: 11.118 sec (0h:0m:11s)
Total CPU time used: 13.938 sec (0h:0m:13s)
Total wall-clock time used: 15.806 sec (0h:0m:15s)

Computing bootstrap consensus tree...
Reading input file aln_segment_5842_to_6372.splits.nex...
37 taxa and 240 splits.
Consensus tree written to aln_segment_5842_to_6372.contree
Reading input trees file aln_segment_5842_to_6372.contree
Log-likelihood of consensus tree: -6644.884

Analysis results written to: 
  IQ-TREE report:                aln_segment_5842_to_6372.iqtree
  Maximum-likelihood tree:       aln_segment_5842_to_6372.treefile
  Likelihood distances:          aln_segment_5842_to_6372.mldist

Ultrafast bootstrap approximation results written to:
  Split support values:          aln_segment_5842_to_6372.splits.nex
  Consensus tree:                aln_segment_5842_to_6372.contree
  Screen log file:               aln_segment_5842_to_6372.log

Date and Time: Thu Jan 22 10:05:58 2026
