IQ-TREE version 3.1.3 for MacOS ARM 64-bit built Jul 22 2026
Developed by Bui Quang Minh, Thomas Wong, Nhan Ly-Trong, Huaiyan Ren
Contributed by Lam-Tung Nguyen, Dominik Schrempf, Chris Bielow,
Olga Chernomor, Michael Woodhams, Diep Thi Hoang, Heiko Schmidt

Host:    SUN1032320 (SSE4.2, 36 GB RAM)
Command: iqtree3 -t generated/0.9/ind_trees/tree_17.newick --tree-fix -s data/0.9_trimmed_alns_HIV_2021_subset.fasta --scfl 100 --prefix output/0.9/scf/scf_tree_17 -T AUTO
Seed:    413701 (Using SPRNG - Scalable Parallel Random Number Generator)
Time:    Fri Jul 31 15:06:45 2026
Kernel:  SSE2 - auto-detect threads (14 CPU cores detected)

Reading alignment file data/0.9_trimmed_alns_HIV_2021_subset.fasta ... Fasta format detected
Reading fasta file: done in 0.00222802 secs using 88.69% CPU
Alignment most likely contains DNA/RNA sequences
Constructing alignment: done in 0.0049808 secs using 67.64% CPU
Alignment has 37 sequences with 8546 columns, 3226 distinct patterns
2923 parsimony-informative, 1002 singleton sites, 4621 constant sites
                                Gap/Ambiguity  Composition  p-value
Analyzing sequences: done in 5.60284e-05 secs using 339.1% CPU
   1  B.FR.83.HXBLAI_IIIB_BRU.K03455    0.14%    passed     41.06%
   2  A                                 0.00%    passed     94.98%
   3  A1                                0.00%    passed     88.46%
   4  A2                                0.14%    passed     99.67%
   5  A3                                0.23%    passed     49.63%
   6  A6                                0.01%    passed     65.16%
   7  B                                 0.02%    passed     87.39%
   8  C                                 0.06%    passed     99.77%
   9  D                                 0.09%    passed     94.13%
  10  F1                                0.04%    passed     74.84%
  11  F2                                0.11%    passed     93.22%
  12  G                                 0.00%    passed     92.53%
  13  H                                 0.11%    passed     95.93%
  14  J                                 0.06%    passed     85.14%
  15  K                                 0.70%    passed     61.15%
  16  L                                 0.41%    passed     93.51%
  17  AE                                0.01%    passed     86.94%
  18  AG                                0.00%    passed     86.00%
  19  cpx                               0.16%    passed     88.19%
  20  DF                                0.05%    passed     86.17%
  21  BC                                0.09%    passed     96.11%
  22  CD                                0.06%    passed     99.76%
  23  BF                                0.04%    passed     48.59%
  24  BG                                0.23%    passed     92.78%
  25  01B                               0.07%    passed     93.30%
  26  A2D                               0.08%    passed     63.20%
  27  01A1                              0.07%    passed     67.81%
  28  A5U                               0.19%    passed     72.25%
  29  AD                                0.04%    passed     80.72%
  30  BF1                               0.06%    passed     92.44%
  31  02G                               0.05%    passed     99.53%
  32  A1D                               0.04%    passed     87.37%
  33  02A                               0.06%    passed     36.05%
  34  C2U                               0.04%    passed     98.27%
  35  02B                               0.46%    passed     90.31%
  36  01C                               0.08%    passed     97.19%
  37  CPZ                               1.10%    failed      0.00%
****  TOTAL                             0.14%  1 sequences failed composition chi2 test (p-value<5%; df=3)
Checking for duplicate sequences: done in 0.000200987 secs using 94.53% CPU

Reading input tree file generated/0.9/ind_trees/tree_17.newick ...
Measuring multi-threading efficiency up to 14 CPU cores
Increase to 10 rounds for branch lengths
102 trees examined
Threads: 1 / Time: 14.102 sec / Speedup: 1.000 / Efficiency: 100% / LogL: -102360
Threads: 2 / Time: 10.933 sec / Speedup: 1.290 / Efficiency: 64% / LogL: -102360
Threads: 3 / Time: 8.086 sec / Speedup: 1.744 / Efficiency: 58% / LogL: -102360
Threads: 4 / Time: 6.908 sec / Speedup: 2.042 / Efficiency: 51% / LogL: -102360
Threads: 5 / Time: 9.185 sec / Speedup: 1.535 / Efficiency: 31% / LogL: -102360
Determining AUTO threadcount: done in 49.2139 secs using 165.4% CPU
BEST NUMBER OF THREADS: 4

Perform fast likelihood tree search using GTR+I+G model...
Estimate model parameters (epsilon = 5.000)
Perform nearest neighbor interchange...
Estimate model parameters (epsilon = 1.000)
1. Initial log-likelihood: -82238.982
2. Current log-likelihood: -82233.322
3. Current log-likelihood: -82230.073
4. Current log-likelihood: -82227.260
5. Current log-likelihood: -82224.716
6. Current log-likelihood: -82222.489
7. Current log-likelihood: -82220.572
8. Current log-likelihood: -82218.966
9. Current log-likelihood: -82217.630
10. Current log-likelihood: -82216.532
Optimal log-likelihood: -82215.365
Rate parameters:  A-C: 2.20971  A-G: 5.31148  A-T: 1.00160  C-G: 0.80468  C-T: 6.71572  G-T: 1.00000
Base frequencies:  A: 0.371  C: 0.172  G: 0.235  T: 0.222
Proportion of invariable sites: 0.397
Gamma shape alpha: 0.734
Parameters optimization took 10 rounds (0.281 sec)
Time for fast ML tree search: 0.721 seconds

NOTE: ModelFinder requires 38 MB RAM!
ModelFinder will test up to 968 DNA models (sample size: 8546 epsilon: 0.100) ...
 No. Model         -LnL         df  AIC          AICc         BIC
Akaike Information Criterion:           GTR+F+I+R4
Corrected Akaike Information Criterion: GTR+F+I+R4
Bayesian Information Criterion:         GTR+F+I+R4
Best-fit model: GTR+F+I+R4 chosen according to BIC

All model information printed to output/0.9/scf/scf_tree_17.model.gz
CPU time for ModelFinder: 133.315 seconds (0h:2m:13s)
Wall-clock time for ModelFinder: 68.107 seconds (0h:1m:8s)

NOTE: 15 MB RAM (0 GB) is required!
Estimate model parameters (epsilon = 0.010)
1. Initial log-likelihood: -82110.061
2. Current log-likelihood: -82110.043
3. Current log-likelihood: -82110.033
Optimal log-likelihood: -82110.025
Rate parameters:  A-C: 2.25792  A-G: 5.59529  A-T: 1.00479  C-G: 0.80621  C-T: 6.81717  G-T: 1.00000
Base frequencies:  A: 0.371  C: 0.172  G: 0.235  T: 0.222
Proportion of invariable sites: 0.452
Site proportion and rates:  (0.268,0.453) (0.190,2.030) (0.085,4.922) (0.005,13.905)
Parameters optimization took 3 rounds (0.137 sec)
Wrote distance file to... 
BEST SCORE FOUND : -82110.025
Total tree length: 2.553

Total number of iterations: 0
CPU time used for tree search: 0.000 sec (0h:0m:0s)
Wall-clock time used for tree search: 0.000 sec (0h:0m:0s)
Total CPU time used: 133.693 sec (0h:2m:13s)
Total wall-clock time used: 68.252 sec (0h:1m:8s)
Computing site concordance factor using likelihood...
0.202 sec
Tree with site concordance factors written to output/0.9/scf/scf_tree_17.cf.tree
Annotated tree (best viewed in FigTree) written to output/0.9/scf/scf_tree_17.cf.tree.nex
Tree with branch IDs written to output/0.9/scf/scf_tree_17.cf.branch
Concordance factors per branch printed to output/0.9/scf/scf_tree_17.cf.stat

Analysis results written to: 
  IQ-TREE report:                output/0.9/scf/scf_tree_17.iqtree
  Maximum-likelihood tree:       output/0.9/scf/scf_tree_17.treefile
  Screen log file:               output/0.9/scf/scf_tree_17.log

Date and Time: Fri Jul 31 15:07:53 2026
