IQ-TREE multicore version 2.3.6 for Linux x86 64-bit built Aug  1 2024
Developed by Bui Quang Minh, Nguyen Lam Tung, Olga Chernomor, Heiko Schmidt,
Dominik Schrempf, Michael Woodhams, Ly Trong Nhan, Thomas Wong

Host:    racimocomp07fl.unicph.domain (AVX512, FMA3, 755 GB RAM)
Command: iqtree2 -s /maps/projects/racimolab/people/fnl270/GitHub/mast_hiv/data/18_ML_trees/2708_trimmed_alns_HIV_2021_subset.fasta -m GTR+FO+R4+T -te /maps/projects/racimolab/people/fnl270/GitHub/mast_hiv/data/tree_subsets/modeltrees_final_29.newick --prefix /maps/projects/racimolab/people/fnl270/GitHub/mast_hiv/output/mast_model_29/mast_model_final_29 -nt 2 -wspmr -wslmr -redo
Seed:    835754 (Using SPRNG - Scalable Parallel Random Number Generator)
Time:    Mon Sep  8 09:24:36 2025
Kernel:  AVX+FMA - 2 threads (96 CPU cores detected)

Reading alignment file /maps/projects/racimolab/people/fnl270/GitHub/mast_hiv/data/18_ML_trees/2708_trimmed_alns_HIV_2021_subset.fasta ... Fasta format detected
Reading fasta file: done in 0.00670676 secs using 75.03% CPU
Alignment most likely contains DNA/RNA sequences
Alignment has 37 sequences with 8941 columns, 3524 distinct patterns
3080 parsimony-informative, 1063 singleton sites, 4798 constant sites
                                Gap/Ambiguity  Composition  p-value
Analyzing sequences: done in 0.0011188 secs using 181% CPU
   1  B.FR.83.HXBLAI_IIIB_BRU.K03455    0.70%    passed     19.65%
   2  A                                 0.15%    passed     89.42%
   3  A1                                2.13%    passed     95.95%
   4  A2                                0.48%    passed     99.90%
   5  A3                                2.14%    passed     63.50%
   6  A6                                0.74%    passed     55.87%
   7  B                                 1.54%    passed     84.96%
   8  C                                 0.82%    passed     99.85%
   9  D                                 2.30%    passed     81.94%
  10  F1                                1.63%    passed     79.98%
  11  F2                                1.90%    passed     83.58%
  12  G                                 0.72%    passed     96.00%
  13  H                                 0.59%    passed     95.29%
  14  J                                 0.74%    passed     82.00%
  15  K                                 4.21%    passed     27.59%
  16  L                                 1.02%    passed     93.46%
  17  AE                                2.18%    passed     91.20%
  18  AG                                2.76%    passed     96.74%
  19  cpx                               0.65%    passed     75.48%
  20  DF                                0.73%    passed     93.16%
  21  BC                                1.01%    passed     89.00%
  22  CD                                0.66%    passed     99.15%
  23  BF                                0.85%    passed     34.38%
  24  BG                                1.45%    passed     96.00%
  25  01B                               1.67%    passed     91.56%
  26  A2D                               2.02%    passed     53.74%
  27  01A1                              2.65%    passed     55.15%
  28  A5U                               0.46%    passed     76.20%
  29  AD                                2.99%    passed     95.07%
  30  BF1                               1.96%    passed     80.75%
  31  02G                               1.21%    passed     98.74%
  32  A1D                               0.89%    passed     82.33%
  33  02A                               1.55%    passed     28.34%
  34  C2U                               0.43%    passed     98.79%
  35  02B                               3.53%    passed     98.05%
  36  01C                               0.82%    passed     97.29%
  37  CPZ                               1.97%    failed      0.00%
****  TOTAL                             1.47%  1 sequences failed composition chi2 test (p-value<5%; df=3)
Tree-mixture model
Number of input trees: 29
Minimum branch length is set to 0.0000010






























Linked substitution model:
   GTR+FO

Linked RHS model:
   R4


NOTE: 491 MB RAM (0 GB) is required!
According to the parsimony scores along the sites, the tree weights are initialized to:
0.0361885,0.0303774,0.0334302,0.0362362,0.0283561,0.0340536,0.0270796,0.0328036,0.0388083,0.0395035,0.0355845,0.0316656,0.0402694,0.0441778,0.0274080,0.0418033,0.0249398,0.0286634,0.0354038,0.0354507,0.0415386,0.0273030,0.0371120,0.0310871,0.0341003,0.0299600,0.0393026,0.0403365,0.0370567
Estimate model parameters (epsilon = 0.00100)
1. Initial log-likelihood: -89420.69082
2. Current log-likelihood: -81601.28261
3. Current log-likelihood: -81546.27914
4. Current log-likelihood: -81533.93775
5. Current log-likelihood: -81519.98042
6. Current log-likelihood: -81514.06615
7. Current log-likelihood: -81509.16460
8. Current log-likelihood: -81506.11790
9. Current log-likelihood: -81503.55247
10. Current log-likelihood: -81499.59406
11. Current log-likelihood: -81496.99484
12. Current log-likelihood: -81495.05796
13. Current log-likelihood: -81493.26729
14. Current log-likelihood: -81491.87906
15. Current log-likelihood: -81488.80080
16. Current log-likelihood: -81487.13440
17. Current log-likelihood: -81486.23717
18. Current log-likelihood: -81485.45985
19. Current log-likelihood: -81484.87309
20. Current log-likelihood: -81484.34825
21. Current log-likelihood: -81483.00595
22. Current log-likelihood: -81482.47942
23. Current log-likelihood: -81482.05790
24. Current log-likelihood: -81481.67739
25. Current log-likelihood: -81481.35736
26. Current log-likelihood: -81481.07075
27. Current log-likelihood: -81480.78299
28. Current log-likelihood: -81480.52744
29. Current log-likelihood: -81480.31801
30. Current log-likelihood: -81480.12354
31. Current log-likelihood: -81479.33399
32. Current log-likelihood: -81479.09525
33. Current log-likelihood: -81477.60816
34. Current log-likelihood: -81477.38373
35. Current log-likelihood: -81477.14254
36. Current log-likelihood: -81476.97071
37. Current log-likelihood: -81476.64629
38. Current log-likelihood: -81475.68288
39. Current log-likelihood: -81475.30877
40. Current log-likelihood: -81475.18889
41. Current log-likelihood: -81473.50990
42. Current log-likelihood: -81473.37695
43. Current log-likelihood: -81472.02336
44. Current log-likelihood: -81471.80271
45. Current log-likelihood: -81471.63694
46. Current log-likelihood: -81471.12205
47. Current log-likelihood: -81470.96604
48. Current log-likelihood: -81470.84951
49. Current log-likelihood: -81470.75469
50. Current log-likelihood: -81470.64021
51. Current log-likelihood: -81470.52480
52. Current log-likelihood: -81470.43729
53. Current log-likelihood: -81470.35825
54. Current log-likelihood: -81470.27882
55. Current log-likelihood: -81470.19730
56. Current log-likelihood: -81470.12940
57. Current log-likelihood: -81470.07447
58. Current log-likelihood: -81470.02146
59. Current log-likelihood: -81469.96716
60. Current log-likelihood: -81469.91997
61. Current log-likelihood: -81469.85045
62. Current log-likelihood: -81469.81082
63. Current log-likelihood: -81469.76651
64. Current log-likelihood: -81469.69568
65. Current log-likelihood: -81469.64218
66. Current log-likelihood: -81469.59939
67. Current log-likelihood: -81469.56942
68. Current log-likelihood: -81469.54107
69. Current log-likelihood: -81469.50803
70. Current log-likelihood: -81469.48321
71. Current log-likelihood: -81469.45986
72. Current log-likelihood: -81469.43778
73. Current log-likelihood: -81469.41268
74. Current log-likelihood: -81469.39414
75. Current log-likelihood: -81469.37145
76. Current log-likelihood: -81469.35516
77. Current log-likelihood: -81469.33740
78. Current log-likelihood: -81469.32305
79. Current log-likelihood: -81469.31012
80. Current log-likelihood: -81469.29767
81. Current log-likelihood: -81469.28369
82. Current log-likelihood: -81469.27246
83. Current log-likelihood: -81469.24982
84. Current log-likelihood: -81469.24173
85. Current log-likelihood: -81469.23228
86. Current log-likelihood: -81469.22403
87. Current log-likelihood: -81469.21611
88. Current log-likelihood: -81469.20856
89. Current log-likelihood: -81469.20141
90. Current log-likelihood: -81469.19461
91. Current log-likelihood: -81469.18816
92. Current log-likelihood: -81469.18202
93. Current log-likelihood: -81469.17476
94. Current log-likelihood: -81469.16883
95. Current log-likelihood: -81469.16456
96. Current log-likelihood: -81469.15939
97. Current log-likelihood: -81469.15401
98. Current log-likelihood: -81469.15045
99. Current log-likelihood: -81469.14587
100. Current log-likelihood: -81469.14138
101. Current log-likelihood: -81469.13593
102. Current log-likelihood: -81469.12724
103. Current log-likelihood: -81469.11783
104. Current log-likelihood: -81469.10977
105. Current log-likelihood: -81469.10372
106. Current log-likelihood: -81469.09810
107. Current log-likelihood: -81469.09299
108. Current log-likelihood: -81469.08872
109. Current log-likelihood: -81469.08624
110. Current log-likelihood: -81469.08287
111. Current log-likelihood: -81469.07931
112. Current log-likelihood: -81469.07734
113. Current log-likelihood: -81469.07444
114. Current log-likelihood: -81469.07138
115. Current log-likelihood: -81469.06970
116. Current log-likelihood: -81469.06807
117. Current log-likelihood: -81469.06649
118. Current log-likelihood: -81469.06389
119. Current log-likelihood: -81469.06236
120. Current log-likelihood: -81469.06090
121. Current log-likelihood: -81469.05945
122. Current log-likelihood: -81469.05814
123. Current log-likelihood: -81469.05684
124. Current log-likelihood: -81469.05556
125. Current log-likelihood: -81469.05336
126. Current log-likelihood: -81469.05216
127. Current log-likelihood: -81469.05094
128. Current log-likelihood: -81469.04977
129. Current log-likelihood: -81469.04867
130. Current log-likelihood: -81469.04744
131. Current log-likelihood: -81469.04635
132. Current log-likelihood: -81469.04525
133. Current log-likelihood: -81469.04415
134. Current log-likelihood: -81469.04313
135. Current log-likelihood: -81469.04209
136. Current log-likelihood: -81469.04096
137. Current log-likelihood: -81469.03997
Final estimation on weights:
0.02835,0.07875,0.07511,0.03170,0.04926,0.03566,0.03084,0.02774,0.03761,0.02546,0.03068,0.02694,0.04155,0.03061,0.01858,0.06961,0.04961,0.02372,0.03087,0.02136,0.02868,0.01821,0.02053,0.03311,0.02489,0.01896,0.03153,0.02314,0.03694
Wrote distance file to... 
BEST SCORE FOUND : -81469.03997
Site log-likelihoods per category printed to /maps/projects/racimolab/people/fnl270/GitHub/mast_hiv/output/mast_model_29/mast_model_final_29.sitelh
Site probabilities per category printed to /maps/projects/racimolab/people/fnl270/GitHub/mast_hiv/output/mast_model_29/mast_model_final_29.siteprob
Total tree lengths: 3.29308 6.54324 1.23945 2.42044 1.18134 1.21058 1.33575 2.00663 2.61893 3.88974 3.84571 1.89765 2.02534 4.11956 2.62457 0.72591 0.87458 1.65430 2.25845 15.20407 3.39679 3.19934 3.87861 1.98735 2.32514 3.41753 1.83140 2.97925 1.95110

Total number of iterations: 135
CPU time used for tree search: 0.00007 sec (0h:0m:0s)
Wall-clock time used for tree search: 0.00007 sec (0h:0m:0s)
Total CPU time used: 23623.92086 sec (6h:33m:43s)
Total wall-clock time used: 12492.14224 sec (3h:28m:12s)

Analysis results written to: 
  IQ-TREE report:                /maps/projects/racimolab/people/fnl270/GitHub/mast_hiv/output/mast_model_29/mast_model_final_29.iqtree
  Maximum-likelihood tree:       /maps/projects/racimolab/people/fnl270/GitHub/mast_hiv/output/mast_model_29/mast_model_final_29.treefile
  Site log-likelihoods:          /maps/projects/racimolab/people/fnl270/GitHub/mast_hiv/output/mast_model_29/mast_model_final_29.sitelh
  Site probability per rate/mix: /maps/projects/racimolab/people/fnl270/GitHub/mast_hiv/output/mast_model_29/mast_model_final_29.siteprob
  Screen log file:               /maps/projects/racimolab/people/fnl270/GitHub/mast_hiv/output/mast_model_29/mast_model_final_29.log

Date and Time: Mon Sep  8 12:52:49 2025
