IQ-TREE multicore version 2.3.6 for Linux x86 64-bit built Aug  1 2024
Developed by Bui Quang Minh, Nguyen Lam Tung, Olga Chernomor, Heiko Schmidt,
Dominik Schrempf, Michael Woodhams, Ly Trong Nhan, Thomas Wong

Host:    racimocomp07fl.unicph.domain (AVX512, FMA3, 755 GB RAM)
Command: iqtree2 -s /maps/projects/racimolab/people/fnl270/GitHub/mast_hiv/data/18_ML_trees/2708_trimmed_alns_HIV_2021_subset.fasta -m GTR+FO+R4+T -te /maps/projects/racimolab/people/fnl270/GitHub/mast_hiv/data/tree_subsets/modeltrees_final_34.newick --prefix /maps/projects/racimolab/people/fnl270/GitHub/mast_hiv/output/mast_model_34/mast_model_final_34 -nt 2 -wspmr -wslmr -redo
Seed:    729968 (Using SPRNG - Scalable Parallel Random Number Generator)
Time:    Mon Sep  8 09:24:45 2025
Kernel:  AVX+FMA - 2 threads (96 CPU cores detected)

Reading alignment file /maps/projects/racimolab/people/fnl270/GitHub/mast_hiv/data/18_ML_trees/2708_trimmed_alns_HIV_2021_subset.fasta ... Fasta format detected
Reading fasta file: done in 0.00669905 secs using 95.06% CPU
Alignment most likely contains DNA/RNA sequences
Alignment has 37 sequences with 8941 columns, 3524 distinct patterns
3080 parsimony-informative, 1063 singleton sites, 4798 constant sites
                                Gap/Ambiguity  Composition  p-value
Analyzing sequences: done in 0.000945728 secs using 203.7% CPU
   1  B.FR.83.HXBLAI_IIIB_BRU.K03455    0.70%    passed     19.65%
   2  A                                 0.15%    passed     89.42%
   3  A1                                2.13%    passed     95.95%
   4  A2                                0.48%    passed     99.90%
   5  A3                                2.14%    passed     63.50%
   6  A6                                0.74%    passed     55.87%
   7  B                                 1.54%    passed     84.96%
   8  C                                 0.82%    passed     99.85%
   9  D                                 2.30%    passed     81.94%
  10  F1                                1.63%    passed     79.98%
  11  F2                                1.90%    passed     83.58%
  12  G                                 0.72%    passed     96.00%
  13  H                                 0.59%    passed     95.29%
  14  J                                 0.74%    passed     82.00%
  15  K                                 4.21%    passed     27.59%
  16  L                                 1.02%    passed     93.46%
  17  AE                                2.18%    passed     91.20%
  18  AG                                2.76%    passed     96.74%
  19  cpx                               0.65%    passed     75.48%
  20  DF                                0.73%    passed     93.16%
  21  BC                                1.01%    passed     89.00%
  22  CD                                0.66%    passed     99.15%
  23  BF                                0.85%    passed     34.38%
  24  BG                                1.45%    passed     96.00%
  25  01B                               1.67%    passed     91.56%
  26  A2D                               2.02%    passed     53.74%
  27  01A1                              2.65%    passed     55.15%
  28  A5U                               0.46%    passed     76.20%
  29  AD                                2.99%    passed     95.07%
  30  BF1                               1.96%    passed     80.75%
  31  02G                               1.21%    passed     98.74%
  32  A1D                               0.89%    passed     82.33%
  33  02A                               1.55%    passed     28.34%
  34  C2U                               0.43%    passed     98.79%
  35  02B                               3.53%    passed     98.05%
  36  01C                               0.82%    passed     97.29%
  37  CPZ                               1.97%    failed      0.00%
****  TOTAL                             1.47%  1 sequences failed composition chi2 test (p-value<5%; df=3)
Tree-mixture model
Number of input trees: 34
Minimum branch length is set to 0.0000010



































Linked substitution model:
   GTR+FO

Linked RHS model:
   R4


NOTE: 575 MB RAM (0 GB) is required!
According to the parsimony scores along the sites, the tree weights are initialized to:
0.0344474,0.0274913,0.0312774,0.0312642,0.0237110,0.0294672,0.0253923,0.0304709,0.0292386,0.0364279,0.0322361,0.0269863,0.0283720,0.0410048,0.0235100,0.0301312,0.0225838,0.0262687,0.0289480,0.0333018,0.0291598,0.0247488,0.0335881,0.0273572,0.0288147,0.0252791,0.0364854,0.0367826,0.0298922,0.0248784,0.0287294,0.0259331,0.0256445,0.0301760
Estimate model parameters (epsilon = 0.00100)
1. Initial log-likelihood: -89344.17255
2. Current log-likelihood: -81338.21367
3. Current log-likelihood: -81269.19542
4. Current log-likelihood: -81236.46054
5. Current log-likelihood: -81224.80110
6. Current log-likelihood: -81216.62680
7. Current log-likelihood: -81210.57206
8. Current log-likelihood: -81203.21950
9. Current log-likelihood: -81199.43569
10. Current log-likelihood: -81196.06807
11. Current log-likelihood: -81193.48360
12. Current log-likelihood: -81191.42603
13. Current log-likelihood: -81189.71389
14. Current log-likelihood: -81187.97193
15. Current log-likelihood: -81184.63851
16. Current log-likelihood: -81182.74343
17. Current log-likelihood: -81181.08962
18. Current log-likelihood: -81180.34435
19. Current log-likelihood: -81179.57413
20. Current log-likelihood: -81179.02086
21. Current log-likelihood: -81178.60710
22. Current log-likelihood: -81178.23364
23. Current log-likelihood: -81177.94619
24. Current log-likelihood: -81177.71737
25. Current log-likelihood: -81177.50776
26. Current log-likelihood: -81177.34009
27. Current log-likelihood: -81177.17740
28. Current log-likelihood: -81177.03686
29. Current log-likelihood: -81176.91735
30. Current log-likelihood: -81176.81720
31. Current log-likelihood: -81176.69972
32. Current log-likelihood: -81175.79025
33. Current log-likelihood: -81175.20662
34. Current log-likelihood: -81174.80658
35. Current log-likelihood: -81174.65853
36. Current log-likelihood: -81174.52689
37. Current log-likelihood: -81174.25411
38. Current log-likelihood: -81174.15272
39. Current log-likelihood: -81174.06203
40. Current log-likelihood: -81171.38927
41. Current log-likelihood: -81171.30518
42. Current log-likelihood: -81171.23142
43. Current log-likelihood: -81171.15975
44. Current log-likelihood: -81171.09603
45. Current log-likelihood: -81171.02724
46. Current log-likelihood: -81170.97879
47. Current log-likelihood: -81170.93537
48. Current log-likelihood: -81170.89999
49. Current log-likelihood: -81170.86741
50. Current log-likelihood: -81170.83940
51. Current log-likelihood: -81170.81393
52. Current log-likelihood: -81170.78779
53. Current log-likelihood: -81170.76694
54. Current log-likelihood: -81170.74521
55. Current log-likelihood: -81170.72799
56. Current log-likelihood: -81170.71237
57. Current log-likelihood: -81170.69809
58. Current log-likelihood: -81170.68203
59. Current log-likelihood: -81170.67108
60. Current log-likelihood: -81170.66012
61. Current log-likelihood: -81170.64797
62. Current log-likelihood: -81170.63837
63. Current log-likelihood: -81170.62973
64. Current log-likelihood: -81170.62364
65. Current log-likelihood: -81170.61602
66. Current log-likelihood: -81170.61089
67. Current log-likelihood: -81170.60425
68. Current log-likelihood: -81170.59995
69. Current log-likelihood: -81170.59400
70. Current log-likelihood: -81170.59031
71. Current log-likelihood: -81170.58587
72. Current log-likelihood: -81170.58269
73. Current log-likelihood: -81170.57973
74. Current log-likelihood: -81170.57513
75. Current log-likelihood: -81170.57255
76. Current log-likelihood: -81170.57009
77. Current log-likelihood: -81170.56774
78. Current log-likelihood: -81170.56552
79. Current log-likelihood: -81170.56344
80. Current log-likelihood: -81170.56143
81. Current log-likelihood: -81170.55954
82. Current log-likelihood: -81170.55675
83. Current log-likelihood: -81170.55503
84. Current log-likelihood: -81170.55339
85. Current log-likelihood: -81170.54906
86. Current log-likelihood: -81170.54754
87. Current log-likelihood: -81170.54607
88. Current log-likelihood: -81170.54466
89. Current log-likelihood: -81170.54329
90. Current log-likelihood: -81170.54197
91. Current log-likelihood: -81170.54068
92. Current log-likelihood: -81170.53943
93. Current log-likelihood: -81170.53819
94. Current log-likelihood: -81170.53702
95. Current log-likelihood: -81170.53587
96. Current log-likelihood: -81170.53476
97. Current log-likelihood: -81170.53367
98. Current log-likelihood: -81170.53263
99. Current log-likelihood: -81170.52909
100. Current log-likelihood: -81170.52811
Final estimation on weights:
0.04258,0.03662,0.04382,0.03853,0.03360,0.05202,0.03729,0.06391,0.02720,0.03198,0.03081,0.03834,0.04624,0.02705,0.02151,0.02842,0.05055,0.02513,0.02118,0.01784,0.01734,0.01540,0.02315,0.02335,0.03082,0.01120,0.03467,0.02792,0.02310,0.02144,0.01475,0.01123,0.01618,0.01484
Wrote distance file to... 
BEST SCORE FOUND : -81170.52811
Site log-likelihoods per category printed to /maps/projects/racimolab/people/fnl270/GitHub/mast_hiv/output/mast_model_34/mast_model_final_34.sitelh
Site probabilities per category printed to /maps/projects/racimolab/people/fnl270/GitHub/mast_hiv/output/mast_model_34/mast_model_final_34.siteprob
Total tree lengths: 3.90845 10.96339 1.92814 2.66672 1.33392 1.00005 1.16822 1.22852 2.08243 4.15551 3.57129 1.44412 1.52186 3.62611 2.31012 1.48446 10.49808 1.57923 1.71979 18.41042 3.07384 3.49923 3.15160 2.06002 1.90238 4.06462 1.56585 2.74319 1.71694 1.98673 4.60601 3.82426 1.88886 3.34327

Total number of iterations: 98
CPU time used for tree search: 0.00009 sec (0h:0m:0s)
Wall-clock time used for tree search: 0.00010 sec (0h:0m:0s)
Total CPU time used: 26514.43407 sec (7h:21m:54s)
Total wall-clock time used: 14119.48748 sec (3h:55m:19s)

Analysis results written to: 
  IQ-TREE report:                /maps/projects/racimolab/people/fnl270/GitHub/mast_hiv/output/mast_model_34/mast_model_final_34.iqtree
  Maximum-likelihood tree:       /maps/projects/racimolab/people/fnl270/GitHub/mast_hiv/output/mast_model_34/mast_model_final_34.treefile
  Site log-likelihoods:          /maps/projects/racimolab/people/fnl270/GitHub/mast_hiv/output/mast_model_34/mast_model_final_34.sitelh
  Site probability per rate/mix: /maps/projects/racimolab/people/fnl270/GitHub/mast_hiv/output/mast_model_34/mast_model_final_34.siteprob
  Screen log file:               /maps/projects/racimolab/people/fnl270/GitHub/mast_hiv/output/mast_model_34/mast_model_final_34.log

Date and Time: Mon Sep  8 13:20:05 2025
