IQ-TREE version 3.0.1 for MacOS ARM 64-bit built Jun 30 2025
Developed by Bui Quang Minh, Thomas Wong, Nhan Ly-Trong, Huaiyan Ren
Contributed by Lam-Tung Nguyen, Dominik Schrempf, Chris Bielow,
Olga Chernomor, Michael Woodhams, Diep Thi Hoang, Heiko Schmidt

Host:    SUN1032320 (SSE4.2, 36 GB RAM)
Command: iqtree3 -s /Users/gzd130/Library/CloudStorage/OneDrive-RegionSjælland/Mol_phylo/revision/mast_hiv/data/0.9_trimmed_alns_HIV_2021_subset.fasta -m GTR+FO+R4+T -te /Users/gzd130/Library/CloudStorage/OneDrive-RegionSjælland/Mol_phylo/revision/mast_hiv/generated/0.9/tree_subsets/modeltrees_final_14.newick --prefix /Users/gzd130/Library/CloudStorage/OneDrive-RegionSjælland/Mol_phylo/revision/mast_hiv/output/0.9/mast_model_14/mast_model_final_14 -nt 2 -wspmr -wslmr -redo
Seed:    116330 (Using SPRNG - Scalable Parallel Random Number Generator)
Time:    Tue Jan 20 11:26:59 2026
Kernel:  SSE2 - 2 threads (14 CPU cores detected)

Reading alignment file /Users/gzd130/Library/CloudStorage/OneDrive-RegionSjælland/Mol_phylo/revision/mast_hiv/data/0.9_trimmed_alns_HIV_2021_subset.fasta ... Fasta format detected
Reading fasta file: done in 0.016921 secs using 21.3% CPU
Alignment most likely contains DNA/RNA sequences
Constructing alignment: done in 0.00497413 secs using 63.21% CPU
Alignment has 37 sequences with 8546 columns, 3226 distinct patterns
2923 parsimony-informative, 1002 singleton sites, 4621 constant sites
                                Gap/Ambiguity  Composition  p-value
Analyzing sequences: done in 0.000431061 secs using 118.1% CPU
   1  B.FR.83.HXBLAI_IIIB_BRU.K03455    0.14%    passed     41.06%
   2  A                                 0.00%    passed     94.98%
   3  A1                                0.00%    passed     88.46%
   4  A2                                0.14%    passed     99.67%
   5  A3                                0.23%    passed     49.63%
   6  A6                                0.01%    passed     65.16%
   7  B                                 0.02%    passed     87.39%
   8  C                                 0.06%    passed     99.77%
   9  D                                 0.09%    passed     94.13%
  10  F1                                0.04%    passed     74.84%
  11  F2                                0.11%    passed     93.22%
  12  G                                 0.00%    passed     92.53%
  13  H                                 0.11%    passed     95.93%
  14  J                                 0.06%    passed     85.14%
  15  K                                 0.70%    passed     61.15%
  16  L                                 0.41%    passed     93.51%
  17  AE                                0.01%    passed     86.94%
  18  AG                                0.00%    passed     86.00%
  19  cpx                               0.16%    passed     88.19%
  20  DF                                0.05%    passed     86.17%
  21  BC                                0.09%    passed     96.11%
  22  CD                                0.06%    passed     99.76%
  23  BF                                0.04%    passed     48.59%
  24  BG                                0.23%    passed     92.78%
  25  01B                               0.07%    passed     93.30%
  26  A2D                               0.08%    passed     63.20%
  27  01A1                              0.07%    passed     67.81%
  28  A5U                               0.19%    passed     72.25%
  29  AD                                0.04%    passed     80.72%
  30  BF1                               0.06%    passed     92.44%
  31  02G                               0.05%    passed     99.53%
  32  A1D                               0.04%    passed     87.37%
  33  02A                               0.06%    passed     36.05%
  34  C2U                               0.04%    passed     98.27%
  35  02B                               0.46%    passed     90.31%
  36  01C                               0.08%    passed     97.19%
  37  CPZ                               1.10%    failed      0.00%
****  TOTAL                             0.14%  1 sequences failed composition chi2 test (p-value<5%; df=3)
Number of input trees: 14
Minimum branch length is set to 0.0000010
Checking for duplicate sequences: done in 0.000442028 secs using 74.88% CPU

NOTE: 217 MB RAM (0 GB) is required!
According to the parsimony scores along the sites, the tree weights are initialized to:
0.0528808,0.0814265,0.0712452,0.0776025,0.0720333,0.0647325,0.0703357,0.0884007,0.0656888,0.0645313,0.0835120,0.0739429,0.0850685,0.0485994
Estimate model parameters (epsilon = 0.00100)
1. Initial log-likelihood: -85427.95843
2. Current log-likelihood: -78673.45332
3. Current log-likelihood: -78634.91116
4. Current log-likelihood: -78614.47596
5. Current log-likelihood: -78602.17286
6. Current log-likelihood: -78599.04475
7. Current log-likelihood: -78596.68420
8. Current log-likelihood: -78595.01388
9. Current log-likelihood: -78593.69165
10. Current log-likelihood: -78592.05761
11. Current log-likelihood: -78590.98607
12. Current log-likelihood: -78590.08779
13. Current log-likelihood: -78587.83754
14. Current log-likelihood: -78587.06132
15. Current log-likelihood: -78586.41108
16. Current log-likelihood: -78585.83049
17. Current log-likelihood: -78585.31195
18. Current log-likelihood: -78584.17388
19. Current log-likelihood: -78583.77515
20. Current log-likelihood: -78583.41446
21. Current log-likelihood: -78583.08214
22. Current log-likelihood: -78582.80444
23. Current log-likelihood: -78582.55568
24. Current log-likelihood: -78582.30569
25. Current log-likelihood: -78582.08257
26. Current log-likelihood: -78581.87264
27. Current log-likelihood: -78581.65659
28. Current log-likelihood: -78581.46627
29. Current log-likelihood: -78581.29041
30. Current log-likelihood: -78581.12932
31. Current log-likelihood: -78580.99547
32. Current log-likelihood: -78580.87888
33. Current log-likelihood: -78580.77048
34. Current log-likelihood: -78580.66635
35. Current log-likelihood: -78580.56866
36. Current log-likelihood: -78580.47279
37. Current log-likelihood: -78580.38116
38. Current log-likelihood: -78580.30035
39. Current log-likelihood: -78580.22601
40. Current log-likelihood: -78580.15861
41. Current log-likelihood: -78580.09947
42. Current log-likelihood: -78580.05118
43. Current log-likelihood: -78580.00576
44. Current log-likelihood: -78579.96596
45. Current log-likelihood: -78579.92600
46. Current log-likelihood: -78579.89083
47. Current log-likelihood: -78579.86128
48. Current log-likelihood: -78579.83264
49. Current log-likelihood: -78579.80597
50. Current log-likelihood: -78579.78278
51. Current log-likelihood: -78579.76122
52. Current log-likelihood: -78579.73976
53. Current log-likelihood: -78579.72140
54. Current log-likelihood: -78579.70436
55. Current log-likelihood: -78579.68842
56. Current log-likelihood: -78579.67383
57. Current log-likelihood: -78579.66010
58. Current log-likelihood: -78579.64734
59. Current log-likelihood: -78579.63564
60. Current log-likelihood: -78579.62471
61. Current log-likelihood: -78579.61356
62. Current log-likelihood: -78579.60391
63. Current log-likelihood: -78579.59687
64. Current log-likelihood: -78579.58815
65. Current log-likelihood: -78579.58209
66. Current log-likelihood: -78579.57457
67. Current log-likelihood: -78579.56936
68. Current log-likelihood: -78579.56341
69. Current log-likelihood: -78579.55885
70. Current log-likelihood: -78579.55462
71. Current log-likelihood: -78579.54868
72. Current log-likelihood: -78579.54493
73. Current log-likelihood: -78579.54144
74. Current log-likelihood: -78579.53585
75. Current log-likelihood: -78579.53269
76. Current log-likelihood: -78579.52977
77. Current log-likelihood: -78579.52694
78. Current log-likelihood: -78579.52430
79. Current log-likelihood: -78579.52182
80. Current log-likelihood: -78579.51950
81. Current log-likelihood: -78579.51727
82. Current log-likelihood: -78579.51519
83. Current log-likelihood: -78579.51312
84. Current log-likelihood: -78579.50973
85. Current log-likelihood: -78579.50779
86. Current log-likelihood: -78579.50594
87. Current log-likelihood: -78579.50427
88. Current log-likelihood: -78579.50265
89. Current log-likelihood: -78579.50111
90. Current log-likelihood: -78579.49970
91. Current log-likelihood: -78579.49838
92. Current log-likelihood: -78579.49709
93. Current log-likelihood: -78579.49591
94. Current log-likelihood: -78579.49478
95. Current log-likelihood: -78579.49373
96. Current log-likelihood: -78579.49267
97. Current log-likelihood: -78579.49172
Final estimation on weights:
0.05509,0.14514,0.09945,0.08434,0.04895,0.05269,0.05852,0.08158,0.04947,0.03966,0.06926,0.05687,0.10055,0.05844
Wrote distance file to... 
BEST SCORE FOUND : -78579.49172
Site log-likelihoods per category printed to /Users/gzd130/Library/CloudStorage/OneDrive-RegionSjælland/Mol_phylo/revision/mast_hiv/output/0.9/mast_model_14/mast_model_final_14.sitelh
Site probabilities per category printed to /Users/gzd130/Library/CloudStorage/OneDrive-RegionSjælland/Mol_phylo/revision/mast_hiv/output/0.9/mast_model_14/mast_model_final_14.siteprob
Total tree lengths: 5.87239 1.41523 10.83782 2.03106 2.67092 2.48795 3.04748 1.79351 3.07964 5.08504 4.22658 2.83246 1.66729 1.65460

Total number of iterations: 95
CPU time used for tree search: 0.00001 sec (0h:0m:0s)
Wall-clock time used for tree search: 0.00003 sec (0h:0m:0s)
Total CPU time used: 4292.31245 sec (1h:11m:32s)
Total wall-clock time used: 6893.62326 sec (1h:54m:53s)

Analysis results written to: 
  IQ-TREE report:                /Users/gzd130/Library/CloudStorage/OneDrive-RegionSjælland/Mol_phylo/revision/mast_hiv/output/0.9/mast_model_14/mast_model_final_14.iqtree
  Maximum-likelihood tree:       /Users/gzd130/Library/CloudStorage/OneDrive-RegionSjælland/Mol_phylo/revision/mast_hiv/output/0.9/mast_model_14/mast_model_final_14.treefile
  Site log-likelihoods:          /Users/gzd130/Library/CloudStorage/OneDrive-RegionSjælland/Mol_phylo/revision/mast_hiv/output/0.9/mast_model_14/mast_model_final_14.sitelh
  Site probability per rate/mix: /Users/gzd130/Library/CloudStorage/OneDrive-RegionSjælland/Mol_phylo/revision/mast_hiv/output/0.9/mast_model_14/mast_model_final_14.siteprob
  Screen log file:               /Users/gzd130/Library/CloudStorage/OneDrive-RegionSjælland/Mol_phylo/revision/mast_hiv/output/0.9/mast_model_14/mast_model_final_14.log

Date and Time: Tue Jan 20 13:21:52 2026
