IQ-TREE version 3.0.1 for MacOS ARM 64-bit built Jun 30 2025
Developed by Bui Quang Minh, Thomas Wong, Nhan Ly-Trong, Huaiyan Ren
Contributed by Lam-Tung Nguyen, Dominik Schrempf, Chris Bielow,
Olga Chernomor, Michael Woodhams, Diep Thi Hoang, Heiko Schmidt

Host:    SUN1032320 (SSE4.2, 36 GB RAM)
Command: iqtree3 -s /Users/gzd130/Library/CloudStorage/OneDrive-RegionSjælland/Mol_phylo/revision/mast_hiv/data/0.9_trimmed_alns_HIV_2021_subset.fasta -m GTR+FO+R4+T -te /Users/gzd130/Library/CloudStorage/OneDrive-RegionSjælland/Mol_phylo/revision/mast_hiv/generated/0.9/tree_subsets/modeltrees_final_31.newick --prefix /Users/gzd130/Library/CloudStorage/OneDrive-RegionSjælland/Mol_phylo/revision/mast_hiv/output/0.9/mast_model_31/mast_model_final_31 -nt 2 -wspmr -wslmr -redo
Seed:    821424 (Using SPRNG - Scalable Parallel Random Number Generator)
Time:    Tue Jan 20 14:52:13 2026
Kernel:  SSE2 - 2 threads (14 CPU cores detected)

Reading alignment file /Users/gzd130/Library/CloudStorage/OneDrive-RegionSjælland/Mol_phylo/revision/mast_hiv/data/0.9_trimmed_alns_HIV_2021_subset.fasta ... Fasta format detected
Reading fasta file: done in 0.00423598 secs using 81.19% CPU
Alignment most likely contains DNA/RNA sequences
Constructing alignment: done in 0.00556016 secs using 63.43% CPU
Alignment has 37 sequences with 8546 columns, 3226 distinct patterns
2923 parsimony-informative, 1002 singleton sites, 4621 constant sites
                                Gap/Ambiguity  Composition  p-value
Analyzing sequences: done in 0.000152111 secs using 178.8% CPU
   1  B.FR.83.HXBLAI_IIIB_BRU.K03455    0.14%    passed     41.06%
   2  A                                 0.00%    passed     94.98%
   3  A1                                0.00%    passed     88.46%
   4  A2                                0.14%    passed     99.67%
   5  A3                                0.23%    passed     49.63%
   6  A6                                0.01%    passed     65.16%
   7  B                                 0.02%    passed     87.39%
   8  C                                 0.06%    passed     99.77%
   9  D                                 0.09%    passed     94.13%
  10  F1                                0.04%    passed     74.84%
  11  F2                                0.11%    passed     93.22%
  12  G                                 0.00%    passed     92.53%
  13  H                                 0.11%    passed     95.93%
  14  J                                 0.06%    passed     85.14%
  15  K                                 0.70%    passed     61.15%
  16  L                                 0.41%    passed     93.51%
  17  AE                                0.01%    passed     86.94%
  18  AG                                0.00%    passed     86.00%
  19  cpx                               0.16%    passed     88.19%
  20  DF                                0.05%    passed     86.17%
  21  BC                                0.09%    passed     96.11%
  22  CD                                0.06%    passed     99.76%
  23  BF                                0.04%    passed     48.59%
  24  BG                                0.23%    passed     92.78%
  25  01B                               0.07%    passed     93.30%
  26  A2D                               0.08%    passed     63.20%
  27  01A1                              0.07%    passed     67.81%
  28  A5U                               0.19%    passed     72.25%
  29  AD                                0.04%    passed     80.72%
  30  BF1                               0.06%    passed     92.44%
  31  02G                               0.05%    passed     99.53%
  32  A1D                               0.04%    passed     87.37%
  33  02A                               0.06%    passed     36.05%
  34  C2U                               0.04%    passed     98.27%
  35  02B                               0.46%    passed     90.31%
  36  01C                               0.08%    passed     97.19%
  37  CPZ                               1.10%    failed      0.00%
****  TOTAL                             0.14%  1 sequences failed composition chi2 test (p-value<5%; df=3)
Number of input trees: 31
Minimum branch length is set to 0.0000010
Checking for duplicate sequences: done in 0.00031209 secs using 93.56% CPU

NOTE: 480 MB RAM (0 GB) is required!
According to the parsimony scores along the sites, the tree weights are initialized to:
0.0227440,0.0393415,0.0354367,0.0294997,0.0344917,0.0256655,0.0312468,0.0368964,0.0320231,0.0275357,0.0394490,0.0351589,0.0360466,0.0283268,0.0230664,0.0303002,0.0362469,0.0320602,0.0314193,0.0352714,0.0292965,0.0333529,0.0414798,0.0323552,0.0320897,0.0311823,0.0336914,0.0299967,0.0363894,0.0237505,0.0341889
Estimate model parameters (epsilon = 0.00100)
1. Initial log-likelihood: -84652.56754
2. Current log-likelihood: -77055.57667
3. Current log-likelihood: -77004.46551
4. Current log-likelihood: -76986.27033
5. Current log-likelihood: -76974.38111
6. Current log-likelihood: -76965.92768
7. Current log-likelihood: -76956.56380
8. Current log-likelihood: -76951.05833
9. Current log-likelihood: -76942.31460
10. Current log-likelihood: -76939.16357
11. Current log-likelihood: -76936.82094
12. Current log-likelihood: -76934.83360
13. Current log-likelihood: -76932.25536
14. Current log-likelihood: -76930.58302
15. Current log-likelihood: -76929.21780
16. Current log-likelihood: -76928.11697
17. Current log-likelihood: -76927.18902
18. Current log-likelihood: -76926.41293
19. Current log-likelihood: -76925.75289
20. Current log-likelihood: -76925.19577
21. Current log-likelihood: -76924.66516
22. Current log-likelihood: -76923.32508
23. Current log-likelihood: -76922.77338
24. Current log-likelihood: -76922.37873
25. Current log-likelihood: -76920.73330
26. Current log-likelihood: -76920.41106
27. Current log-likelihood: -76920.12769
28. Current log-likelihood: -76919.87724
29. Current log-likelihood: -76919.65406
30. Current log-likelihood: -76919.45657
31. Current log-likelihood: -76919.27547
32. Current log-likelihood: -76919.11478
33. Current log-likelihood: -76918.96852
34. Current log-likelihood: -76918.83522
35. Current log-likelihood: -76918.71379
36. Current log-likelihood: -76918.60440
37. Current log-likelihood: -76918.50190
38. Current log-likelihood: -76918.40614
39. Current log-likelihood: -76918.31910
40. Current log-likelihood: -76918.24120
41. Current log-likelihood: -76918.16870
42. Current log-likelihood: -76918.10183
43. Current log-likelihood: -76918.03678
44. Current log-likelihood: -76917.97955
45. Current log-likelihood: -76917.92412
46. Current log-likelihood: -76917.87632
47. Current log-likelihood: -76917.83012
48. Current log-likelihood: -76917.78725
49. Current log-likelihood: -76917.74851
50. Current log-likelihood: -76917.70850
51. Current log-likelihood: -76917.67483
52. Current log-likelihood: -76917.63872
53. Current log-likelihood: -76917.60892
54. Current log-likelihood: -76917.58062
55. Current log-likelihood: -76917.55366
56. Current log-likelihood: -76917.52858
57. Current log-likelihood: -76917.50496
58. Current log-likelihood: -76917.48272
59. Current log-likelihood: -76917.46145
60. Current log-likelihood: -76917.44132
61. Current log-likelihood: -76917.42236
62. Current log-likelihood: -76917.40095
63. Current log-likelihood: -76917.35788
64. Current log-likelihood: -76917.34046
65. Current log-likelihood: -76917.32372
66. Current log-likelihood: -76917.30774
67. Current log-likelihood: -76917.29250
68. Current log-likelihood: -76917.27735
69. Current log-likelihood: -76917.26291
70. Current log-likelihood: -76917.24952
71. Current log-likelihood: -76917.23667
72. Current log-likelihood: -76917.22218
73. Current log-likelihood: -76917.21016
74. Current log-likelihood: -76917.19849
75. Current log-likelihood: -76917.18736
76. Current log-likelihood: -76917.17629
77. Current log-likelihood: -76917.16584
78. Current log-likelihood: -76917.15553
79. Current log-likelihood: -76917.14553
80. Current log-likelihood: -76917.13578
81. Current log-likelihood: -76917.12476
82. Current log-likelihood: -76917.11518
83. Current log-likelihood: -76917.10562
84. Current log-likelihood: -76917.09492
85. Current log-likelihood: -76916.50866
86. Current log-likelihood: -76916.48533
87. Current log-likelihood: -76916.46475
88. Current log-likelihood: -76916.44101
89. Current log-likelihood: -76916.42468
90. Current log-likelihood: -76916.41002
91. Current log-likelihood: -76916.39687
92. Current log-likelihood: -76916.38535
93. Current log-likelihood: -76916.37310
94. Current log-likelihood: -76916.36568
95. Current log-likelihood: -76916.35685
96. Current log-likelihood: -76916.35092
97. Current log-likelihood: -76916.34292
98. Current log-likelihood: -76916.33794
99. Current log-likelihood: -76916.33177
100. Current log-likelihood: -76916.32648
101. Current log-likelihood: -76916.32263
102. Current log-likelihood: -76916.31566
103. Current log-likelihood: -76916.30850
104. Current log-likelihood: -76916.30442
105. Current log-likelihood: -76916.29710
106. Current log-likelihood: -76916.29386
107. Current log-likelihood: -76916.28901
108. Current log-likelihood: -76916.28640
109. Current log-likelihood: -76916.28109
110. Current log-likelihood: -76916.27888
111. Current log-likelihood: -76916.27679
112. Current log-likelihood: -76916.27482
113. Current log-likelihood: -76916.27311
114. Current log-likelihood: -76916.27040
115. Current log-likelihood: -76916.26883
116. Current log-likelihood: -76916.26750
117. Current log-likelihood: -76916.26613
118. Current log-likelihood: -76916.26487
119. Current log-likelihood: -76916.26377
120. Current log-likelihood: -76916.26274
121. Current log-likelihood: -76916.26166
122. Current log-likelihood: -76916.26076
Final estimation on weights:
0.07215,0.06753,0.07870,0.01556,0.03593,0.06102,0.03036,0.03155,0.03726,0.02951,0.03056,0.02741,0.02777,0.02351,0.02647,0.02315,0.03467,0.03303,0.02772,0.03134,0.02278,0.02792,0.02551,0.02453,0.02467,0.02288,0.02565,0.02362,0.01909,0.02030,0.01785
Wrote distance file to... 
BEST SCORE FOUND : -76916.26076
Site log-likelihoods per category printed to /Users/gzd130/Library/CloudStorage/OneDrive-RegionSjælland/Mol_phylo/revision/mast_hiv/output/0.9/mast_model_31/mast_model_final_31.sitelh
Site probabilities per category printed to /Users/gzd130/Library/CloudStorage/OneDrive-RegionSjælland/Mol_phylo/revision/mast_hiv/output/0.9/mast_model_31/mast_model_final_31.siteprob
Total tree lengths: 1.86155 1.52890 10.69369 3.06778 1.96754 1.02780 2.77077 1.49220 2.69969 2.66341 3.89095 1.90487 2.64171 2.31617 1.33499 2.74958 1.66180 1.59120 2.34524 1.97677 2.70457 2.16059 1.69095 5.66946 2.03976 2.90763 2.35100 2.33262 5.69057 2.67956 3.30757

Total number of iterations: 120
CPU time used for tree search: 0.00001 sec (0h:0m:0s)
Wall-clock time used for tree search: 0.00002 sec (0h:0m:0s)
Total CPU time used: 5601.43610 sec (1h:33m:21s)
Total wall-clock time used: 3656.09950 sec (1h:0m:56s)

Analysis results written to: 
  IQ-TREE report:                /Users/gzd130/Library/CloudStorage/OneDrive-RegionSjælland/Mol_phylo/revision/mast_hiv/output/0.9/mast_model_31/mast_model_final_31.iqtree
  Maximum-likelihood tree:       /Users/gzd130/Library/CloudStorage/OneDrive-RegionSjælland/Mol_phylo/revision/mast_hiv/output/0.9/mast_model_31/mast_model_final_31.treefile
  Site log-likelihoods:          /Users/gzd130/Library/CloudStorage/OneDrive-RegionSjælland/Mol_phylo/revision/mast_hiv/output/0.9/mast_model_31/mast_model_final_31.sitelh
  Site probability per rate/mix: /Users/gzd130/Library/CloudStorage/OneDrive-RegionSjælland/Mol_phylo/revision/mast_hiv/output/0.9/mast_model_31/mast_model_final_31.siteprob
  Screen log file:               /Users/gzd130/Library/CloudStorage/OneDrive-RegionSjælland/Mol_phylo/revision/mast_hiv/output/0.9/mast_model_31/mast_model_final_31.log

Date and Time: Tue Jan 20 15:53:09 2026
