IQ-TREE version 3.0.1 for MacOS ARM 64-bit built Jun 30 2025
Developed by Bui Quang Minh, Thomas Wong, Nhan Ly-Trong, Huaiyan Ren
Contributed by Lam-Tung Nguyen, Dominik Schrempf, Chris Bielow,
Olga Chernomor, Michael Woodhams, Diep Thi Hoang, Heiko Schmidt

Host:    SUN1032320 (SSE4.2, 36 GB RAM)
Command: iqtree3 -s aln_segment_1901_to_2375.fasta -m MFP -B 1000 -T 4 -pre aln_segment_1901_to_2375
Seed:    437494 (Using SPRNG - Scalable Parallel Random Number Generator)
Time:    Mon Jan 19 16:42:55 2026
Kernel:  SSE2 - 4 threads (14 CPU cores detected)

Reading alignment file aln_segment_1901_to_2375.fasta ... Fasta format detected
Reading fasta file: done in 0.00022912 secs using 84.24% CPU
Alignment most likely contains DNA/RNA sequences
Constructing alignment: done in 0.000282049 secs using 63.11% CPU
Alignment has 37 sequences with 475 columns, 165 distinct patterns
129 parsimony-informative, 39 singleton sites, 307 constant sites
                                Gap/Ambiguity  Composition  p-value
Analyzing sequences: done in 1.71661e-05 secs using 99.03% CPU
   1  B.FR.83.HXBLAI_IIIB_BRU.K03455    0.00%    passed     99.43%
   2  A                                 0.00%    passed     96.80%
   3  A1                                0.00%    passed     97.80%
   4  A2                                0.00%    passed     97.44%
   5  A3                                0.00%    passed     95.01%
   6  A6                                0.00%    passed     95.92%
   7  B                                 0.00%    passed     99.91%
   8  C                                 0.00%    passed     99.64%
   9  D                                 0.00%    passed     89.73%
  10  F1                                0.00%    passed     99.98%
  11  F2                                0.00%    passed     97.58%
  12  G                                 0.00%    passed     99.84%
  13  H                                 0.00%    passed     97.78%
  14  J                                 0.00%    passed     97.44%
  15  K                                 0.00%    passed     95.89%
  16  L                                 0.00%    passed     93.80%
  17  AE                                0.00%    passed     99.89%
  18  AG                                0.00%    passed     98.92%
  19  cpx                               0.00%    passed     83.59%
  20  DF                                0.00%    passed     98.09%
  21  BC                                0.00%    passed     99.60%
  22  CD                                0.00%    passed     92.16%
  23  BF                                0.00%    passed     95.95%
  24  BG                                0.00%    passed     99.70%
  25  01B                               0.00%    passed     98.44%
  26  A2D                               0.00%    passed     91.31%
  27  01A1                              0.00%    passed     98.22%
  28  A5U                               0.00%    passed     96.89%
  29  AD                                0.00%    passed     95.76%
  30  BF1                               0.00%    passed     99.65%
  31  02G                               0.00%    passed     99.64%
  32  A1D                               0.00%    passed     97.44%
  33  02A                               0.00%    passed     92.49%
  34  C2U                               0.00%    passed     99.34%
  35  02B                               0.00%    passed     95.49%
  36  01C                               0.00%    passed     87.61%
  37  CPZ                               0.00%    passed     32.42%
****  TOTAL                             0.00%  0 sequences failed composition chi2 test (p-value<5%; df=3)
Checking for duplicate sequences: done in 5.10216e-05 secs using 64.68% CPU


Create initial parsimony tree by phylogenetic likelihood library (PLL)... 0.002 seconds
WARNING: Number of threads seems too high for short alignments. Use -T AUTO to determine best number of threads.
Perform fast likelihood tree search using GTR+I+G model...
Estimate model parameters (epsilon = 5.000)
Perform nearest neighbor interchange...
Estimate model parameters (epsilon = 1.000)
1. Initial log-likelihood: -3350.253
Optimal log-likelihood: -3350.030
Rate parameters:  A-C: 1.38530  A-G: 8.91248  A-T: 0.65103  C-G: 0.67441  C-T: 10.93263  G-T: 1.00000
Base frequencies:  A: 0.392  C: 0.161  G: 0.204  T: 0.243
Proportion of invariable sites: 0.371
Gamma shape alpha: 0.435
Parameters optimization took 1 rounds (0.012 sec)
Time for fast ML tree search: 0.132 seconds

NOTE: ModelFinder requires 2 MB RAM!
ModelFinder will test up to 968 DNA models (sample size: 475 epsilon: 0.100) ...
 No. Model         -LnL         df  AIC          AICc         BIC
WARNING: Number of threads seems too high for short alignments. Use -T AUTO to determine best number of threads.
  1  JC            4087.683     71  8317.365     8342.735     8612.961
WARNING: Number of threads seems too high for short alignments. Use -T AUTO to determine best number of threads.
  2  JC+I          3730.120     72  7604.240     7630.389     7903.998
WARNING: Number of threads seems too high for short alignments. Use -T AUTO to determine best number of threads.
  3  JC+G4         3702.865     72  7549.731     7575.880     7849.489
WARNING: Number of threads seems too high for short alignments. Use -T AUTO to determine best number of threads.
  4  JC+I+G4       3702.226     73  7550.451     7577.394     7854.373
WARNING: Number of threads seems too high for short alignments. Use -T AUTO to determine best number of threads.
  5  JC+R2         3704.228     73  7554.455     7581.398     7858.377
WARNING: Number of threads seems too high for short alignments. Use -T AUTO to determine best number of threads.
  6  JC+R3         3695.975     75  7541.949     7570.521     7854.198
WARNING: Number of threads seems too high for short alignments. Use -T AUTO to determine best number of threads.
  7  JC+R4         3695.733     77  7545.466     7575.723     7866.042
WARNING: Number of threads seems too high for short alignments. Use -T AUTO to determine best number of threads.
 14  JC+I+R2       3703.626     74  7555.253     7583.003     7863.338
WARNING: Number of threads seems too high for short alignments. Use -T AUTO to determine best number of threads.
 15  JC+I+R3       3695.920     76  7543.839     7573.246     7860.251
WARNING: Number of threads seems too high for short alignments. Use -T AUTO to determine best number of threads.
 16  JC+I+R4       3695.815     78  7547.630     7578.751     7872.369
 25  JC+G4         3702.865     72  7549.731     7575.880     7849.489
 26  JC+I+G4       3702.226     73  7550.451     7577.394     7854.373
 27  JC+R2         3704.228     73  7554.455     7581.398     7858.377
 28  JC+R3         3695.975     75  7541.949     7570.521     7854.198
WARNING: Number of threads seems too high for short alignments. Use -T AUTO to determine best number of threads.
 47  F81+G4        3702.860     72  7549.720     7575.870     7849.479
WARNING: Number of threads seems too high for short alignments. Use -T AUTO to determine best number of threads.
 48  F81+I+G4      3702.036     73  7550.072     7577.015     7853.994
WARNING: Number of threads seems too high for short alignments. Use -T AUTO to determine best number of threads.
 49  F81+R2        3704.227     73  7554.455     7581.397     7858.377
WARNING: Number of threads seems too high for short alignments. Use -T AUTO to determine best number of threads.
 50  F81+R3        3695.817     75  7541.633     7570.205     7853.882
WARNING: Number of threads seems too high for short alignments. Use -T AUTO to determine best number of threads.
 69  F81+F+G4      3650.681     75  7451.363     7479.934     7763.612
WARNING: Number of threads seems too high for short alignments. Use -T AUTO to determine best number of threads.
 70  F81+F+I+G4    3645.007     76  7442.015     7471.422     7758.427
WARNING: Number of threads seems too high for short alignments. Use -T AUTO to determine best number of threads.
 71  F81+F+R2      3651.627     76  7455.254     7484.661     7771.666
WARNING: Number of threads seems too high for short alignments. Use -T AUTO to determine best number of threads.
 72  F81+F+R3      3643.119     78  7442.237     7473.358     7766.976
WARNING: Number of threads seems too high for short alignments. Use -T AUTO to determine best number of threads.
 91  K2P+G4        3410.304     73  6966.608     6993.550     7270.530
WARNING: Number of threads seems too high for short alignments. Use -T AUTO to determine best number of threads.
 92  K2P+I+G4      3402.753     74  6953.507     6981.257     7261.592
WARNING: Number of threads seems too high for short alignments. Use -T AUTO to determine best number of threads.
 93  K2P+R2        3412.504     74  6973.008     7000.758     7281.094
WARNING: Number of threads seems too high for short alignments. Use -T AUTO to determine best number of threads.
 94  K2P+R3        3400.621     76  6953.243     6982.650     7269.655
113  K2P+G4        3410.304     73  6966.608     6993.550     7270.530
114  K2P+I+G4      3402.753     74  6953.507     6981.257     7261.592
115  K2P+R2        3412.504     74  6973.008     7000.758     7281.094
116  K2P+R3        3400.621     76  6953.243     6982.650     7269.655
WARNING: Number of threads seems too high for short alignments. Use -T AUTO to determine best number of threads.
135  HKY+G4        3410.307     73  6966.615     6993.557     7270.537
WARNING: Number of threads seems too high for short alignments. Use -T AUTO to determine best number of threads.
136  HKY+I+G4      3402.729     74  6953.457     6981.207     7261.543
WARNING: Number of threads seems too high for short alignments. Use -T AUTO to determine best number of threads.
137  HKY+R2        3412.507     74  6973.014     7000.764     7281.099
WARNING: Number of threads seems too high for short alignments. Use -T AUTO to determine best number of threads.
138  HKY+R3        3400.458     76  6952.915     6982.322     7269.327
WARNING: Number of threads seems too high for short alignments. Use -T AUTO to determine best number of threads.
157  HKY+F+G4      3355.437     76  6862.873     6892.280     7179.285
WARNING: Number of threads seems too high for short alignments. Use -T AUTO to determine best number of threads.
158  HKY+F+I+G4    3348.463     77  6850.926     6881.182     7171.501
WARNING: Number of threads seems too high for short alignments. Use -T AUTO to determine best number of threads.
159  HKY+F+R2      3357.175     77  6868.349     6898.606     7188.925
WARNING: Number of threads seems too high for short alignments. Use -T AUTO to determine best number of threads.
160  HKY+F+R3      3346.967     79  6851.935     6883.935     7180.837
WARNING: Number of threads seems too high for short alignments. Use -T AUTO to determine best number of threads.
179  TNe+G4        3408.736     74  6965.472     6993.222     7273.558
WARNING: Number of threads seems too high for short alignments. Use -T AUTO to determine best number of threads.
180  TNe+I+G4      3401.524     75  6953.048     6981.620     7265.297
WARNING: Number of threads seems too high for short alignments. Use -T AUTO to determine best number of threads.
181  TNe+R2        3411.208     75  6972.416     7000.987     7284.664
WARNING: Number of threads seems too high for short alignments. Use -T AUTO to determine best number of threads.
182  TNe+R3        3398.939     77  6951.878     6982.135     7272.453
201  TNe+G4        3408.736     74  6965.472     6993.222     7273.558
202  TNe+I+G4      3401.524     75  6953.048     6981.620     7265.297
203  TNe+R2        3411.208     75  6972.416     7000.987     7284.664
204  TNe+R3        3398.939     77  6951.878     6982.135     7272.453
WARNING: Number of threads seems too high for short alignments. Use -T AUTO to determine best number of threads.
223  TN+G4         3408.738     74  6965.476     6993.226     7273.561
WARNING: Number of threads seems too high for short alignments. Use -T AUTO to determine best number of threads.
224  TN+I+G4       3401.483     75  6952.967     6981.538     7265.216
WARNING: Number of threads seems too high for short alignments. Use -T AUTO to determine best number of threads.
225  TN+R2         3411.210     75  6972.421     7000.992     7284.669
WARNING: Number of threads seems too high for short alignments. Use -T AUTO to determine best number of threads.
226  TN+R3         3398.905     77  6951.811     6982.068     7272.386
WARNING: Number of threads seems too high for short alignments. Use -T AUTO to determine best number of threads.
245  TN+F+G4       3355.049     77  6864.097     6894.354     7184.672
WARNING: Number of threads seems too high for short alignments. Use -T AUTO to determine best number of threads.
246  TN+F+I+G4     3347.818     78  6851.636     6882.757     7176.374
WARNING: Number of threads seems too high for short alignments. Use -T AUTO to determine best number of threads.
247  TN+F+R2       3356.651     78  6869.302     6900.424     7194.041
WARNING: Number of threads seems too high for short alignments. Use -T AUTO to determine best number of threads.
248  TN+F+R3       3346.254     80  6852.507     6885.401     7185.573
WARNING: Number of threads seems too high for short alignments. Use -T AUTO to determine best number of threads.
267  K3P+G4        3408.471     74  6964.942     6992.692     7273.027
WARNING: Number of threads seems too high for short alignments. Use -T AUTO to determine best number of threads.
268  K3P+I+G4      3401.184     75  6952.367     6980.939     7264.616
WARNING: Number of threads seems too high for short alignments. Use -T AUTO to determine best number of threads.
269  K3P+R2        3410.524     75  6971.049     6999.620     7283.297
WARNING: Number of threads seems too high for short alignments. Use -T AUTO to determine best number of threads.
270  K3P+R3        3398.539     77  6951.077     6981.334     7271.652
289  K3P+G4        3408.471     74  6964.942     6992.692     7273.027
290  K3P+I+G4      3401.184     75  6952.367     6980.939     7264.616
291  K3P+R2        3410.524     75  6971.049     6999.620     7283.297
292  K3P+R3        3398.539     77  6951.077     6981.334     7271.652
WARNING: Number of threads seems too high for short alignments. Use -T AUTO to determine best number of threads.
311  K3Pu+G4       3408.474     74  6964.949     6992.699     7273.034
WARNING: Number of threads seems too high for short alignments. Use -T AUTO to determine best number of threads.
312  K3Pu+I+G4     3401.183     75  6952.367     6980.938     7264.615
WARNING: Number of threads seems too high for short alignments. Use -T AUTO to determine best number of threads.
313  K3Pu+R2       3410.523     75  6971.046     6999.617     7283.294
WARNING: Number of threads seems too high for short alignments. Use -T AUTO to determine best number of threads.
314  K3Pu+R3       3398.529     77  6951.058     6981.315     7271.634
WARNING: Number of threads seems too high for short alignments. Use -T AUTO to determine best number of threads.
333  K3Pu+F+G4     3352.268     77  6858.536     6888.793     7179.111
WARNING: Number of threads seems too high for short alignments. Use -T AUTO to determine best number of threads.
334  K3Pu+F+I+G4   3345.269     78  6846.538     6877.659     7171.276
WARNING: Number of threads seems too high for short alignments. Use -T AUTO to determine best number of threads.
335  K3Pu+F+R2     3353.788     78  6863.576     6894.697     7188.315
WARNING: Number of threads seems too high for short alignments. Use -T AUTO to determine best number of threads.
336  K3Pu+F+R3     3343.333     80  6846.667     6879.560     7179.732
WARNING: Number of threads seems too high for short alignments. Use -T AUTO to determine best number of threads.
355  TPM2+G4       3407.888     74  6963.777     6991.527     7271.862
WARNING: Number of threads seems too high for short alignments. Use -T AUTO to determine best number of threads.
356  TPM2+I+G4     3399.151     75  6948.302     6976.873     7260.550
WARNING: Number of threads seems too high for short alignments. Use -T AUTO to determine best number of threads.
357  TPM2+R2       3410.491     75  6970.982     6999.553     7283.231
WARNING: Number of threads seems too high for short alignments. Use -T AUTO to determine best number of threads.
358  TPM2+R3       3396.390     77  6946.780     6977.037     7267.355
377  TPM2+G4       3407.888     74  6963.777     6991.527     7271.862
378  TPM2+I+G4     3399.151     75  6948.302     6976.873     7260.550
379  TPM2+R2       3410.491     75  6970.982     6999.553     7283.231
380  TPM2+R3       3396.390     77  6946.780     6977.037     7267.355
WARNING: Number of threads seems too high for short alignments. Use -T AUTO to determine best number of threads.
399  TPM2u+G4      3407.876     74  6963.751     6991.501     7271.837
WARNING: Number of threads seems too high for short alignments. Use -T AUTO to determine best number of threads.
400  TPM2u+I+G4    3399.144     75  6948.288     6976.860     7260.537
WARNING: Number of threads seems too high for short alignments. Use -T AUTO to determine best number of threads.
401  TPM2u+R2      3410.492     75  6970.983     6999.555     7283.232
WARNING: Number of threads seems too high for short alignments. Use -T AUTO to determine best number of threads.
402  TPM2u+R3      3396.384     77  6946.768     6977.025     7267.344
WARNING: Number of threads seems too high for short alignments. Use -T AUTO to determine best number of threads.
421  TPM2u+F+G4    3355.359     77  6864.717     6894.974     7185.292
WARNING: Number of threads seems too high for short alignments. Use -T AUTO to determine best number of threads.
422  TPM2u+F+I+G4  3348.334     78  6852.669     6883.790     7177.407
WARNING: Number of threads seems too high for short alignments. Use -T AUTO to determine best number of threads.
423  TPM2u+F+R2    3357.009     78  6870.017     6901.139     7194.756
WARNING: Number of threads seems too high for short alignments. Use -T AUTO to determine best number of threads.
424  TPM2u+F+R3    3346.178     80  6852.357     6885.250     7185.422
WARNING: Number of threads seems too high for short alignments. Use -T AUTO to determine best number of threads.
443  TPM3+G4       3410.310     74  6968.620     6996.370     7276.705
WARNING: Number of threads seems too high for short alignments. Use -T AUTO to determine best number of threads.
444  TPM3+I+G4     3402.721     75  6955.442     6984.014     7267.691
WARNING: Number of threads seems too high for short alignments. Use -T AUTO to determine best number of threads.
445  TPM3+R2       3412.503     75  6975.007     7003.578     7287.255
WARNING: Number of threads seems too high for short alignments. Use -T AUTO to determine best number of threads.
446  TPM3+R3       3400.015     77  6954.030     6984.287     7274.605
465  TPM3+G4       3410.310     74  6968.620     6996.370     7276.705
466  TPM3+I+G4     3402.721     75  6955.442     6984.014     7267.691
467  TPM3+R2       3412.503     75  6975.007     7003.578     7287.255
468  TPM3+R3       3400.015     77  6954.030     6984.287     7274.605
WARNING: Number of threads seems too high for short alignments. Use -T AUTO to determine best number of threads.
487  TPM3u+G4      3410.308     74  6968.616     6996.366     7276.701
WARNING: Number of threads seems too high for short alignments. Use -T AUTO to determine best number of threads.
488  TPM3u+I+G4    3402.717     75  6955.435     6984.006     7267.683
WARNING: Number of threads seems too high for short alignments. Use -T AUTO to determine best number of threads.
489  TPM3u+R2      3412.503     75  6975.006     7003.578     7287.255
WARNING: Number of threads seems too high for short alignments. Use -T AUTO to determine best number of threads.
490  TPM3u+R3      3400.013     77  6954.027     6984.284     7274.602
WARNING: Number of threads seems too high for short alignments. Use -T AUTO to determine best number of threads.
509  TPM3u+F+G4    3354.156     77  6862.311     6892.568     7182.886
WARNING: Number of threads seems too high for short alignments. Use -T AUTO to determine best number of threads.
510  TPM3u+F+I+G4  3346.747     78  6849.494     6880.615     7174.232
WARNING: Number of threads seems too high for short alignments. Use -T AUTO to determine best number of threads.
511  TPM3u+F+R2    3355.844     78  6867.688     6898.810     7192.427
WARNING: Number of threads seems too high for short alignments. Use -T AUTO to determine best number of threads.
512  TPM3u+F+R3    3344.851     80  6849.703     6882.596     7182.768
WARNING: Number of threads seems too high for short alignments. Use -T AUTO to determine best number of threads.
531  TIMe+G4       3406.838     75  6963.677     6992.248     7275.925
WARNING: Number of threads seems too high for short alignments. Use -T AUTO to determine best number of threads.
532  TIMe+I+G4     3399.864     76  6951.729     6981.136     7268.141
WARNING: Number of threads seems too high for short alignments. Use -T AUTO to determine best number of threads.
533  TIMe+R2       3409.178     76  6970.355     6999.762     7286.767
WARNING: Number of threads seems too high for short alignments. Use -T AUTO to determine best number of threads.
534  TIMe+R3       3397.277     78  6950.554     6981.676     7275.293
553  TIMe+G4       3406.838     75  6963.677     6992.248     7275.925
554  TIMe+I+G4     3399.864     76  6951.729     6981.136     7268.141
555  TIMe+R2       3409.178     76  6970.355     6999.762     7286.767
556  TIMe+R3       3397.277     78  6950.554     6981.676     7275.293
WARNING: Number of threads seems too high for short alignments. Use -T AUTO to determine best number of threads.
575  TIM+G4        3406.839     75  6963.677     6992.249     7275.926
WARNING: Number of threads seems too high for short alignments. Use -T AUTO to determine best number of threads.
576  TIM+I+G4      3399.849     76  6951.699     6981.106     7268.111
WARNING: Number of threads seems too high for short alignments. Use -T AUTO to determine best number of threads.
577  TIM+R2        3409.182     76  6970.365     6999.772     7286.777
WARNING: Number of threads seems too high for short alignments. Use -T AUTO to determine best number of threads.
578  TIM+R3        3397.274     78  6950.548     6981.669     7275.287
WARNING: Number of threads seems too high for short alignments. Use -T AUTO to determine best number of threads.
597  TIM+F+G4      3351.860     78  6859.720     6890.841     7184.458
WARNING: Number of threads seems too high for short alignments. Use -T AUTO to determine best number of threads.
598  TIM+F+I+G4    3344.673     79  6847.347     6879.347     7176.249
WARNING: Number of threads seems too high for short alignments. Use -T AUTO to determine best number of threads.
599  TIM+F+R2      3353.296     79  6864.593     6896.593     7193.494
WARNING: Number of threads seems too high for short alignments. Use -T AUTO to determine best number of threads.
600  TIM+F+R3      3342.842     81  6847.684     6881.485     7184.912
WARNING: Number of threads seems too high for short alignments. Use -T AUTO to determine best number of threads.
619  TIM2e+G4      3406.081     75  6962.162     6990.733     7274.411
WARNING: Number of threads seems too high for short alignments. Use -T AUTO to determine best number of threads.
620  TIM2e+I+G4    3397.712     76  6947.424     6976.831     7263.836
WARNING: Number of threads seems too high for short alignments. Use -T AUTO to determine best number of threads.
621  TIM2e+R2      3409.081     76  6970.163     6999.570     7286.575
WARNING: Number of threads seems too high for short alignments. Use -T AUTO to determine best number of threads.
622  TIM2e+R3      3395.011     78  6946.021     6977.143     7270.760
641  TIM2e+G4      3406.081     75  6962.162     6990.733     7274.411
642  TIM2e+I+G4    3397.712     76  6947.424     6976.831     7263.836
643  TIM2e+R2      3409.081     76  6970.163     6999.570     7286.575
644  TIM2e+R3      3395.011     78  6946.021     6977.143     7270.760
WARNING: Number of threads seems too high for short alignments. Use -T AUTO to determine best number of threads.
663  TIM2+G4       3406.082     75  6962.164     6990.736     7274.413
WARNING: Number of threads seems too high for short alignments. Use -T AUTO to determine best number of threads.
664  TIM2+I+G4     3397.682     76  6947.364     6976.771     7263.776
WARNING: Number of threads seems too high for short alignments. Use -T AUTO to determine best number of threads.
665  TIM2+R2       3409.086     76  6970.172     6999.579     7286.584
WARNING: Number of threads seems too high for short alignments. Use -T AUTO to determine best number of threads.
666  TIM2+R3       3395.001     78  6946.002     6977.123     7270.740
WARNING: Number of threads seems too high for short alignments. Use -T AUTO to determine best number of threads.
685  TIM2+F+G4     3354.969     78  6865.937     6897.059     7190.676
WARNING: Number of threads seems too high for short alignments. Use -T AUTO to determine best number of threads.
686  TIM2+F+I+G4   3347.669     79  6853.337     6885.337     7182.239
WARNING: Number of threads seems too high for short alignments. Use -T AUTO to determine best number of threads.
687  TIM2+F+R2     3356.498     79  6870.997     6902.997     7199.899
WARNING: Number of threads seems too high for short alignments. Use -T AUTO to determine best number of threads.
688  TIM2+F+R3     3345.782     81  6853.563     6887.365     7190.792
WARNING: Number of threads seems too high for short alignments. Use -T AUTO to determine best number of threads.
707  TIM3e+G4      3408.736     75  6967.471     6996.042     7279.720
WARNING: Number of threads seems too high for short alignments. Use -T AUTO to determine best number of threads.
708  TIM3e+I+G4    3401.491     76  6954.981     6984.388     7271.393
WARNING: Number of threads seems too high for short alignments. Use -T AUTO to determine best number of threads.
709  TIM3e+R2      3411.197     76  6974.393     7003.800     7290.805
WARNING: Number of threads seems too high for short alignments. Use -T AUTO to determine best number of threads.
710  TIM3e+R3      3398.814     78  6953.629     6984.750     7278.367
729  TIM3e+G4      3408.736     75  6967.471     6996.042     7279.720
730  TIM3e+I+G4    3401.491     76  6954.981     6984.388     7271.393
731  TIM3e+R2      3411.197     76  6974.393     7003.800     7290.805
732  TIM3e+R3      3398.814     78  6953.629     6984.750     7278.367
WARNING: Number of threads seems too high for short alignments. Use -T AUTO to determine best number of threads.
751  TIM3+G4       3408.737     75  6967.474     6996.046     7279.723
WARNING: Number of threads seems too high for short alignments. Use -T AUTO to determine best number of threads.
752  TIM3+I+G4     3401.464     76  6954.928     6984.335     7271.340
WARNING: Number of threads seems too high for short alignments. Use -T AUTO to determine best number of threads.
753  TIM3+R2       3411.201     76  6974.401     7003.808     7290.813
WARNING: Number of threads seems too high for short alignments. Use -T AUTO to determine best number of threads.
754  TIM3+R3       3398.811     78  6953.621     6984.743     7278.360
WARNING: Number of threads seems too high for short alignments. Use -T AUTO to determine best number of threads.
773  TIM3+F+G4     3353.774     78  6863.547     6894.669     7188.286
WARNING: Number of threads seems too high for short alignments. Use -T AUTO to determine best number of threads.
774  TIM3+F+I+G4   3346.061     79  6850.121     6882.121     7179.023
WARNING: Number of threads seems too high for short alignments. Use -T AUTO to determine best number of threads.
775  TIM3+F+R2     3355.368     79  6868.736     6900.736     7197.638
WARNING: Number of threads seems too high for short alignments. Use -T AUTO to determine best number of threads.
776  TIM3+F+R3     3344.468     81  6850.935     6884.737     7188.164
WARNING: Number of threads seems too high for short alignments. Use -T AUTO to determine best number of threads.
795  TVMe+G4       3405.704     76  6963.408     6992.815     7279.820
WARNING: Number of threads seems too high for short alignments. Use -T AUTO to determine best number of threads.
796  TVMe+I+G4     3397.407     77  6948.814     6979.071     7269.389
WARNING: Number of threads seems too high for short alignments. Use -T AUTO to determine best number of threads.
797  TVMe+R2       3408.176     77  6970.352     7000.609     7290.927
WARNING: Number of threads seems too high for short alignments. Use -T AUTO to determine best number of threads.
798  TVMe+R3       3394.670     79  6947.340     6979.340     7276.242
817  TVMe+G4       3405.704     76  6963.408     6992.815     7279.820
818  TVMe+I+G4     3397.407     77  6948.814     6979.071     7269.389
819  TVMe+R2       3408.176     77  6970.352     7000.609     7290.927
820  TVMe+R3       3394.670     79  6947.340     6979.340     7276.242
WARNING: Number of threads seems too high for short alignments. Use -T AUTO to determine best number of threads.
839  TVM+G4        3405.702     76  6963.404     6992.811     7279.816
WARNING: Number of threads seems too high for short alignments. Use -T AUTO to determine best number of threads.
840  TVM+I+G4      3397.379     77  6948.759     6979.016     7269.334
WARNING: Number of threads seems too high for short alignments. Use -T AUTO to determine best number of threads.
841  TVM+R2        3408.179     77  6970.357     7000.614     7290.933
WARNING: Number of threads seems too high for short alignments. Use -T AUTO to determine best number of threads.
842  TVM+R3        3394.669     79  6947.339     6979.339     7276.241
WARNING: Number of threads seems too high for short alignments. Use -T AUTO to determine best number of threads.
861  TVM+F+G4      3351.818     79  6861.635     6893.635     7190.537
WARNING: Number of threads seems too high for short alignments. Use -T AUTO to determine best number of threads.
862  TVM+F+I+G4    3344.548     80  6849.095     6881.988     7182.160
WARNING: Number of threads seems too high for short alignments. Use -T AUTO to determine best number of threads.
863  TVM+F+R2      3353.256     80  6866.511     6899.405     7199.576
WARNING: Number of threads seems too high for short alignments. Use -T AUTO to determine best number of threads.
864  TVM+F+R3      3342.569     82  6849.137     6883.862     7190.529
WARNING: Number of threads seems too high for short alignments. Use -T AUTO to determine best number of threads.
883  SYM+G4        3403.855     77  6961.709     6991.966     7282.284
WARNING: Number of threads seems too high for short alignments. Use -T AUTO to determine best number of threads.
884  SYM+I+G4      3395.837     78  6947.675     6978.796     7272.413
WARNING: Number of threads seems too high for short alignments. Use -T AUTO to determine best number of threads.
885  SYM+R2        3406.752     78  6969.503     7000.624     7294.242
WARNING: Number of threads seems too high for short alignments. Use -T AUTO to determine best number of threads.
886  SYM+R3        3393.277     80  6946.553     6979.447     7279.618
905  SYM+G4        3403.855     77  6961.709     6991.966     7282.284
906  SYM+I+G4      3395.837     78  6947.675     6978.796     7272.413
907  SYM+R2        3406.752     78  6969.503     7000.624     7294.242
908  SYM+R3        3393.277     80  6946.553     6979.447     7279.618
WARNING: Number of threads seems too high for short alignments. Use -T AUTO to determine best number of threads.
927  GTR+G4        3403.853     77  6961.706     6991.963     7282.281
WARNING: Number of threads seems too high for short alignments. Use -T AUTO to determine best number of threads.
928  GTR+I+G4      3395.832     78  6947.665     6978.786     7272.403
WARNING: Number of threads seems too high for short alignments. Use -T AUTO to determine best number of threads.
929  GTR+R2        3406.742     78  6969.484     7000.605     7294.222
WARNING: Number of threads seems too high for short alignments. Use -T AUTO to determine best number of threads.
930  GTR+R3        3393.272     80  6946.544     6979.438     7279.609
WARNING: Number of threads seems too high for short alignments. Use -T AUTO to determine best number of threads.
949  GTR+F+G4      3351.418     80  6862.836     6895.729     7195.901
WARNING: Number of threads seems too high for short alignments. Use -T AUTO to determine best number of threads.
950  GTR+F+I+G4    3343.927     81  6849.854     6883.655     7187.082
WARNING: Number of threads seems too high for short alignments. Use -T AUTO to determine best number of threads.
951  GTR+F+R2      3352.819     81  6867.639     6901.440     7204.867
WARNING: Number of threads seems too high for short alignments. Use -T AUTO to determine best number of threads.
952  GTR+F+R3      3342.227     83  6850.454     6886.116     7196.009
Akaike Information Criterion:           K3Pu+F+I+G4
Corrected Akaike Information Criterion: K3Pu+F+I+G4
Bayesian Information Criterion:         K3Pu+F+I+G4
Best-fit model: K3Pu+F+I+G4 chosen according to BIC

All model information printed to aln_segment_1901_to_2375.model.gz
CPU time for ModelFinder: 6.160 seconds (0h:0m:6s)
Wall-clock time for ModelFinder: 5.410 seconds (0h:0m:5s)
Generating 1000 samples for ultrafast bootstrap (seed: 437494)...

NOTE: 1 MB RAM (0 GB) is required!
WARNING: Number of threads seems too high for short alignments. Use -T AUTO to determine best number of threads.
Estimate model parameters (epsilon = 0.100)
Thoroughly optimizing +I+G parameters from 10 start values...
Init pinv, alpha: 0.000, 1.533 / Estimate: 0.000, 0.168 / LogL: -3352.221
Init pinv, alpha: 0.072, 1.533 / Estimate: 0.077, 0.196 / LogL: -3352.549
Init pinv, alpha: 0.144, 1.533 / Estimate: 0.162, 0.240 / LogL: -3352.823
Init pinv, alpha: 0.215, 1.533 / Estimate: 0.253, 0.303 / LogL: -3352.676
Init pinv, alpha: 0.287, 1.533 / Estimate: 0.345, 0.397 / LogL: -3351.893
Init pinv, alpha: 0.359, 1.533 / Estimate: 0.587, 1.436 / LogL: -3345.301
Init pinv, alpha: 0.431, 1.533 / Estimate: 0.589, 1.462 / LogL: -3345.276
Init pinv, alpha: 0.503, 1.533 / Estimate: 0.588, 1.451 / LogL: -3345.287
Init pinv, alpha: 0.575, 1.533 / Estimate: 0.590, 1.480 / LogL: -3345.267
Init pinv, alpha: 0.646, 1.533 / Estimate: 0.601, 1.661 / LogL: -3345.257
Optimal pinv,alpha: 0.601, 1.661 / LogL: -3345.257

Parameters optimization took 0.575 sec
Wrote distance file to... 
Computing ML distances based on estimated model parameters...
Calculating distance matrix: done in 0.000799894 secs using 378.3% CPU
Computing ML distances took 0.000926 sec (of wall-clock time) 0.003100 sec (of CPU time)
Setting up auxiliary I and S matrices: done in 7.79629e-05 secs using 112.9% CPU
Constructing RapidNJ tree: done in 0.00157905 secs using 57.76% CPU
Computing RapidNJ tree took 0.001690 sec (of wall-clock time) 0.001031 sec (of CPU time)
Log-likelihood of RapidNJ tree: -3362.744
--------------------------------------------------------------------
|             INITIALIZING CANDIDATE TREE SET                      |
--------------------------------------------------------------------
Generating 98 parsimony trees... 0.125 second
Computing log-likelihood of 98 initial trees ... 0.469 seconds
Current best score: -3345.257

Do NNI search on 20 best initial trees
Estimate model parameters (epsilon = 0.100)
BETTER TREE FOUND at iteration 1: -3345.062
UPDATE BEST LOG-LIKELIHOOD: -3345.060
Estimate model parameters (epsilon = 0.100)
BETTER TREE FOUND at iteration 6: -3343.292
Iteration 10 / LogL: -3345.079 / Time: 0h:0m:7s
Iteration 20 / LogL: -3343.301 / Time: 0h:0m:8s
Finish initializing candidate tree set (2)
Current best tree score: -3343.292 / CPU time: 2.473
Number of iterations: 20
--------------------------------------------------------------------
|               OPTIMIZING CANDIDATE TREE SET                      |
--------------------------------------------------------------------
Estimate model parameters (epsilon = 0.100)
BETTER TREE FOUND at iteration 22: -3343.091
Iteration 30 / LogL: -3343.230 / Time: 0h:0m:9s (0h:0m:14s left)
Iteration 40 / LogL: -3343.571 / Time: 0h:0m:11s (0h:0m:12s left)
Iteration 50 / LogL: -3346.271 / Time: 0h:0m:12s (0h:0m:10s left)
Log-likelihood cutoff on original alignment: -3371.336
Iteration 60 / LogL: -3343.564 / Time: 0h:0m:13s (0h:0m:8s left)
Iteration 70 / LogL: -3343.335 / Time: 0h:0m:14s (0h:0m:7s left)
Iteration 80 / LogL: -3343.134 / Time: 0h:0m:16s (0h:0m:5s left)
Iteration 90 / LogL: -3343.398 / Time: 0h:0m:17s (0h:0m:4s left)
Iteration 100 / LogL: -3344.556 / Time: 0h:0m:18s (0h:0m:2s left)
Log-likelihood cutoff on original alignment: -3372.657
NOTE: Bootstrap correlation coefficient of split occurrence frequencies: 0.994
Iteration 110 / LogL: -3349.185 / Time: 0h:0m:19s (0h:0m:11s left)
Iteration 120 / LogL: -3346.314 / Time: 0h:0m:21s (0h:0m:10s left)
TREE SEARCH COMPLETED AFTER 123 ITERATIONS / Time: 0h:0m:21s

--------------------------------------------------------------------
|                    FINALIZING TREE SEARCH                        |
--------------------------------------------------------------------
Performs final model parameters optimization
Estimate model parameters (epsilon = 0.010)
1. Initial log-likelihood: -3343.091
Optimal log-likelihood: -3343.090
Rate parameters:  A-C: 1.00000  A-G: 8.10344  A-T: 0.52559  C-G: 0.52559  C-T: 8.10344  G-T: 1.00000
Base frequencies:  A: 0.392  C: 0.161  G: 0.204  T: 0.243
Proportion of invariable sites: 0.597
Gamma shape alpha: 1.615
Parameters optimization took 1 rounds (0.007 sec)
BEST SCORE FOUND : -3343.090
Creating bootstrap support values...
Split supports printed to NEXUS file aln_segment_1901_to_2375.splits.nex
Total tree length: 1.800

Total number of iterations: 123
CPU time used for tree search: 10.304 sec (0h:0m:10s)
Wall-clock time used for tree search: 15.319 sec (0h:0m:15s)
Total CPU time used: 17.217 sec (0h:0m:17s)
Total wall-clock time used: 21.398 sec (0h:0m:21s)

Computing bootstrap consensus tree...
Reading input file aln_segment_1901_to_2375.splits.nex...
37 taxa and 322 splits.
Consensus tree written to aln_segment_1901_to_2375.contree
Reading input trees file aln_segment_1901_to_2375.contree
Log-likelihood of consensus tree: -3343.287

Analysis results written to: 
  IQ-TREE report:                aln_segment_1901_to_2375.iqtree
  Maximum-likelihood tree:       aln_segment_1901_to_2375.treefile
  Likelihood distances:          aln_segment_1901_to_2375.mldist

Ultrafast bootstrap approximation results written to:
  Split support values:          aln_segment_1901_to_2375.splits.nex
  Consensus tree:                aln_segment_1901_to_2375.contree
  Screen log file:               aln_segment_1901_to_2375.log

Date and Time: Mon Jan 19 16:43:16 2026
