IQ-TREE version 3.0.1 for MacOS ARM 64-bit built Jun 30 2025
Developed by Bui Quang Minh, Thomas Wong, Nhan Ly-Trong, Huaiyan Ren
Contributed by Lam-Tung Nguyen, Dominik Schrempf, Chris Bielow,
Olga Chernomor, Michael Woodhams, Diep Thi Hoang, Heiko Schmidt

Host:    SUN1032320 (SSE4.2, 36 GB RAM)
Command: iqtree3 -s aln_segment_7601_to_8075.fasta -m MFP -B 1000 -T 4 -pre aln_segment_7601_to_8075
Seed:    242937 (Using SPRNG - Scalable Parallel Random Number Generator)
Time:    Mon Jan 19 16:47:09 2026
Kernel:  SSE2 - 4 threads (14 CPU cores detected)

Reading alignment file aln_segment_7601_to_8075.fasta ... Fasta format detected
Reading fasta file: done in 0.000219107 secs using 87.17% CPU
Alignment most likely contains DNA/RNA sequences
Constructing alignment: done in 0.000302076 secs using 66.21% CPU
Alignment has 37 sequences with 475 columns, 297 distinct patterns
222 parsimony-informative, 70 singleton sites, 183 constant sites
                                Gap/Ambiguity  Composition  p-value
Analyzing sequences: done in 1.78814e-05 secs using 106.3% CPU
   1  B.FR.83.HXBLAI_IIIB_BRU.K03455    0.00%    passed     68.93%
   2  A                                 0.00%    passed     92.54%
   3  A1                                0.00%    passed     91.40%
   4  A2                                0.00%    passed     97.01%
   5  A3                                3.16%    passed     96.32%
   6  A6                                0.00%    passed     79.66%
   7  B                                 0.00%    passed     59.18%
   8  C                                 0.00%    passed     93.62%
   9  D                                 0.00%    passed     95.85%
  10  F1                                0.00%    passed     88.09%
  11  F2                                0.00%    passed     95.95%
  12  G                                 0.00%    passed     91.09%
  13  H                                 0.00%    passed     96.57%
  14  J                                 0.00%    passed     96.91%
  15  K                                 0.00%    passed     97.95%
  16  L                                 5.05%    passed     94.83%
  17  AE                                0.00%    passed     95.44%
  18  AG                                0.00%    passed     89.76%
  19  cpx                               0.63%    passed     93.23%
  20  DF                                0.00%    passed     99.80%
  21  BC                                0.00%    passed     77.47%
  22  CD                                0.00%    passed     87.62%
  23  BF                                0.00%    passed     98.37%
  24  BG                                0.00%    passed     79.81%
  25  01B                               0.63%    passed     97.59%
  26  A2D                               0.00%    passed     99.72%
  27  01A1                              0.00%    passed     92.72%
  28  A5U                               0.63%    passed     77.90%
  29  AD                                0.00%    passed     93.72%
  30  BF1                               0.00%    passed     92.44%
  31  02G                               0.00%    passed     96.39%
  32  A1D                               0.00%    passed     97.00%
  33  02A                               0.00%    passed     99.15%
  34  C2U                               0.00%    passed     94.88%
  35  02B                               5.05%    passed     48.44%
  36  01C                               0.00%    passed     99.97%
  37  CPZ                               0.63%    failed      0.09%
****  TOTAL                             0.43%  1 sequences failed composition chi2 test (p-value<5%; df=3)
Checking for duplicate sequences: done in 5.81741e-05 secs using 72.2% CPU


Create initial parsimony tree by phylogenetic likelihood library (PLL)... 0.001 seconds
WARNING: Number of threads seems too high for short alignments. Use -T AUTO to determine best number of threads.
Perform fast likelihood tree search using GTR+I+G model...
Estimate model parameters (epsilon = 5.000)
Perform nearest neighbor interchange...
Estimate model parameters (epsilon = 1.000)
1. Initial log-likelihood: -5575.014
Optimal log-likelihood: -5574.987
Rate parameters:  A-C: 1.52076  A-G: 2.91931  A-T: 0.58786  C-G: 0.77015  C-T: 3.61283  G-T: 1.00000
Base frequencies:  A: 0.324  C: 0.172  G: 0.282  T: 0.223
Proportion of invariable sites: 0.187
Gamma shape alpha: 0.840
Parameters optimization took 1 rounds (0.012 sec)
Time for fast ML tree search: 0.076 seconds

NOTE: ModelFinder requires 4 MB RAM!
ModelFinder will test up to 968 DNA models (sample size: 475 epsilon: 0.100) ...
 No. Model         -LnL         df  AIC          AICc         BIC
WARNING: Number of threads seems too high for short alignments. Use -T AUTO to determine best number of threads.
  1  JC            6129.670     71  12401.340    12426.710    12696.936
WARNING: Number of threads seems too high for short alignments. Use -T AUTO to determine best number of threads.
  2  JC+I          5880.738     72  11905.477    11931.626    12205.235
WARNING: Number of threads seems too high for short alignments. Use -T AUTO to determine best number of threads.
  3  JC+G4         5788.635     72  11721.270    11747.419    12021.029
WARNING: Number of threads seems too high for short alignments. Use -T AUTO to determine best number of threads.
  4  JC+I+G4       5787.034     73  11720.068    11747.010    12023.990
WARNING: Number of threads seems too high for short alignments. Use -T AUTO to determine best number of threads.
  5  JC+R2         5808.918     73  11763.836    11790.779    12067.758
WARNING: Number of threads seems too high for short alignments. Use -T AUTO to determine best number of threads.
  6  JC+R3         5789.613     75  11729.225    11757.797    12041.474
WARNING: Number of threads seems too high for short alignments. Use -T AUTO to determine best number of threads.
  7  JC+R4         5788.635     77  11731.269    11761.526    12051.845
WARNING: Number of threads seems too high for short alignments. Use -T AUTO to determine best number of threads.
 14  JC+I+R2       5786.766     74  11721.532    11749.282    12029.618
WARNING: Number of threads seems too high for short alignments. Use -T AUTO to determine best number of threads.
 15  JC+I+R3       5786.771     76  11725.542    11754.949    12041.954
 25  JC+G4         5788.635     72  11721.270    11747.419    12021.029
 26  JC+I+G4       5787.034     73  11720.068    11747.010    12023.990
 36  JC+I+R2       5786.766     74  11721.532    11749.282    12029.618
WARNING: Number of threads seems too high for short alignments. Use -T AUTO to determine best number of threads.
 47  F81+G4        5788.639     72  11721.278    11747.427    12021.036
WARNING: Number of threads seems too high for short alignments. Use -T AUTO to determine best number of threads.
 48  F81+I+G4      5787.034     73  11720.067    11747.010    12023.989
WARNING: Number of threads seems too high for short alignments. Use -T AUTO to determine best number of threads.
 58  F81+I+R2      5786.755     74  11721.509    11749.259    12029.595
WARNING: Number of threads seems too high for short alignments. Use -T AUTO to determine best number of threads.
 69  F81+F+G4      5752.593     75  11655.186    11683.758    11967.435
WARNING: Number of threads seems too high for short alignments. Use -T AUTO to determine best number of threads.
 70  F81+F+I+G4    5750.936     76  11653.873    11683.280    11970.285
WARNING: Number of threads seems too high for short alignments. Use -T AUTO to determine best number of threads.
 80  F81+F+I+R2    5750.321     77  11654.643    11684.900    11975.218
WARNING: Number of threads seems too high for short alignments. Use -T AUTO to determine best number of threads.
 91  K2P+G4        5619.839     73  11385.678    11412.620    11689.600
WARNING: Number of threads seems too high for short alignments. Use -T AUTO to determine best number of threads.
 92  K2P+I+G4      5618.159     74  11384.319    11412.069    11692.404
WARNING: Number of threads seems too high for short alignments. Use -T AUTO to determine best number of threads.
102  K2P+I+R2      5617.796     75  11385.592    11414.163    11697.840
113  K2P+G4        5619.839     73  11385.678    11412.620    11689.600
114  K2P+I+G4      5618.159     74  11384.319    11412.069    11692.404
124  K2P+I+R2      5617.796     75  11385.592    11414.163    11697.840
WARNING: Number of threads seems too high for short alignments. Use -T AUTO to determine best number of threads.
135  HKY+G4        5619.838     73  11385.676    11412.619    11689.598
WARNING: Number of threads seems too high for short alignments. Use -T AUTO to determine best number of threads.
136  HKY+I+G4      5618.161     74  11384.321    11412.071    11692.407
WARNING: Number of threads seems too high for short alignments. Use -T AUTO to determine best number of threads.
146  HKY+I+R2      5617.796     75  11385.593    11414.164    11697.842
WARNING: Number of threads seems too high for short alignments. Use -T AUTO to determine best number of threads.
157  HKY+F+G4      5595.882     76  11343.765    11373.172    11660.177
WARNING: Number of threads seems too high for short alignments. Use -T AUTO to determine best number of threads.
158  HKY+F+I+G4    5593.917     77  11341.833    11372.090    11662.409
WARNING: Number of threads seems too high for short alignments. Use -T AUTO to determine best number of threads.
168  HKY+F+I+R2    5594.184     78  11344.369    11375.490    11669.107
WARNING: Number of threads seems too high for short alignments. Use -T AUTO to determine best number of threads.
179  TNe+G4        5612.695     74  11373.391    11401.141    11681.476
WARNING: Number of threads seems too high for short alignments. Use -T AUTO to determine best number of threads.
180  TNe+I+G4      5610.840     75  11371.679    11400.251    11683.928
WARNING: Number of threads seems too high for short alignments. Use -T AUTO to determine best number of threads.
190  TNe+I+R2      5611.696     76  11375.392    11404.799    11691.804
201  TNe+G4        5612.695     74  11373.391    11401.141    11681.476
202  TNe+I+G4      5610.840     75  11371.679    11400.251    11683.928
212  TNe+I+R2      5611.696     76  11375.392    11404.799    11691.804
WARNING: Number of threads seems too high for short alignments. Use -T AUTO to determine best number of threads.
223  TN+G4         5612.695     74  11373.390    11401.140    11681.475
WARNING: Number of threads seems too high for short alignments. Use -T AUTO to determine best number of threads.
224  TN+I+G4       5610.839     75  11371.678    11400.249    11683.926
WARNING: Number of threads seems too high for short alignments. Use -T AUTO to determine best number of threads.
234  TN+I+R2       5611.697     76  11375.394    11404.801    11691.806
WARNING: Number of threads seems too high for short alignments. Use -T AUTO to determine best number of threads.
245  TN+F+G4       5594.144     77  11342.288    11372.544    11662.863
WARNING: Number of threads seems too high for short alignments. Use -T AUTO to determine best number of threads.
246  TN+F+I+G4     5592.212     78  11340.423    11371.544    11665.162
WARNING: Number of threads seems too high for short alignments. Use -T AUTO to determine best number of threads.
256  TN+F+I+R2     5592.015     79  11342.030    11374.030    11670.932
WARNING: Number of threads seems too high for short alignments. Use -T AUTO to determine best number of threads.
267  K3P+G4        5608.178     74  11364.355    11392.105    11672.440
WARNING: Number of threads seems too high for short alignments. Use -T AUTO to determine best number of threads.
268  K3P+I+G4      5606.392     75  11362.784    11391.356    11675.033
WARNING: Number of threads seems too high for short alignments. Use -T AUTO to determine best number of threads.
278  K3P+I+R2      5605.975     76  11363.951    11393.358    11680.363
289  K3P+G4        5608.178     74  11364.355    11392.105    11672.440
290  K3P+I+G4      5606.392     75  11362.784    11391.356    11675.033
300  K3P+I+R2      5605.975     76  11363.951    11393.358    11680.363
WARNING: Number of threads seems too high for short alignments. Use -T AUTO to determine best number of threads.
311  K3Pu+G4       5608.177     74  11364.354    11392.104    11672.440
WARNING: Number of threads seems too high for short alignments. Use -T AUTO to determine best number of threads.
312  K3Pu+I+G4     5606.393     75  11362.787    11391.358    11675.035
WARNING: Number of threads seems too high for short alignments. Use -T AUTO to determine best number of threads.
322  K3Pu+I+R2     5605.976     76  11363.951    11393.358    11680.363
WARNING: Number of threads seems too high for short alignments. Use -T AUTO to determine best number of threads.
333  K3Pu+F+G4     5583.573     77  11321.146    11351.402    11641.721
WARNING: Number of threads seems too high for short alignments. Use -T AUTO to determine best number of threads.
334  K3Pu+F+I+G4   5581.461     78  11318.922    11350.043    11643.660
WARNING: Number of threads seems too high for short alignments. Use -T AUTO to determine best number of threads.
344  K3Pu+F+I+R2   5581.716     79  11321.432    11353.432    11650.334
WARNING: Number of threads seems too high for short alignments. Use -T AUTO to determine best number of threads.
355  TPM2+G4       5617.992     74  11383.984    11411.734    11692.069
WARNING: Number of threads seems too high for short alignments. Use -T AUTO to determine best number of threads.
356  TPM2+I+G4     5616.322     75  11382.644    11411.215    11694.892
WARNING: Number of threads seems too high for short alignments. Use -T AUTO to determine best number of threads.
366  TPM2+I+R2     5616.050     76  11384.101    11413.508    11700.513
377  TPM2+G4       5617.992     74  11383.984    11411.734    11692.069
378  TPM2+I+G4     5616.322     75  11382.644    11411.215    11694.892
388  TPM2+I+R2     5616.050     76  11384.101    11413.508    11700.513
WARNING: Number of threads seems too high for short alignments. Use -T AUTO to determine best number of threads.
399  TPM2u+G4      5617.992     74  11383.985    11411.735    11692.070
WARNING: Number of threads seems too high for short alignments. Use -T AUTO to determine best number of threads.
400  TPM2u+I+G4    5616.323     75  11382.647    11411.218    11694.895
WARNING: Number of threads seems too high for short alignments. Use -T AUTO to determine best number of threads.
410  TPM2u+I+R2    5616.052     76  11384.103    11413.510    11700.515
WARNING: Number of threads seems too high for short alignments. Use -T AUTO to determine best number of threads.
421  TPM2u+F+G4    5595.461     77  11344.923    11375.180    11665.498
WARNING: Number of threads seems too high for short alignments. Use -T AUTO to determine best number of threads.
422  TPM2u+F+I+G4  5593.505     78  11343.009    11374.130    11667.748
WARNING: Number of threads seems too high for short alignments. Use -T AUTO to determine best number of threads.
432  TPM2u+F+I+R2  5593.768     79  11345.536    11377.536    11674.438
WARNING: Number of threads seems too high for short alignments. Use -T AUTO to determine best number of threads.
443  TPM3+G4       5618.944     74  11385.888    11413.638    11693.973
WARNING: Number of threads seems too high for short alignments. Use -T AUTO to determine best number of threads.
444  TPM3+I+G4     5617.188     75  11384.377    11412.948    11696.625
WARNING: Number of threads seems too high for short alignments. Use -T AUTO to determine best number of threads.
454  TPM3+I+R2     5616.921     76  11385.841    11415.248    11702.253
465  TPM3+G4       5618.944     74  11385.888    11413.638    11693.973
466  TPM3+I+G4     5617.188     75  11384.377    11412.948    11696.625
476  TPM3+I+R2     5616.921     76  11385.841    11415.248    11702.253
WARNING: Number of threads seems too high for short alignments. Use -T AUTO to determine best number of threads.
487  TPM3u+G4      5618.944     74  11385.888    11413.638    11693.973
WARNING: Number of threads seems too high for short alignments. Use -T AUTO to determine best number of threads.
488  TPM3u+I+G4    5617.189     75  11384.379    11412.950    11696.627
WARNING: Number of threads seems too high for short alignments. Use -T AUTO to determine best number of threads.
498  TPM3u+I+R2    5616.921     76  11385.843    11415.250    11702.255
WARNING: Number of threads seems too high for short alignments. Use -T AUTO to determine best number of threads.
509  TPM3u+F+G4    5591.072     77  11336.143    11366.400    11656.718
WARNING: Number of threads seems too high for short alignments. Use -T AUTO to determine best number of threads.
510  TPM3u+F+I+G4  5588.898     78  11333.796    11364.917    11658.534
WARNING: Number of threads seems too high for short alignments. Use -T AUTO to determine best number of threads.
520  TPM3u+F+I+R2  5589.588     79  11337.175    11369.175    11666.077
WARNING: Number of threads seems too high for short alignments. Use -T AUTO to determine best number of threads.
531  TIMe+G4       5600.977     75  11351.955    11380.526    11664.203
WARNING: Number of threads seems too high for short alignments. Use -T AUTO to determine best number of threads.
532  TIMe+I+G4     5599.016     76  11350.033    11379.440    11666.445
WARNING: Number of threads seems too high for short alignments. Use -T AUTO to determine best number of threads.
542  TIMe+I+R2     5599.856     77  11353.711    11383.968    11674.286
553  TIMe+G4       5600.977     75  11351.955    11380.526    11664.203
554  TIMe+I+G4     5599.016     76  11350.033    11379.440    11666.445
564  TIMe+I+R2     5599.856     77  11353.711    11383.968    11674.286
WARNING: Number of threads seems too high for short alignments. Use -T AUTO to determine best number of threads.
575  TIM+G4        5600.977     75  11351.955    11380.526    11664.204
WARNING: Number of threads seems too high for short alignments. Use -T AUTO to determine best number of threads.
576  TIM+I+G4      5599.015     76  11350.030    11379.437    11666.442
WARNING: Number of threads seems too high for short alignments. Use -T AUTO to determine best number of threads.
586  TIM+I+R2      5599.856     77  11353.713    11383.970    11674.288
WARNING: Number of threads seems too high for short alignments. Use -T AUTO to determine best number of threads.
597  TIM+F+G4      5581.843     78  11319.685    11350.807    11644.424
WARNING: Number of threads seems too high for short alignments. Use -T AUTO to determine best number of threads.
598  TIM+F+I+G4    5579.776     79  11317.551    11349.551    11646.453
WARNING: Number of threads seems too high for short alignments. Use -T AUTO to determine best number of threads.
608  TIM+F+I+R2    5579.532     80  11319.064    11351.957    11652.129
WARNING: Number of threads seems too high for short alignments. Use -T AUTO to determine best number of threads.
619  TIM2e+G4      5610.895     75  11371.790    11400.362    11684.039
WARNING: Number of threads seems too high for short alignments. Use -T AUTO to determine best number of threads.
620  TIM2e+I+G4    5609.078     76  11370.156    11399.563    11686.568
WARNING: Number of threads seems too high for short alignments. Use -T AUTO to determine best number of threads.
630  TIM2e+I+R2    5610.019     77  11374.038    11404.295    11694.613
641  TIM2e+G4      5610.895     75  11371.790    11400.362    11684.039
642  TIM2e+I+G4    5609.078     76  11370.156    11399.563    11686.568
652  TIM2e+I+R2    5610.019     77  11374.038    11404.295    11694.613
WARNING: Number of threads seems too high for short alignments. Use -T AUTO to determine best number of threads.
663  TIM2+G4       5610.895     75  11371.790    11400.361    11684.039
WARNING: Number of threads seems too high for short alignments. Use -T AUTO to determine best number of threads.
664  TIM2+I+G4     5609.075     76  11370.150    11399.557    11686.562
WARNING: Number of threads seems too high for short alignments. Use -T AUTO to determine best number of threads.
674  TIM2+I+R2     5610.018     77  11374.037    11404.294    11694.612
WARNING: Number of threads seems too high for short alignments. Use -T AUTO to determine best number of threads.
685  TIM2+F+G4     5593.683     78  11343.366    11374.488    11668.105
WARNING: Number of threads seems too high for short alignments. Use -T AUTO to determine best number of threads.
686  TIM2+F+I+G4   5591.755     79  11341.509    11373.509    11670.411
WARNING: Number of threads seems too high for short alignments. Use -T AUTO to determine best number of threads.
696  TIM2+F+I+R2   5591.552     80  11343.105    11375.998    11676.170
WARNING: Number of threads seems too high for short alignments. Use -T AUTO to determine best number of threads.
707  TIM3e+G4      5611.719     75  11373.438    11402.010    11685.687
WARNING: Number of threads seems too high for short alignments. Use -T AUTO to determine best number of threads.
708  TIM3e+I+G4    5609.821     76  11371.641    11401.048    11688.053
WARNING: Number of threads seems too high for short alignments. Use -T AUTO to determine best number of threads.
718  TIM3e+I+R2    5610.775     77  11375.550    11405.807    11696.125
729  TIM3e+G4      5611.719     75  11373.438    11402.010    11685.687
730  TIM3e+I+G4    5609.821     76  11371.641    11401.048    11688.053
740  TIM3e+I+R2    5610.775     77  11375.550    11405.807    11696.125
WARNING: Number of threads seems too high for short alignments. Use -T AUTO to determine best number of threads.
751  TIM3+G4       5611.719     75  11373.438    11402.010    11685.687
WARNING: Number of threads seems too high for short alignments. Use -T AUTO to determine best number of threads.
752  TIM3+I+G4     5609.817     76  11371.634    11401.041    11688.046
WARNING: Number of threads seems too high for short alignments. Use -T AUTO to determine best number of threads.
762  TIM3+I+R2     5610.775     77  11375.551    11405.807    11696.126
WARNING: Number of threads seems too high for short alignments. Use -T AUTO to determine best number of threads.
773  TIM3+F+G4     5589.236     78  11334.472    11365.593    11659.211
WARNING: Number of threads seems too high for short alignments. Use -T AUTO to determine best number of threads.
774  TIM3+F+I+G4   5587.026     79  11332.051    11364.051    11660.953
WARNING: Number of threads seems too high for short alignments. Use -T AUTO to determine best number of threads.
784  TIM3+F+I+R2   5587.313     80  11334.625    11367.519    11667.691
WARNING: Number of threads seems too high for short alignments. Use -T AUTO to determine best number of threads.
795  TVMe+G4       5605.766     76  11363.532    11392.939    11679.944
WARNING: Number of threads seems too high for short alignments. Use -T AUTO to determine best number of threads.
796  TVMe+I+G4     5603.943     77  11361.886    11392.142    11682.461
WARNING: Number of threads seems too high for short alignments. Use -T AUTO to determine best number of threads.
806  TVMe+I+R2     5603.698     78  11363.396    11394.517    11688.135
817  TVMe+G4       5605.766     76  11363.532    11392.939    11679.944
818  TVMe+I+G4     5603.943     77  11361.886    11392.142    11682.461
828  TVMe+I+R2     5603.698     78  11363.396    11394.517    11688.135
WARNING: Number of threads seems too high for short alignments. Use -T AUTO to determine best number of threads.
839  TVM+G4        5605.766     76  11363.532    11392.939    11679.944
WARNING: Number of threads seems too high for short alignments. Use -T AUTO to determine best number of threads.
840  TVM+I+G4      5603.942     77  11361.885    11392.142    11682.460
WARNING: Number of threads seems too high for short alignments. Use -T AUTO to determine best number of threads.
850  TVM+I+R2      5603.698     78  11363.396    11394.517    11688.135
WARNING: Number of threads seems too high for short alignments. Use -T AUTO to determine best number of threads.
861  TVM+F+G4      5579.132     79  11316.263    11348.263    11645.165
WARNING: Number of threads seems too high for short alignments. Use -T AUTO to determine best number of threads.
862  TVM+F+I+G4    5576.887     80  11313.775    11346.668    11646.840
WARNING: Number of threads seems too high for short alignments. Use -T AUTO to determine best number of threads.
872  TVM+F+I+R2    5577.483     81  11316.966    11350.767    11654.194
WARNING: Number of threads seems too high for short alignments. Use -T AUTO to determine best number of threads.
883  SYM+G4        5598.547     77  11351.095    11381.352    11671.670
WARNING: Number of threads seems too high for short alignments. Use -T AUTO to determine best number of threads.
884  SYM+I+G4      5596.584     78  11349.169    11380.290    11673.907
WARNING: Number of threads seems too high for short alignments. Use -T AUTO to determine best number of threads.
894  SYM+I+R2      5597.608     79  11353.215    11385.215    11682.117
905  SYM+G4        5598.547     77  11351.095    11381.352    11671.670
906  SYM+I+G4      5596.584     78  11349.169    11380.290    11673.907
916  SYM+I+R2      5597.608     79  11353.215    11385.215    11682.117
WARNING: Number of threads seems too high for short alignments. Use -T AUTO to determine best number of threads.
927  GTR+G4        5598.547     77  11351.095    11381.352    11671.670
WARNING: Number of threads seems too high for short alignments. Use -T AUTO to determine best number of threads.
928  GTR+I+G4      5596.586     78  11349.172    11380.293    11673.910
WARNING: Number of threads seems too high for short alignments. Use -T AUTO to determine best number of threads.
938  GTR+I+R2      5597.609     79  11353.218    11385.218    11682.120
WARNING: Number of threads seems too high for short alignments. Use -T AUTO to determine best number of threads.
949  GTR+F+G4      5577.258     80  11314.517    11347.410    11647.582
WARNING: Number of threads seems too high for short alignments. Use -T AUTO to determine best number of threads.
950  GTR+F+I+G4    5574.987     81  11311.975    11345.776    11649.203
WARNING: Number of threads seems too high for short alignments. Use -T AUTO to determine best number of threads.
960  GTR+F+I+R2    5575.150     82  11314.300    11349.024    11655.691
Akaike Information Criterion:           GTR+F+I+G4
Corrected Akaike Information Criterion: GTR+F+I+G4
Bayesian Information Criterion:         K3Pu+F+G4
Best-fit model: K3Pu+F+G4 chosen according to BIC

All model information printed to aln_segment_7601_to_8075.model.gz
CPU time for ModelFinder: 3.149 seconds (0h:0m:3s)
Wall-clock time for ModelFinder: 2.434 seconds (0h:0m:2s)
Generating 1000 samples for ultrafast bootstrap (seed: 242937)...

NOTE: 2 MB RAM (0 GB) is required!
WARNING: Number of threads seems too high for short alignments. Use -T AUTO to determine best number of threads.
Estimate model parameters (epsilon = 0.100)
1. Initial log-likelihood: -5583.912
2. Current log-likelihood: -5583.578
Optimal log-likelihood: -5583.573
Rate parameters:  A-C: 1.00000  A-G: 2.58161  A-T: 0.53744  C-G: 0.53744  C-T: 2.58161  G-T: 1.00000
Base frequencies:  A: 0.324  C: 0.172  G: 0.282  T: 0.223
Gamma shape alpha: 0.503
Parameters optimization took 2 rounds (0.017 sec)
Wrote distance file to... 
Computing ML distances based on estimated model parameters...
Calculating distance matrix: done in 0.000878096 secs using 386.6% CPU
Computing ML distances took 0.000963 sec (of wall-clock time) 0.003461 sec (of CPU time)
Setting up auxiliary I and S matrices: done in 6.69956e-05 secs using 155.2% CPU
Constructing RapidNJ tree: done in 0.00182104 secs using 52.33% CPU
Computing RapidNJ tree took 0.001912 sec (of wall-clock time) 0.001079 sec (of CPU time)
Log-likelihood of RapidNJ tree: -5579.697
--------------------------------------------------------------------
|             INITIALIZING CANDIDATE TREE SET                      |
--------------------------------------------------------------------
Generating 98 parsimony trees... 0.160 second
Computing log-likelihood of 98 initial trees ... 0.538 seconds
Current best score: -5551.931

Do NNI search on 20 best initial trees
Estimate model parameters (epsilon = 0.100)
BETTER TREE FOUND at iteration 1: -5546.769
Iteration 10 / LogL: -5546.888 / Time: 0h:0m:3s
Iteration 20 / LogL: -5550.026 / Time: 0h:0m:4s
Finish initializing candidate tree set (5)
Current best tree score: -5546.769 / CPU time: 1.907
Number of iterations: 20
--------------------------------------------------------------------
|               OPTIMIZING CANDIDATE TREE SET                      |
--------------------------------------------------------------------
Estimate model parameters (epsilon = 0.100)
BETTER TREE FOUND at iteration 22: -5545.465
Iteration 30 / LogL: -5545.875 / Time: 0h:0m:5s (0h:0m:9s left)
Iteration 40 / LogL: -5546.441 / Time: 0h:0m:6s (0h:0m:8s left)
Iteration 50 / LogL: -5545.466 / Time: 0h:0m:7s (0h:0m:7s left)
Log-likelihood cutoff on original alignment: -5602.409
Iteration 60 / LogL: -5545.466 / Time: 0h:0m:9s (0h:0m:6s left)
Iteration 70 / LogL: -5550.304 / Time: 0h:0m:10s (0h:0m:5s left)
Iteration 80 / LogL: -5550.352 / Time: 0h:0m:11s (0h:0m:4s left)
Iteration 90 / LogL: -5545.470 / Time: 0h:0m:12s (0h:0m:3s left)
Iteration 100 / LogL: -5545.472 / Time: 0h:0m:13s (0h:0m:2s left)
Log-likelihood cutoff on original alignment: -5602.409
NOTE: Bootstrap correlation coefficient of split occurrence frequencies: 0.998
Iteration 110 / LogL: -5545.681 / Time: 0h:0m:15s (0h:0m:10s left)
Iteration 120 / LogL: -5545.771 / Time: 0h:0m:16s (0h:0m:9s left)
TREE SEARCH COMPLETED AFTER 123 ITERATIONS / Time: 0h:0m:16s

--------------------------------------------------------------------
|                    FINALIZING TREE SEARCH                        |
--------------------------------------------------------------------
Performs final model parameters optimization
Estimate model parameters (epsilon = 0.010)
1. Initial log-likelihood: -5545.465
Optimal log-likelihood: -5545.465
Rate parameters:  A-C: 1.00000  A-G: 2.65360  A-T: 0.52778  C-G: 0.52778  C-T: 2.65360  G-T: 1.00000
Base frequencies:  A: 0.324  C: 0.172  G: 0.282  T: 0.223
Gamma shape alpha: 0.493
Parameters optimization took 1 rounds (0.007 sec)
BEST SCORE FOUND : -5545.465
Creating bootstrap support values...
Split supports printed to NEXUS file aln_segment_7601_to_8075.splits.nex
Total tree length: 3.091

Total number of iterations: 123
CPU time used for tree search: 11.166 sec (0h:0m:11s)
Wall-clock time used for tree search: 13.952 sec (0h:0m:13s)
Total CPU time used: 14.411 sec (0h:0m:14s)
Total wall-clock time used: 16.476 sec (0h:0m:16s)

Computing bootstrap consensus tree...
Reading input file aln_segment_7601_to_8075.splits.nex...
37 taxa and 216 splits.
Consensus tree written to aln_segment_7601_to_8075.contree
Reading input trees file aln_segment_7601_to_8075.contree
Log-likelihood of consensus tree: -5547.535

Analysis results written to: 
  IQ-TREE report:                aln_segment_7601_to_8075.iqtree
  Maximum-likelihood tree:       aln_segment_7601_to_8075.treefile
  Likelihood distances:          aln_segment_7601_to_8075.mldist

Ultrafast bootstrap approximation results written to:
  Split support values:          aln_segment_7601_to_8075.splits.nex
  Consensus tree:                aln_segment_7601_to_8075.contree
  Screen log file:               aln_segment_7601_to_8075.log

Date and Time: Mon Jan 19 16:47:25 2026
