IQ-TREE version 3.0.1 for MacOS ARM 64-bit built Jun 30 2025
Developed by Bui Quang Minh, Thomas Wong, Nhan Ly-Trong, Huaiyan Ren
Contributed by Lam-Tung Nguyen, Dominik Schrempf, Chris Bielow,
Olga Chernomor, Michael Woodhams, Diep Thi Hoang, Heiko Schmidt

Host:    SUN1032320 (SSE4.2, 36 GB RAM)
Command: iqtree3 -s aln_segment_8076_to_8546.fasta -m MFP -B 1000 -T 4 -pre aln_segment_8076_to_8546
Seed:    812609 (Using SPRNG - Scalable Parallel Random Number Generator)
Time:    Mon Jan 19 16:47:25 2026
Kernel:  SSE2 - 4 threads (14 CPU cores detected)

Reading alignment file aln_segment_8076_to_8546.fasta ... Fasta format detected
Reading fasta file: done in 0.000224113 secs using 85.22% CPU
Alignment most likely contains DNA/RNA sequences
Constructing alignment: done in 0.000282049 secs using 66.3% CPU
Alignment has 37 sequences with 471 columns, 226 distinct patterns
180 parsimony-informative, 45 singleton sites, 246 constant sites
                                Gap/Ambiguity  Composition  p-value
Analyzing sequences: done in 1.38283e-05 secs using 130.2% CPU
   1  B.FR.83.HXBLAI_IIIB_BRU.K03455    0.00%    passed     61.83%
   2  A                                 0.00%    passed     97.13%
   3  A1                                0.00%    passed     99.30%
   4  A2                                0.00%    passed     98.58%
   5  A3                                0.00%    passed     86.66%
   6  A6                                0.21%    passed     99.76%
   7  B                                 0.42%    passed     82.56%
   8  C                                 0.00%    passed     98.54%
   9  D                                 0.00%    passed     99.82%
  10  F1                                0.00%    passed     81.96%
  11  F2                                0.42%    passed     97.77%
  12  G                                 0.00%    passed     96.72%
  13  H                                 0.00%    passed     92.83%
  14  J                                 0.00%    passed     85.23%
  15  K                                12.31%    passed     49.52%
  16  L                                 0.00%    passed     94.18%
  17  AE                                0.21%    passed     98.21%
  18  AG                                0.00%    passed     96.78%
  19  cpx                               0.00%    passed     98.43%
  20  DF                                0.00%    passed     79.41%
  21  BC                                0.00%    passed     99.74%
  22  CD                                0.00%    passed     99.88%
  23  BF                                0.00%    passed     93.58%
  24  BG                                0.00%    passed     73.10%
  25  01B                               0.00%    passed     94.90%
  26  A2D                               0.00%    passed     97.70%
  27  01A1                              1.27%    passed     89.63%
  28  A5U                               0.00%    passed     86.84%
  29  AD                                0.21%    passed     90.14%
  30  BF1                               0.00%    passed     92.05%
  31  02G                               0.00%    passed     81.34%
  32  A1D                               0.00%    passed     99.51%
  33  02A                               0.00%    passed     95.87%
  34  C2U                               0.00%    passed     94.21%
  35  02B                               0.42%    passed     97.53%
  36  01C                               0.21%    passed    100.00%
  37  CPZ                               0.42%    passed     72.00%
****  TOTAL                             0.44%  0 sequences failed composition chi2 test (p-value<5%; df=3)
Checking for duplicate sequences: done in 5.48363e-05 secs using 72.94% CPU


Create initial parsimony tree by phylogenetic likelihood library (PLL)... 0.001 seconds
WARNING: Number of threads seems too high for short alignments. Use -T AUTO to determine best number of threads.
Perform fast likelihood tree search using GTR+I+G model...
Estimate model parameters (epsilon = 5.000)
Perform nearest neighbor interchange...
Estimate model parameters (epsilon = 1.000)
1. Initial log-likelihood: -4796.847
Optimal log-likelihood: -4796.415
Rate parameters:  A-C: 1.77045  A-G: 4.38978  A-T: 1.83568  C-G: 0.66403  C-T: 5.22758  G-T: 1.00000
Base frequencies:  A: 0.300  C: 0.212  G: 0.273  T: 0.215
Proportion of invariable sites: 0.303
Gamma shape alpha: 0.684
Parameters optimization took 1 rounds (0.013 sec)
Time for fast ML tree search: 0.107 seconds

NOTE: ModelFinder requires 3 MB RAM!
ModelFinder will test up to 968 DNA models (sample size: 471 epsilon: 0.100) ...
 No. Model         -LnL         df  AIC          AICc         BIC
WARNING: Number of threads seems too high for short alignments. Use -T AUTO to determine best number of threads.
  1  JC            5410.196     71  10962.393    10988.017    11257.388
WARNING: Number of threads seems too high for short alignments. Use -T AUTO to determine best number of threads.
  2  JC+I          5037.362     72  10218.724    10245.136    10517.873
WARNING: Number of threads seems too high for short alignments. Use -T AUTO to determine best number of threads.
  3  JC+G4         4989.353     72  10122.706    10149.118    10421.856
WARNING: Number of threads seems too high for short alignments. Use -T AUTO to determine best number of threads.
  4  JC+I+G4       4979.040     73  10104.080    10131.294    10407.385
WARNING: Number of threads seems too high for short alignments. Use -T AUTO to determine best number of threads.
  5  JC+R2         5001.145     73  10148.291    10175.505    10451.595
WARNING: Number of threads seems too high for short alignments. Use -T AUTO to determine best number of threads.
  6  JC+R3         4980.707     75  10111.413    10140.274    10423.028
WARNING: Number of threads seems too high for short alignments. Use -T AUTO to determine best number of threads.
  7  JC+R4         4980.439     77  10114.879    10145.444    10434.803
WARNING: Number of threads seems too high for short alignments. Use -T AUTO to determine best number of threads.
 14  JC+I+R2       4980.500     74  10109.000    10137.030    10416.459
WARNING: Number of threads seems too high for short alignments. Use -T AUTO to determine best number of threads.
 15  JC+I+R3       4978.997     76  10109.994    10139.700    10425.763
 26  JC+I+G4       4979.040     73  10104.080    10131.294    10407.385
 36  JC+I+R2       4980.500     74  10109.000    10137.030    10416.459
WARNING: Number of threads seems too high for short alignments. Use -T AUTO to determine best number of threads.
 48  F81+I+G4      4978.961     73  10103.922    10131.136    10407.226
WARNING: Number of threads seems too high for short alignments. Use -T AUTO to determine best number of threads.
 58  F81+I+R2      4980.455     74  10108.910    10136.940    10416.370
WARNING: Number of threads seems too high for short alignments. Use -T AUTO to determine best number of threads.
 70  F81+F+I+G4    4956.540     76  10065.081    10094.786    10380.850
WARNING: Number of threads seems too high for short alignments. Use -T AUTO to determine best number of threads.
 80  F81+F+I+R2    4958.030     77  10070.061    10100.626    10389.985
WARNING: Number of threads seems too high for short alignments. Use -T AUTO to determine best number of threads.
 92  K2P+I+G4      4825.818     74  9799.636     9827.666     10107.096
WARNING: Number of threads seems too high for short alignments. Use -T AUTO to determine best number of threads.
102  K2P+I+R2      4827.788     75  9805.576     9834.437     10117.191
114  K2P+I+G4      4825.818     74  9799.636     9827.666     10107.096
124  K2P+I+R2      4827.788     75  9805.576     9834.437     10117.191
WARNING: Number of threads seems too high for short alignments. Use -T AUTO to determine best number of threads.
136  HKY+I+G4      4825.820     74  9799.640     9827.671     10107.100
WARNING: Number of threads seems too high for short alignments. Use -T AUTO to determine best number of threads.
146  HKY+I+R2      4827.787     75  9805.575     9834.435     10117.189
WARNING: Number of threads seems too high for short alignments. Use -T AUTO to determine best number of threads.
158  HKY+F+I+G4    4810.436     77  9774.872     9805.437     10094.796
WARNING: Number of threads seems too high for short alignments. Use -T AUTO to determine best number of threads.
168  HKY+F+I+R2    4811.867     78  9779.733     9811.172     10103.812
WARNING: Number of threads seems too high for short alignments. Use -T AUTO to determine best number of threads.
180  TNe+I+G4      4824.387     75  9798.773     9827.634     10110.388
WARNING: Number of threads seems too high for short alignments. Use -T AUTO to determine best number of threads.
190  TNe+I+R2      4825.904     76  9803.809     9833.515     10119.578
202  TNe+I+G4      4824.387     75  9798.773     9827.634     10110.388
212  TNe+I+R2      4825.904     76  9803.809     9833.515     10119.578
WARNING: Number of threads seems too high for short alignments. Use -T AUTO to determine best number of threads.
224  TN+I+G4       4824.386     75  9798.771     9827.632     10110.386
WARNING: Number of threads seems too high for short alignments. Use -T AUTO to determine best number of threads.
234  TN+I+R2       4825.902     76  9803.805     9833.510     10119.574
WARNING: Number of threads seems too high for short alignments. Use -T AUTO to determine best number of threads.
246  TN+F+I+G4     4808.803     78  9773.607     9805.046     10097.686
WARNING: Number of threads seems too high for short alignments. Use -T AUTO to determine best number of threads.
256  TN+F+I+R2     4810.658     79  9779.317     9811.644     10107.550
WARNING: Number of threads seems too high for short alignments. Use -T AUTO to determine best number of threads.
268  K3P+I+G4      4825.734     75  9801.467     9830.328     10113.082
WARNING: Number of threads seems too high for short alignments. Use -T AUTO to determine best number of threads.
278  K3P+I+R2      4827.706     76  9807.412     9837.118     10123.182
290  K3P+I+G4      4825.734     75  9801.467     9830.328     10113.082
300  K3P+I+R2      4827.706     76  9807.412     9837.118     10123.182
WARNING: Number of threads seems too high for short alignments. Use -T AUTO to determine best number of threads.
312  K3Pu+I+G4     4825.737     75  9801.473     9830.334     10113.088
WARNING: Number of threads seems too high for short alignments. Use -T AUTO to determine best number of threads.
322  K3Pu+I+R2     4827.707     76  9807.414     9837.120     10123.183
WARNING: Number of threads seems too high for short alignments. Use -T AUTO to determine best number of threads.
334  K3Pu+F+I+G4   4810.356     78  9776.713     9808.152     10100.792
WARNING: Number of threads seems too high for short alignments. Use -T AUTO to determine best number of threads.
344  K3Pu+F+I+R2   4811.787     79  9781.575     9813.902     10109.809
WARNING: Number of threads seems too high for short alignments. Use -T AUTO to determine best number of threads.
356  TPM2+I+G4     4808.071     75  9766.141     9795.002     10077.756
WARNING: Number of threads seems too high for short alignments. Use -T AUTO to determine best number of threads.
366  TPM2+I+R2     4811.512     76  9775.024     9804.730     10090.793
378  TPM2+I+G4     4808.071     75  9766.141     9795.002     10077.756
388  TPM2+I+R2     4811.512     76  9775.024     9804.730     10090.793
WARNING: Number of threads seems too high for short alignments. Use -T AUTO to determine best number of threads.
400  TPM2u+I+G4    4808.070     75  9766.140     9795.001     10077.754
WARNING: Number of threads seems too high for short alignments. Use -T AUTO to determine best number of threads.
410  TPM2u+I+R2    4811.504     76  9775.008     9804.714     10090.777
WARNING: Number of threads seems too high for short alignments. Use -T AUTO to determine best number of threads.
422  TPM2u+F+I+G4  4796.084     78  9748.168     9779.607     10072.247
WARNING: Number of threads seems too high for short alignments. Use -T AUTO to determine best number of threads.
432  TPM2u+F+I+R2  4798.600     79  9755.200     9787.528     10083.434
WARNING: Number of threads seems too high for short alignments. Use -T AUTO to determine best number of threads.
444  TPM3+I+G4     4824.716     75  9799.431     9828.292     10111.046
WARNING: Number of threads seems too high for short alignments. Use -T AUTO to determine best number of threads.
454  TPM3+I+R2     4826.833     76  9805.665     9835.371     10121.435
466  TPM3+I+G4     4824.716     75  9799.431     9828.292     10111.046
476  TPM3+I+R2     4826.833     76  9805.665     9835.371     10121.435
WARNING: Number of threads seems too high for short alignments. Use -T AUTO to determine best number of threads.
488  TPM3u+I+G4    4824.719     75  9799.437     9828.298     10111.052
WARNING: Number of threads seems too high for short alignments. Use -T AUTO to determine best number of threads.
498  TPM3u+I+R2    4826.834     76  9805.667     9835.373     10121.436
WARNING: Number of threads seems too high for short alignments. Use -T AUTO to determine best number of threads.
510  TPM3u+F+I+G4  4809.587     78  9775.173     9806.612     10099.252
WARNING: Number of threads seems too high for short alignments. Use -T AUTO to determine best number of threads.
520  TPM3u+F+I+R2  4811.173     79  9780.346     9812.674     10108.580
WARNING: Number of threads seems too high for short alignments. Use -T AUTO to determine best number of threads.
532  TIMe+I+G4     4824.305     76  9800.610     9830.315     10116.379
WARNING: Number of threads seems too high for short alignments. Use -T AUTO to determine best number of threads.
542  TIMe+I+R2     4825.819     77  9805.637     9836.202     10125.562
554  TIMe+I+G4     4824.305     76  9800.610     9830.315     10116.379
564  TIMe+I+R2     4825.819     77  9805.637     9836.202     10125.562
WARNING: Number of threads seems too high for short alignments. Use -T AUTO to determine best number of threads.
576  TIM+I+G4      4824.300     76  9800.601     9830.306     10116.370
WARNING: Number of threads seems too high for short alignments. Use -T AUTO to determine best number of threads.
586  TIM+I+R2      4825.819     77  9805.637     9836.202     10125.561
WARNING: Number of threads seems too high for short alignments. Use -T AUTO to determine best number of threads.
598  TIM+F+I+G4    4808.723     79  9775.447     9807.774     10103.681
WARNING: Number of threads seems too high for short alignments. Use -T AUTO to determine best number of threads.
608  TIM+F+I+R2    4810.575     80  9781.151     9814.381     10113.539
WARNING: Number of threads seems too high for short alignments. Use -T AUTO to determine best number of threads.
620  TIM2e+I+G4    4806.378     76  9764.755     9794.461     10080.524
WARNING: Number of threads seems too high for short alignments. Use -T AUTO to determine best number of threads.
630  TIM2e+I+R2    4809.575     77  9773.149     9803.714     10093.074
642  TIM2e+I+G4    4806.378     76  9764.755     9794.461     10080.524
652  TIM2e+I+R2    4809.575     77  9773.149     9803.714     10093.074
WARNING: Number of threads seems too high for short alignments. Use -T AUTO to determine best number of threads.
664  TIM2+I+G4     4806.343     76  9764.686     9794.392     10080.456
WARNING: Number of threads seems too high for short alignments. Use -T AUTO to determine best number of threads.
674  TIM2+I+R2     4809.562     77  9773.124     9803.689     10093.048
WARNING: Number of threads seems too high for short alignments. Use -T AUTO to determine best number of threads.
686  TIM2+F+I+G4   4794.584     79  9747.168     9779.495     10075.402
WARNING: Number of threads seems too high for short alignments. Use -T AUTO to determine best number of threads.
696  TIM2+F+I+R2   4797.367     80  9754.735     9787.965     10087.123
WARNING: Number of threads seems too high for short alignments. Use -T AUTO to determine best number of threads.
708  TIM3e+I+G4    4823.343     76  9798.686     9828.391     10114.455
WARNING: Number of threads seems too high for short alignments. Use -T AUTO to determine best number of threads.
718  TIM3e+I+R2    4825.048     77  9804.095     9834.660     10124.019
730  TIM3e+I+G4    4823.343     76  9798.686     9828.391     10114.455
740  TIM3e+I+R2    4825.048     77  9804.095     9834.660     10124.019
WARNING: Number of threads seems too high for short alignments. Use -T AUTO to determine best number of threads.
752  TIM3+I+G4     4823.344     76  9798.689     9828.394     10114.458
WARNING: Number of threads seems too high for short alignments. Use -T AUTO to determine best number of threads.
762  TIM3+I+R2     4825.033     77  9804.066     9834.631     10123.990
WARNING: Number of threads seems too high for short alignments. Use -T AUTO to determine best number of threads.
774  TIM3+F+I+G4   4807.899     79  9773.798     9806.125     10102.032
WARNING: Number of threads seems too high for short alignments. Use -T AUTO to determine best number of threads.
784  TIM3+F+I+R2   4809.902     80  9779.804     9813.034     10112.192
WARNING: Number of threads seems too high for short alignments. Use -T AUTO to determine best number of threads.
796  TVMe+I+G4     4806.117     77  9766.234     9796.799     10086.158
WARNING: Number of threads seems too high for short alignments. Use -T AUTO to determine best number of threads.
806  TVMe+I+R2     4809.762     78  9775.523     9806.962     10099.602
818  TVMe+I+G4     4806.117     77  9766.234     9796.799     10086.158
828  TVMe+I+R2     4809.762     78  9775.523     9806.962     10099.602
WARNING: Number of threads seems too high for short alignments. Use -T AUTO to determine best number of threads.
840  TVM+I+G4      4806.109     77  9766.218     9796.783     10086.142
WARNING: Number of threads seems too high for short alignments. Use -T AUTO to determine best number of threads.
850  TVM+I+R2      4809.744     78  9775.488     9806.927     10099.567
WARNING: Number of threads seems too high for short alignments. Use -T AUTO to determine best number of threads.
862  TVM+F+I+G4    4794.469     80  9748.939     9782.169     10081.327
WARNING: Number of threads seems too high for short alignments. Use -T AUTO to determine best number of threads.
872  TVM+F+I+R2    4797.179     81  9756.358     9790.507     10092.901
WARNING: Number of threads seems too high for short alignments. Use -T AUTO to determine best number of threads.
884  SYM+I+G4      4804.453     78  9764.906     9796.345     10088.985
WARNING: Number of threads seems too high for short alignments. Use -T AUTO to determine best number of threads.
894  SYM+I+R2      4807.888     79  9773.777     9806.104     10102.011
906  SYM+I+G4      4804.453     78  9764.906     9796.345     10088.985
916  SYM+I+R2      4807.888     79  9773.777     9806.104     10102.011
WARNING: Number of threads seems too high for short alignments. Use -T AUTO to determine best number of threads.
928  GTR+I+G4      4804.443     78  9764.886     9796.324     10088.965
WARNING: Number of threads seems too high for short alignments. Use -T AUTO to determine best number of threads.
938  GTR+I+R2      4807.887     79  9773.774     9806.102     10102.008
WARNING: Number of threads seems too high for short alignments. Use -T AUTO to determine best number of threads.
950  GTR+F+I+G4    4792.916     81  9747.831     9781.980     10084.375
WARNING: Number of threads seems too high for short alignments. Use -T AUTO to determine best number of threads.
960  GTR+F+I+R2    4795.902     82  9755.805     9790.887     10096.503
Akaike Information Criterion:           TIM2+F+I+G4
Corrected Akaike Information Criterion: TIM2+F+I+G4
Bayesian Information Criterion:         TPM2u+F+I+G4
Best-fit model: TPM2u+F+I+G4 chosen according to BIC

All model information printed to aln_segment_8076_to_8546.model.gz
CPU time for ModelFinder: 2.442 seconds (0h:0m:2s)
Wall-clock time for ModelFinder: 2.093 seconds (0h:0m:2s)
Generating 1000 samples for ultrafast bootstrap (seed: 812609)...

NOTE: 1 MB RAM (0 GB) is required!
WARNING: Number of threads seems too high for short alignments. Use -T AUTO to determine best number of threads.
Estimate model parameters (epsilon = 0.100)
Thoroughly optimizing +I+G parameters from 10 start values...
Init pinv, alpha: 0.000, 1.299 / Estimate: 0.000, 0.327 / LogL: -4807.158
Init pinv, alpha: 0.058, 1.299 / Estimate: 0.076, 0.375 / LogL: -4805.167
Init pinv, alpha: 0.116, 1.299 / Estimate: 0.405, 1.032 / LogL: -4796.343
Init pinv, alpha: 0.174, 1.299 / Estimate: 0.408, 1.049 / LogL: -4796.296
Init pinv, alpha: 0.232, 1.299 / Estimate: 0.405, 1.033 / LogL: -4796.342
Init pinv, alpha: 0.290, 1.299 / Estimate: 0.406, 1.039 / LogL: -4796.323
Init pinv, alpha: 0.348, 1.299 / Estimate: 0.408, 1.046 / LogL: -4796.305
Init pinv, alpha: 0.406, 1.299 / Estimate: 0.421, 1.132 / LogL: -4796.134
Init pinv, alpha: 0.464, 1.299 / Estimate: 0.445, 1.311 / LogL: -4796.144
Init pinv, alpha: 0.522, 1.299 / Estimate: 0.444, 1.303 / LogL: -4796.136
Optimal pinv,alpha: 0.421, 1.132 / LogL: -4796.134

Parameters optimization took 0.907 sec
Wrote distance file to... 
Computing ML distances based on estimated model parameters...
Calculating distance matrix: done in 0.000699043 secs using 373.2% CPU
Computing ML distances took 0.000798 sec (of wall-clock time) 0.002678 sec (of CPU time)
Setting up auxiliary I and S matrices: done in 5.79357e-05 secs using 134.6% CPU
Constructing RapidNJ tree: done in 0.00172186 secs using 58.48% CPU
Computing RapidNJ tree took 0.001805 sec (of wall-clock time) 0.001097 sec (of CPU time)
Log-likelihood of RapidNJ tree: -4805.015
--------------------------------------------------------------------
|             INITIALIZING CANDIDATE TREE SET                      |
--------------------------------------------------------------------
Generating 98 parsimony trees... 0.132 second
Computing log-likelihood of 98 initial trees ... 0.481 seconds
Current best score: -4796.134

Do NNI search on 20 best initial trees
Estimate model parameters (epsilon = 0.100)
BETTER TREE FOUND at iteration 1: -4796.114
Iteration 10 / LogL: -4796.120 / Time: 0h:0m:4s
Iteration 20 / LogL: -4797.441 / Time: 0h:0m:4s
Finish initializing candidate tree set (8)
Current best tree score: -4796.114 / CPU time: 1.778
Number of iterations: 20
--------------------------------------------------------------------
|               OPTIMIZING CANDIDATE TREE SET                      |
--------------------------------------------------------------------
Estimate model parameters (epsilon = 0.100)
BETTER TREE FOUND at iteration 27: -4794.794
Iteration 30 / LogL: -4794.831 / Time: 0h:0m:5s (0h:0m:12s left)
Iteration 40 / LogL: -4796.173 / Time: 0h:0m:6s (0h:0m:10s left)
Iteration 50 / LogL: -4796.161 / Time: 0h:0m:7s (0h:0m:9s left)
Log-likelihood cutoff on original alignment: -4826.498
Iteration 60 / LogL: -4795.162 / Time: 0h:0m:9s (0h:0m:7s left)
Iteration 70 / LogL: -4799.717 / Time: 0h:0m:10s (0h:0m:6s left)
Iteration 80 / LogL: -4796.590 / Time: 0h:0m:11s (0h:0m:5s left)
Iteration 90 / LogL: -4796.179 / Time: 0h:0m:12s (0h:0m:4s left)
Iteration 100 / LogL: -4805.180 / Time: 0h:0m:13s (0h:0m:3s left)
Log-likelihood cutoff on original alignment: -4826.498
NOTE: Bootstrap correlation coefficient of split occurrence frequencies: 0.994
Iteration 110 / LogL: -4795.129 / Time: 0h:0m:14s (0h:0m:10s left)
Iteration 120 / LogL: -4794.876 / Time: 0h:0m:15s (0h:0m:9s left)
TREE SEARCH COMPLETED AFTER 128 ITERATIONS / Time: 0h:0m:16s

--------------------------------------------------------------------
|                    FINALIZING TREE SEARCH                        |
--------------------------------------------------------------------
Performs final model parameters optimization
Estimate model parameters (epsilon = 0.010)
1. Initial log-likelihood: -4794.794
Optimal log-likelihood: -4794.792
Rate parameters:  A-C: 2.11509  A-G: 5.63553  A-T: 2.11509  C-G: 1.00000  C-T: 5.63553  G-T: 1.00000
Base frequencies:  A: 0.300  C: 0.212  G: 0.273  T: 0.215
Proportion of invariable sites: 0.427
Gamma shape alpha: 1.148
Parameters optimization took 1 rounds (0.007 sec)
BEST SCORE FOUND : -4794.792
Creating bootstrap support values...
Split supports printed to NEXUS file aln_segment_8076_to_8546.splits.nex
Total tree length: 2.336

Total number of iterations: 128
CPU time used for tree search: 9.632 sec (0h:0m:9s)
Wall-clock time used for tree search: 13.505 sec (0h:0m:13s)
Total CPU time used: 13.337 sec (0h:0m:13s)
Total wall-clock time used: 16.575 sec (0h:0m:16s)

Computing bootstrap consensus tree...
Reading input file aln_segment_8076_to_8546.splits.nex...
37 taxa and 246 splits.
Consensus tree written to aln_segment_8076_to_8546.contree
Reading input trees file aln_segment_8076_to_8546.contree
Log-likelihood of consensus tree: -4796.125

Analysis results written to: 
  IQ-TREE report:                aln_segment_8076_to_8546.iqtree
  Maximum-likelihood tree:       aln_segment_8076_to_8546.treefile
  Likelihood distances:          aln_segment_8076_to_8546.mldist

Ultrafast bootstrap approximation results written to:
  Split support values:          aln_segment_8076_to_8546.splits.nex
  Consensus tree:                aln_segment_8076_to_8546.contree
  Screen log file:               aln_segment_8076_to_8546.log

Date and Time: Mon Jan 19 16:47:42 2026
