IQ-TREE version 3.0.1 for MacOS ARM 64-bit built Jun 30 2025
Developed by Bui Quang Minh, Thomas Wong, Nhan Ly-Trong, Huaiyan Ren
Contributed by Lam-Tung Nguyen, Dominik Schrempf, Chris Bielow,
Olga Chernomor, Michael Woodhams, Diep Thi Hoang, Heiko Schmidt

Host:    SUN1032320 (SSE4.2, 36 GB RAM)
Command: iqtree3 -s aln_segment_476_to_950.fasta -m MFP -B 1000 -T 4 -pre aln_segment_476_to_950
Seed:    927141 (Using SPRNG - Scalable Parallel Random Number Generator)
Time:    Mon Jan 19 16:41:25 2026
Kernel:  SSE2 - 4 threads (14 CPU cores detected)

Reading alignment file aln_segment_476_to_950.fasta ... Fasta format detected
Reading fasta file: done in 0.000221968 secs using 86.05% CPU
Alignment most likely contains DNA/RNA sequences
Constructing alignment: done in 0.000277042 secs using 63.53% CPU
Alignment has 37 sequences with 475 columns, 161 distinct patterns
125 parsimony-informative, 51 singleton sites, 299 constant sites
                                Gap/Ambiguity  Composition  p-value
Analyzing sequences: done in 1.3113e-05 secs using 114.4% CPU
   1  B.FR.83.HXBLAI_IIIB_BRU.K03455    0.00%    passed     98.14%
   2  A                                 0.00%    passed     98.59%
   3  A1                                0.00%    passed     99.80%
   4  A2                                0.00%    passed     97.54%
   5  A3                                0.00%    passed     92.32%
   6  A6                                0.00%    passed     95.83%
   7  B                                 0.00%    passed     96.64%
   8  C                                 0.00%    passed     93.48%
   9  D                                 0.00%    passed     99.86%
  10  F1                                0.00%    passed     91.60%
  11  F2                                0.00%    passed     95.69%
  12  G                                 0.00%    passed     99.88%
  13  H                                 0.00%    passed     97.06%
  14  J                                 0.00%    passed     91.66%
  15  K                                 0.00%    passed     86.21%
  16  L                                 0.00%    passed     91.03%
  17  AE                                0.00%    passed     97.74%
  18  AG                                0.00%    passed     95.74%
  19  cpx                               0.00%    passed     99.03%
  20  DF                                0.00%    passed     97.75%
  21  BC                                0.00%    passed     87.44%
  22  CD                                0.00%    passed     99.98%
  23  BF                                0.00%    passed     96.86%
  24  BG                                0.00%    passed     98.90%
  25  01B                               0.00%    passed     97.94%
  26  A2D                               0.00%    passed     99.65%
  27  01A1                              0.00%    passed     98.62%
  28  A5U                               0.00%    passed     99.34%
  29  AD                                0.00%    passed     98.08%
  30  BF1                               0.00%    passed     97.77%
  31  02G                               0.00%    passed     99.44%
  32  A1D                               0.00%    passed     99.12%
  33  02A                               0.00%    passed     94.40%
  34  C2U                               0.00%    passed     99.33%
  35  02B                               0.00%    passed     86.81%
  36  01C                               0.00%    passed     96.55%
  37  CPZ                               0.42%    passed     63.86%
****  TOTAL                             0.01%  0 sequences failed composition chi2 test (p-value<5%; df=3)
Checking for duplicate sequences: done in 4.88758e-05 secs using 69.56% CPU


Create initial parsimony tree by phylogenetic likelihood library (PLL)... 0.001 seconds
WARNING: Number of threads seems too high for short alignments. Use -T AUTO to determine best number of threads.
Perform fast likelihood tree search using GTR+I+G model...
Estimate model parameters (epsilon = 5.000)
Perform nearest neighbor interchange...
Estimate model parameters (epsilon = 1.000)
1. Initial log-likelihood: -3042.480
Optimal log-likelihood: -3041.960
Rate parameters:  A-C: 0.77049  A-G: 6.27255  A-T: 1.18021  C-G: 0.83613  C-T: 11.06197  G-T: 1.00000
Base frequencies:  A: 0.369  C: 0.199  G: 0.229  T: 0.203
Proportion of invariable sites: 0.337
Gamma shape alpha: 0.508
Parameters optimization took 1 rounds (0.011 sec)
Time for fast ML tree search: 0.155 seconds

NOTE: ModelFinder requires 2 MB RAM!
ModelFinder will test up to 968 DNA models (sample size: 475 epsilon: 0.100) ...
 No. Model         -LnL         df  AIC          AICc         BIC
WARNING: Number of threads seems too high for short alignments. Use -T AUTO to determine best number of threads.
  1  JC            3537.680     71  7217.360     7242.729     7512.955
WARNING: Number of threads seems too high for short alignments. Use -T AUTO to determine best number of threads.
  2  JC+I          3315.371     72  6774.743     6800.892     7074.501
WARNING: Number of threads seems too high for short alignments. Use -T AUTO to determine best number of threads.
  3  JC+G4         3290.250     72  6724.500     6750.649     7024.259
WARNING: Number of threads seems too high for short alignments. Use -T AUTO to determine best number of threads.
  4  JC+I+G4       3286.270     73  6718.541     6745.483     7022.463
WARNING: Number of threads seems too high for short alignments. Use -T AUTO to determine best number of threads.
  5  JC+R2         3292.836     73  6731.672     6758.614     7035.594
WARNING: Number of threads seems too high for short alignments. Use -T AUTO to determine best number of threads.
  6  JC+R3         3284.739     75  6719.479     6748.050     7031.727
WARNING: Number of threads seems too high for short alignments. Use -T AUTO to determine best number of threads.
  7  JC+R4         3284.326     77  6722.652     6752.909     7043.227
WARNING: Number of threads seems too high for short alignments. Use -T AUTO to determine best number of threads.
 14  JC+I+R2       3285.905     74  6719.811     6747.561     7027.896
WARNING: Number of threads seems too high for short alignments. Use -T AUTO to determine best number of threads.
 15  JC+I+R3       3284.679     76  6721.358     6750.765     7037.769
 25  JC+G4         3290.250     72  6724.500     6750.649     7024.259
 26  JC+I+G4       3286.270     73  6718.541     6745.483     7022.463
 28  JC+R3         3284.739     75  6719.479     6748.050     7031.727
 36  JC+I+R2       3285.905     74  6719.811     6747.561     7027.896
WARNING: Number of threads seems too high for short alignments. Use -T AUTO to determine best number of threads.
 47  F81+G4        3290.249     72  6724.499     6750.648     7024.257
WARNING: Number of threads seems too high for short alignments. Use -T AUTO to determine best number of threads.
 48  F81+I+G4      3286.193     73  6718.386     6745.328     7022.308
WARNING: Number of threads seems too high for short alignments. Use -T AUTO to determine best number of threads.
 50  F81+R3        3284.613     75  6719.225     6747.797     7031.474
WARNING: Number of threads seems too high for short alignments. Use -T AUTO to determine best number of threads.
 58  F81+I+R2      3285.841     74  6719.683     6747.433     7027.768
WARNING: Number of threads seems too high for short alignments. Use -T AUTO to determine best number of threads.
 69  F81+F+G4      3273.602     75  6697.203     6725.775     7009.452
WARNING: Number of threads seems too high for short alignments. Use -T AUTO to determine best number of threads.
 70  F81+F+I+G4    3268.968     76  6689.935     6719.342     7006.347
WARNING: Number of threads seems too high for short alignments. Use -T AUTO to determine best number of threads.
 72  F81+F+R3      3267.962     78  6691.924     6723.045     7016.663
WARNING: Number of threads seems too high for short alignments. Use -T AUTO to determine best number of threads.
 80  F81+F+I+R2    3267.106     77  6688.212     6718.469     7008.787
WARNING: Number of threads seems too high for short alignments. Use -T AUTO to determine best number of threads.
 91  K2P+G4        3077.406     73  6300.812     6327.755     6604.734
WARNING: Number of threads seems too high for short alignments. Use -T AUTO to determine best number of threads.
 92  K2P+I+G4      3072.718     74  6293.436     6321.186     6601.521
WARNING: Number of threads seems too high for short alignments. Use -T AUTO to determine best number of threads.
 94  K2P+R3        3071.973     76  6295.945     6325.352     6612.357
WARNING: Number of threads seems too high for short alignments. Use -T AUTO to determine best number of threads.
102  K2P+I+R2      3072.731     75  6295.462     6324.034     6607.711
113  K2P+G4        3077.406     73  6300.812     6327.755     6604.734
114  K2P+I+G4      3072.718     74  6293.436     6321.186     6601.521
116  K2P+R3        3071.973     76  6295.945     6325.352     6612.357
124  K2P+I+R2      3072.731     75  6295.462     6324.034     6607.711
WARNING: Number of threads seems too high for short alignments. Use -T AUTO to determine best number of threads.
135  HKY+G4        3077.398     73  6300.797     6327.739     6604.719
WARNING: Number of threads seems too high for short alignments. Use -T AUTO to determine best number of threads.
136  HKY+I+G4      3072.692     74  6293.384     6321.134     6601.469
WARNING: Number of threads seems too high for short alignments. Use -T AUTO to determine best number of threads.
138  HKY+R3        3071.943     76  6295.886     6325.293     6612.298
WARNING: Number of threads seems too high for short alignments. Use -T AUTO to determine best number of threads.
146  HKY+I+R2      3072.736     75  6295.472     6324.044     6607.721
WARNING: Number of threads seems too high for short alignments. Use -T AUTO to determine best number of threads.
157  HKY+F+G4      3053.574     76  6259.148     6288.555     6575.559
WARNING: Number of threads seems too high for short alignments. Use -T AUTO to determine best number of threads.
158  HKY+F+I+G4    3048.309     77  6250.619     6280.875     6571.194
WARNING: Number of threads seems too high for short alignments. Use -T AUTO to determine best number of threads.
160  HKY+F+R3      3047.408     79  6252.816     6284.816     6581.718
WARNING: Number of threads seems too high for short alignments. Use -T AUTO to determine best number of threads.
168  HKY+F+I+R2    3048.636     78  6253.272     6284.393     6578.011
WARNING: Number of threads seems too high for short alignments. Use -T AUTO to determine best number of threads.
179  TNe+G4        3077.335     74  6302.671     6330.421     6610.756
WARNING: Number of threads seems too high for short alignments. Use -T AUTO to determine best number of threads.
180  TNe+I+G4      3072.289     75  6294.579     6323.150     6606.828
WARNING: Number of threads seems too high for short alignments. Use -T AUTO to determine best number of threads.
182  TNe+R3        3071.772     77  6297.544     6327.801     6618.119
WARNING: Number of threads seems too high for short alignments. Use -T AUTO to determine best number of threads.
190  TNe+I+R2      3071.381     76  6294.762     6324.169     6611.173
201  TNe+G4        3077.335     74  6302.671     6330.421     6610.756
202  TNe+I+G4      3072.289     75  6294.579     6323.150     6606.828
204  TNe+R3        3071.772     77  6297.544     6327.801     6618.119
212  TNe+I+R2      3071.381     76  6294.762     6324.169     6611.173
WARNING: Number of threads seems too high for short alignments. Use -T AUTO to determine best number of threads.
223  TN+G4         3077.337     74  6302.674     6330.424     6610.760
WARNING: Number of threads seems too high for short alignments. Use -T AUTO to determine best number of threads.
224  TN+I+G4       3072.199     75  6294.397     6322.969     6606.646
WARNING: Number of threads seems too high for short alignments. Use -T AUTO to determine best number of threads.
226  TN+R3         3071.707     77  6297.415     6327.672     6617.990
WARNING: Number of threads seems too high for short alignments. Use -T AUTO to determine best number of threads.
234  TN+I+R2       3071.375     76  6294.750     6324.157     6611.162
WARNING: Number of threads seems too high for short alignments. Use -T AUTO to determine best number of threads.
245  TN+F+G4       3048.388     77  6250.776     6281.033     6571.351
WARNING: Number of threads seems too high for short alignments. Use -T AUTO to determine best number of threads.
246  TN+F+I+G4     3041.176     78  6238.353     6269.474     6563.091
WARNING: Number of threads seems too high for short alignments. Use -T AUTO to determine best number of threads.
248  TN+F+R3       3041.504     80  6243.009     6275.902     6576.074
WARNING: Number of threads seems too high for short alignments. Use -T AUTO to determine best number of threads.
256  TN+F+I+R2     3039.808     79  6237.616     6269.616     6566.518
WARNING: Number of threads seems too high for short alignments. Use -T AUTO to determine best number of threads.
267  K3P+G4        3076.813     74  6301.626     6329.376     6609.711
WARNING: Number of threads seems too high for short alignments. Use -T AUTO to determine best number of threads.
268  K3P+I+G4      3072.157     75  6294.313     6322.885     6606.562
WARNING: Number of threads seems too high for short alignments. Use -T AUTO to determine best number of threads.
270  K3P+R3        3071.483     77  6296.967     6327.224     6617.542
WARNING: Number of threads seems too high for short alignments. Use -T AUTO to determine best number of threads.
278  K3P+I+R2      3072.208     76  6296.415     6325.822     6612.827
289  K3P+G4        3076.813     74  6301.626     6329.376     6609.711
290  K3P+I+G4      3072.157     75  6294.313     6322.885     6606.562
292  K3P+R3        3071.483     77  6296.967     6327.224     6617.542
300  K3P+I+R2      3072.208     76  6296.415     6325.822     6612.827
WARNING: Number of threads seems too high for short alignments. Use -T AUTO to determine best number of threads.
311  K3Pu+G4       3076.812     74  6301.624     6329.374     6609.709
WARNING: Number of threads seems too high for short alignments. Use -T AUTO to determine best number of threads.
312  K3Pu+I+G4     3072.143     75  6294.286     6322.858     6606.535
WARNING: Number of threads seems too high for short alignments. Use -T AUTO to determine best number of threads.
314  K3Pu+R3       3071.484     77  6296.967     6327.224     6617.543
WARNING: Number of threads seems too high for short alignments. Use -T AUTO to determine best number of threads.
322  K3Pu+I+R2     3072.213     76  6296.426     6325.833     6612.838
WARNING: Number of threads seems too high for short alignments. Use -T AUTO to determine best number of threads.
333  K3Pu+F+G4     3053.128     77  6260.256     6290.513     6580.831
WARNING: Number of threads seems too high for short alignments. Use -T AUTO to determine best number of threads.
334  K3Pu+F+I+G4   3047.790     78  6251.580     6282.701     6576.318
WARNING: Number of threads seems too high for short alignments. Use -T AUTO to determine best number of threads.
336  K3Pu+F+R3     3047.392     80  6254.784     6287.678     6587.850
WARNING: Number of threads seems too high for short alignments. Use -T AUTO to determine best number of threads.
344  K3Pu+F+I+R2   3048.165     79  6254.330     6286.330     6583.232
WARNING: Number of threads seems too high for short alignments. Use -T AUTO to determine best number of threads.
355  TPM2+G4       3075.635     74  6299.270     6327.020     6607.356
WARNING: Number of threads seems too high for short alignments. Use -T AUTO to determine best number of threads.
356  TPM2+I+G4     3071.074     75  6292.148     6320.719     6604.396
WARNING: Number of threads seems too high for short alignments. Use -T AUTO to determine best number of threads.
358  TPM2+R3       3069.976     77  6293.951     6324.208     6614.526
WARNING: Number of threads seems too high for short alignments. Use -T AUTO to determine best number of threads.
366  TPM2+I+R2     3071.108     76  6294.215     6323.622     6610.627
377  TPM2+G4       3075.635     74  6299.270     6327.020     6607.356
378  TPM2+I+G4     3071.074     75  6292.148     6320.719     6604.396
380  TPM2+R3       3069.976     77  6293.951     6324.208     6614.526
388  TPM2+I+R2     3071.108     76  6294.215     6323.622     6610.627
WARNING: Number of threads seems too high for short alignments. Use -T AUTO to determine best number of threads.
399  TPM2u+G4      3075.635     74  6299.270     6327.020     6607.355
WARNING: Number of threads seems too high for short alignments. Use -T AUTO to determine best number of threads.
400  TPM2u+I+G4    3071.046     75  6292.092     6320.663     6604.340
WARNING: Number of threads seems too high for short alignments. Use -T AUTO to determine best number of threads.
402  TPM2u+R3      3069.971     77  6293.943     6324.200     6614.518
WARNING: Number of threads seems too high for short alignments. Use -T AUTO to determine best number of threads.
410  TPM2u+I+R2    3071.113     76  6294.226     6323.633     6610.638
WARNING: Number of threads seems too high for short alignments. Use -T AUTO to determine best number of threads.
421  TPM2u+F+G4    3053.537     77  6261.074     6291.331     6581.649
WARNING: Number of threads seems too high for short alignments. Use -T AUTO to determine best number of threads.
422  TPM2u+F+I+G4  3048.259     78  6252.518     6283.639     6577.257
WARNING: Number of threads seems too high for short alignments. Use -T AUTO to determine best number of threads.
424  TPM2u+F+R3    3047.834     80  6255.668     6288.562     6588.734
WARNING: Number of threads seems too high for short alignments. Use -T AUTO to determine best number of threads.
432  TPM2u+F+I+R2  3048.705     79  6255.410     6287.410     6584.312
WARNING: Number of threads seems too high for short alignments. Use -T AUTO to determine best number of threads.
443  TPM3+G4       3076.782     74  6301.563     6329.313     6609.649
WARNING: Number of threads seems too high for short alignments. Use -T AUTO to determine best number of threads.
444  TPM3+I+G4     3071.617     75  6293.234     6321.806     6605.483
WARNING: Number of threads seems too high for short alignments. Use -T AUTO to determine best number of threads.
446  TPM3+R3       3070.806     77  6295.612     6325.869     6616.187
WARNING: Number of threads seems too high for short alignments. Use -T AUTO to determine best number of threads.
454  TPM3+I+R2     3071.478     76  6294.956     6324.363     6611.368
465  TPM3+G4       3076.782     74  6301.563     6329.313     6609.649
466  TPM3+I+G4     3071.617     75  6293.234     6321.806     6605.483
468  TPM3+R3       3070.806     77  6295.612     6325.869     6616.187
476  TPM3+I+R2     3071.478     76  6294.956     6324.363     6611.368
WARNING: Number of threads seems too high for short alignments. Use -T AUTO to determine best number of threads.
487  TPM3u+G4      3076.781     74  6301.562     6329.312     6609.647
WARNING: Number of threads seems too high for short alignments. Use -T AUTO to determine best number of threads.
488  TPM3u+I+G4    3071.605     75  6293.210     6321.782     6605.459
WARNING: Number of threads seems too high for short alignments. Use -T AUTO to determine best number of threads.
490  TPM3u+R3      3070.791     77  6295.583     6325.840     6616.158
WARNING: Number of threads seems too high for short alignments. Use -T AUTO to determine best number of threads.
498  TPM3u+I+R2    3071.477     76  6294.953     6324.360     6611.365
WARNING: Number of threads seems too high for short alignments. Use -T AUTO to determine best number of threads.
509  TPM3u+F+G4    3053.135     77  6260.271     6290.528     6580.846
WARNING: Number of threads seems too high for short alignments. Use -T AUTO to determine best number of threads.
510  TPM3u+F+I+G4  3047.334     78  6250.667     6281.789     6575.406
WARNING: Number of threads seems too high for short alignments. Use -T AUTO to determine best number of threads.
512  TPM3u+F+R3    3046.817     80  6253.634     6286.528     6586.700
WARNING: Number of threads seems too high for short alignments. Use -T AUTO to determine best number of threads.
520  TPM3u+F+I+R2  3047.487     79  6252.973     6284.973     6581.875
WARNING: Number of threads seems too high for short alignments. Use -T AUTO to determine best number of threads.
531  TIMe+G4       3076.752     75  6303.503     6332.075     6615.752
WARNING: Number of threads seems too high for short alignments. Use -T AUTO to determine best number of threads.
532  TIMe+I+G4     3071.543     76  6295.085     6324.492     6611.497
WARNING: Number of threads seems too high for short alignments. Use -T AUTO to determine best number of threads.
534  TIMe+R3       3071.342     78  6298.683     6329.805     6623.422
WARNING: Number of threads seems too high for short alignments. Use -T AUTO to determine best number of threads.
542  TIMe+I+R2     3070.882     77  6295.764     6326.020     6616.339
553  TIMe+G4       3076.752     75  6303.503     6332.075     6615.752
554  TIMe+I+G4     3071.543     76  6295.085     6324.492     6611.497
556  TIMe+R3       3071.342     78  6298.683     6329.805     6623.422
564  TIMe+I+R2     3070.882     77  6295.764     6326.020     6616.339
WARNING: Number of threads seems too high for short alignments. Use -T AUTO to determine best number of threads.
575  TIM+G4        3076.753     75  6303.506     6332.077     6615.755
WARNING: Number of threads seems too high for short alignments. Use -T AUTO to determine best number of threads.
576  TIM+I+G4      3071.538     76  6295.076     6324.484     6611.488
WARNING: Number of threads seems too high for short alignments. Use -T AUTO to determine best number of threads.
578  TIM+R3        3071.315     78  6298.631     6329.752     6623.369
WARNING: Number of threads seems too high for short alignments. Use -T AUTO to determine best number of threads.
586  TIM+I+R2      3070.887     77  6295.774     6326.031     6616.350
WARNING: Number of threads seems too high for short alignments. Use -T AUTO to determine best number of threads.
597  TIM+F+G4      3047.936     78  6251.872     6282.993     6576.611
WARNING: Number of threads seems too high for short alignments. Use -T AUTO to determine best number of threads.
598  TIM+F+I+G4    3040.731     79  6239.462     6271.462     6568.364
WARNING: Number of threads seems too high for short alignments. Use -T AUTO to determine best number of threads.
600  TIM+F+R3      3040.982     81  6243.963     6277.765     6581.192
WARNING: Number of threads seems too high for short alignments. Use -T AUTO to determine best number of threads.
608  TIM+F+I+R2    3039.356     80  6238.713     6271.606     6571.778
WARNING: Number of threads seems too high for short alignments. Use -T AUTO to determine best number of threads.
619  TIM2e+G4      3075.601     75  6301.203     6329.774     6613.451
WARNING: Number of threads seems too high for short alignments. Use -T AUTO to determine best number of threads.
620  TIM2e+I+G4    3070.756     76  6293.511     6322.918     6609.923
WARNING: Number of threads seems too high for short alignments. Use -T AUTO to determine best number of threads.
622  TIM2e+R3      3069.863     78  6295.726     6326.847     6620.464
WARNING: Number of threads seems too high for short alignments. Use -T AUTO to determine best number of threads.
630  TIM2e+I+R2    3069.918     77  6293.835     6324.092     6614.410
641  TIM2e+G4      3075.601     75  6301.203     6329.774     6613.451
642  TIM2e+I+G4    3070.756     76  6293.511     6322.918     6609.923
644  TIM2e+R3      3069.863     78  6295.726     6326.847     6620.464
652  TIM2e+I+R2    3069.918     77  6293.835     6324.092     6614.410
WARNING: Number of threads seems too high for short alignments. Use -T AUTO to determine best number of threads.
663  TIM2+G4       3075.604     75  6301.208     6329.779     6613.456
WARNING: Number of threads seems too high for short alignments. Use -T AUTO to determine best number of threads.
664  TIM2+I+G4     3070.664     76  6293.327     6322.734     6609.739
WARNING: Number of threads seems too high for short alignments. Use -T AUTO to determine best number of threads.
666  TIM2+R3       3069.834     78  6295.669     6326.790     6620.407
WARNING: Number of threads seems too high for short alignments. Use -T AUTO to determine best number of threads.
674  TIM2+I+R2     3069.902     77  6293.805     6324.062     6614.380
WARNING: Number of threads seems too high for short alignments. Use -T AUTO to determine best number of threads.
685  TIM2+F+G4     3048.358     78  6252.715     6283.837     6577.454
WARNING: Number of threads seems too high for short alignments. Use -T AUTO to determine best number of threads.
686  TIM2+F+I+G4   3041.169     79  6240.338     6272.338     6569.240
WARNING: Number of threads seems too high for short alignments. Use -T AUTO to determine best number of threads.
688  TIM2+F+R3     3041.354     81  6244.707     6278.509     6581.936
WARNING: Number of threads seems too high for short alignments. Use -T AUTO to determine best number of threads.
696  TIM2+F+I+R2   3039.814     80  6239.629     6272.522     6572.694
WARNING: Number of threads seems too high for short alignments. Use -T AUTO to determine best number of threads.
707  TIM3e+G4      3076.702     75  6303.404     6331.975     6615.652
WARNING: Number of threads seems too high for short alignments. Use -T AUTO to determine best number of threads.
708  TIM3e+I+G4    3071.208     76  6294.417     6323.824     6610.829
WARNING: Number of threads seems too high for short alignments. Use -T AUTO to determine best number of threads.
710  TIM3e+R3      3070.358     78  6296.715     6327.836     6621.454
WARNING: Number of threads seems too high for short alignments. Use -T AUTO to determine best number of threads.
718  TIM3e+I+R2    3070.000     77  6294.000     6324.257     6614.575
729  TIM3e+G4      3076.702     75  6303.404     6331.975     6615.652
730  TIM3e+I+G4    3071.208     76  6294.417     6323.824     6610.829
732  TIM3e+R3      3070.358     78  6296.715     6327.836     6621.454
740  TIM3e+I+R2    3070.000     77  6294.000     6324.257     6614.575
WARNING: Number of threads seems too high for short alignments. Use -T AUTO to determine best number of threads.
751  TIM3+G4       3076.704     75  6303.408     6331.979     6615.656
WARNING: Number of threads seems too high for short alignments. Use -T AUTO to determine best number of threads.
752  TIM3+I+G4     3071.113     76  6294.227     6323.634     6610.639
WARNING: Number of threads seems too high for short alignments. Use -T AUTO to determine best number of threads.
754  TIM3+R3       3070.317     78  6296.635     6327.756     6621.373
WARNING: Number of threads seems too high for short alignments. Use -T AUTO to determine best number of threads.
762  TIM3+I+R2     3069.988     77  6293.976     6324.233     6614.551
WARNING: Number of threads seems too high for short alignments. Use -T AUTO to determine best number of threads.
773  TIM3+F+G4     3047.841     78  6251.682     6282.803     6576.421
WARNING: Number of threads seems too high for short alignments. Use -T AUTO to determine best number of threads.
774  TIM3+F+I+G4   3040.180     79  6238.359     6270.359     6567.261
WARNING: Number of threads seems too high for short alignments. Use -T AUTO to determine best number of threads.
776  TIM3+F+R3     3040.314     81  6242.627     6276.429     6579.856
WARNING: Number of threads seems too high for short alignments. Use -T AUTO to determine best number of threads.
784  TIM3+F+I+R2   3038.467     80  6236.934     6269.827     6569.999
WARNING: Number of threads seems too high for short alignments. Use -T AUTO to determine best number of threads.
795  TVMe+G4       3074.710     76  6301.420     6330.827     6617.832
WARNING: Number of threads seems too high for short alignments. Use -T AUTO to determine best number of threads.
796  TVMe+I+G4     3070.033     77  6294.066     6324.323     6614.642
WARNING: Number of threads seems too high for short alignments. Use -T AUTO to determine best number of threads.
798  TVMe+R3       3068.648     79  6295.296     6327.296     6624.198
WARNING: Number of threads seems too high for short alignments. Use -T AUTO to determine best number of threads.
806  TVMe+I+R2     3069.746     78  6295.492     6326.613     6620.230
817  TVMe+G4       3074.710     76  6301.420     6330.827     6617.832
818  TVMe+I+G4     3070.033     77  6294.066     6324.323     6614.642
820  TVMe+R3       3068.648     79  6295.296     6327.296     6624.198
828  TVMe+I+R2     3069.746     78  6295.492     6326.613     6620.230
WARNING: Number of threads seems too high for short alignments. Use -T AUTO to determine best number of threads.
839  TVM+G4        3074.712     76  6301.424     6330.832     6617.836
WARNING: Number of threads seems too high for short alignments. Use -T AUTO to determine best number of threads.
840  TVM+I+G4      3069.926     77  6293.851     6324.108     6614.426
WARNING: Number of threads seems too high for short alignments. Use -T AUTO to determine best number of threads.
842  TVM+R3        3068.627     79  6295.255     6327.255     6624.157
WARNING: Number of threads seems too high for short alignments. Use -T AUTO to determine best number of threads.
850  TVM+I+R2      3069.722     78  6295.443     6326.565     6620.182
WARNING: Number of threads seems too high for short alignments. Use -T AUTO to determine best number of threads.
861  TVM+F+G4      3052.867     79  6263.735     6295.735     6592.637
WARNING: Number of threads seems too high for short alignments. Use -T AUTO to determine best number of threads.
862  TVM+F+I+G4    3047.161     80  6254.322     6287.215     6587.387
WARNING: Number of threads seems too high for short alignments. Use -T AUTO to determine best number of threads.
864  TVM+F+R3      3046.596     82  6257.193     6291.917     6598.584
WARNING: Number of threads seems too high for short alignments. Use -T AUTO to determine best number of threads.
872  TVM+F+I+R2    3047.304     81  6256.607     6290.409     6593.836
WARNING: Number of threads seems too high for short alignments. Use -T AUTO to determine best number of threads.
883  SYM+G4        3074.670     77  6303.339     6333.596     6623.914
WARNING: Number of threads seems too high for short alignments. Use -T AUTO to determine best number of threads.
884  SYM+I+G4      3069.308     78  6294.616     6325.737     6619.354
WARNING: Number of threads seems too high for short alignments. Use -T AUTO to determine best number of threads.
886  SYM+R3        3068.476     80  6296.951     6329.845     6630.017
WARNING: Number of threads seems too high for short alignments. Use -T AUTO to determine best number of threads.
894  SYM+I+R2      3068.355     79  6294.710     6326.710     6623.612
905  SYM+G4        3074.670     77  6303.339     6333.596     6623.914
906  SYM+I+G4      3069.308     78  6294.616     6325.737     6619.354
908  SYM+R3        3068.476     80  6296.951     6329.845     6630.017
916  SYM+I+R2      3068.355     79  6294.710     6326.710     6623.612
WARNING: Number of threads seems too high for short alignments. Use -T AUTO to determine best number of threads.
927  GTR+G4        3074.671     77  6303.342     6333.599     6623.917
WARNING: Number of threads seems too high for short alignments. Use -T AUTO to determine best number of threads.
928  GTR+I+G4      3069.277     78  6294.554     6325.676     6619.293
WARNING: Number of threads seems too high for short alignments. Use -T AUTO to determine best number of threads.
930  GTR+R3        3068.467     80  6296.933     6329.827     6629.999
WARNING: Number of threads seems too high for short alignments. Use -T AUTO to determine best number of threads.
938  GTR+I+R2      3068.360     79  6294.719     6326.719     6623.621
WARNING: Number of threads seems too high for short alignments. Use -T AUTO to determine best number of threads.
949  GTR+F+G4      3047.591     80  6255.181     6288.075     6588.247
WARNING: Number of threads seems too high for short alignments. Use -T AUTO to determine best number of threads.
950  GTR+F+I+G4    3040.038     81  6242.075     6275.877     6579.304
WARNING: Number of threads seems too high for short alignments. Use -T AUTO to determine best number of threads.
952  GTR+F+R3      3040.098     83  6246.197     6281.859     6591.752
WARNING: Number of threads seems too high for short alignments. Use -T AUTO to determine best number of threads.
960  GTR+F+I+R2    3038.363     82  6240.725     6275.450     6582.117
Akaike Information Criterion:           TIM3+F+I+R2
Corrected Akaike Information Criterion: TN+F+I+G4
Bayesian Information Criterion:         TN+F+I+G4
Best-fit model: TN+F+I+G4 chosen according to BIC

All model information printed to aln_segment_476_to_950.model.gz
CPU time for ModelFinder: 7.571 seconds (0h:0m:7s)
Wall-clock time for ModelFinder: 6.550 seconds (0h:0m:6s)
Generating 1000 samples for ultrafast bootstrap (seed: 927141)...

NOTE: 1 MB RAM (0 GB) is required!
WARNING: Number of threads seems too high for short alignments. Use -T AUTO to determine best number of threads.
Estimate model parameters (epsilon = 0.100)
Thoroughly optimizing +I+G parameters from 10 start values...
Init pinv, alpha: 0.000, 1.185 / Estimate: 0.000, 0.242 / LogL: -3048.396
Init pinv, alpha: 0.070, 1.185 / Estimate: 0.078, 0.278 / LogL: -3047.171
Init pinv, alpha: 0.140, 1.185 / Estimate: 0.162, 0.325 / LogL: -3045.851
Init pinv, alpha: 0.210, 1.185 / Estimate: 0.240, 0.387 / LogL: -3044.620
Init pinv, alpha: 0.280, 1.185 / Estimate: 0.315, 0.473 / LogL: -3043.463
Init pinv, alpha: 0.350, 1.185 / Estimate: 0.382, 0.588 / LogL: -3042.500
Init pinv, alpha: 0.420, 1.185 / Estimate: 0.446, 0.768 / LogL: -3041.675
Init pinv, alpha: 0.490, 1.185 / Estimate: 0.499, 1.025 / LogL: -3041.213
Init pinv, alpha: 0.560, 1.185 / Estimate: 0.536, 1.335 / LogL: -3041.239
Init pinv, alpha: 0.629, 1.185 / Estimate: 0.542, 1.396 / LogL: -3041.301
Optimal pinv,alpha: 0.499, 1.025 / LogL: -3041.213

Parameters optimization took 0.295 sec
Wrote distance file to... 
Computing ML distances based on estimated model parameters...
Calculating distance matrix: done in 0.000768185 secs using 382.6% CPU
Computing ML distances took 0.000862 sec (of wall-clock time) 0.002994 sec (of CPU time)
Setting up auxiliary I and S matrices: done in 5.60284e-05 secs using 141% CPU
Constructing RapidNJ tree: done in 0.00152588 secs using 61.87% CPU
Computing RapidNJ tree took 0.001611 sec (of wall-clock time) 0.001045 sec (of CPU time)
Log-likelihood of RapidNJ tree: -3085.963
--------------------------------------------------------------------
|             INITIALIZING CANDIDATE TREE SET                      |
--------------------------------------------------------------------
Generating 98 parsimony trees... 0.108 second
Computing log-likelihood of 98 initial trees ... 0.452 seconds
Current best score: -3041.213

Do NNI search on 20 best initial trees
Estimate model parameters (epsilon = 0.100)
BETTER TREE FOUND at iteration 1: -3041.204
Estimate model parameters (epsilon = 0.100)
BETTER TREE FOUND at iteration 4: -3039.503
Estimate model parameters (epsilon = 0.100)
BETTER TREE FOUND at iteration 7: -3039.344
Estimate model parameters (epsilon = 0.100)
BETTER TREE FOUND at iteration 10: -3039.136
Iteration 10 / LogL: -3039.136 / Time: 0h:0m:8s
Iteration 20 / LogL: -3041.404 / Time: 0h:0m:8s
Finish initializing candidate tree set (15)
Current best tree score: -3039.136 / CPU time: 1.886
Number of iterations: 20
--------------------------------------------------------------------
|               OPTIMIZING CANDIDATE TREE SET                      |
--------------------------------------------------------------------
Iteration 30 / LogL: -3039.368 / Time: 0h:0m:9s (0h:0m:9s left)
Iteration 40 / LogL: -3041.821 / Time: 0h:0m:10s (0h:0m:7s left)
Iteration 50 / LogL: -3039.412 / Time: 0h:0m:12s (0h:0m:6s left)
Log-likelihood cutoff on original alignment: -3070.878
Iteration 60 / LogL: -3039.716 / Time: 0h:0m:13s (0h:0m:5s left)
Iteration 70 / LogL: -3039.261 / Time: 0h:0m:14s (0h:0m:4s left)
Iteration 80 / LogL: -3039.445 / Time: 0h:0m:15s (0h:0m:3s left)
Iteration 90 / LogL: -3042.805 / Time: 0h:0m:16s (0h:0m:2s left)
Iteration 100 / LogL: -3043.767 / Time: 0h:0m:17s (0h:0m:1s left)
Log-likelihood cutoff on original alignment: -3069.571
NOTE: Bootstrap correlation coefficient of split occurrence frequencies: 0.997
Iteration 110 / LogL: -3039.184 / Time: 0h:0m:18s (0h:0m:10s left)
TREE SEARCH COMPLETED AFTER 111 ITERATIONS / Time: 0h:0m:18s

--------------------------------------------------------------------
|                    FINALIZING TREE SEARCH                        |
--------------------------------------------------------------------
Performs final model parameters optimization
Estimate model parameters (epsilon = 0.010)
1. Initial log-likelihood: -3039.136
Optimal log-likelihood: -3039.135
Rate parameters:  A-C: 1.00000  A-G: 6.79658  A-T: 1.00000  C-G: 1.00000  C-T: 12.06271  G-T: 1.00000
Base frequencies:  A: 0.369  C: 0.199  G: 0.229  T: 0.203
Proportion of invariable sites: 0.504
Gamma shape alpha: 1.040
Parameters optimization took 1 rounds (0.007 sec)
BEST SCORE FOUND : -3039.135
Creating bootstrap support values...
Split supports printed to NEXUS file aln_segment_476_to_950.splits.nex
Total tree length: 1.425

Total number of iterations: 111
CPU time used for tree search: 8.138 sec (0h:0m:8s)
Wall-clock time used for tree search: 12.095 sec (0h:0m:12s)
Total CPU time used: 16.113 sec (0h:0m:16s)
Total wall-clock time used: 19.015 sec (0h:0m:19s)

Computing bootstrap consensus tree...
Reading input file aln_segment_476_to_950.splits.nex...
37 taxa and 242 splits.
Consensus tree written to aln_segment_476_to_950.contree
Reading input trees file aln_segment_476_to_950.contree
Log-likelihood of consensus tree: -3039.136

Analysis results written to: 
  IQ-TREE report:                aln_segment_476_to_950.iqtree
  Maximum-likelihood tree:       aln_segment_476_to_950.treefile
  Likelihood distances:          aln_segment_476_to_950.mldist

Ultrafast bootstrap approximation results written to:
  Split support values:          aln_segment_476_to_950.splits.nex
  Consensus tree:                aln_segment_476_to_950.contree
  Screen log file:               aln_segment_476_to_950.log

Date and Time: Mon Jan 19 16:41:44 2026
