IQ-TREE multicore version 2.3.6 for Linux x86 64-bit built Aug  1 2024
Developed by Bui Quang Minh, Nguyen Lam Tung, Olga Chernomor, Heiko Schmidt,
Dominik Schrempf, Michael Woodhams, Ly Trong Nhan, Thomas Wong

Host:    racimocomp07fl.unicph.domain (AVX512, FMA3, 755 GB RAM)
Command: iqtree2 -s /maps/projects/racimolab/people/fnl270/GitHub/mast_hiv/data/18_ML_trees/2708_trimmed_alns_HIV_2021_subset.fasta -m GTR+FO+R4+T -te /maps/projects/racimolab/people/fnl270/GitHub/mast_hiv/data/tree_subsets/modeltrees_26.newick --prefix /maps/projects/racimolab/people/fnl270/GitHub/mast_hiv/output/mast_model_26/mast_model_26 -fast -nt 2 -wspmr -wslmr -redo
Seed:    763921 (Using SPRNG - Scalable Parallel Random Number Generator)
Time:    Mon Sep  8 00:16:09 2025
Kernel:  AVX+FMA - 2 threads (96 CPU cores detected)

Reading alignment file /maps/projects/racimolab/people/fnl270/GitHub/mast_hiv/data/18_ML_trees/2708_trimmed_alns_HIV_2021_subset.fasta ... Fasta format detected
Reading fasta file: done in 0.00531218 secs using 62.93% CPU
Alignment most likely contains DNA/RNA sequences
Alignment has 37 sequences with 8941 columns, 3524 distinct patterns
3080 parsimony-informative, 1063 singleton sites, 4798 constant sites
Analyzing sequences: done in 0.000546675 secs using 64.21% CPU
Tree-mixture model
Number of input trees: 26
Minimum branch length is set to 0.0000010



























Linked substitution model:
   GTR+FO

Linked RHS model:
   R4


NOTE: 440 MB RAM (0 GB) is required!
According to the parsimony scores along the sites, the tree weights are initialized to:
0.0364545,0.0347664,0.0385331,0.0416777,0.0372302,0.0437640,0.0296209,0.0366828,0.0360126,0.0370591,0.0414367,0.0423850,0.0426522,0.0283745,0.0312797,0.0470981,0.0457783,0.0381693,0.0328767,0.0311747,0.0405819,0.0345953,0.0417627,0.0479278,0.0404053,0.0417008
Estimate model parameters (epsilon = 0.01000)
1. Initial log-likelihood: -89498.98455
2. Current log-likelihood: -81827.28400
3. Current log-likelihood: -81788.41958
4. Current log-likelihood: -81766.90397
5. Current log-likelihood: -81760.03530
6. Current log-likelihood: -81752.21515
7. Current log-likelihood: -81747.63692
8. Current log-likelihood: -81743.95216
9. Current log-likelihood: -81742.24353
10. Current log-likelihood: -81741.06199
11. Current log-likelihood: -81740.05133
12. Current log-likelihood: -81739.12961
13. Current log-likelihood: -81738.43367
14. Current log-likelihood: -81737.85538
15. Current log-likelihood: -81737.36930
16. Current log-likelihood: -81736.95687
17. Current log-likelihood: -81736.61516
18. Current log-likelihood: -81736.30506
19. Current log-likelihood: -81736.02961
20. Current log-likelihood: -81735.52766
21. Current log-likelihood: -81735.30384
22. Current log-likelihood: -81735.11207
23. Current log-likelihood: -81734.94809
24. Current log-likelihood: -81734.80696
25. Current log-likelihood: -81734.68481
26. Current log-likelihood: -81734.59578
27. Current log-likelihood: -81734.49649
28. Current log-likelihood: -81734.42796
29. Current log-likelihood: -81734.34858
30. Current log-likelihood: -81734.29464
31. Current log-likelihood: -81734.24617
32. Current log-likelihood: -81734.19227
33. Current log-likelihood: -81734.15302
34. Current log-likelihood: -81734.11739
35. Current log-likelihood: -81734.08494
36. Current log-likelihood: -81734.05509
37. Current log-likelihood: -81734.02786
38. Current log-likelihood: -81734.00258
39. Current log-likelihood: -81733.97926
40. Current log-likelihood: -81733.95776
41. Current log-likelihood: -81733.93794
42. Current log-likelihood: -81733.91956
43. Current log-likelihood: -81733.90253
44. Current log-likelihood: -81733.88663
45. Current log-likelihood: -81733.87179
46. Current log-likelihood: -81733.85795
47. Current log-likelihood: -81733.84498
48. Current log-likelihood: -81733.83278
49. Current log-likelihood: -81733.82133
50. Current log-likelihood: -81733.81051
51. Current log-likelihood: -81733.80029
52. Current log-likelihood: -81733.79062
Final estimation on weights:
0.05323,0.05739,0.03468,0.04532,0.04587,0.04057,0.04075,0.03998,0.04098,0.05280,0.03156,0.04086,0.04687,0.04527,0.02670,0.03717,0.02450,0.02682,0.02675,0.02134,0.03653,0.03452,0.02693,0.04326,0.03942,0.03992
Wrote distance file to... 
BEST SCORE FOUND : -81733.79062
Site log-likelihoods per category printed to /maps/projects/racimolab/people/fnl270/GitHub/mast_hiv/output/mast_model_26/mast_model_26.sitelh
Site probabilities per category printed to /maps/projects/racimolab/people/fnl270/GitHub/mast_hiv/output/mast_model_26/mast_model_26.siteprob
Total tree lengths: 2.99466 10.71847 2.58336 2.59452 1.93578 2.79905 1.16411 1.40672 10.91263 1.31210 3.77485 3.17170 1.80019 1.10395 2.30115 2.94272 1.70965 11.48943 1.68329 3.29729 2.10212 2.02178 2.87134 2.62526 1.76276 1.45404

Total number of iterations: 50
CPU time used for tree search: 0.00008 sec (0h:0m:0s)
Wall-clock time used for tree search: 0.00008 sec (0h:0m:0s)
Total CPU time used: 6405.06185 sec (1h:46m:45s)
Total wall-clock time used: 3355.71065 sec (0h:55m:55s)

Analysis results written to: 
  IQ-TREE report:                /maps/projects/racimolab/people/fnl270/GitHub/mast_hiv/output/mast_model_26/mast_model_26.iqtree
  Maximum-likelihood tree:       /maps/projects/racimolab/people/fnl270/GitHub/mast_hiv/output/mast_model_26/mast_model_26.treefile
  Site log-likelihoods:          /maps/projects/racimolab/people/fnl270/GitHub/mast_hiv/output/mast_model_26/mast_model_26.sitelh
  Site probability per rate/mix: /maps/projects/racimolab/people/fnl270/GitHub/mast_hiv/output/mast_model_26/mast_model_26.siteprob
  Screen log file:               /maps/projects/racimolab/people/fnl270/GitHub/mast_hiv/output/mast_model_26/mast_model_26.log

Date and Time: Mon Sep  8 01:12:05 2025
