IQ-TREE version 3.0.1 for MacOS ARM 64-bit built Jun 30 2025
Developed by Bui Quang Minh, Thomas Wong, Nhan Ly-Trong, Huaiyan Ren
Contributed by Lam-Tung Nguyen, Dominik Schrempf, Chris Bielow,
Olga Chernomor, Michael Woodhams, Diep Thi Hoang, Heiko Schmidt

Host:    SUN1032320 (SSE4.2, 36 GB RAM)
Command: iqtree3 -s /Users/gzd130/Library/CloudStorage/OneDrive-RegionSjælland/Mol_phylo/revision/mast_hiv/data/0.1_trimmed_alns_HIV_2021_subset.fasta -m GTR+FO+R4+T -te /Users/gzd130/Library/CloudStorage/OneDrive-RegionSjælland/Mol_phylo/revision/mast_hiv/generated/0.1/tree_subsets/modeltrees_final_30.newick --prefix /Users/gzd130/Library/CloudStorage/OneDrive-RegionSjælland/Mol_phylo/revision/mast_hiv/output/0.1/mast_model_30/mast_model_final_30 -nt 8 -wspmr -wslmr -redo
Seed:    387031 (Using SPRNG - Scalable Parallel Random Number Generator)
Time:    Thu Jan 22 12:08:51 2026
Kernel:  SSE2 - 8 threads (14 CPU cores detected)

Reading alignment file /Users/gzd130/Library/CloudStorage/OneDrive-RegionSjælland/Mol_phylo/revision/mast_hiv/data/0.1_trimmed_alns_HIV_2021_subset.fasta ... Fasta format detected
Reading fasta file: done in 0.00457382 secs using 83.78% CPU
Alignment most likely contains DNA/RNA sequences
Constructing alignment: done in 0.00628996 secs using 63.48% CPU
Alignment has 37 sequences with 9546 columns, 3820 distinct patterns
3178 parsimony-informative, 1160 singleton sites, 5208 constant sites
                                Gap/Ambiguity  Composition  p-value
Analyzing sequences: done in 0.000360012 secs using 107.5% CPU
   1  B.FR.83.HXBLAI_IIIB_BRU.K03455    2.01%    failed      1.21%
   2  A                                 1.69%    passed     49.51%
   3  A1                                8.15%    passed     99.34%
   4  A2                                5.69%    passed     99.41%
   5  A3                                7.69%    passed     82.21%
   6  A6                                6.84%    passed     66.07%
   7  B                                 7.61%    passed     91.09%
   8  C                                 6.34%    passed     99.42%
   9  D                                 8.30%    passed     75.96%
  10  F1                                6.49%    passed     81.59%
  11  F2                                7.85%    passed     75.62%
  12  G                                 6.83%    passed     94.68%
  13  H                                 2.04%    passed     70.93%
  14  J                                 6.25%    passed     73.59%
  15  K                                10.05%    passed     18.08%
  16  L                                 5.11%    passed     95.32%
  17  AE                                8.07%    passed     93.85%
  18  AG                                8.79%    passed     99.16%
  19  cpx                               5.99%    passed     88.25%
  20  DF                                6.36%    passed     90.28%
  21  BC                                6.92%    passed     94.29%
  22  CD                                5.97%    passed     99.06%
  23  BF                                4.24%    passed     16.12%
  24  BG                                6.00%    passed     96.17%
  25  01B                               7.47%    passed     94.43%
  26  A2D                               7.45%    passed     38.05%
  27  01A1                              8.56%    passed     49.09%
  28  A5U                               1.57%    passed     98.61%
  29  AD                                9.01%    passed     98.43%
  30  BF1                               6.57%    passed     79.77%
  31  02G                               5.14%    passed     99.71%
  32  A1D                               6.37%    passed     88.28%
  33  02A                               6.32%    passed     20.94%
  34  C2U                               5.78%    passed     99.13%
  35  02B                               9.29%    passed     98.67%
  36  01C                               6.74%    passed     97.54%
  37  CPZ                               5.58%    failed      0.00%
****  TOTAL                             6.41%  2 sequences failed composition chi2 test (p-value<5%; df=3)
Number of input trees: 30
Minimum branch length is set to 0.0000010
Checking for duplicate sequences: done in 0.00187683 secs using 22.01% CPU

NOTE: 550 MB RAM (0 GB) is required!
According to the parsimony scores along the sites, the tree weights are initialized to:
0.0366321,0.0325199,0.0330605,0.0283852,0.0226139,0.0399735,0.0458294,0.0326159,0.0354832,0.0298675,0.0348183,0.0367454,0.0374081,0.0308959,0.0332307,0.0330532,0.0328615,0.0299446,0.0330774,0.0449105,0.0337387,0.0314402,0.0326583,0.0320662,0.0278092,0.0335656,0.0342298,0.0328451,0.0296155,0.0281047
Estimate model parameters (epsilon = 0.00100)
1. Initial log-likelihood: -92136.22790
2. Current log-likelihood: -84324.35569
3. Current log-likelihood: -84262.71852
4. Current log-likelihood: -84247.41671
5. Current log-likelihood: -84230.38399
6. Current log-likelihood: -84224.89052
7. Current log-likelihood: -84217.92052
8. Current log-likelihood: -84211.67656
9. Current log-likelihood: -84204.06985
10. Current log-likelihood: -84196.91046
11. Current log-likelihood: -84194.17924
12. Current log-likelihood: -84192.87333
13. Current log-likelihood: -84191.83014
14. Current log-likelihood: -84190.91519
15. Current log-likelihood: -84190.10750
16. Current log-likelihood: -84189.37107
17. Current log-likelihood: -84188.65037
18. Current log-likelihood: -84188.08585
19. Current log-likelihood: -84187.58460
20. Current log-likelihood: -84187.14798
21. Current log-likelihood: -84186.76073
22. Current log-likelihood: -84186.42067
23. Current log-likelihood: -84185.51648
24. Current log-likelihood: -84182.71261
25. Current log-likelihood: -84182.43012
26. Current log-likelihood: -84182.19084
27. Current log-likelihood: -84181.98379
28. Current log-likelihood: -84181.79392
29. Current log-likelihood: -84181.63731
30. Current log-likelihood: -84181.49996
31. Current log-likelihood: -84181.37126
32. Current log-likelihood: -84181.26557
33. Current log-likelihood: -84181.17350
34. Current log-likelihood: -84181.08264
35. Current log-likelihood: -84181.01045
36. Current log-likelihood: -84180.94603
37. Current log-likelihood: -84180.88371
38. Current log-likelihood: -84180.39164
39. Current log-likelihood: -84180.31860
40. Current log-likelihood: -84180.25275
41. Current log-likelihood: -84179.43965
42. Current log-likelihood: -84179.37106
43. Current log-likelihood: -84179.31390
44. Current log-likelihood: -84179.26586
45. Current log-likelihood: -84179.22286
46. Current log-likelihood: -84179.18805
47. Current log-likelihood: -84179.15601
48. Current log-likelihood: -84179.12764
49. Current log-likelihood: -84178.70385
50. Current log-likelihood: -84178.64935
51. Current log-likelihood: -84178.60865
52. Current log-likelihood: -84178.57628
53. Current log-likelihood: -84178.54926
54. Current log-likelihood: -84178.52801
55. Current log-likelihood: -84178.50985
56. Current log-likelihood: -84178.49236
57. Current log-likelihood: -84178.47827
58. Current log-likelihood: -84178.46569
59. Current log-likelihood: -84178.45275
60. Current log-likelihood: -84178.44220
61. Current log-likelihood: -84178.43104
62. Current log-likelihood: -84178.42208
63. Current log-likelihood: -84178.41367
64. Current log-likelihood: -84178.40484
65. Current log-likelihood: -84178.40000
66. Current log-likelihood: -84178.39348
67. Current log-likelihood: -84178.38953
68. Current log-likelihood: -84178.38394
69. Current log-likelihood: -84178.38062
70. Current log-likelihood: -84178.37647
71. Current log-likelihood: -84178.37361
72. Current log-likelihood: -84178.36983
73. Current log-likelihood: -84178.36734
74. Current log-likelihood: -84178.36302
75. Current log-likelihood: -84178.36070
76. Current log-likelihood: -84178.35853
77. Current log-likelihood: -84178.35446
78. Current log-likelihood: -84178.35242
79. Current log-likelihood: -84178.34841
80. Current log-likelihood: -84178.34541
81. Current log-likelihood: -84178.34149
82. Current log-likelihood: -84178.33853
83. Current log-likelihood: -84178.33673
84. Current log-likelihood: -84178.33300
85. Current log-likelihood: -84178.33135
86. Current log-likelihood: -84178.32977
87. Current log-likelihood: -84178.32826
88. Current log-likelihood: -84178.32680
89. Current log-likelihood: -84178.32540
90. Current log-likelihood: -84178.32406
91. Current log-likelihood: -84178.32277
92. Current log-likelihood: -84178.32151
93. Current log-likelihood: -84178.32032
94. Current log-likelihood: -84178.31917
95. Current log-likelihood: -84178.31809
96. Current log-likelihood: -84178.31703
97. Current log-likelihood: -84178.31602
98. Current log-likelihood: -84178.31505
Final estimation on weights:
0.04724,0.04120,0.06109,0.04418,0.05593,0.04698,0.03432,0.02106,0.05199,0.03764,0.04204,0.02997,0.02574,0.03533,0.03301,0.01828,0.02575,0.02705,0.03288,0.03871,0.03714,0.02473,0.02468,0.03016,0.02254,0.02155,0.01893,0.03098,0.01402,0.02489
Wrote distance file to... 
BEST SCORE FOUND : -84178.31505
Site log-likelihoods per category printed to /Users/gzd130/Library/CloudStorage/OneDrive-RegionSjælland/Mol_phylo/revision/mast_hiv/output/0.1/mast_model_30/mast_model_final_30.sitelh
Site probabilities per category printed to /Users/gzd130/Library/CloudStorage/OneDrive-RegionSjælland/Mol_phylo/revision/mast_hiv/output/0.1/mast_model_30/mast_model_final_30.siteprob
Total tree lengths: 2.75831 1.55098 1.01117 1.90653 10.78503 1.55628 2.05840 12.36214 1.52519 1.39550 1.20196 12.98498 3.38793 3.29804 1.25135 3.66580 2.17062 1.94728 2.22821 2.43896 1.80981 10.25263 1.94097 1.47322 3.29963 4.18997 7.14035 2.10583 4.81101 2.60383

Total number of iterations: 96
CPU time used for tree search: 0.00002 sec (0h:0m:0s)
Wall-clock time used for tree search: 0.00002 sec (0h:0m:0s)
Total CPU time used: 8987.47054 sec (2h:29m:47s)
Total wall-clock time used: 10517.81581 sec (2h:55m:17s)

Analysis results written to: 
  IQ-TREE report:                /Users/gzd130/Library/CloudStorage/OneDrive-RegionSjælland/Mol_phylo/revision/mast_hiv/output/0.1/mast_model_30/mast_model_final_30.iqtree
  Maximum-likelihood tree:       /Users/gzd130/Library/CloudStorage/OneDrive-RegionSjælland/Mol_phylo/revision/mast_hiv/output/0.1/mast_model_30/mast_model_final_30.treefile
  Site log-likelihoods:          /Users/gzd130/Library/CloudStorage/OneDrive-RegionSjælland/Mol_phylo/revision/mast_hiv/output/0.1/mast_model_30/mast_model_final_30.sitelh
  Site probability per rate/mix: /Users/gzd130/Library/CloudStorage/OneDrive-RegionSjælland/Mol_phylo/revision/mast_hiv/output/0.1/mast_model_30/mast_model_final_30.siteprob
  Screen log file:               /Users/gzd130/Library/CloudStorage/OneDrive-RegionSjælland/Mol_phylo/revision/mast_hiv/output/0.1/mast_model_30/mast_model_final_30.log

Date and Time: Thu Jan 22 15:04:09 2026
