IQ-TREE version 3.0.1 for MacOS ARM 64-bit built Jun 30 2025
Developed by Bui Quang Minh, Thomas Wong, Nhan Ly-Trong, Huaiyan Ren
Contributed by Lam-Tung Nguyen, Dominik Schrempf, Chris Bielow,
Olga Chernomor, Michael Woodhams, Diep Thi Hoang, Heiko Schmidt

Host:    SUN1032320 (SSE4.2, 36 GB RAM)
Command: iqtree3 -s /Users/gzd130/Library/CloudStorage/OneDrive-RegionSjælland/Mol_phylo/revision/mast_hiv/data/0.1_trimmed_alns_HIV_2021_subset.fasta -m GTR+FO+R4+T -te /Users/gzd130/Library/CloudStorage/OneDrive-RegionSjælland/Mol_phylo/revision/mast_hiv/generated/0.1/tree_subsets/modeltrees_final_29.newick --prefix /Users/gzd130/Library/CloudStorage/OneDrive-RegionSjælland/Mol_phylo/revision/mast_hiv/output/0.1/mast_model_29/mast_model_final_29 -nt 8 -wspmr -wslmr -redo
Seed:    845442 (Using SPRNG - Scalable Parallel Random Number Generator)
Time:    Thu Jan 22 15:26:09 2026
Kernel:  SSE2 - 8 threads (14 CPU cores detected)

Reading alignment file /Users/gzd130/Library/CloudStorage/OneDrive-RegionSjælland/Mol_phylo/revision/mast_hiv/data/0.1_trimmed_alns_HIV_2021_subset.fasta ... Fasta format detected
Reading fasta file: done in 0.00448489 secs using 79.6% CPU
Alignment most likely contains DNA/RNA sequences
Constructing alignment: done in 0.00823903 secs using 61.92% CPU
Alignment has 37 sequences with 9546 columns, 3820 distinct patterns
3178 parsimony-informative, 1160 singleton sites, 5208 constant sites
                                Gap/Ambiguity  Composition  p-value
Analyzing sequences: done in 0.00012207 secs using 366.2% CPU
   1  B.FR.83.HXBLAI_IIIB_BRU.K03455    2.01%    failed      1.21%
   2  A                                 1.69%    passed     49.51%
   3  A1                                8.15%    passed     99.34%
   4  A2                                5.69%    passed     99.41%
   5  A3                                7.69%    passed     82.21%
   6  A6                                6.84%    passed     66.07%
   7  B                                 7.61%    passed     91.09%
   8  C                                 6.34%    passed     99.42%
   9  D                                 8.30%    passed     75.96%
  10  F1                                6.49%    passed     81.59%
  11  F2                                7.85%    passed     75.62%
  12  G                                 6.83%    passed     94.68%
  13  H                                 2.04%    passed     70.93%
  14  J                                 6.25%    passed     73.59%
  15  K                                10.05%    passed     18.08%
  16  L                                 5.11%    passed     95.32%
  17  AE                                8.07%    passed     93.85%
  18  AG                                8.79%    passed     99.16%
  19  cpx                               5.99%    passed     88.25%
  20  DF                                6.36%    passed     90.28%
  21  BC                                6.92%    passed     94.29%
  22  CD                                5.97%    passed     99.06%
  23  BF                                4.24%    passed     16.12%
  24  BG                                6.00%    passed     96.17%
  25  01B                               7.47%    passed     94.43%
  26  A2D                               7.45%    passed     38.05%
  27  01A1                              8.56%    passed     49.09%
  28  A5U                               1.57%    passed     98.61%
  29  AD                                9.01%    passed     98.43%
  30  BF1                               6.57%    passed     79.77%
  31  02G                               5.14%    passed     99.71%
  32  A1D                               6.37%    passed     88.28%
  33  02A                               6.32%    passed     20.94%
  34  C2U                               5.78%    passed     99.13%
  35  02B                               9.29%    passed     98.67%
  36  01C                               6.74%    passed     97.54%
  37  CPZ                               5.58%    failed      0.00%
****  TOTAL                             6.41%  2 sequences failed composition chi2 test (p-value<5%; df=3)
Number of input trees: 29
Minimum branch length is set to 0.0000010
Checking for duplicate sequences: done in 0.000378847 secs using 95.55% CPU

NOTE: 532 MB RAM (0 GB) is required!
According to the parsimony scores along the sites, the tree weights are initialized to:
0.0368723,0.0330147,0.0335774,0.0300364,0.0228314,0.0404407,0.0470637,0.0335000,0.0358513,0.0300928,0.0356741,0.0403361,0.0380113,0.0313408,0.0343924,0.0346720,0.0332151,0.0301649,0.0335342,0.0452451,0.0404082,0.0326195,0.0330120,0.0324872,0.0280496,0.0354715,0.0347897,0.0332465,0.0300491
Estimate model parameters (epsilon = 0.00100)
1. Initial log-likelihood: -92155.60319
2. Current log-likelihood: -84406.80628
3. Current log-likelihood: -84346.12866
4. Current log-likelihood: -84310.96044
5. Current log-likelihood: -84296.41950
6. Current log-likelihood: -84288.17674
7. Current log-likelihood: -84284.31526
8. Current log-likelihood: -84281.13376
9. Current log-likelihood: -84278.19231
10. Current log-likelihood: -84276.05820
11. Current log-likelihood: -84274.19334
12. Current log-likelihood: -84272.27595
13. Current log-likelihood: -84267.35008
14. Current log-likelihood: -84257.81919
15. Current log-likelihood: -84256.12270
16. Current log-likelihood: -84254.24733
17. Current log-likelihood: -84247.52296
18. Current log-likelihood: -84244.26873
19. Current log-likelihood: -84243.09702
20. Current log-likelihood: -84242.12963
21. Current log-likelihood: -84240.96044
22. Current log-likelihood: -84240.24607
23. Current log-likelihood: -84239.59728
24. Current log-likelihood: -84238.96021
25. Current log-likelihood: -84238.43006
26. Current log-likelihood: -84238.02551
27. Current log-likelihood: -84235.04836
28. Current log-likelihood: -84234.62992
29. Current log-likelihood: -84234.26615
30. Current log-likelihood: -84233.97218
31. Current log-likelihood: -84232.96899
32. Current log-likelihood: -84232.18131
33. Current log-likelihood: -84232.01656
34. Current log-likelihood: -84231.87868
35. Current log-likelihood: -84231.75569
36. Current log-likelihood: -84231.64841
37. Current log-likelihood: -84231.55270
38. Current log-likelihood: -84231.46682
39. Current log-likelihood: -84231.38534
40. Current log-likelihood: -84231.31418
41. Current log-likelihood: -84231.24909
42. Current log-likelihood: -84231.18698
43. Current log-likelihood: -84231.11334
44. Current log-likelihood: -84231.04060
45. Current log-likelihood: -84230.86152
46. Current log-likelihood: -84230.79392
47. Current log-likelihood: -84230.73831
48. Current log-likelihood: -84230.69047
49. Current log-likelihood: -84230.64891
50. Current log-likelihood: -84230.61277
51. Current log-likelihood: -84230.58236
52. Current log-likelihood: -84230.55547
53. Current log-likelihood: -84230.53175
54. Current log-likelihood: -84230.51080
55. Current log-likelihood: -84230.49224
56. Current log-likelihood: -84230.47574
57. Current log-likelihood: -84230.46105
58. Current log-likelihood: -84230.44792
59. Current log-likelihood: -84230.43801
60. Current log-likelihood: -84230.42677
61. Current log-likelihood: -84230.41873
62. Current log-likelihood: -84230.40938
63. Current log-likelihood: -84230.40274
64. Current log-likelihood: -84230.39493
65. Current log-likelihood: -84230.38939
66. Current log-likelihood: -84230.38429
67. Current log-likelihood: -84230.37956
68. Current log-likelihood: -84230.37421
69. Current log-likelihood: -84230.37018
70. Current log-likelihood: -84230.36644
71. Current log-likelihood: -84230.36292
72. Current log-likelihood: -84230.35962
73. Current log-likelihood: -84230.35654
74. Current log-likelihood: -84230.35367
75. Current log-likelihood: -84230.35095
76. Current log-likelihood: -84230.34841
77. Current log-likelihood: -84230.34601
78. Current log-likelihood: -84230.34377
79. Current log-likelihood: -84230.34163
80. Current log-likelihood: -84230.33963
81. Current log-likelihood: -84230.33773
82. Current log-likelihood: -84230.33595
83. Current log-likelihood: -84230.33424
84. Current log-likelihood: -84230.33264
85. Current log-likelihood: -84230.33111
86. Current log-likelihood: -84230.32966
87. Current log-likelihood: -84230.32826
88. Current log-likelihood: -84230.32696
89. Current log-likelihood: -84230.32571
90. Current log-likelihood: -84230.32452
91. Current log-likelihood: -84230.32338
92. Current log-likelihood: -84230.32232
93. Current log-likelihood: -84230.32129
94. Current log-likelihood: -84230.32032
Final estimation on weights:
0.04736,0.03015,0.08217,0.04045,0.04337,0.05055,0.03828,0.02136,0.04610,0.04801,0.04034,0.04917,0.03312,0.03828,0.03473,0.02955,0.02586,0.02908,0.02033,0.03355,0.04284,0.01905,0.02166,0.03271,0.02160,0.02079,0.01794,0.03046,0.01112
Wrote distance file to... 
BEST SCORE FOUND : -84230.32032
Site log-likelihoods per category printed to /Users/gzd130/Library/CloudStorage/OneDrive-RegionSjælland/Mol_phylo/revision/mast_hiv/output/0.1/mast_model_29/mast_model_final_29.sitelh
Site probabilities per category printed to /Users/gzd130/Library/CloudStorage/OneDrive-RegionSjælland/Mol_phylo/revision/mast_hiv/output/0.1/mast_model_29/mast_model_final_29.siteprob
Total tree lengths: 2.75785 1.67755 1.05535 2.01417 10.88104 1.48521 1.44707 7.85702 1.94253 10.91062 1.10304 2.62776 2.92513 3.56333 1.14876 2.79490 2.16428 1.92385 2.49092 3.12193 2.12607 20.74583 2.04718 1.75228 3.32656 4.97189 5.03765 2.21628 7.24919

Total number of iterations: 92
CPU time used for tree search: 0.00002 sec (0h:0m:0s)
Wall-clock time used for tree search: 0.00004 sec (0h:0m:0s)
Total CPU time used: 12168.65168 sec (3h:22m:48s)
Total wall-clock time used: 11747.26044 sec (3h:15m:47s)

Analysis results written to: 
  IQ-TREE report:                /Users/gzd130/Library/CloudStorage/OneDrive-RegionSjælland/Mol_phylo/revision/mast_hiv/output/0.1/mast_model_29/mast_model_final_29.iqtree
  Maximum-likelihood tree:       /Users/gzd130/Library/CloudStorage/OneDrive-RegionSjælland/Mol_phylo/revision/mast_hiv/output/0.1/mast_model_29/mast_model_final_29.treefile
  Site log-likelihoods:          /Users/gzd130/Library/CloudStorage/OneDrive-RegionSjælland/Mol_phylo/revision/mast_hiv/output/0.1/mast_model_29/mast_model_final_29.sitelh
  Site probability per rate/mix: /Users/gzd130/Library/CloudStorage/OneDrive-RegionSjælland/Mol_phylo/revision/mast_hiv/output/0.1/mast_model_29/mast_model_final_29.siteprob
  Screen log file:               /Users/gzd130/Library/CloudStorage/OneDrive-RegionSjælland/Mol_phylo/revision/mast_hiv/output/0.1/mast_model_29/mast_model_final_29.log

Date and Time: Thu Jan 22 18:41:57 2026
