IQ-TREE multicore version 2.3.6 for Linux x86 64-bit built Aug  1 2024
Developed by Bui Quang Minh, Nguyen Lam Tung, Olga Chernomor, Heiko Schmidt,
Dominik Schrempf, Michael Woodhams, Ly Trong Nhan, Thomas Wong

Host:    racimocomp07fl.unicph.domain (AVX512, FMA3, 755 GB RAM)
Command: iqtree2 -s /maps/projects/racimolab/people/fnl270/GitHub/mast_hiv/data/18_ML_trees/2708_trimmed_alns_HIV_2021_subset.fasta -m GTR+FO+R4+T -te /maps/projects/racimolab/people/fnl270/GitHub/mast_hiv/data/tree_subsets/modeltrees_final_4.newick --prefix /maps/projects/racimolab/people/fnl270/GitHub/mast_hiv/output/mast_model_4/mast_model_final_4 -nt 2 -wspmr -wslmr -redo
Seed:    508559 (Using SPRNG - Scalable Parallel Random Number Generator)
Time:    Mon Sep  8 09:24:04 2025
Kernel:  AVX+FMA - 2 threads (96 CPU cores detected)

Reading alignment file /maps/projects/racimolab/people/fnl270/GitHub/mast_hiv/data/18_ML_trees/2708_trimmed_alns_HIV_2021_subset.fasta ... Fasta format detected
Reading fasta file: done in 0.00526714 secs using 81.41% CPU
Alignment most likely contains DNA/RNA sequences
Alignment has 37 sequences with 8941 columns, 3524 distinct patterns
3080 parsimony-informative, 1063 singleton sites, 4798 constant sites
                                Gap/Ambiguity  Composition  p-value
Analyzing sequences: done in 0.00129128 secs using 171.5% CPU
   1  B.FR.83.HXBLAI_IIIB_BRU.K03455    0.70%    passed     19.65%
   2  A                                 0.15%    passed     89.42%
   3  A1                                2.13%    passed     95.95%
   4  A2                                0.48%    passed     99.90%
   5  A3                                2.14%    passed     63.50%
   6  A6                                0.74%    passed     55.87%
   7  B                                 1.54%    passed     84.96%
   8  C                                 0.82%    passed     99.85%
   9  D                                 2.30%    passed     81.94%
  10  F1                                1.63%    passed     79.98%
  11  F2                                1.90%    passed     83.58%
  12  G                                 0.72%    passed     96.00%
  13  H                                 0.59%    passed     95.29%
  14  J                                 0.74%    passed     82.00%
  15  K                                 4.21%    passed     27.59%
  16  L                                 1.02%    passed     93.46%
  17  AE                                2.18%    passed     91.20%
  18  AG                                2.76%    passed     96.74%
  19  cpx                               0.65%    passed     75.48%
  20  DF                                0.73%    passed     93.16%
  21  BC                                1.01%    passed     89.00%
  22  CD                                0.66%    passed     99.15%
  23  BF                                0.85%    passed     34.38%
  24  BG                                1.45%    passed     96.00%
  25  01B                               1.67%    passed     91.56%
  26  A2D                               2.02%    passed     53.74%
  27  01A1                              2.65%    passed     55.15%
  28  A5U                               0.46%    passed     76.20%
  29  AD                                2.99%    passed     95.07%
  30  BF1                               1.96%    passed     80.75%
  31  02G                               1.21%    passed     98.74%
  32  A1D                               0.89%    passed     82.33%
  33  02A                               1.55%    passed     28.34%
  34  C2U                               0.43%    passed     98.79%
  35  02B                               3.53%    passed     98.05%
  36  01C                               0.82%    passed     97.29%
  37  CPZ                               1.97%    failed      0.00%
****  TOTAL                             1.47%  1 sequences failed composition chi2 test (p-value<5%; df=3)
Tree-mixture model
Number of input trees: 4
Minimum branch length is set to 0.0000010





Linked substitution model:
   GTR+FO

Linked RHS model:
   R4


NOTE: 67 MB RAM (0 GB) is required!
According to the parsimony scores along the sites, the tree weights are initialized to:
0.2071902,0.2190949,0.2068748,0.3668401
Estimate model parameters (epsilon = 0.00100)
1. Initial log-likelihood: -92399.03946
2. Current log-likelihood: -85738.44090
3. Current log-likelihood: -85700.45275
4. Current log-likelihood: -85687.90082
5. Current log-likelihood: -85681.85523
6. Current log-likelihood: -85678.11858
7. Current log-likelihood: -85676.36218
8. Current log-likelihood: -85674.65151
9. Current log-likelihood: -85673.11546
10. Current log-likelihood: -85671.66910
11. Current log-likelihood: -85670.34085
12. Current log-likelihood: -85669.11017
13. Current log-likelihood: -85667.98534
14. Current log-likelihood: -85666.94411
15. Current log-likelihood: -85665.99709
16. Current log-likelihood: -85665.11770
17. Current log-likelihood: -85664.30366
18. Current log-likelihood: -85663.57409
19. Current log-likelihood: -85662.91323
20. Current log-likelihood: -85662.32104
21. Current log-likelihood: -85661.74960
22. Current log-likelihood: -85661.22250
23. Current log-likelihood: -85660.76797
24. Current log-likelihood: -85660.32057
25. Current log-likelihood: -85659.93934
26. Current log-likelihood: -85659.56035
27. Current log-likelihood: -85659.22943
28. Current log-likelihood: -85658.92340
29. Current log-likelihood: -85658.65075
30. Current log-likelihood: -85658.38813
31. Current log-likelihood: -85658.14798
32. Current log-likelihood: -85657.92025
33. Current log-likelihood: -85657.72200
34. Current log-likelihood: -85657.52875
35. Current log-likelihood: -85657.36066
36. Current log-likelihood: -85657.19042
37. Current log-likelihood: -85657.03809
38. Current log-likelihood: -85656.90934
39. Current log-likelihood: -85656.77113
40. Current log-likelihood: -85656.65754
41. Current log-likelihood: -85656.53797
42. Current log-likelihood: -85656.43495
43. Current log-likelihood: -85656.34170
44. Current log-likelihood: -85656.25051
45. Current log-likelihood: -85656.17394
46. Current log-likelihood: -85656.10556
47. Current log-likelihood: -85656.02547
48. Current log-likelihood: -85655.96407
49. Current log-likelihood: -85655.90007
50. Current log-likelihood: -85655.84351
51. Current log-likelihood: -85655.79358
52. Current log-likelihood: -85655.74950
53. Current log-likelihood: -85655.70555
54. Current log-likelihood: -85655.66659
55. Current log-likelihood: -85655.63126
56. Current log-likelihood: -85655.59799
57. Current log-likelihood: -85655.56191
58. Current log-likelihood: -85655.53108
59. Current log-likelihood: -85655.50767
60. Current log-likelihood: -85655.48387
61. Current log-likelihood: -85655.45404
62. Current log-likelihood: -85655.43113
63. Current log-likelihood: -85655.41328
64. Current log-likelihood: -85655.39577
65. Current log-likelihood: -85655.38048
66. Current log-likelihood: -85655.36583
67. Current log-likelihood: -85655.35176
68. Current log-likelihood: -85655.34005
69. Current log-likelihood: -85655.32866
70. Current log-likelihood: -85655.30364
71. Current log-likelihood: -85655.29449
72. Current log-likelihood: -85655.28492
73. Current log-likelihood: -85655.27599
74. Current log-likelihood: -85655.26840
75. Current log-likelihood: -85655.25646
76. Current log-likelihood: -85655.25091
77. Current log-likelihood: -85655.24336
78. Current log-likelihood: -85655.23880
79. Current log-likelihood: -85655.23307
80. Current log-likelihood: -85655.22926
81. Current log-likelihood: -85655.22426
82. Current log-likelihood: -85655.22103
83. Current log-likelihood: -85655.21664
84. Current log-likelihood: -85655.21383
85. Current log-likelihood: -85655.20621
86. Current log-likelihood: -85655.20360
87. Current log-likelihood: -85655.20006
88. Current log-likelihood: -85655.19788
89. Current log-likelihood: -85655.19545
90. Current log-likelihood: -85655.19349
91. Current log-likelihood: -85655.19167
92. Current log-likelihood: -85655.18841
93. Current log-likelihood: -85655.18685
94. Current log-likelihood: -85655.18523
95. Current log-likelihood: -85655.18387
96. Current log-likelihood: -85655.17950
97. Current log-likelihood: -85655.17429
98. Current log-likelihood: -85655.17260
99. Current log-likelihood: -85655.16805
100. Current log-likelihood: -85655.16681
101. Current log-likelihood: -85655.16419
102. Current log-likelihood: -85655.16265
103. Current log-likelihood: -85655.16094
104. Current log-likelihood: -85655.15936
105. Current log-likelihood: -85655.15689
106. Current log-likelihood: -85655.15592
Final estimation on weights:
0.19155,0.38750,0.12779,0.29317
Wrote distance file to... 
BEST SCORE FOUND : -85655.15592
Site log-likelihoods per category printed to /maps/projects/racimolab/people/fnl270/GitHub/mast_hiv/output/mast_model_4/mast_model_final_4.sitelh
Site probabilities per category printed to /maps/projects/racimolab/people/fnl270/GitHub/mast_hiv/output/mast_model_4/mast_model_final_4.siteprob
Total tree lengths: 7.91381 1.33080 4.24154 3.34473

Total number of iterations: 104
CPU time used for tree search: 0.00008 sec (0h:0m:0s)
Wall-clock time used for tree search: 0.00008 sec (0h:0m:0s)
Total CPU time used: 3740.70376 sec (1h:2m:20s)
Total wall-clock time used: 2006.52739 sec (0h:33m:26s)

Analysis results written to: 
  IQ-TREE report:                /maps/projects/racimolab/people/fnl270/GitHub/mast_hiv/output/mast_model_4/mast_model_final_4.iqtree
  Maximum-likelihood tree:       /maps/projects/racimolab/people/fnl270/GitHub/mast_hiv/output/mast_model_4/mast_model_final_4.treefile
  Site log-likelihoods:          /maps/projects/racimolab/people/fnl270/GitHub/mast_hiv/output/mast_model_4/mast_model_final_4.sitelh
  Site probability per rate/mix: /maps/projects/racimolab/people/fnl270/GitHub/mast_hiv/output/mast_model_4/mast_model_final_4.siteprob
  Screen log file:               /maps/projects/racimolab/people/fnl270/GitHub/mast_hiv/output/mast_model_4/mast_model_final_4.log

Date and Time: Mon Sep  8 09:57:31 2025
