IQ-TREE version 3.0.1 for MacOS ARM 64-bit built Jun 30 2025
Developed by Bui Quang Minh, Thomas Wong, Nhan Ly-Trong, Huaiyan Ren
Contributed by Lam-Tung Nguyen, Dominik Schrempf, Chris Bielow,
Olga Chernomor, Michael Woodhams, Diep Thi Hoang, Heiko Schmidt

Host:    SUN1032320 (SSE4.2, 36 GB RAM)
Command: iqtree3 -s /Users/gzd130/Library/CloudStorage/OneDrive-RegionSjælland/Mol_phylo/revision/mast_hiv/data/0.9_trimmed_alns_HIV_2021_subset.fasta -m GTR+FO+R4+T -te /Users/gzd130/Library/CloudStorage/OneDrive-RegionSjælland/Mol_phylo/revision/mast_hiv/generated/0.9/tree_subsets/modeltrees_final_12.newick --prefix /Users/gzd130/Library/CloudStorage/OneDrive-RegionSjælland/Mol_phylo/revision/mast_hiv/output/0.9/mast_model_12/mast_model_final_12 -nt 2 -wspmr -wslmr -redo
Seed:    116160 (Using SPRNG - Scalable Parallel Random Number Generator)
Time:    Tue Jan 20 11:26:59 2026
Kernel:  SSE2 - 2 threads (14 CPU cores detected)

Reading alignment file /Users/gzd130/Library/CloudStorage/OneDrive-RegionSjælland/Mol_phylo/revision/mast_hiv/data/0.9_trimmed_alns_HIV_2021_subset.fasta ... Fasta format detected
Reading fasta file: done in 0.0197389 secs using 18.16% CPU
Alignment most likely contains DNA/RNA sequences
Constructing alignment: done in 0.00487399 secs using 64.34% CPU
Alignment has 37 sequences with 8546 columns, 3226 distinct patterns
2923 parsimony-informative, 1002 singleton sites, 4621 constant sites
                                Gap/Ambiguity  Composition  p-value
Analyzing sequences: done in 0.000359058 secs using 105.6% CPU
   1  B.FR.83.HXBLAI_IIIB_BRU.K03455    0.14%    passed     41.06%
   2  A                                 0.00%    passed     94.98%
   3  A1                                0.00%    passed     88.46%
   4  A2                                0.14%    passed     99.67%
   5  A3                                0.23%    passed     49.63%
   6  A6                                0.01%    passed     65.16%
   7  B                                 0.02%    passed     87.39%
   8  C                                 0.06%    passed     99.77%
   9  D                                 0.09%    passed     94.13%
  10  F1                                0.04%    passed     74.84%
  11  F2                                0.11%    passed     93.22%
  12  G                                 0.00%    passed     92.53%
  13  H                                 0.11%    passed     95.93%
  14  J                                 0.06%    passed     85.14%
  15  K                                 0.70%    passed     61.15%
  16  L                                 0.41%    passed     93.51%
  17  AE                                0.01%    passed     86.94%
  18  AG                                0.00%    passed     86.00%
  19  cpx                               0.16%    passed     88.19%
  20  DF                                0.05%    passed     86.17%
  21  BC                                0.09%    passed     96.11%
  22  CD                                0.06%    passed     99.76%
  23  BF                                0.04%    passed     48.59%
  24  BG                                0.23%    passed     92.78%
  25  01B                               0.07%    passed     93.30%
  26  A2D                               0.08%    passed     63.20%
  27  01A1                              0.07%    passed     67.81%
  28  A5U                               0.19%    passed     72.25%
  29  AD                                0.04%    passed     80.72%
  30  BF1                               0.06%    passed     92.44%
  31  02G                               0.05%    passed     99.53%
  32  A1D                               0.04%    passed     87.37%
  33  02A                               0.06%    passed     36.05%
  34  C2U                               0.04%    passed     98.27%
  35  02B                               0.46%    passed     90.31%
  36  01C                               0.08%    passed     97.19%
  37  CPZ                               1.10%    failed      0.00%
****  TOTAL                             0.14%  1 sequences failed composition chi2 test (p-value<5%; df=3)
Number of input trees: 12
Minimum branch length is set to 0.0000010
Checking for duplicate sequences: done in 0.000530958 secs using 64.22% CPU

NOTE: 186 MB RAM (0 GB) is required!
According to the parsimony scores along the sites, the tree weights are initialized to:
0.0621802,0.0845460,0.0900372,0.0937359,0.0968866,0.0793373,0.0796680,0.0985871,0.0686612,0.0723131,0.0893638,0.0846837
Estimate model parameters (epsilon = 0.00100)
1. Initial log-likelihood: -85611.19479
2. Current log-likelihood: -78965.70075
3. Current log-likelihood: -78925.37632
4. Current log-likelihood: -78913.17233
5. Current log-likelihood: -78905.49538
6. Current log-likelihood: -78901.56686
7. Current log-likelihood: -78899.38967
8. Current log-likelihood: -78898.27372
9. Current log-likelihood: -78897.49112
10. Current log-likelihood: -78896.79556
11. Current log-likelihood: -78896.18965
12. Current log-likelihood: -78895.64594
13. Current log-likelihood: -78895.14348
14. Current log-likelihood: -78894.65717
15. Current log-likelihood: -78894.24454
16. Current log-likelihood: -78893.88940
17. Current log-likelihood: -78893.57940
18. Current log-likelihood: -78893.30111
19. Current log-likelihood: -78893.04828
20. Current log-likelihood: -78892.81836
21. Current log-likelihood: -78892.56340
22. Current log-likelihood: -78892.36992
23. Current log-likelihood: -78892.18479
24. Current log-likelihood: -78892.00669
25. Current log-likelihood: -78890.05676
26. Current log-likelihood: -78888.37188
27. Current log-likelihood: -78886.24252
28. Current log-likelihood: -78885.89987
29. Current log-likelihood: -78885.59320
30. Current log-likelihood: -78885.30186
31. Current log-likelihood: -78885.01391
32. Current log-likelihood: -78884.73657
33. Current log-likelihood: -78884.48144
34. Current log-likelihood: -78884.23324
35. Current log-likelihood: -78883.99985
36. Current log-likelihood: -78883.78225
37. Current log-likelihood: -78883.56124
38. Current log-likelihood: -78883.35871
39. Current log-likelihood: -78883.14968
40. Current log-likelihood: -78882.92129
41. Current log-likelihood: -78882.73422
42. Current log-likelihood: -78882.55234
43. Current log-likelihood: -78882.39167
44. Current log-likelihood: -78882.23518
45. Current log-likelihood: -78882.08952
46. Current log-likelihood: -78881.95456
47. Current log-likelihood: -78881.82449
48. Current log-likelihood: -78881.69967
49. Current log-likelihood: -78881.58404
50. Current log-likelihood: -78881.47507
51. Current log-likelihood: -78881.37174
52. Current log-likelihood: -78881.27942
53. Current log-likelihood: -78881.19089
54. Current log-likelihood: -78881.10739
55. Current log-likelihood: -78881.02885
56. Current log-likelihood: -78880.95484
57. Current log-likelihood: -78880.88515
58. Current log-likelihood: -78880.81762
59. Current log-likelihood: -78880.75602
60. Current log-likelihood: -78880.69674
61. Current log-likelihood: -78880.63260
62. Current log-likelihood: -78880.58016
63. Current log-likelihood: -78880.53537
64. Current log-likelihood: -78880.48837
65. Current log-likelihood: -78880.44629
66. Current log-likelihood: -78880.40889
67. Current log-likelihood: -78880.35872
68. Current log-likelihood: -78880.32523
69. Current log-likelihood: -78880.29304
70. Current log-likelihood: -78880.25771
71. Current log-likelihood: -78880.22911
72. Current log-likelihood: -78880.20157
73. Current log-likelihood: -78880.17472
74. Current log-likelihood: -78880.15051
75. Current log-likelihood: -78880.12554
76. Current log-likelihood: -78880.10335
77. Current log-likelihood: -78880.08084
78. Current log-likelihood: -78880.05909
79. Current log-likelihood: -78880.03815
80. Current log-likelihood: -78880.01514
81. Current log-likelihood: -78879.95190
82. Current log-likelihood: -78879.91544
83. Current log-likelihood: -78879.88379
84. Current log-likelihood: -78879.85835
85. Current log-likelihood: -78879.83110
86. Current log-likelihood: -78879.80829
87. Current log-likelihood: -78879.78456
88. Current log-likelihood: -78879.75986
89. Current log-likelihood: -78879.73694
90. Current log-likelihood: -78879.71315
91. Current log-likelihood: -78879.69100
92. Current log-likelihood: -78879.66650
93. Current log-likelihood: -78879.64193
94. Current log-likelihood: -78879.61460
95. Current log-likelihood: -78879.58431
96. Current log-likelihood: -78879.55100
97. Current log-likelihood: -78879.51921
98. Current log-likelihood: -78879.49072
99. Current log-likelihood: -78879.46083
100. Current log-likelihood: -78879.43201
101. Current log-likelihood: -78879.40535
102. Current log-likelihood: -78879.35987
103. Current log-likelihood: -78879.30852
104. Current log-likelihood: -78879.25943
105. Current log-likelihood: -78879.21167
106. Current log-likelihood: -78879.16490
107. Current log-likelihood: -78879.12671
108. Current log-likelihood: -78879.08686
109. Current log-likelihood: -78879.04499
110. Current log-likelihood: -78879.01022
111. Current log-likelihood: -78878.97855
112. Current log-likelihood: -78878.94414
113. Current log-likelihood: -78878.91635
114. Current log-likelihood: -78878.88746
115. Current log-likelihood: -78878.86151
116. Current log-likelihood: -78878.83158
117. Current log-likelihood: -78878.80605
118. Current log-likelihood: -78878.78251
119. Current log-likelihood: -78878.76098
120. Current log-likelihood: -78878.74050
121. Current log-likelihood: -78878.72150
122. Current log-likelihood: -78878.70364
123. Current log-likelihood: -78878.68798
124. Current log-likelihood: -78878.67554
125. Current log-likelihood: -78878.66384
126. Current log-likelihood: -78878.65096
127. Current log-likelihood: -78878.64222
128. Current log-likelihood: -78878.63423
129. Current log-likelihood: -78878.62710
130. Current log-likelihood: -78878.62038
131. Current log-likelihood: -78878.61386
132. Current log-likelihood: -78878.60776
133. Current log-likelihood: -78878.60210
134. Current log-likelihood: -78878.59662
135. Current log-likelihood: -78878.59137
136. Current log-likelihood: -78878.58635
137. Current log-likelihood: -78878.58161
138. Current log-likelihood: -78878.57702
139. Current log-likelihood: -78878.57263
140. Current log-likelihood: -78878.56835
141. Current log-likelihood: -78878.56614
142. Current log-likelihood: -78878.56194
143. Current log-likelihood: -78878.55799
144. Current log-likelihood: -78878.55608
145. Current log-likelihood: -78878.55209
146. Current log-likelihood: -78878.54840
147. Current log-likelihood: -78878.54668
148. Current log-likelihood: -78878.54302
149. Current log-likelihood: -78878.54143
150. Current log-likelihood: -78878.53882
151. Current log-likelihood: -78878.53733
152. Current log-likelihood: -78878.53400
153. Current log-likelihood: -78878.53261
154. Current log-likelihood: -78878.53125
155. Current log-likelihood: -78878.52802
156. Current log-likelihood: -78878.52675
157. Current log-likelihood: -78878.52552
158. Current log-likelihood: -78878.52432
159. Current log-likelihood: -78878.52310
160. Current log-likelihood: -78878.52195
161. Current log-likelihood: -78878.52084
162. Current log-likelihood: -78878.51975
163. Current log-likelihood: -78878.51876
Final estimation on weights:
0.04677,0.09786,0.06631,0.07916,0.06979,0.21520,0.06534,0.08763,0.07584,0.04667,0.07016,0.07925
Wrote distance file to... 
BEST SCORE FOUND : -78878.51876
Site log-likelihoods per category printed to /Users/gzd130/Library/CloudStorage/OneDrive-RegionSjælland/Mol_phylo/revision/mast_hiv/output/0.9/mast_model_12/mast_model_final_12.sitelh
Site probabilities per category printed to /Users/gzd130/Library/CloudStorage/OneDrive-RegionSjælland/Mol_phylo/revision/mast_hiv/output/0.9/mast_model_12/mast_model_final_12.siteprob
Total tree lengths: 5.90837 2.03895 11.57171 2.16601 2.95562 0.83654 2.80103 1.93962 11.14877 4.73984 4.69324 2.16955

Total number of iterations: 161
CPU time used for tree search: 0.00002 sec (0h:0m:0s)
Wall-clock time used for tree search: 0.00003 sec (0h:0m:0s)
Total CPU time used: 5267.29581 sec (1h:27m:47s)
Total wall-clock time used: 7846.57596 sec (2h:10m:46s)

Analysis results written to: 
  IQ-TREE report:                /Users/gzd130/Library/CloudStorage/OneDrive-RegionSjælland/Mol_phylo/revision/mast_hiv/output/0.9/mast_model_12/mast_model_final_12.iqtree
  Maximum-likelihood tree:       /Users/gzd130/Library/CloudStorage/OneDrive-RegionSjælland/Mol_phylo/revision/mast_hiv/output/0.9/mast_model_12/mast_model_final_12.treefile
  Site log-likelihoods:          /Users/gzd130/Library/CloudStorage/OneDrive-RegionSjælland/Mol_phylo/revision/mast_hiv/output/0.9/mast_model_12/mast_model_final_12.sitelh
  Site probability per rate/mix: /Users/gzd130/Library/CloudStorage/OneDrive-RegionSjælland/Mol_phylo/revision/mast_hiv/output/0.9/mast_model_12/mast_model_final_12.siteprob
  Screen log file:               /Users/gzd130/Library/CloudStorage/OneDrive-RegionSjælland/Mol_phylo/revision/mast_hiv/output/0.9/mast_model_12/mast_model_final_12.log

Date and Time: Tue Jan 20 13:37:45 2026
