IQ-TREE version 3.0.1 for MacOS ARM 64-bit built Jun 30 2025
Developed by Bui Quang Minh, Thomas Wong, Nhan Ly-Trong, Huaiyan Ren
Contributed by Lam-Tung Nguyen, Dominik Schrempf, Chris Bielow,
Olga Chernomor, Michael Woodhams, Diep Thi Hoang, Heiko Schmidt

Host:    SUN1032320 (SSE4.2, 36 GB RAM)
Command: iqtree3 -s /Users/gzd130/Library/CloudStorage/OneDrive-RegionSjælland/Mol_phylo/revision/mast_hiv/data/0.9_trimmed_alns_HIV_2021_subset.fasta -m GTR+FO+R4+T -te /Users/gzd130/Library/CloudStorage/OneDrive-RegionSjælland/Mol_phylo/revision/mast_hiv/generated/0.9/tree_subsets/modeltrees_final_26.newick --prefix /Users/gzd130/Library/CloudStorage/OneDrive-RegionSjælland/Mol_phylo/revision/mast_hiv/output/0.9/mast_model_26/mast_model_final_26 -nt 2 -wspmr -wslmr -redo
Seed:    81585 (Using SPRNG - Scalable Parallel Random Number Generator)
Time:    Tue Jan 20 13:39:16 2026
Kernel:  SSE2 - 2 threads (14 CPU cores detected)

Reading alignment file /Users/gzd130/Library/CloudStorage/OneDrive-RegionSjælland/Mol_phylo/revision/mast_hiv/data/0.9_trimmed_alns_HIV_2021_subset.fasta ... Fasta format detected
Reading fasta file: done in 0.00433397 secs using 89.23% CPU
Alignment most likely contains DNA/RNA sequences
Constructing alignment: done in 0.00717592 secs using 62.99% CPU
Alignment has 37 sequences with 8546 columns, 3226 distinct patterns
2923 parsimony-informative, 1002 singleton sites, 4621 constant sites
                                Gap/Ambiguity  Composition  p-value
Analyzing sequences: done in 0.000219107 secs using 173% CPU
   1  B.FR.83.HXBLAI_IIIB_BRU.K03455    0.14%    passed     41.06%
   2  A                                 0.00%    passed     94.98%
   3  A1                                0.00%    passed     88.46%
   4  A2                                0.14%    passed     99.67%
   5  A3                                0.23%    passed     49.63%
   6  A6                                0.01%    passed     65.16%
   7  B                                 0.02%    passed     87.39%
   8  C                                 0.06%    passed     99.77%
   9  D                                 0.09%    passed     94.13%
  10  F1                                0.04%    passed     74.84%
  11  F2                                0.11%    passed     93.22%
  12  G                                 0.00%    passed     92.53%
  13  H                                 0.11%    passed     95.93%
  14  J                                 0.06%    passed     85.14%
  15  K                                 0.70%    passed     61.15%
  16  L                                 0.41%    passed     93.51%
  17  AE                                0.01%    passed     86.94%
  18  AG                                0.00%    passed     86.00%
  19  cpx                               0.16%    passed     88.19%
  20  DF                                0.05%    passed     86.17%
  21  BC                                0.09%    passed     96.11%
  22  CD                                0.06%    passed     99.76%
  23  BF                                0.04%    passed     48.59%
  24  BG                                0.23%    passed     92.78%
  25  01B                               0.07%    passed     93.30%
  26  A2D                               0.08%    passed     63.20%
  27  01A1                              0.07%    passed     67.81%
  28  A5U                               0.19%    passed     72.25%
  29  AD                                0.04%    passed     80.72%
  30  BF1                               0.06%    passed     92.44%
  31  02G                               0.05%    passed     99.53%
  32  A1D                               0.04%    passed     87.37%
  33  02A                               0.06%    passed     36.05%
  34  C2U                               0.04%    passed     98.27%
  35  02B                               0.46%    passed     90.31%
  36  01C                               0.08%    passed     97.19%
  37  CPZ                               1.10%    failed      0.00%
****  TOTAL                             0.14%  1 sequences failed composition chi2 test (p-value<5%; df=3)
Number of input trees: 26
Minimum branch length is set to 0.0000010
Checking for duplicate sequences: done in 0.000361919 secs using 93.67% CPU

NOTE: 403 MB RAM (0 GB) is required!
According to the parsimony scores along the sites, the tree weights are initialized to:
0.0320995,0.0478473,0.0408139,0.0345687,0.0391778,0.0295042,0.0366715,0.0436709,0.0381866,0.0323225,0.0484822,0.0398646,0.0441668,0.0334705,0.0258188,0.0493778,0.0411941,0.0370389,0.0369760,0.0414299,0.0325738,0.0376300,0.0499802,0.0360731,0.0357044,0.0353561
Estimate model parameters (epsilon = 0.00100)
1. Initial log-likelihood: -84809.15317
2. Current log-likelihood: -77467.73900
3. Current log-likelihood: -77426.56991
4. Current log-likelihood: -77418.27753
5. Current log-likelihood: -77410.38694
6. Current log-likelihood: -77404.46845
7. Current log-likelihood: -77389.73930
8. Current log-likelihood: -77374.92949
9. Current log-likelihood: -77365.58820
10. Current log-likelihood: -77364.19270
11. Current log-likelihood: -77363.34332
12. Current log-likelihood: -77362.63383
13. Current log-likelihood: -77362.03681
14. Current log-likelihood: -77361.47472
15. Current log-likelihood: -77361.04484
16. Current log-likelihood: -77360.67623
17. Current log-likelihood: -77360.12938
18. Current log-likelihood: -77359.85810
19. Current log-likelihood: -77359.61971
20. Current log-likelihood: -77359.40637
21. Current log-likelihood: -77359.21322
22. Current log-likelihood: -77359.04232
23. Current log-likelihood: -77358.88468
24. Current log-likelihood: -77358.74349
25. Current log-likelihood: -77358.61072
26. Current log-likelihood: -77358.49102
27. Current log-likelihood: -77358.37592
28. Current log-likelihood: -77353.11586
29. Current log-likelihood: -77350.49969
30. Current log-likelihood: -77349.56858
31. Current log-likelihood: -77348.49687
32. Current log-likelihood: -77347.95579
33. Current log-likelihood: -77347.59306
34. Current log-likelihood: -77347.33911
35. Current log-likelihood: -77347.14412
36. Current log-likelihood: -77346.98805
37. Current log-likelihood: -77346.84012
38. Current log-likelihood: -77346.50369
39. Current log-likelihood: -77346.37109
40. Current log-likelihood: -77346.25188
41. Current log-likelihood: -77346.14706
42. Current log-likelihood: -77346.04934
43. Current log-likelihood: -77345.96137
44. Current log-likelihood: -77345.88018
45. Current log-likelihood: -77345.80530
46. Current log-likelihood: -77345.73623
47. Current log-likelihood: -77345.67246
48. Current log-likelihood: -77345.61360
49. Current log-likelihood: -77345.56058
50. Current log-likelihood: -77345.51146
51. Current log-likelihood: -77345.46614
52. Current log-likelihood: -77345.42435
53. Current log-likelihood: -77345.38595
54. Current log-likelihood: -77345.35066
55. Current log-likelihood: -77345.31810
56. Current log-likelihood: -77345.28947
57. Current log-likelihood: -77345.26308
58. Current log-likelihood: -77345.23886
59. Current log-likelihood: -77345.21670
60. Current log-likelihood: -77345.19642
61. Current log-likelihood: -77345.17790
62. Current log-likelihood: -77345.16096
63. Current log-likelihood: -77345.14551
64. Current log-likelihood: -77345.13330
65. Current log-likelihood: -77345.11971
66. Current log-likelihood: -77345.10944
67. Current log-likelihood: -77345.09789
68. Current log-likelihood: -77345.08922
69. Current log-likelihood: -77345.07943
70. Current log-likelihood: -77345.07213
71. Current log-likelihood: -77345.06539
72. Current log-likelihood: -77345.05754
73. Current log-likelihood: -77345.05181
74. Current log-likelihood: -77345.04652
75. Current log-likelihood: -77345.04160
76. Current log-likelihood: -77345.03701
77. Current log-likelihood: -77345.03275
78. Current log-likelihood: -77345.02879
79. Current log-likelihood: -77345.02511
80. Current log-likelihood: -77345.02168
81. Current log-likelihood: -77345.01849
82. Current log-likelihood: -77345.01553
83. Current log-likelihood: -77345.01276
84. Current log-likelihood: -77345.01020
85. Current log-likelihood: -77345.00781
86. Current log-likelihood: -77345.00559
87. Current log-likelihood: -77345.00353
88. Current log-likelihood: -77345.00159
89. Current log-likelihood: -77344.99980
90. Current log-likelihood: -77344.99813
91. Current log-likelihood: -77344.99658
92. Current log-likelihood: -77344.99513
93. Current log-likelihood: -77344.99374
94. Current log-likelihood: -77344.99248
95. Current log-likelihood: -77344.99131
96. Current log-likelihood: -77344.99021
97. Current log-likelihood: -77344.98920
98. Current log-likelihood: -77344.98824
Final estimation on weights:
0.02756,0.06096,0.06046,0.02806,0.04464,0.07169,0.04291,0.04216,0.05368,0.02429,0.05050,0.03516,0.03747,0.02743,0.03508,0.05220,0.03702,0.01424,0.03013,0.03882,0.03588,0.02875,0.03367,0.02409,0.03915,0.02402
Wrote distance file to... 
BEST SCORE FOUND : -77344.98824
Site log-likelihoods per category printed to /Users/gzd130/Library/CloudStorage/OneDrive-RegionSjælland/Mol_phylo/revision/mast_hiv/output/0.9/mast_model_26/mast_model_final_26.sitelh
Site probabilities per category printed to /Users/gzd130/Library/CloudStorage/OneDrive-RegionSjælland/Mol_phylo/revision/mast_hiv/output/0.9/mast_model_26/mast_model_final_26.siteprob
Total tree lengths: 5.31992 1.58044 10.72977 2.35646 1.86960 0.88948 2.40945 1.33301 9.06783 2.81761 4.01397 1.94533 2.16314 2.06722 1.37091 2.48620 2.58526 5.67939 2.42082 1.83033 2.42235 2.66958 1.62860 5.42043 1.26809 2.13549

Total number of iterations: 96
CPU time used for tree search: 0.00002 sec (0h:0m:0s)
Wall-clock time used for tree search: 0.00003 sec (0h:0m:0s)
Total CPU time used: 6095.72072 sec (1h:41m:35s)
Total wall-clock time used: 4633.48398 sec (1h:17m:13s)

Analysis results written to: 
  IQ-TREE report:                /Users/gzd130/Library/CloudStorage/OneDrive-RegionSjælland/Mol_phylo/revision/mast_hiv/output/0.9/mast_model_26/mast_model_final_26.iqtree
  Maximum-likelihood tree:       /Users/gzd130/Library/CloudStorage/OneDrive-RegionSjælland/Mol_phylo/revision/mast_hiv/output/0.9/mast_model_26/mast_model_final_26.treefile
  Site log-likelihoods:          /Users/gzd130/Library/CloudStorage/OneDrive-RegionSjælland/Mol_phylo/revision/mast_hiv/output/0.9/mast_model_26/mast_model_final_26.sitelh
  Site probability per rate/mix: /Users/gzd130/Library/CloudStorage/OneDrive-RegionSjælland/Mol_phylo/revision/mast_hiv/output/0.9/mast_model_26/mast_model_final_26.siteprob
  Screen log file:               /Users/gzd130/Library/CloudStorage/OneDrive-RegionSjælland/Mol_phylo/revision/mast_hiv/output/0.9/mast_model_26/mast_model_final_26.log

Date and Time: Tue Jan 20 14:56:29 2026
