IQ-TREE multicore version 2.3.6 for Linux x86 64-bit built Aug  1 2024
Developed by Bui Quang Minh, Nguyen Lam Tung, Olga Chernomor, Heiko Schmidt,
Dominik Schrempf, Michael Woodhams, Ly Trong Nhan, Thomas Wong

Host:    racimocomp07fl.unicph.domain (AVX512, FMA3, 755 GB RAM)
Command: iqtree2 -s /maps/projects/racimolab/people/fnl270/GitHub/mast_hiv/data/18_ML_trees/2708_trimmed_alns_HIV_2021_subset.fasta -m GTR+FO+R4+T -te /maps/projects/racimolab/people/fnl270/GitHub/mast_hiv/data/tree_subsets/modeltrees_final_9.newick --prefix /maps/projects/racimolab/people/fnl270/GitHub/mast_hiv/output/mast_model_9/mast_model_final_9 -nt 2 -wspmr -wslmr -redo
Seed:    930471 (Using SPRNG - Scalable Parallel Random Number Generator)
Time:    Mon Sep  8 09:24:09 2025
Kernel:  AVX+FMA - 2 threads (96 CPU cores detected)

Reading alignment file /maps/projects/racimolab/people/fnl270/GitHub/mast_hiv/data/18_ML_trees/2708_trimmed_alns_HIV_2021_subset.fasta ... Fasta format detected
Reading fasta file: done in 0.00421029 secs using 85.55% CPU
Alignment most likely contains DNA/RNA sequences
Alignment has 37 sequences with 8941 columns, 3524 distinct patterns
3080 parsimony-informative, 1063 singleton sites, 4798 constant sites
                                Gap/Ambiguity  Composition  p-value
Analyzing sequences: done in 0.00086974 secs using 99.46% CPU
   1  B.FR.83.HXBLAI_IIIB_BRU.K03455    0.70%    passed     19.65%
   2  A                                 0.15%    passed     89.42%
   3  A1                                2.13%    passed     95.95%
   4  A2                                0.48%    passed     99.90%
   5  A3                                2.14%    passed     63.50%
   6  A6                                0.74%    passed     55.87%
   7  B                                 1.54%    passed     84.96%
   8  C                                 0.82%    passed     99.85%
   9  D                                 2.30%    passed     81.94%
  10  F1                                1.63%    passed     79.98%
  11  F2                                1.90%    passed     83.58%
  12  G                                 0.72%    passed     96.00%
  13  H                                 0.59%    passed     95.29%
  14  J                                 0.74%    passed     82.00%
  15  K                                 4.21%    passed     27.59%
  16  L                                 1.02%    passed     93.46%
  17  AE                                2.18%    passed     91.20%
  18  AG                                2.76%    passed     96.74%
  19  cpx                               0.65%    passed     75.48%
  20  DF                                0.73%    passed     93.16%
  21  BC                                1.01%    passed     89.00%
  22  CD                                0.66%    passed     99.15%
  23  BF                                0.85%    passed     34.38%
  24  BG                                1.45%    passed     96.00%
  25  01B                               1.67%    passed     91.56%
  26  A2D                               2.02%    passed     53.74%
  27  01A1                              2.65%    passed     55.15%
  28  A5U                               0.46%    passed     76.20%
  29  AD                                2.99%    passed     95.07%
  30  BF1                               1.96%    passed     80.75%
  31  02G                               1.21%    passed     98.74%
  32  A1D                               0.89%    passed     82.33%
  33  02A                               1.55%    passed     28.34%
  34  C2U                               0.43%    passed     98.79%
  35  02B                               3.53%    passed     98.05%
  36  01C                               0.82%    passed     97.29%
  37  CPZ                               1.97%    failed      0.00%
****  TOTAL                             1.47%  1 sequences failed composition chi2 test (p-value<5%; df=3)
Tree-mixture model
Number of input trees: 9
Minimum branch length is set to 0.0000010










Linked substitution model:
   GTR+FO

Linked RHS model:
   R4


NOTE: 152 MB RAM (0 GB) is required!
According to the parsimony scores along the sites, the tree weights are initialized to:
0.1211641,0.0908533,0.1146409,0.1284817,0.1094890,0.1506840,0.0647105,0.0898413,0.1301352
Estimate model parameters (epsilon = 0.00100)
1. Initial log-likelihood: -90756.07851
2. Current log-likelihood: -83933.78888
3. Current log-likelihood: -83906.14811
4. Current log-likelihood: -83894.03730
5. Current log-likelihood: -83887.57260
6. Current log-likelihood: -83884.92621
7. Current log-likelihood: -83883.35942
8. Current log-likelihood: -83882.06750
9. Current log-likelihood: -83880.99735
10. Current log-likelihood: -83880.10048
11. Current log-likelihood: -83879.36148
12. Current log-likelihood: -83878.72470
13. Current log-likelihood: -83878.19572
14. Current log-likelihood: -83877.76505
15. Current log-likelihood: -83877.38251
16. Current log-likelihood: -83877.06780
17. Current log-likelihood: -83876.79256
18. Current log-likelihood: -83876.56603
19. Current log-likelihood: -83876.37443
20. Current log-likelihood: -83876.21086
21. Current log-likelihood: -83876.06424
22. Current log-likelihood: -83875.94243
23. Current log-likelihood: -83875.83773
24. Current log-likelihood: -83875.74662
25. Current log-likelihood: -83875.67010
26. Current log-likelihood: -83875.60379
27. Current log-likelihood: -83875.54332
28. Current log-likelihood: -83875.49071
29. Current log-likelihood: -83875.44562
30. Current log-likelihood: -83875.40695
31. Current log-likelihood: -83875.37353
32. Current log-likelihood: -83875.34621
33. Current log-likelihood: -83875.31879
34. Current log-likelihood: -83875.29767
35. Current log-likelihood: -83875.27876
36. Current log-likelihood: -83875.26220
37. Current log-likelihood: -83875.24635
38. Current log-likelihood: -83875.23295
39. Current log-likelihood: -83875.22102
40. Current log-likelihood: -83875.21108
41. Current log-likelihood: -83875.20065
42. Current log-likelihood: -83875.19264
43. Current log-likelihood: -83875.18527
44. Current log-likelihood: -83875.17874
45. Current log-likelihood: -83875.17197
46. Current log-likelihood: -83875.16747
47. Current log-likelihood: -83875.16225
48. Current log-likelihood: -83875.15845
49. Current log-likelihood: -83875.15496
50. Current log-likelihood: -83875.15184
51. Current log-likelihood: -83875.14727
52. Current log-likelihood: -83875.14456
53. Current log-likelihood: -83875.14199
54. Current log-likelihood: -83875.13961
55. Current log-likelihood: -83875.13733
56. Current log-likelihood: -83875.13520
57. Current log-likelihood: -83875.13328
58. Current log-likelihood: -83875.13008
59. Current log-likelihood: -83875.12838
60. Current log-likelihood: -83875.12674
61. Current log-likelihood: -83875.12521
62. Current log-likelihood: -83875.12373
63. Current log-likelihood: -83875.12233
64. Current log-likelihood: -83875.12096
65. Current log-likelihood: -83875.11966
66. Current log-likelihood: -83875.11840
67. Current log-likelihood: -83875.11720
68. Current log-likelihood: -83875.11606
69. Current log-likelihood: -83875.11497
70. Current log-likelihood: -83875.11391
71. Current log-likelihood: -83875.11291
72. Current log-likelihood: -83875.11193
Final estimation on weights:
0.16231,0.11908,0.07264,0.14704,0.07886,0.15856,0.06997,0.08880,0.10273
Wrote distance file to... 
BEST SCORE FOUND : -83875.11193
Site log-likelihoods per category printed to /maps/projects/racimolab/people/fnl270/GitHub/mast_hiv/output/mast_model_9/mast_model_final_9.sitelh
Site probabilities per category printed to /maps/projects/racimolab/people/fnl270/GitHub/mast_hiv/output/mast_model_9/mast_model_final_9.siteprob
Total tree lengths: 5.02021 10.95939 5.92224 1.76785 2.91272 2.26923 1.24119 1.66617 2.89193

Total number of iterations: 70
CPU time used for tree search: 0.00008 sec (0h:0m:0s)
Wall-clock time used for tree search: 0.00008 sec (0h:0m:0s)
Total CPU time used: 4955.57469 sec (1h:22m:35s)
Total wall-clock time used: 2681.03236 sec (0h:44m:41s)

Analysis results written to: 
  IQ-TREE report:                /maps/projects/racimolab/people/fnl270/GitHub/mast_hiv/output/mast_model_9/mast_model_final_9.iqtree
  Maximum-likelihood tree:       /maps/projects/racimolab/people/fnl270/GitHub/mast_hiv/output/mast_model_9/mast_model_final_9.treefile
  Site log-likelihoods:          /maps/projects/racimolab/people/fnl270/GitHub/mast_hiv/output/mast_model_9/mast_model_final_9.sitelh
  Site probability per rate/mix: /maps/projects/racimolab/people/fnl270/GitHub/mast_hiv/output/mast_model_9/mast_model_final_9.siteprob
  Screen log file:               /maps/projects/racimolab/people/fnl270/GitHub/mast_hiv/output/mast_model_9/mast_model_final_9.log

Date and Time: Mon Sep  8 10:08:51 2025
