IQ-TREE version 3.0.1 for MacOS ARM 64-bit built Jun 30 2025
Developed by Bui Quang Minh, Thomas Wong, Nhan Ly-Trong, Huaiyan Ren
Contributed by Lam-Tung Nguyen, Dominik Schrempf, Chris Bielow,
Olga Chernomor, Michael Woodhams, Diep Thi Hoang, Heiko Schmidt

Host:    SUN1032320 (SSE4.2, 36 GB RAM)
Command: iqtree3 -s /Users/gzd130/Library/CloudStorage/OneDrive-RegionSjælland/Mol_phylo/revision/mast_hiv/data/0.9_trimmed_alns_HIV_2021_subset.fasta -m GTR+FO+R4+T -te /Users/gzd130/Library/CloudStorage/OneDrive-RegionSjælland/Mol_phylo/revision/mast_hiv/generated/0.9/tree_subsets/modeltrees_final_33.newick --prefix /Users/gzd130/Library/CloudStorage/OneDrive-RegionSjælland/Mol_phylo/revision/mast_hiv/output/0.9/mast_model_33/mast_model_final_33 -nt 2 -wspmr -wslmr -redo
Seed:    934900 (Using SPRNG - Scalable Parallel Random Number Generator)
Time:    Tue Jan 20 14:38:39 2026
Kernel:  SSE2 - 2 threads (14 CPU cores detected)

Reading alignment file /Users/gzd130/Library/CloudStorage/OneDrive-RegionSjælland/Mol_phylo/revision/mast_hiv/data/0.9_trimmed_alns_HIV_2021_subset.fasta ... Fasta format detected
Reading fasta file: done in 0.00613713 secs using 62.6% CPU
Alignment most likely contains DNA/RNA sequences
Constructing alignment: done in 0.00636816 secs using 64.18% CPU
Alignment has 37 sequences with 8546 columns, 3226 distinct patterns
2923 parsimony-informative, 1002 singleton sites, 4621 constant sites
                                Gap/Ambiguity  Composition  p-value
Analyzing sequences: done in 0.000173092 secs using 184.3% CPU
   1  B.FR.83.HXBLAI_IIIB_BRU.K03455    0.14%    passed     41.06%
   2  A                                 0.00%    passed     94.98%
   3  A1                                0.00%    passed     88.46%
   4  A2                                0.14%    passed     99.67%
   5  A3                                0.23%    passed     49.63%
   6  A6                                0.01%    passed     65.16%
   7  B                                 0.02%    passed     87.39%
   8  C                                 0.06%    passed     99.77%
   9  D                                 0.09%    passed     94.13%
  10  F1                                0.04%    passed     74.84%
  11  F2                                0.11%    passed     93.22%
  12  G                                 0.00%    passed     92.53%
  13  H                                 0.11%    passed     95.93%
  14  J                                 0.06%    passed     85.14%
  15  K                                 0.70%    passed     61.15%
  16  L                                 0.41%    passed     93.51%
  17  AE                                0.01%    passed     86.94%
  18  AG                                0.00%    passed     86.00%
  19  cpx                               0.16%    passed     88.19%
  20  DF                                0.05%    passed     86.17%
  21  BC                                0.09%    passed     96.11%
  22  CD                                0.06%    passed     99.76%
  23  BF                                0.04%    passed     48.59%
  24  BG                                0.23%    passed     92.78%
  25  01B                               0.07%    passed     93.30%
  26  A2D                               0.08%    passed     63.20%
  27  01A1                              0.07%    passed     67.81%
  28  A5U                               0.19%    passed     72.25%
  29  AD                                0.04%    passed     80.72%
  30  BF1                               0.06%    passed     92.44%
  31  02G                               0.05%    passed     99.53%
  32  A1D                               0.04%    passed     87.37%
  33  02A                               0.06%    passed     36.05%
  34  C2U                               0.04%    passed     98.27%
  35  02B                               0.46%    passed     90.31%
  36  01C                               0.08%    passed     97.19%
  37  CPZ                               1.10%    failed      0.00%
****  TOTAL                             0.14%  1 sequences failed composition chi2 test (p-value<5%; df=3)
Number of input trees: 33
Minimum branch length is set to 0.0000010
Checking for duplicate sequences: done in 0.000349998 secs using 94.57% CPU

NOTE: 511 MB RAM (0 GB) is required!
According to the parsimony scores along the sites, the tree weights are initialized to:
0.0209633,0.0387228,0.0327988,0.0272308,0.0336169,0.0245701,0.0293375,0.0355080,0.0312325,0.0214702,0.0381900,0.0338104,0.0351655,0.0279332,0.0215794,0.0295822,0.0338249,0.0305745,0.0305965,0.0340352,0.0275005,0.0322405,0.0383490,0.0308985,0.0297576,0.0300274,0.0286415,0.0291299,0.0351983,0.0229691,0.0331388,0.0235227,0.0278835
Estimate model parameters (epsilon = 0.00100)
1. Initial log-likelihood: -84629.64601
2. Current log-likelihood: -76944.09785
3. Current log-likelihood: -76883.07892
4. Current log-likelihood: -76868.50919
5. Current log-likelihood: -76858.58810
6. Current log-likelihood: -76853.92463
7. Current log-likelihood: -76850.40773
8. Current log-likelihood: -76847.32396
9. Current log-likelihood: -76842.09064
10. Current log-likelihood: -76837.95939
11. Current log-likelihood: -76835.43447
12. Current log-likelihood: -76832.93669
13. Current log-likelihood: -76825.27992
14. Current log-likelihood: -76823.86120
15. Current log-likelihood: -76822.54044
16. Current log-likelihood: -76821.52457
17. Current log-likelihood: -76820.73609
18. Current log-likelihood: -76820.04074
19. Current log-likelihood: -76819.47162
20. Current log-likelihood: -76816.72996
21. Current log-likelihood: -76816.05926
22. Current log-likelihood: -76815.54877
23. Current log-likelihood: -76815.18394
24. Current log-likelihood: -76814.87088
25. Current log-likelihood: -76814.59429
26. Current log-likelihood: -76813.53339
27. Current log-likelihood: -76813.26540
28. Current log-likelihood: -76813.03211
29. Current log-likelihood: -76812.71738
30. Current log-likelihood: -76812.06752
31. Current log-likelihood: -76811.86809
32. Current log-likelihood: -76811.72295
33. Current log-likelihood: -76811.59781
34. Current log-likelihood: -76811.48590
35. Current log-likelihood: -76811.37650
36. Current log-likelihood: -76811.29741
37. Current log-likelihood: -76811.22791
38. Current log-likelihood: -76811.16484
39. Current log-likelihood: -76811.11086
40. Current log-likelihood: -76811.05882
41. Current log-likelihood: -76811.01838
42. Current log-likelihood: -76810.98052
43. Current log-likelihood: -76810.92651
44. Current log-likelihood: -76810.89365
45. Current log-likelihood: -76810.86753
46. Current log-likelihood: -76810.84390
47. Current log-likelihood: -76810.82217
48. Current log-likelihood: -76810.80280
49. Current log-likelihood: -76810.78529
50. Current log-likelihood: -76810.76946
51. Current log-likelihood: -76810.75513
52. Current log-likelihood: -76810.74170
53. Current log-likelihood: -76810.73036
54. Current log-likelihood: -76810.71909
55. Current log-likelihood: -76810.70948
56. Current log-likelihood: -76810.69972
57. Current log-likelihood: -76810.69254
58. Current log-likelihood: -76810.68392
59. Current log-likelihood: -76810.67774
60. Current log-likelihood: -76810.67015
61. Current log-likelihood: -76810.66474
62. Current log-likelihood: -76810.65962
63. Current log-likelihood: -76810.65295
64. Current log-likelihood: -76810.64844
65. Current log-likelihood: -76810.64413
66. Current log-likelihood: -76810.63901
67. Current log-likelihood: -76810.63512
68. Current log-likelihood: -76810.63139
69. Current log-likelihood: -76810.62781
70. Current log-likelihood: -76810.62439
71. Current log-likelihood: -76810.62107
72. Current log-likelihood: -76810.61784
73. Current log-likelihood: -76810.61362
74. Current log-likelihood: -76810.61077
75. Current log-likelihood: -76810.60802
76. Current log-likelihood: -76810.60533
77. Current log-likelihood: -76810.60270
78. Current log-likelihood: -76810.60008
79. Current log-likelihood: -76810.59762
80. Current log-likelihood: -76810.59527
81. Current log-likelihood: -76810.59301
82. Current log-likelihood: -76810.59071
83. Current log-likelihood: -76810.58858
84. Current log-likelihood: -76810.58652
85. Current log-likelihood: -76810.58444
86. Current log-likelihood: -76810.58250
87. Current log-likelihood: -76810.58062
88. Current log-likelihood: -76810.57880
89. Current log-likelihood: -76810.57703
90. Current log-likelihood: -76810.57530
91. Current log-likelihood: -76810.57363
92. Current log-likelihood: -76810.57201
93. Current log-likelihood: -76810.57038
94. Current log-likelihood: -76810.56885
95. Current log-likelihood: -76810.56737
96. Current log-likelihood: -76810.56591
97. Current log-likelihood: -76810.56451
98. Current log-likelihood: -76810.56314
99. Current log-likelihood: -76810.56181
100. Current log-likelihood: -76810.56050
101. Current log-likelihood: -76810.55920
102. Current log-likelihood: -76810.55736
103. Current log-likelihood: -76810.55558
104. Current log-likelihood: -76810.55385
105. Current log-likelihood: -76810.55219
106. Current log-likelihood: -76810.55057
107. Current log-likelihood: -76810.54902
108. Current log-likelihood: -76810.54753
109. Current log-likelihood: -76810.54603
110. Current log-likelihood: -76810.54465
111. Current log-likelihood: -76810.54334
112. Current log-likelihood: -76810.54207
113. Current log-likelihood: -76810.54086
114. Current log-likelihood: -76810.53968
115. Current log-likelihood: -76810.53856
116. Current log-likelihood: -76810.53748
117. Current log-likelihood: -76810.53645
118. Current log-likelihood: -76810.53533
119. Current log-likelihood: -76810.53438
Final estimation on weights:
0.04072,0.06705,0.06632,0.02551,0.03613,0.05004,0.05470,0.02648,0.03199,0.01515,0.03321,0.03076,0.02109,0.03501,0.03266,0.01714,0.03419,0.03203,0.02778,0.01832,0.02396,0.03489,0.03157,0.02048,0.02578,0.01836,0.02179,0.02093,0.02037,0.01978,0.02114,0.01434,0.03036
Wrote distance file to... 
BEST SCORE FOUND : -76810.53438
Site log-likelihoods per category printed to /Users/gzd130/Library/CloudStorage/OneDrive-RegionSjælland/Mol_phylo/revision/mast_hiv/output/0.9/mast_model_33/mast_model_final_33.sitelh
Site probabilities per category printed to /Users/gzd130/Library/CloudStorage/OneDrive-RegionSjælland/Mol_phylo/revision/mast_hiv/output/0.9/mast_model_33/mast_model_final_33.siteprob
Total tree lengths: 2.32478 1.64085 10.79379 1.79796 1.80583 1.16084 1.67545 1.74779 2.99522 11.55680 3.55954 2.14280 2.74367 1.88745 1.20410 3.05579 1.91949 1.59957 2.10033 2.37143 2.77798 1.97908 1.52111 6.00102 2.08503 3.67947 2.42447 2.53306 6.71587 2.59471 2.53742 1.61351 1.84539

Total number of iterations: 117
CPU time used for tree search: 0.00001 sec (0h:0m:0s)
Wall-clock time used for tree search: 0.00002 sec (0h:0m:0s)
Total CPU time used: 6527.43685 sec (1h:48m:47s)
Total wall-clock time used: 4276.64791 sec (1h:11m:16s)

Analysis results written to: 
  IQ-TREE report:                /Users/gzd130/Library/CloudStorage/OneDrive-RegionSjælland/Mol_phylo/revision/mast_hiv/output/0.9/mast_model_33/mast_model_final_33.iqtree
  Maximum-likelihood tree:       /Users/gzd130/Library/CloudStorage/OneDrive-RegionSjælland/Mol_phylo/revision/mast_hiv/output/0.9/mast_model_33/mast_model_final_33.treefile
  Site log-likelihoods:          /Users/gzd130/Library/CloudStorage/OneDrive-RegionSjælland/Mol_phylo/revision/mast_hiv/output/0.9/mast_model_33/mast_model_final_33.sitelh
  Site probability per rate/mix: /Users/gzd130/Library/CloudStorage/OneDrive-RegionSjælland/Mol_phylo/revision/mast_hiv/output/0.9/mast_model_33/mast_model_final_33.siteprob
  Screen log file:               /Users/gzd130/Library/CloudStorage/OneDrive-RegionSjælland/Mol_phylo/revision/mast_hiv/output/0.9/mast_model_33/mast_model_final_33.log

Date and Time: Tue Jan 20 15:49:56 2026
