IQ-TREE version 3.0.1 for MacOS ARM 64-bit built Jun 30 2025
Developed by Bui Quang Minh, Thomas Wong, Nhan Ly-Trong, Huaiyan Ren
Contributed by Lam-Tung Nguyen, Dominik Schrempf, Chris Bielow,
Olga Chernomor, Michael Woodhams, Diep Thi Hoang, Heiko Schmidt

Host:    SUN1032320 (SSE4.2, 36 GB RAM)
Command: iqtree3 -s /Users/gzd130/Library/CloudStorage/OneDrive-RegionSjælland/Mol_phylo/revision/mast_hiv/data/0.9_trimmed_alns_HIV_2021_subset.fasta -m GTR+FO+R4+T -te /Users/gzd130/Library/CloudStorage/OneDrive-RegionSjælland/Mol_phylo/revision/mast_hiv/generated/0.9/tree_subsets/modeltrees_final_17.newick --prefix /Users/gzd130/Library/CloudStorage/OneDrive-RegionSjælland/Mol_phylo/revision/mast_hiv/output/0.9/mast_model_17/mast_model_final_17 -nt 2 -wspmr -wslmr -redo
Seed:    527420 (Using SPRNG - Scalable Parallel Random Number Generator)
Time:    Tue Jan 20 12:56:32 2026
Kernel:  SSE2 - 2 threads (14 CPU cores detected)

Reading alignment file /Users/gzd130/Library/CloudStorage/OneDrive-RegionSjælland/Mol_phylo/revision/mast_hiv/data/0.9_trimmed_alns_HIV_2021_subset.fasta ... Fasta format detected
Reading fasta file: done in 0.00494885 secs using 81.15% CPU
Alignment most likely contains DNA/RNA sequences
Constructing alignment: done in 0.00711703 secs using 62.92% CPU
Alignment has 37 sequences with 8546 columns, 3226 distinct patterns
2923 parsimony-informative, 1002 singleton sites, 4621 constant sites
                                Gap/Ambiguity  Composition  p-value
Analyzing sequences: done in 0.000284195 secs using 156.2% CPU
   1  B.FR.83.HXBLAI_IIIB_BRU.K03455    0.14%    passed     41.06%
   2  A                                 0.00%    passed     94.98%
   3  A1                                0.00%    passed     88.46%
   4  A2                                0.14%    passed     99.67%
   5  A3                                0.23%    passed     49.63%
   6  A6                                0.01%    passed     65.16%
   7  B                                 0.02%    passed     87.39%
   8  C                                 0.06%    passed     99.77%
   9  D                                 0.09%    passed     94.13%
  10  F1                                0.04%    passed     74.84%
  11  F2                                0.11%    passed     93.22%
  12  G                                 0.00%    passed     92.53%
  13  H                                 0.11%    passed     95.93%
  14  J                                 0.06%    passed     85.14%
  15  K                                 0.70%    passed     61.15%
  16  L                                 0.41%    passed     93.51%
  17  AE                                0.01%    passed     86.94%
  18  AG                                0.00%    passed     86.00%
  19  cpx                               0.16%    passed     88.19%
  20  DF                                0.05%    passed     86.17%
  21  BC                                0.09%    passed     96.11%
  22  CD                                0.06%    passed     99.76%
  23  BF                                0.04%    passed     48.59%
  24  BG                                0.23%    passed     92.78%
  25  01B                               0.07%    passed     93.30%
  26  A2D                               0.08%    passed     63.20%
  27  01A1                              0.07%    passed     67.81%
  28  A5U                               0.19%    passed     72.25%
  29  AD                                0.04%    passed     80.72%
  30  BF1                               0.06%    passed     92.44%
  31  02G                               0.05%    passed     99.53%
  32  A1D                               0.04%    passed     87.37%
  33  02A                               0.06%    passed     36.05%
  34  C2U                               0.04%    passed     98.27%
  35  02B                               0.46%    passed     90.31%
  36  01C                               0.08%    passed     97.19%
  37  CPZ                               1.10%    failed      0.00%
****  TOTAL                             0.14%  1 sequences failed composition chi2 test (p-value<5%; df=3)
Number of input trees: 17
Minimum branch length is set to 0.0000010
Checking for duplicate sequences: done in 0.000406027 secs using 93.84% CPU

NOTE: 263 MB RAM (0 GB) is required!
According to the parsimony scores along the sites, the tree weights are initialized to:
0.0468767,0.0633816,0.0568770,0.0643880,0.0586366,0.0499083,0.0618294,0.0801400,0.0541651,0.0584273,0.0647204,0.0645743,0.0732070,0.0407262,0.0377975,0.0633617,0.0609830
Estimate model parameters (epsilon = 0.00100)
1. Initial log-likelihood: -85326.48838
2. Current log-likelihood: -78396.97989
3. Current log-likelihood: -78351.21540
4. Current log-likelihood: -78335.22628
5. Current log-likelihood: -78329.64507
6. Current log-likelihood: -78325.84874
7. Current log-likelihood: -78323.18154
8. Current log-likelihood: -78321.30864
9. Current log-likelihood: -78319.72805
10. Current log-likelihood: -78318.68688
11. Current log-likelihood: -78317.81872
12. Current log-likelihood: -78317.08240
13. Current log-likelihood: -78316.46247
14. Current log-likelihood: -78315.92134
15. Current log-likelihood: -78315.44848
16. Current log-likelihood: -78315.03159
17. Current log-likelihood: -78314.65175
18. Current log-likelihood: -78314.30759
19. Current log-likelihood: -78314.00100
20. Current log-likelihood: -78313.72993
21. Current log-likelihood: -78313.48579
22. Current log-likelihood: -78313.25566
23. Current log-likelihood: -78313.04602
24. Current log-likelihood: -78312.85467
25. Current log-likelihood: -78312.65847
26. Current log-likelihood: -78312.48504
27. Current log-likelihood: -78311.95267
28. Current log-likelihood: -78311.77281
29. Current log-likelihood: -78311.60508
30. Current log-likelihood: -78311.45529
31. Current log-likelihood: -78311.31348
32. Current log-likelihood: -78311.18326
33. Current log-likelihood: -78311.06559
34. Current log-likelihood: -78310.95502
35. Current log-likelihood: -78310.85155
36. Current log-likelihood: -78310.75470
37. Current log-likelihood: -78310.66417
38. Current log-likelihood: -78310.38024
39. Current log-likelihood: -78310.27221
40. Current log-likelihood: -78310.17100
41. Current log-likelihood: -78310.07277
42. Current log-likelihood: -78309.98079
43. Current log-likelihood: -78309.89782
44. Current log-likelihood: -78309.81408
45. Current log-likelihood: -78309.73803
46. Current log-likelihood: -78309.66714
47. Current log-likelihood: -78309.59549
48. Current log-likelihood: -78309.53167
49. Current log-likelihood: -78309.46836
50. Current log-likelihood: -78309.41020
51. Current log-likelihood: -78309.35228
52. Current log-likelihood: -78309.29952
53. Current log-likelihood: -78309.24694
54. Current log-likelihood: -78309.19896
55. Current log-likelihood: -78309.14922
56. Current log-likelihood: -78309.10502
57. Current log-likelihood: -78309.05734
58. Current log-likelihood: -78307.33803
59. Current log-likelihood: -78307.18829
60. Current log-likelihood: -78307.08081
61. Current log-likelihood: -78306.98474
62. Current log-likelihood: -78306.89738
63. Current log-likelihood: -78306.81957
64. Current log-likelihood: -78306.74548
65. Current log-likelihood: -78306.67921
66. Current log-likelihood: -78306.61530
67. Current log-likelihood: -78306.55475
68. Current log-likelihood: -78306.48649
69. Current log-likelihood: -78306.41727
70. Current log-likelihood: -78306.35544
71. Current log-likelihood: -78306.29711
72. Current log-likelihood: -78306.24242
73. Current log-likelihood: -78306.18947
74. Current log-likelihood: -78306.14146
75. Current log-likelihood: -78306.09182
76. Current log-likelihood: -78306.01972
77. Current log-likelihood: -78305.97807
78. Current log-likelihood: -78305.94029
79. Current log-likelihood: -78305.90447
80. Current log-likelihood: -78305.87355
81. Current log-likelihood: -78305.84494
82. Current log-likelihood: -78305.81971
83. Current log-likelihood: -78305.79415
84. Current log-likelihood: -78305.77240
85. Current log-likelihood: -78305.75208
86. Current log-likelihood: -78305.73008
87. Current log-likelihood: -78305.71265
88. Current log-likelihood: -78305.69627
89. Current log-likelihood: -78305.68085
90. Current log-likelihood: -78305.66664
91. Current log-likelihood: -78305.65352
92. Current log-likelihood: -78305.64108
93. Current log-likelihood: -78305.62770
94. Current log-likelihood: -78305.61872
95. Current log-likelihood: -78305.60819
96. Current log-likelihood: -78305.59924
97. Current log-likelihood: -78305.59017
98. Current log-likelihood: -78305.58355
99. Current log-likelihood: -78305.57478
100. Current log-likelihood: -78305.56612
101. Current log-likelihood: -78305.55903
102. Current log-likelihood: -78305.55068
103. Current log-likelihood: -78305.54049
104. Current log-likelihood: -78305.53157
105. Current log-likelihood: -78305.52374
106. Current log-likelihood: -78305.51671
107. Current log-likelihood: -78305.51029
108. Current log-likelihood: -78305.50308
109. Current log-likelihood: -78305.49833
110. Current log-likelihood: -78305.49399
111. Current log-likelihood: -78305.49112
112. Current log-likelihood: -78305.48672
113. Current log-likelihood: -78305.48440
114. Current log-likelihood: -78305.48227
115. Current log-likelihood: -78305.47927
116. Current log-likelihood: -78305.47750
117. Current log-likelihood: -78305.46961
118. Current log-likelihood: -78305.46785
119. Current log-likelihood: -78305.46622
120. Current log-likelihood: -78305.46477
121. Current log-likelihood: -78305.46329
122. Current log-likelihood: -78305.46196
123. Current log-likelihood: -78305.46074
124. Current log-likelihood: -78305.45960
125. Current log-likelihood: -78305.45498
126. Current log-likelihood: -78305.45279
127. Current log-likelihood: -78305.45167
128. Current log-likelihood: -78305.45065
129. Current log-likelihood: -78305.44965
Final estimation on weights:
0.03240,0.09556,0.08179,0.06962,0.06588,0.12838,0.05997,0.07310,0.04489,0.04093,0.04691,0.05022,0.06395,0.02563,0.03863,0.04877,0.03335
Wrote distance file to... 
BEST SCORE FOUND : -78305.44965
Site log-likelihoods per category printed to /Users/gzd130/Library/CloudStorage/OneDrive-RegionSjælland/Mol_phylo/revision/mast_hiv/output/0.9/mast_model_17/mast_model_final_17.sitelh
Site probabilities per category printed to /Users/gzd130/Library/CloudStorage/OneDrive-RegionSjælland/Mol_phylo/revision/mast_hiv/output/0.9/mast_model_17/mast_model_final_17.siteprob
Total tree lengths: 6.85314 1.51298 10.77375 2.17306 1.59754 0.88469 2.66232 1.84611 2.66563 5.42757 5.29163 3.41167 2.05759 2.30186 1.73269 3.71858 1.94739

Total number of iterations: 127
CPU time used for tree search: 0.00002 sec (0h:0m:0s)
Wall-clock time used for tree search: 0.00003 sec (0h:0m:0s)
Total CPU time used: 4740.00660 sec (1h:19m:0s)
Total wall-clock time used: 4861.63783 sec (1h:21m:1s)

Analysis results written to: 
  IQ-TREE report:                /Users/gzd130/Library/CloudStorage/OneDrive-RegionSjælland/Mol_phylo/revision/mast_hiv/output/0.9/mast_model_17/mast_model_final_17.iqtree
  Maximum-likelihood tree:       /Users/gzd130/Library/CloudStorage/OneDrive-RegionSjælland/Mol_phylo/revision/mast_hiv/output/0.9/mast_model_17/mast_model_final_17.treefile
  Site log-likelihoods:          /Users/gzd130/Library/CloudStorage/OneDrive-RegionSjælland/Mol_phylo/revision/mast_hiv/output/0.9/mast_model_17/mast_model_final_17.sitelh
  Site probability per rate/mix: /Users/gzd130/Library/CloudStorage/OneDrive-RegionSjælland/Mol_phylo/revision/mast_hiv/output/0.9/mast_model_17/mast_model_final_17.siteprob
  Screen log file:               /Users/gzd130/Library/CloudStorage/OneDrive-RegionSjælland/Mol_phylo/revision/mast_hiv/output/0.9/mast_model_17/mast_model_final_17.log

Date and Time: Tue Jan 20 14:17:34 2026
