IQ-TREE version 3.0.1 for MacOS ARM 64-bit built Jun 30 2025
Developed by Bui Quang Minh, Thomas Wong, Nhan Ly-Trong, Huaiyan Ren
Contributed by Lam-Tung Nguyen, Dominik Schrempf, Chris Bielow,
Olga Chernomor, Michael Woodhams, Diep Thi Hoang, Heiko Schmidt

Host:    SUN1032320 (SSE4.2, 36 GB RAM)
Command: iqtree3 -s /Users/gzd130/Library/CloudStorage/OneDrive-RegionSjælland/Mol_phylo/revision/mast_hiv/data/0.9_trimmed_alns_HIV_2021_subset.fasta -m GTR+FO+R4+T -te /Users/gzd130/Library/CloudStorage/OneDrive-RegionSjælland/Mol_phylo/revision/mast_hiv/generated/0.9/tree_subsets/modeltrees_final_22.newick --prefix /Users/gzd130/Library/CloudStorage/OneDrive-RegionSjælland/Mol_phylo/revision/mast_hiv/output/0.9/mast_model_22/mast_model_final_22 -nt 2 -wspmr -wslmr -redo
Seed:    700844 (Using SPRNG - Scalable Parallel Random Number Generator)
Time:    Tue Jan 20 13:50:33 2026
Kernel:  SSE2 - 2 threads (14 CPU cores detected)

Reading alignment file /Users/gzd130/Library/CloudStorage/OneDrive-RegionSjælland/Mol_phylo/revision/mast_hiv/data/0.9_trimmed_alns_HIV_2021_subset.fasta ... Fasta format detected
Reading fasta file: done in 0.00472617 secs using 78.63% CPU
Alignment most likely contains DNA/RNA sequences
Constructing alignment: done in 0.00612617 secs using 64.97% CPU
Alignment has 37 sequences with 8546 columns, 3226 distinct patterns
2923 parsimony-informative, 1002 singleton sites, 4621 constant sites
                                Gap/Ambiguity  Composition  p-value
Analyzing sequences: done in 0.000298023 secs using 183.9% CPU
   1  B.FR.83.HXBLAI_IIIB_BRU.K03455    0.14%    passed     41.06%
   2  A                                 0.00%    passed     94.98%
   3  A1                                0.00%    passed     88.46%
   4  A2                                0.14%    passed     99.67%
   5  A3                                0.23%    passed     49.63%
   6  A6                                0.01%    passed     65.16%
   7  B                                 0.02%    passed     87.39%
   8  C                                 0.06%    passed     99.77%
   9  D                                 0.09%    passed     94.13%
  10  F1                                0.04%    passed     74.84%
  11  F2                                0.11%    passed     93.22%
  12  G                                 0.00%    passed     92.53%
  13  H                                 0.11%    passed     95.93%
  14  J                                 0.06%    passed     85.14%
  15  K                                 0.70%    passed     61.15%
  16  L                                 0.41%    passed     93.51%
  17  AE                                0.01%    passed     86.94%
  18  AG                                0.00%    passed     86.00%
  19  cpx                               0.16%    passed     88.19%
  20  DF                                0.05%    passed     86.17%
  21  BC                                0.09%    passed     96.11%
  22  CD                                0.06%    passed     99.76%
  23  BF                                0.04%    passed     48.59%
  24  BG                                0.23%    passed     92.78%
  25  01B                               0.07%    passed     93.30%
  26  A2D                               0.08%    passed     63.20%
  27  01A1                              0.07%    passed     67.81%
  28  A5U                               0.19%    passed     72.25%
  29  AD                                0.04%    passed     80.72%
  30  BF1                               0.06%    passed     92.44%
  31  02G                               0.05%    passed     99.53%
  32  A1D                               0.04%    passed     87.37%
  33  02A                               0.06%    passed     36.05%
  34  C2U                               0.04%    passed     98.27%
  35  02B                               0.46%    passed     90.31%
  36  01C                               0.08%    passed     97.19%
  37  CPZ                               1.10%    failed      0.00%
****  TOTAL                             0.14%  1 sequences failed composition chi2 test (p-value<5%; df=3)
Number of input trees: 22
Minimum branch length is set to 0.0000010
Checking for duplicate sequences: done in 0.000324965 secs using 93.55% CPU

NOTE: 341 MB RAM (0 GB) is required!
According to the parsimony scores along the sites, the tree weights are initialized to:
0.0359767,0.0530209,0.0454367,0.0452797,0.0448334,0.0353157,0.0435025,0.0582919,0.0439838,0.0394327,0.0542295,0.0460506,0.0538081,0.0363454,0.0305599,0.0546419,0.0472962,0.0465995,0.0434357,0.0476465,0.0506567,0.0436560
Estimate model parameters (epsilon = 0.00100)
1. Initial log-likelihood: -84933.63068
2. Current log-likelihood: -77794.17629
3. Current log-likelihood: -77731.15504
4. Current log-likelihood: -77709.77442
5. Current log-likelihood: -77696.14169
6. Current log-likelihood: -77686.74671
7. Current log-likelihood: -77683.28904
8. Current log-likelihood: -77681.11161
9. Current log-likelihood: -77679.42864
10. Current log-likelihood: -77678.24120
11. Current log-likelihood: -77677.24202
12. Current log-likelihood: -77675.57414
13. Current log-likelihood: -77674.87565
14. Current log-likelihood: -77674.27748
15. Current log-likelihood: -77673.76446
16. Current log-likelihood: -77673.32053
17. Current log-likelihood: -77672.92927
18. Current log-likelihood: -77672.59230
19. Current log-likelihood: -77672.29809
20. Current log-likelihood: -77672.03751
21. Current log-likelihood: -77671.80678
22. Current log-likelihood: -77671.60381
23. Current log-likelihood: -77671.42004
24. Current log-likelihood: -77671.24741
25. Current log-likelihood: -77670.72989
26. Current log-likelihood: -77670.52350
27. Current log-likelihood: -77670.34100
28. Current log-likelihood: -77670.17556
29. Current log-likelihood: -77670.02344
30. Current log-likelihood: -77669.88356
31. Current log-likelihood: -77669.75482
32. Current log-likelihood: -77669.63629
33. Current log-likelihood: -77669.52723
34. Current log-likelihood: -77669.42842
35. Current log-likelihood: -77669.33733
36. Current log-likelihood: -77669.02737
37. Current log-likelihood: -77668.92958
38. Current log-likelihood: -77668.84281
39. Current log-likelihood: -77668.76545
40. Current log-likelihood: -77668.69002
41. Current log-likelihood: -77668.62234
42. Current log-likelihood: -77668.56212
43. Current log-likelihood: -77668.50605
44. Current log-likelihood: -77668.45362
45. Current log-likelihood: -77668.40612
46. Current log-likelihood: -77668.36149
47. Current log-likelihood: -77668.32016
48. Current log-likelihood: -77668.28164
49. Current log-likelihood: -77668.24365
50. Current log-likelihood: -77668.20705
51. Current log-likelihood: -77668.17277
52. Current log-likelihood: -77668.08692
53. Current log-likelihood: -77668.04968
54. Current log-likelihood: -77668.01398
55. Current log-likelihood: -77667.97965
56. Current log-likelihood: -77667.94912
57. Current log-likelihood: -77667.91676
58. Current log-likelihood: -77667.89073
59. Current log-likelihood: -77667.86562
60. Current log-likelihood: -77667.84197
61. Current log-likelihood: -77667.82016
62. Current log-likelihood: -77667.79958
63. Current log-likelihood: -77667.78018
64. Current log-likelihood: -77667.76200
65. Current log-likelihood: -77667.74505
66. Current log-likelihood: -77667.72911
67. Current log-likelihood: -77667.71381
68. Current log-likelihood: -77667.69971
69. Current log-likelihood: -77667.68733
70. Current log-likelihood: -77667.67282
71. Current log-likelihood: -77667.66267
72. Current log-likelihood: -77667.65112
73. Current log-likelihood: -77667.64231
74. Current log-likelihood: -77667.63205
75. Current log-likelihood: -77667.62424
76. Current log-likelihood: -77667.61505
77. Current log-likelihood: -77667.60808
78. Current log-likelihood: -77667.60156
79. Current log-likelihood: -77667.59351
80. Current log-likelihood: -77667.58772
81. Current log-likelihood: -77667.58223
82. Current log-likelihood: -77667.57604
83. Current log-likelihood: -77667.57117
84. Current log-likelihood: -77667.56649
85. Current log-likelihood: -77667.56211
86. Current log-likelihood: -77667.55683
87. Current log-likelihood: -77667.55261
88. Current log-likelihood: -77667.54883
89. Current log-likelihood: -77667.54521
90. Current log-likelihood: -77667.54163
91. Current log-likelihood: -77667.53832
92. Current log-likelihood: -77667.53517
93. Current log-likelihood: -77667.53215
94. Current log-likelihood: -77667.52932
95. Current log-likelihood: -77667.52656
96. Current log-likelihood: -77667.52393
97. Current log-likelihood: -77667.52139
98. Current log-likelihood: -77667.51895
99. Current log-likelihood: -77667.51654
100. Current log-likelihood: -77667.51102
101. Current log-likelihood: -77667.50859
102. Current log-likelihood: -77667.50505
103. Current log-likelihood: -77667.12885
104. Current log-likelihood: -77667.11681
105. Current log-likelihood: -77667.10718
106. Current log-likelihood: -77667.09750
107. Current log-likelihood: -77667.09263
108. Current log-likelihood: -77667.08644
109. Current log-likelihood: -77667.08304
110. Current log-likelihood: -77667.07840
111. Current log-likelihood: -77667.07592
112. Current log-likelihood: -77667.07375
113. Current log-likelihood: -77667.07181
114. Current log-likelihood: -77667.07002
115. Current log-likelihood: -77667.06848
116. Current log-likelihood: -77667.06704
117. Current log-likelihood: -77667.06576
118. Current log-likelihood: -77667.06463
119. Current log-likelihood: -77667.06360
120. Current log-likelihood: -77667.06259
121. Current log-likelihood: -77667.06174
Final estimation on weights:
0.03071,0.06502,0.04672,0.04253,0.05035,0.09435,0.05952,0.05588,0.07019,0.03327,0.05748,0.02382,0.04489,0.04066,0.02402,0.05014,0.03686,0.02651,0.02874,0.04553,0.04603,0.02679
Wrote distance file to... 
BEST SCORE FOUND : -77667.06174
Site log-likelihoods per category printed to /Users/gzd130/Library/CloudStorage/OneDrive-RegionSjælland/Mol_phylo/revision/mast_hiv/output/0.9/mast_model_22/mast_model_final_22.sitelh
Site probabilities per category printed to /Users/gzd130/Library/CloudStorage/OneDrive-RegionSjælland/Mol_phylo/revision/mast_hiv/output/0.9/mast_model_22/mast_model_final_22.siteprob
Total tree lengths: 5.59715 1.53978 11.02144 1.81018 1.60586 0.84258 1.73952 1.84378 11.18205 1.77025 2.91353 2.85131 2.09732 1.86778 1.79742 3.04064 2.64477 5.68469 2.72051 1.76150 4.49956 2.62189

Total number of iterations: 119
CPU time used for tree search: 0.00002 sec (0h:0m:0s)
Wall-clock time used for tree search: 0.00003 sec (0h:0m:0s)
Total CPU time used: 4632.15041 sec (1h:17m:12s)
Total wall-clock time used: 3516.26453 sec (0h:58m:36s)

Analysis results written to: 
  IQ-TREE report:                /Users/gzd130/Library/CloudStorage/OneDrive-RegionSjælland/Mol_phylo/revision/mast_hiv/output/0.9/mast_model_22/mast_model_final_22.iqtree
  Maximum-likelihood tree:       /Users/gzd130/Library/CloudStorage/OneDrive-RegionSjælland/Mol_phylo/revision/mast_hiv/output/0.9/mast_model_22/mast_model_final_22.treefile
  Site log-likelihoods:          /Users/gzd130/Library/CloudStorage/OneDrive-RegionSjælland/Mol_phylo/revision/mast_hiv/output/0.9/mast_model_22/mast_model_final_22.sitelh
  Site probability per rate/mix: /Users/gzd130/Library/CloudStorage/OneDrive-RegionSjælland/Mol_phylo/revision/mast_hiv/output/0.9/mast_model_22/mast_model_final_22.siteprob
  Screen log file:               /Users/gzd130/Library/CloudStorage/OneDrive-RegionSjælland/Mol_phylo/revision/mast_hiv/output/0.9/mast_model_22/mast_model_final_22.log

Date and Time: Tue Jan 20 14:49:10 2026
