IQ-TREE version 3.0.1 for MacOS ARM 64-bit built Jun 30 2025
Developed by Bui Quang Minh, Thomas Wong, Nhan Ly-Trong, Huaiyan Ren
Contributed by Lam-Tung Nguyen, Dominik Schrempf, Chris Bielow,
Olga Chernomor, Michael Woodhams, Diep Thi Hoang, Heiko Schmidt

Host:    SUN1032320 (SSE4.2, 36 GB RAM)
Command: iqtree3 -s /Users/gzd130/Library/CloudStorage/OneDrive-RegionSjælland/Mol_phylo/revision/mast_hiv/data/0.9_trimmed_alns_HIV_2021_subset.fasta -m GTR+FO+R4+T -te /Users/gzd130/Library/CloudStorage/OneDrive-RegionSjælland/Mol_phylo/revision/mast_hiv/generated/0.9/tree_subsets/modeltrees_final_5.newick --prefix /Users/gzd130/Library/CloudStorage/OneDrive-RegionSjælland/Mol_phylo/revision/mast_hiv/output/0.9/mast_model_5/mast_model_final_5 -nt 2 -wspmr -wslmr -redo
Seed:    116158 (Using SPRNG - Scalable Parallel Random Number Generator)
Time:    Tue Jan 20 11:26:59 2026
Kernel:  SSE2 - 2 threads (14 CPU cores detected)

Reading alignment file /Users/gzd130/Library/CloudStorage/OneDrive-RegionSjælland/Mol_phylo/revision/mast_hiv/data/0.9_trimmed_alns_HIV_2021_subset.fasta ... Fasta format detected
Reading fasta file: done in 0.0157261 secs using 21.39% CPU
Alignment most likely contains DNA/RNA sequences
Constructing alignment: done in 0.005476 secs using 60.61% CPU
Alignment has 37 sequences with 8546 columns, 3226 distinct patterns
2923 parsimony-informative, 1002 singleton sites, 4621 constant sites
                                Gap/Ambiguity  Composition  p-value
Analyzing sequences: done in 0.000226974 secs using 111.9% CPU
   1  B.FR.83.HXBLAI_IIIB_BRU.K03455    0.14%    passed     41.06%
   2  A                                 0.00%    passed     94.98%
   3  A1                                0.00%    passed     88.46%
   4  A2                                0.14%    passed     99.67%
   5  A3                                0.23%    passed     49.63%
   6  A6                                0.01%    passed     65.16%
   7  B                                 0.02%    passed     87.39%
   8  C                                 0.06%    passed     99.77%
   9  D                                 0.09%    passed     94.13%
  10  F1                                0.04%    passed     74.84%
  11  F2                                0.11%    passed     93.22%
  12  G                                 0.00%    passed     92.53%
  13  H                                 0.11%    passed     95.93%
  14  J                                 0.06%    passed     85.14%
  15  K                                 0.70%    passed     61.15%
  16  L                                 0.41%    passed     93.51%
  17  AE                                0.01%    passed     86.94%
  18  AG                                0.00%    passed     86.00%
  19  cpx                               0.16%    passed     88.19%
  20  DF                                0.05%    passed     86.17%
  21  BC                                0.09%    passed     96.11%
  22  CD                                0.06%    passed     99.76%
  23  BF                                0.04%    passed     48.59%
  24  BG                                0.23%    passed     92.78%
  25  01B                               0.07%    passed     93.30%
  26  A2D                               0.08%    passed     63.20%
  27  01A1                              0.07%    passed     67.81%
  28  A5U                               0.19%    passed     72.25%
  29  AD                                0.04%    passed     80.72%
  30  BF1                               0.06%    passed     92.44%
  31  02G                               0.05%    passed     99.53%
  32  A1D                               0.04%    passed     87.37%
  33  02A                               0.06%    passed     36.05%
  34  C2U                               0.04%    passed     98.27%
  35  02B                               0.46%    passed     90.31%
  36  01C                               0.08%    passed     97.19%
  37  CPZ                               1.10%    failed      0.00%
****  TOTAL                             0.14%  1 sequences failed composition chi2 test (p-value<5%; df=3)
Number of input trees: 5
Minimum branch length is set to 0.0000010
Checking for duplicate sequences: done in 0.000392914 secs using 69.23% CPU

NOTE: 77 MB RAM (0 GB) is required!
According to the parsimony scores along the sites, the tree weights are initialized to:
0.1511349,0.1971483,0.2052233,0.2449440,0.2015495
Estimate model parameters (epsilon = 0.00100)
1. Initial log-likelihood: -86536.64935
2. Current log-likelihood: -80256.70750
3. Current log-likelihood: -80213.36696
4. Current log-likelihood: -80205.34519
5. Current log-likelihood: -80203.39648
6. Current log-likelihood: -80202.24508
7. Current log-likelihood: -80201.67530
8. Current log-likelihood: -80201.29760
9. Current log-likelihood: -80200.91483
10. Current log-likelihood: -80200.56345
11. Current log-likelihood: -80200.22889
12. Current log-likelihood: -80199.89493
13. Current log-likelihood: -80199.57321
14. Current log-likelihood: -80199.27425
15. Current log-likelihood: -80198.96982
16. Current log-likelihood: -80198.67533
17. Current log-likelihood: -80198.38194
18. Current log-likelihood: -80198.10252
19. Current log-likelihood: -80197.84746
20. Current log-likelihood: -80197.61472
21. Current log-likelihood: -80197.40711
22. Current log-likelihood: -80197.21909
23. Current log-likelihood: -80197.05664
24. Current log-likelihood: -80196.90788
25. Current log-likelihood: -80196.78132
26. Current log-likelihood: -80196.65265
27. Current log-likelihood: -80196.54468
28. Current log-likelihood: -80196.44618
29. Current log-likelihood: -80196.34135
30. Current log-likelihood: -80196.25343
31. Current log-likelihood: -80196.17430
32. Current log-likelihood: -80196.10333
33. Current log-likelihood: -80196.03972
34. Current log-likelihood: -80195.97739
35. Current log-likelihood: -80195.92379
36. Current log-likelihood: -80195.86281
37. Current log-likelihood: -80195.81047
38. Current log-likelihood: -80195.76726
39. Current log-likelihood: -80195.72640
40. Current log-likelihood: -80195.68964
41. Current log-likelihood: -80195.65759
42. Current log-likelihood: -80195.62825
43. Current log-likelihood: -80195.60094
44. Current log-likelihood: -80195.57421
45. Current log-likelihood: -80195.55093
46. Current log-likelihood: -80195.52944
47. Current log-likelihood: -80195.50991
48. Current log-likelihood: -80195.48981
49. Current log-likelihood: -80195.47316
50. Current log-likelihood: -80195.45783
51. Current log-likelihood: -80195.44325
52. Current log-likelihood: -80195.43012
53. Current log-likelihood: -80195.41868
54. Current log-likelihood: -80195.40702
55. Current log-likelihood: -80195.39746
56. Current log-likelihood: -80195.38716
57. Current log-likelihood: -80195.37868
58. Current log-likelihood: -80195.37193
59. Current log-likelihood: -80195.36040
60. Current log-likelihood: -80195.35213
61. Current log-likelihood: -80195.34659
62. Current log-likelihood: -80195.34036
63. Current log-likelihood: -80195.33578
64. Current log-likelihood: -80195.33052
65. Current log-likelihood: -80195.32654
66. Current log-likelihood: -80195.32166
67. Current log-likelihood: -80195.31825
68. Current log-likelihood: -80195.31499
69. Current log-likelihood: -80195.31093
70. Current log-likelihood: -80195.30808
71. Current log-likelihood: -80195.30538
72. Current log-likelihood: -80195.30277
73. Current log-likelihood: -80195.30041
74. Current log-likelihood: -80195.29826
75. Current log-likelihood: -80195.29605
76. Current log-likelihood: -80195.29393
77. Current log-likelihood: -80195.29200
78. Current log-likelihood: -80195.29021
79. Current log-likelihood: -80195.28861
80. Current log-likelihood: -80195.28693
81. Current log-likelihood: -80195.28534
82. Current log-likelihood: -80195.28382
83. Current log-likelihood: -80195.28248
84. Current log-likelihood: -80195.28114
85. Current log-likelihood: -80195.27990
86. Current log-likelihood: -80195.27874
87. Current log-likelihood: -80195.27453
88. Current log-likelihood: -80195.27353
Final estimation on weights:
0.12168,0.20939,0.15327,0.24537,0.27030
Wrote distance file to... 
BEST SCORE FOUND : -80195.27353
Site log-likelihoods per category printed to /Users/gzd130/Library/CloudStorage/OneDrive-RegionSjælland/Mol_phylo/revision/mast_hiv/output/0.9/mast_model_5/mast_model_final_5.sitelh
Site probabilities per category printed to /Users/gzd130/Library/CloudStorage/OneDrive-RegionSjælland/Mol_phylo/revision/mast_hiv/output/0.9/mast_model_5/mast_model_final_5.siteprob
Total tree lengths: 10.85375 2.80514 5.42230 2.64840 1.65890

Total number of iterations: 86
CPU time used for tree search: 0.00001 sec (0h:0m:0s)
Wall-clock time used for tree search: 0.00002 sec (0h:0m:0s)
Total CPU time used: 894.06541 sec (0h:14m:54s)
Total wall-clock time used: 1563.06033 sec (0h:26m:3s)

Analysis results written to: 
  IQ-TREE report:                /Users/gzd130/Library/CloudStorage/OneDrive-RegionSjælland/Mol_phylo/revision/mast_hiv/output/0.9/mast_model_5/mast_model_final_5.iqtree
  Maximum-likelihood tree:       /Users/gzd130/Library/CloudStorage/OneDrive-RegionSjælland/Mol_phylo/revision/mast_hiv/output/0.9/mast_model_5/mast_model_final_5.treefile
  Site log-likelihoods:          /Users/gzd130/Library/CloudStorage/OneDrive-RegionSjælland/Mol_phylo/revision/mast_hiv/output/0.9/mast_model_5/mast_model_final_5.sitelh
  Site probability per rate/mix: /Users/gzd130/Library/CloudStorage/OneDrive-RegionSjælland/Mol_phylo/revision/mast_hiv/output/0.9/mast_model_5/mast_model_final_5.siteprob
  Screen log file:               /Users/gzd130/Library/CloudStorage/OneDrive-RegionSjælland/Mol_phylo/revision/mast_hiv/output/0.9/mast_model_5/mast_model_final_5.log

Date and Time: Tue Jan 20 11:53:02 2026
