IQ-TREE version 3.0.1 for MacOS ARM 64-bit built Jun 30 2025
Developed by Bui Quang Minh, Thomas Wong, Nhan Ly-Trong, Huaiyan Ren
Contributed by Lam-Tung Nguyen, Dominik Schrempf, Chris Bielow,
Olga Chernomor, Michael Woodhams, Diep Thi Hoang, Heiko Schmidt

Host:    SUN1032320 (SSE4.2, 36 GB RAM)
Command: iqtree3 -s /Users/gzd130/Library/CloudStorage/OneDrive-RegionSjælland/Mol_phylo/revision/mast_hiv/data/0.9_trimmed_alns_HIV_2021_subset.fasta -m GTR+FO+R4+T -te /Users/gzd130/Library/CloudStorage/OneDrive-RegionSjælland/Mol_phylo/revision/mast_hiv/generated/0.9/tree_subsets/modeltrees_final_11.newick --prefix /Users/gzd130/Library/CloudStorage/OneDrive-RegionSjælland/Mol_phylo/revision/mast_hiv/output/0.9/mast_model_11/mast_model_final_11 -nt 2 -wspmr -wslmr -redo
Seed:    179604 (Using SPRNG - Scalable Parallel Random Number Generator)
Time:    Tue Jan 20 14:28:54 2026
Kernel:  SSE2 - 2 threads (14 CPU cores detected)

Reading alignment file /Users/gzd130/Library/CloudStorage/OneDrive-RegionSjælland/Mol_phylo/revision/mast_hiv/data/0.9_trimmed_alns_HIV_2021_subset.fasta ... Fasta format detected
Reading fasta file: done in 0.00475502 secs using 83.28% CPU
Alignment most likely contains DNA/RNA sequences
Constructing alignment: done in 0.00741386 secs using 57.73% CPU
Alignment has 37 sequences with 8546 columns, 3226 distinct patterns
2923 parsimony-informative, 1002 singleton sites, 4621 constant sites
                                Gap/Ambiguity  Composition  p-value
Analyzing sequences: done in 0.00030899 secs using 133.3% CPU
   1  B.FR.83.HXBLAI_IIIB_BRU.K03455    0.14%    passed     41.06%
   2  A                                 0.00%    passed     94.98%
   3  A1                                0.00%    passed     88.46%
   4  A2                                0.14%    passed     99.67%
   5  A3                                0.23%    passed     49.63%
   6  A6                                0.01%    passed     65.16%
   7  B                                 0.02%    passed     87.39%
   8  C                                 0.06%    passed     99.77%
   9  D                                 0.09%    passed     94.13%
  10  F1                                0.04%    passed     74.84%
  11  F2                                0.11%    passed     93.22%
  12  G                                 0.00%    passed     92.53%
  13  H                                 0.11%    passed     95.93%
  14  J                                 0.06%    passed     85.14%
  15  K                                 0.70%    passed     61.15%
  16  L                                 0.41%    passed     93.51%
  17  AE                                0.01%    passed     86.94%
  18  AG                                0.00%    passed     86.00%
  19  cpx                               0.16%    passed     88.19%
  20  DF                                0.05%    passed     86.17%
  21  BC                                0.09%    passed     96.11%
  22  CD                                0.06%    passed     99.76%
  23  BF                                0.04%    passed     48.59%
  24  BG                                0.23%    passed     92.78%
  25  01B                               0.07%    passed     93.30%
  26  A2D                               0.08%    passed     63.20%
  27  01A1                              0.07%    passed     67.81%
  28  A5U                               0.19%    passed     72.25%
  29  AD                                0.04%    passed     80.72%
  30  BF1                               0.06%    passed     92.44%
  31  02G                               0.05%    passed     99.53%
  32  A1D                               0.04%    passed     87.37%
  33  02A                               0.06%    passed     36.05%
  34  C2U                               0.04%    passed     98.27%
  35  02B                               0.46%    passed     90.31%
  36  01C                               0.08%    passed     97.19%
  37  CPZ                               1.10%    failed      0.00%
****  TOTAL                             0.14%  1 sequences failed composition chi2 test (p-value<5%; df=3)
Number of input trees: 11
Minimum branch length is set to 0.0000010
Checking for duplicate sequences: done in 0.000323057 secs using 93.17% CPU

NOTE: 170 MB RAM (0 GB) is required!
According to the parsimony scores along the sites, the tree weights are initialized to:
0.0685752,0.0874109,0.0989880,0.1081485,0.1061230,0.0898942,0.0884548,0.1045848,0.0723169,0.0821613,0.0933425
Estimate model parameters (epsilon = 0.00100)
1. Initial log-likelihood: -85683.82376
2. Current log-likelihood: -79073.22010
3. Current log-likelihood: -79030.67172
4. Current log-likelihood: -79016.87478
5. Current log-likelihood: -79011.34614
6. Current log-likelihood: -79007.59501
7. Current log-likelihood: -79005.02064
8. Current log-likelihood: -79003.27529
9. Current log-likelihood: -79001.77027
10. Current log-likelihood: -79000.73088
11. Current log-likelihood: -78999.41533
12. Current log-likelihood: -78998.57159
13. Current log-likelihood: -78997.84071
14. Current log-likelihood: -78997.19394
15. Current log-likelihood: -78996.62048
16. Current log-likelihood: -78995.29738
17. Current log-likelihood: -78994.60225
18. Current log-likelihood: -78994.06316
19. Current log-likelihood: -78993.57803
20. Current log-likelihood: -78993.12774
21. Current log-likelihood: -78992.72464
22. Current log-likelihood: -78992.34158
23. Current log-likelihood: -78991.99938
24. Current log-likelihood: -78991.67086
25. Current log-likelihood: -78991.36163
26. Current log-likelihood: -78991.06960
27. Current log-likelihood: -78990.77923
28. Current log-likelihood: -78990.52752
29. Current log-likelihood: -78990.28899
30. Current log-likelihood: -78990.06477
31. Current log-likelihood: -78989.85104
32. Current log-likelihood: -78989.64697
33. Current log-likelihood: -78989.45803
34. Current log-likelihood: -78989.27129
35. Current log-likelihood: -78989.09974
36. Current log-likelihood: -78988.93690
37. Current log-likelihood: -78988.78309
38. Current log-likelihood: -78988.62277
39. Current log-likelihood: -78988.37438
40. Current log-likelihood: -78988.22846
41. Current log-likelihood: -78988.08601
42. Current log-likelihood: -78987.95120
43. Current log-likelihood: -78987.81790
44. Current log-likelihood: -78987.69811
45. Current log-likelihood: -78987.58014
46. Current log-likelihood: -78987.46765
47. Current log-likelihood: -78986.36421
48. Current log-likelihood: -78986.24047
49. Current log-likelihood: -78986.12826
50. Current log-likelihood: -78986.01502
51. Current log-likelihood: -78985.90726
52. Current log-likelihood: -78985.80951
53. Current log-likelihood: -78985.70521
54. Current log-likelihood: -78985.60586
55. Current log-likelihood: -78985.50371
56. Current log-likelihood: -78985.39839
57. Current log-likelihood: -78985.29597
58. Current log-likelihood: -78985.17372
59. Current log-likelihood: -78984.89626
60. Current log-likelihood: -78984.58112
61. Current log-likelihood: -78984.44914
62. Current log-likelihood: -78984.32800
63. Current log-likelihood: -78984.21946
64. Current log-likelihood: -78984.11607
65. Current log-likelihood: -78984.01461
66. Current log-likelihood: -78983.92905
67. Current log-likelihood: -78983.84892
68. Current log-likelihood: -78983.77200
69. Current log-likelihood: -78983.70355
70. Current log-likelihood: -78983.63951
71. Current log-likelihood: -78983.58052
72. Current log-likelihood: -78983.52569
73. Current log-likelihood: -78983.47282
74. Current log-likelihood: -78983.42665
75. Current log-likelihood: -78983.37767
76. Current log-likelihood: -78983.33801
77. Current log-likelihood: -78983.30049
78. Current log-likelihood: -78983.26180
79. Current log-likelihood: -78983.22915
80. Current log-likelihood: -78983.19864
81. Current log-likelihood: -78983.17016
82. Current log-likelihood: -78983.14380
83. Current log-likelihood: -78983.11921
84. Current log-likelihood: -78983.09603
85. Current log-likelihood: -78983.07051
86. Current log-likelihood: -78983.05056
87. Current log-likelihood: -78983.03189
88. Current log-likelihood: -78983.01445
89. Current log-likelihood: -78982.99819
90. Current log-likelihood: -78982.98304
91. Current log-likelihood: -78982.96893
92. Current log-likelihood: -78982.95568
93. Current log-likelihood: -78982.94528
94. Current log-likelihood: -78982.93074
95. Current log-likelihood: -78982.92146
96. Current log-likelihood: -78982.91086
97. Current log-likelihood: -78982.90280
98. Current log-likelihood: -78982.89345
99. Current log-likelihood: -78982.88655
100. Current log-likelihood: -78982.87896
101. Current log-likelihood: -78982.86784
102. Current log-likelihood: -78982.85788
103. Current log-likelihood: -78982.84694
104. Current log-likelihood: -78982.83738
105. Current log-likelihood: -78982.82899
106. Current log-likelihood: -78982.82221
107. Current log-likelihood: -78982.81541
108. Current log-likelihood: -78982.80994
109. Current log-likelihood: -78982.80614
110. Current log-likelihood: -78982.80091
111. Current log-likelihood: -78982.79790
112. Current log-likelihood: -78982.79517
113. Current log-likelihood: -78982.79271
114. Current log-likelihood: -78982.79041
115. Current log-likelihood: -78982.78366
116. Current log-likelihood: -78982.78168
117. Current log-likelihood: -78982.77991
118. Current log-likelihood: -78982.77832
119. Current log-likelihood: -78982.77683
120. Current log-likelihood: -78982.77547
121. Current log-likelihood: -78982.77419
122. Current log-likelihood: -78982.77303
123. Current log-likelihood: -78982.77193
124. Current log-likelihood: -78982.77093
Final estimation on weights:
0.04825,0.09680,0.08189,0.08601,0.08089,0.22188,0.07949,0.07678,0.09710,0.06006,0.07085
Wrote distance file to... 
BEST SCORE FOUND : -78982.77093
Site log-likelihoods per category printed to /Users/gzd130/Library/CloudStorage/OneDrive-RegionSjælland/Mol_phylo/revision/mast_hiv/output/0.9/mast_model_11/mast_model_final_11.sitelh
Site probabilities per category printed to /Users/gzd130/Library/CloudStorage/OneDrive-RegionSjælland/Mol_phylo/revision/mast_hiv/output/0.9/mast_model_11/mast_model_final_11.siteprob
Total tree lengths: 6.39359 2.02107 2.33603 2.08003 2.90083 0.89696 2.63340 2.17802 10.96169 4.22525 4.65644

Total number of iterations: 122
CPU time used for tree search: 0.00001 sec (0h:0m:0s)
Wall-clock time used for tree search: 0.00002 sec (0h:0m:0s)
Total CPU time used: 3215.38595 sec (0h:53m:35s)
Total wall-clock time used: 2145.23949 sec (0h:35m:45s)

Analysis results written to: 
  IQ-TREE report:                /Users/gzd130/Library/CloudStorage/OneDrive-RegionSjælland/Mol_phylo/revision/mast_hiv/output/0.9/mast_model_11/mast_model_final_11.iqtree
  Maximum-likelihood tree:       /Users/gzd130/Library/CloudStorage/OneDrive-RegionSjælland/Mol_phylo/revision/mast_hiv/output/0.9/mast_model_11/mast_model_final_11.treefile
  Site log-likelihoods:          /Users/gzd130/Library/CloudStorage/OneDrive-RegionSjælland/Mol_phylo/revision/mast_hiv/output/0.9/mast_model_11/mast_model_final_11.sitelh
  Site probability per rate/mix: /Users/gzd130/Library/CloudStorage/OneDrive-RegionSjælland/Mol_phylo/revision/mast_hiv/output/0.9/mast_model_11/mast_model_final_11.siteprob
  Screen log file:               /Users/gzd130/Library/CloudStorage/OneDrive-RegionSjælland/Mol_phylo/revision/mast_hiv/output/0.9/mast_model_11/mast_model_final_11.log

Date and Time: Tue Jan 20 15:04:39 2026
