IQ-TREE version 3.0.1 for MacOS ARM 64-bit built Jun 30 2025
Developed by Bui Quang Minh, Thomas Wong, Nhan Ly-Trong, Huaiyan Ren
Contributed by Lam-Tung Nguyen, Dominik Schrempf, Chris Bielow,
Olga Chernomor, Michael Woodhams, Diep Thi Hoang, Heiko Schmidt

Host:    SUN1032320 (SSE4.2, 36 GB RAM)
Command: iqtree3 -s /Users/gzd130/Library/CloudStorage/OneDrive-RegionSjælland/Mol_phylo/revision/mast_hiv/data/0.9_trimmed_alns_HIV_2021_subset.fasta -m GTR+FO+R4+T -te /Users/gzd130/Library/CloudStorage/OneDrive-RegionSjælland/Mol_phylo/revision/mast_hiv/generated/0.9/tree_subsets/modeltrees_final_16.newick --prefix /Users/gzd130/Library/CloudStorage/OneDrive-RegionSjælland/Mol_phylo/revision/mast_hiv/output/0.9/mast_model_16/mast_model_final_16 -nt 2 -wspmr -wslmr -redo
Seed:    116158 (Using SPRNG - Scalable Parallel Random Number Generator)
Time:    Tue Jan 20 11:26:59 2026
Kernel:  SSE2 - 2 threads (14 CPU cores detected)

Reading alignment file /Users/gzd130/Library/CloudStorage/OneDrive-RegionSjælland/Mol_phylo/revision/mast_hiv/data/0.9_trimmed_alns_HIV_2021_subset.fasta ... Fasta format detected
Reading fasta file: done in 0.017504 secs using 19.69% CPU
Alignment most likely contains DNA/RNA sequences
Constructing alignment: done in 0.00614786 secs using 60.36% CPU
Alignment has 37 sequences with 8546 columns, 3226 distinct patterns
2923 parsimony-informative, 1002 singleton sites, 4621 constant sites
                                Gap/Ambiguity  Composition  p-value
Analyzing sequences: done in 0.000267982 secs using 121.6% CPU
   1  B.FR.83.HXBLAI_IIIB_BRU.K03455    0.14%    passed     41.06%
   2  A                                 0.00%    passed     94.98%
   3  A1                                0.00%    passed     88.46%
   4  A2                                0.14%    passed     99.67%
   5  A3                                0.23%    passed     49.63%
   6  A6                                0.01%    passed     65.16%
   7  B                                 0.02%    passed     87.39%
   8  C                                 0.06%    passed     99.77%
   9  D                                 0.09%    passed     94.13%
  10  F1                                0.04%    passed     74.84%
  11  F2                                0.11%    passed     93.22%
  12  G                                 0.00%    passed     92.53%
  13  H                                 0.11%    passed     95.93%
  14  J                                 0.06%    passed     85.14%
  15  K                                 0.70%    passed     61.15%
  16  L                                 0.41%    passed     93.51%
  17  AE                                0.01%    passed     86.94%
  18  AG                                0.00%    passed     86.00%
  19  cpx                               0.16%    passed     88.19%
  20  DF                                0.05%    passed     86.17%
  21  BC                                0.09%    passed     96.11%
  22  CD                                0.06%    passed     99.76%
  23  BF                                0.04%    passed     48.59%
  24  BG                                0.23%    passed     92.78%
  25  01B                               0.07%    passed     93.30%
  26  A2D                               0.08%    passed     63.20%
  27  01A1                              0.07%    passed     67.81%
  28  A5U                               0.19%    passed     72.25%
  29  AD                                0.04%    passed     80.72%
  30  BF1                               0.06%    passed     92.44%
  31  02G                               0.05%    passed     99.53%
  32  A1D                               0.04%    passed     87.37%
  33  02A                               0.06%    passed     36.05%
  34  C2U                               0.04%    passed     98.27%
  35  02B                               0.46%    passed     90.31%
  36  01C                               0.08%    passed     97.19%
  37  CPZ                               1.10%    failed      0.00%
****  TOTAL                             0.14%  1 sequences failed composition chi2 test (p-value<5%; df=3)
Number of input trees: 16
Minimum branch length is set to 0.0000010
Checking for duplicate sequences: done in 0.00039506 secs using 84.29% CPU

NOTE: 248 MB RAM (0 GB) is required!
According to the parsimony scores along the sites, the tree weights are initialized to:
0.0489047,0.0652984,0.0629900,0.0689152,0.0660029,0.0543934,0.0651653,0.0827437,0.0565826,0.0606331,0.0685216,0.0679487,0.0777753,0.0443629,0.0440803,0.0656818
Estimate model parameters (epsilon = 0.00100)
1. Initial log-likelihood: -85350.94895
2. Current log-likelihood: -78491.27007
3. Current log-likelihood: -78455.40858
4. Current log-likelihood: -78440.71932
5. Current log-likelihood: -78431.40471
6. Current log-likelihood: -78423.71658
7. Current log-likelihood: -78419.67389
8. Current log-likelihood: -78417.40511
9. Current log-likelihood: -78416.32349
10. Current log-likelihood: -78415.53415
11. Current log-likelihood: -78414.77380
12. Current log-likelihood: -78414.03084
13. Current log-likelihood: -78413.45559
14. Current log-likelihood: -78412.95899
15. Current log-likelihood: -78412.52039
16. Current log-likelihood: -78412.13113
17. Current log-likelihood: -78411.78374
18. Current log-likelihood: -78411.46569
19. Current log-likelihood: -78411.18496
20. Current log-likelihood: -78410.92325
21. Current log-likelihood: -78410.67204
22. Current log-likelihood: -78410.47072
23. Current log-likelihood: -78410.28534
24. Current log-likelihood: -78410.11951
25. Current log-likelihood: -78409.96834
26. Current log-likelihood: -78409.83050
27. Current log-likelihood: -78409.69624
28. Current log-likelihood: -78409.58320
29. Current log-likelihood: -78409.47870
30. Current log-likelihood: -78409.38245
31. Current log-likelihood: -78409.28374
32. Current log-likelihood: -78409.20399
33. Current log-likelihood: -78409.13010
34. Current log-likelihood: -78409.06161
35. Current log-likelihood: -78408.99835
36. Current log-likelihood: -78408.93976
37. Current log-likelihood: -78408.88540
38. Current log-likelihood: -78408.83513
39. Current log-likelihood: -78408.78850
40. Current log-likelihood: -78408.74167
41. Current log-likelihood: -78408.70278
42. Current log-likelihood: -78408.66626
43. Current log-likelihood: -78408.63211
44. Current log-likelihood: -78408.60012
45. Current log-likelihood: -78408.57054
46. Current log-likelihood: -78408.53965
47. Current log-likelihood: -78408.51408
48. Current log-likelihood: -78408.48994
49. Current log-likelihood: -78408.46743
50. Current log-likelihood: -78408.44644
51. Current log-likelihood: -78408.42684
52. Current log-likelihood: -78408.40550
53. Current log-likelihood: -78408.38856
54. Current log-likelihood: -78408.37257
55. Current log-likelihood: -78408.35766
56. Current log-likelihood: -78408.34436
57. Current log-likelihood: -78408.33090
58. Current log-likelihood: -78408.32038
59. Current log-likelihood: -78408.30591
60. Current log-likelihood: -78408.29665
61. Current log-likelihood: -78408.28610
62. Current log-likelihood: -78408.27803
63. Current log-likelihood: -78408.26859
64. Current log-likelihood: -78408.26151
65. Current log-likelihood: -78408.25320
66. Current log-likelihood: -78408.24703
67. Current log-likelihood: -78408.24125
68. Current log-likelihood: -78408.23236
69. Current log-likelihood: -78408.22714
70. Current log-likelihood: -78408.22229
71. Current log-likelihood: -78408.21769
72. Current log-likelihood: -78408.21336
73. Current log-likelihood: -78408.20923
74. Current log-likelihood: -78408.20536
75. Current log-likelihood: -78408.20168
76. Current log-likelihood: -78408.19822
77. Current log-likelihood: -78408.19493
78. Current log-likelihood: -78408.19184
79. Current log-likelihood: -78408.18890
80. Current log-likelihood: -78408.18615
81. Current log-likelihood: -78408.18352
82. Current log-likelihood: -78408.18105
83. Current log-likelihood: -78408.17869
84. Current log-likelihood: -78408.17443
85. Current log-likelihood: -78408.17231
86. Current log-likelihood: -78408.17034
87. Current log-likelihood: -78408.16846
88. Current log-likelihood: -78408.16474
89. Current log-likelihood: -78408.16300
90. Current log-likelihood: -78408.16138
91. Current log-likelihood: -78408.15984
92. Current log-likelihood: -78408.15840
93. Current log-likelihood: -78408.15704
94. Current log-likelihood: -78408.15561
95. Current log-likelihood: -78408.15439
96. Current log-likelihood: -78408.15322
97. Current log-likelihood: -78408.15212
98. Current log-likelihood: -78408.15109
99. Current log-likelihood: -78408.15010
Final estimation on weights:
0.04086,0.07645,0.06784,0.06334,0.06502,0.11791,0.05992,0.08642,0.06019,0.04211,0.05542,0.03996,0.08113,0.03924,0.04471,0.05948
Wrote distance file to... 
BEST SCORE FOUND : -78408.15010
Site log-likelihoods per category printed to /Users/gzd130/Library/CloudStorage/OneDrive-RegionSjælland/Mol_phylo/revision/mast_hiv/output/0.9/mast_model_16/mast_model_final_16.sitelh
Site probabilities per category printed to /Users/gzd130/Library/CloudStorage/OneDrive-RegionSjælland/Mol_phylo/revision/mast_hiv/output/0.9/mast_model_16/mast_model_final_16.siteprob
Total tree lengths: 2.97179 1.46669 11.11546 2.12849 1.86671 0.90607 2.67873 1.76047 11.42111 4.23861 4.85925 3.61728 1.94326 1.89352 1.70536 2.84452

Total number of iterations: 97
CPU time used for tree search: 0.00002 sec (0h:0m:0s)
Wall-clock time used for tree search: 0.00003 sec (0h:0m:0s)
Total CPU time used: 3298.58881 sec (0h:54m:58s)
Total wall-clock time used: 5373.08316 sec (1h:29m:33s)

Analysis results written to: 
  IQ-TREE report:                /Users/gzd130/Library/CloudStorage/OneDrive-RegionSjælland/Mol_phylo/revision/mast_hiv/output/0.9/mast_model_16/mast_model_final_16.iqtree
  Maximum-likelihood tree:       /Users/gzd130/Library/CloudStorage/OneDrive-RegionSjælland/Mol_phylo/revision/mast_hiv/output/0.9/mast_model_16/mast_model_final_16.treefile
  Site log-likelihoods:          /Users/gzd130/Library/CloudStorage/OneDrive-RegionSjælland/Mol_phylo/revision/mast_hiv/output/0.9/mast_model_16/mast_model_final_16.sitelh
  Site probability per rate/mix: /Users/gzd130/Library/CloudStorage/OneDrive-RegionSjælland/Mol_phylo/revision/mast_hiv/output/0.9/mast_model_16/mast_model_final_16.siteprob
  Screen log file:               /Users/gzd130/Library/CloudStorage/OneDrive-RegionSjælland/Mol_phylo/revision/mast_hiv/output/0.9/mast_model_16/mast_model_final_16.log

Date and Time: Tue Jan 20 12:56:32 2026
